2025/12/11 16:53:24 rule registered: 测试告警：indc-event-live-server 日志监控 cron=*/30 * * * * * window=5m
2025/12/11 16:53:24 elasticsearch-alert is running, timezone=Asia/Shanghai
2025/12/11 16:53:30 send alert via feishu error: Post "https://open.feishu.cn/open-apis/bot/v2/hook/a06d5b36-a9d2-4408-a1dc-5ba73810b20c": tls: failed to verify certificate: x509: OSStatus -26276
2025/12/11 16:53:30 [ALERT][console] [Elasticsearch Alert] 测试告警：indc-event-live-server 日志监控
测试告警工具功能，监控 indc-event-live-server 应用的所有日志

- 索引: k8s-app-indc-event-live-server*
- 时间窗: 5m
- 命中条数: 2539
- 查询: DSL

样例事件:
1) {"@timestamp":"2025-12-11T08:53:24.317Z","docker_container_id":"6924aa2eb6ca5c56e510a53677406e6bc75c4bead5ad7558a3cf14862fabe240","index_name":"k8s-app-indc-event-live-server-2025.12.11","kubernetes_container_image":"harbor.meta42.indc.vnet.com/indc/indc-event-live-server:main_prod-202512102217-38170b04-88668","kubernetes_container_image_id":"docker-pullable://harbor.meta42.indc.vnet.com/indc/indc-event-live-server@sha256:af89cd7f2f4c957625f92055b8b8fc660aaf813bc32950ef8676f8b55cea381f","kubernetes_container_name":"container-ov2rdk","kubernetes_host":"node19","kubernetes_labels_app":"indc-event-live-server","kubernetes_labels_app_kubernetes_io/name":"indc-event-live-server","kubernetes_labels_logging":"true","kubernetes_labels_pod-template-hash":"6d7d79988","kubernetes_master_url":"https://10.233.0.1:443/api","kubernetes_namespace_id":"8c93404f-ab15-404f-bfa6-0ea4f1268053","kubernetes_namespace_labels_kubernetes_io/metadata_name":"sreworks","kubernetes_namespace_labels_kubesphere_io/namespace":"sreworks","kubernetes_namespace_labels_kubesphere_io/workspace":"system-workspace","kubernetes_namespace_labels_name":"sreworks","kubernetes_namespace_name":"sreworks","kubernetes_pod_id":"46a5ada6-d104-4f7e-8c67-6d147191e107","kubernetes_pod_ip":"10.233.104.9","kubernetes_pod_name":"indc-event-live-server-6d7d79988-8966k","message":"2025-12-11 16:53:23.786 INFO  78e3e463d63a6425 [XNIO-1 task-7] (LoggerAspect.java:113) c.v.indc.event.aspect.LoggerAspect - 请求结束时间: 2025年12月11日 16:53:23\n","stream":"stdout","tag":"kubernetes.var.log.containers.indc-event-live-server-6d7d79988-8966k_sreworks_container-ov2rdk-6924aa2eb6ca5c56e510a53677406e6bc75c4bead5ad7558a3cf14862fabe240.log"}
2) {"@timestamp":"2025-12-11T08:53:24.316Z","docker_container_id":"6924aa2eb6ca5c56e510a53677406e6bc75c4bead5ad7558a3cf14862fabe240","index_name":"k8s-app-indc-event-live-server-2025.12.11","kubernetes_container_image":"harbor.meta42.indc.vnet.com/indc/indc-event-live-server:main_prod-202512102217-38170b04-88668","kubernetes_container_image_id":"docker-pullable://harbor.meta42.indc.vnet.com/indc/indc-event-live-server@sha256:af89cd7f2f4c957625f92055b8b8fc660aaf813bc32950ef8676f8b55cea381f","kubernetes_container_name":"container-ov2rdk","kubernetes_host":"node19","kubernetes_labels_app":"indc-event-live-server","kubernetes_labels_app_kubernetes_io/name":"indc-event-live-server","kubernetes_labels_logging":"true","kubernetes_labels_pod-template-hash":"6d7d79988","kubernetes_master_url":"https://10.233.0.1:443/api","kubernetes_namespace_id":"8c93404f-ab15-404f-bfa6-0ea4f1268053","kubernetes_namespace_labels_kubernetes_io/metadata_name":"sreworks","kubernetes_namespace_labels_kubesphere_io/namespace":"sreworks","kubernetes_namespace_labels_kubesphere_io/workspace":"system-workspace","kubernetes_namespace_labels_name":"sreworks","kubernetes_namespace_name":"sreworks","kubernetes_pod_id":"46a5ada6-d104-4f7e-8c67-6d147191e107","kubernetes_pod_ip":"10.233.104.9","kubernetes_pod_name":"indc-event-live-server-6d7d79988-8966k","message":"2025-12-11 16:53:23.746 INFO  78e3e463d63a6425 [XNIO-1 task-7] (DrillMarkAspect.java:54) c.v.i.event.aspect.DrillMarkAspect - 参数：[\"92645\"] 判断演练标识\n","stream":"stdout","tag":"kubernetes.var.log.containers.indc-event-live-server-6d7d79988-8966k_sreworks_container-ov2rdk-6924aa2eb6ca5c56e510a53677406e6bc75c4bead5ad7558a3cf14862fabe240.log"}
3) {"@timestamp":"2025-12-11T08:53:24.316Z","docker_container_id":"6924aa2eb6ca5c56e510a53677406e6bc75c4bead5ad7558a3cf14862fabe240","index_name":"k8s-app-indc-event-live-server-2025.12.11","kubernetes_container_image":"harbor.meta42.indc.vnet.com/indc/indc-event-live-server:main_prod-202512102217-38170b04-88668","kubernetes_container_image_id":"docker-pullable://harbor.meta42.indc.vnet.com/indc/indc-event-live-server@sha256:af89cd7f2f4c957625f92055b8b8fc660aaf813bc32950ef8676f8b55cea381f","kubernetes_container_name":"container-ov2rdk","kubernetes_host":"node19","kubernetes_labels_app":"indc-event-live-server","kubernetes_labels_app_kubernetes_io/name":"indc-event-live-server","kubernetes_labels_logging":"true","kubernetes_labels_pod-template-hash":"6d7d79988","kubernetes_master_url":"https://10.233.0.1:443/api","kubernetes_namespace_id":"8c93404f-ab15-404f-bfa6-0ea4f1268053","kubernetes_namespace_labels_kubernetes_io/metadata_name":"sreworks","kubernetes_namespace_labels_kubesphere_io/namespace":"sreworks","kubernetes_namespace_labels_kubesphere_io/workspace":"system-workspace","kubernetes_namespace_labels_name":"sreworks","kubernetes_namespace_name":"sreworks","kubernetes_pod_id":"46a5ada6-d104-4f7e-8c67-6d147191e107","kubernetes_pod_ip":"10.233.104.9","kubernetes_pod_name":"indc-event-live-server-6d7d79988-8966k","message":"2025-12-11 16:53:23.746 INFO  78e3e463d63a6425 [XNIO-1 task-7] (AuthUtil.java:194) com.vnet.indc.event.utils.AuthUtil - 通过岗位：[39, 52, 26],楼栋id:null查询用户开始\n","stream":"stdout","tag":"kubernetes.var.log.containers.indc-event-live-server-6d7d79988-8966k_sreworks_container-ov2rdk-6924aa2eb6ca5c56e510a53677406e6bc75c4bead5ad7558a3cf14862fabe240.log"}
2025/12/11 16:55:00 send alert via feishu error: Post "https://open.feishu.cn/open-apis/bot/v2/hook/a06d5b36-a9d2-4408-a1dc-5ba73810b20c": tls: failed to verify certificate: x509: OSStatus -26276
2025/12/11 16:55:00 [ALERT][console] [Elasticsearch Alert] 测试告警：indc-event-live-server 日志监控
测试告警工具功能，监控 indc-event-live-server 应用的所有日志

- 索引: k8s-app-indc-event-live-server*
- 时间窗: 5m
- 命中条数: 642
- 查询: DSL

样例事件:
1) {"@timestamp":"2025-12-11T08:54:45.380Z","docker_container_id":"6924aa2eb6ca5c56e510a53677406e6bc75c4bead5ad7558a3cf14862fabe240","index_name":"k8s-app-indc-event-live-server-2025.12.11","kubernetes_container_image":"harbor.meta42.indc.vnet.com/indc/indc-event-live-server:main_prod-202512102217-38170b04-88668","kubernetes_container_image_id":"docker-pullable://harbor.meta42.indc.vnet.com/indc/indc-event-live-server@sha256:af89cd7f2f4c957625f92055b8b8fc660aaf813bc32950ef8676f8b55cea381f","kubernetes_container_name":"container-ov2rdk","kubernetes_host":"node19","kubernetes_labels_app":"indc-event-live-server","kubernetes_labels_app_kubernetes_io/name":"indc-event-live-server","kubernetes_labels_logging":"true","kubernetes_labels_pod-template-hash":"6d7d79988","kubernetes_master_url":"https://10.233.0.1:443/api","kubernetes_namespace_id":"8c93404f-ab15-404f-bfa6-0ea4f1268053","kubernetes_namespace_labels_kubernetes_io/metadata_name":"sreworks","kubernetes_namespace_labels_kubesphere_io/namespace":"sreworks","kubernetes_namespace_labels_kubesphere_io/workspace":"system-workspace","kubernetes_namespace_labels_name":"sreworks","kubernetes_namespace_name":"sreworks","kubernetes_pod_id":"46a5ada6-d104-4f7e-8c67-6d147191e107","kubernetes_pod_ip":"10.233.104.9","kubernetes_pod_name":"indc-event-live-server-6d7d79988-8966k","message":"2025-12-11 16:54:44.735 INFO  a4621f847434deec [XNIO-1 task-7] (DrillSqlSource.java:59) c.v.indc.event.config.DrillSqlSource - 修改后的sql:SELECT el.id AS eventId, el.* FROM event_list el WHERE room_type = 'CHILD' AND war_room_id IN (?, ?, ?, ?, ?, ?, ?, ?, ?, ?, ?, ?, ?, ?, ?, ?, ?, ?, ?, ?, ?, ?, ?, ?, ?, ?, ?, ?, ?)\n\nJDBC Connection [HikariProxyConnection@46865038 wrapping com.mysql.cj.jdbc.ConnectionImpl@2a0e6469] will not be managed by Spring\n\nClosing non transactional SqlSession [org.apache.ibatis.session.defaults.DefaultSqlSession@367fc7ca]\n","stream":"stdout","tag":"kubernetes.var.log.containers.indc-event-live-server-6d7d79988-8966k_sreworks_container-ov2rdk-6924aa2eb6ca5c56e510a53677406e6bc75c4bead5ad7558a3cf14862fabe240.log"}
2) {"@timestamp":"2025-12-11T08:54:45.380Z","docker_container_id":"6924aa2eb6ca5c56e510a53677406e6bc75c4bead5ad7558a3cf14862fabe240","index_name":"k8s-app-indc-event-live-server-2025.12.11","kubernetes_container_image":"harbor.meta42.indc.vnet.com/indc/indc-event-live-server:main_prod-202512102217-38170b04-88668","kubernetes_container_image_id":"docker-pullable://harbor.meta42.indc.vnet.com/indc/indc-event-live-server@sha256:af89cd7f2f4c957625f92055b8b8fc660aaf813bc32950ef8676f8b55cea381f","kubernetes_container_name":"container-ov2rdk","kubernetes_host":"node19","kubernetes_labels_app":"indc-event-live-server","kubernetes_labels_app_kubernetes_io/name":"indc-event-live-server","kubernetes_labels_logging":"true","kubernetes_labels_pod-template-hash":"6d7d79988","kubernetes_master_url":"https://10.233.0.1:443/api","kubernetes_namespace_id":"8c93404f-ab15-404f-bfa6-0ea4f1268053","kubernetes_namespace_labels_kubernetes_io/metadata_name":"sreworks","kubernetes_namespace_labels_kubesphere_io/namespace":"sreworks","kubernetes_namespace_labels_kubesphere_io/workspace":"system-workspace","kubernetes_namespace_labels_name":"sreworks","kubernetes_namespace_name":"sreworks","kubernetes_pod_id":"46a5ada6-d104-4f7e-8c67-6d147191e107","kubernetes_pod_ip":"10.233.104.9","kubernetes_pod_name":"indc-event-live-server-6d7d79988-8966k","message":"2025-12-11 16:54:44.745 INFO  a4621f847434deec [XNIO-1 task-7] (LoggerAspect.java:113) c.v.indc.event.aspect.LoggerAspect - 请求结束时间: 2025年12月11日 16:54:44\n","stream":"stdout","tag":"kubernetes.var.log.containers.indc-event-live-server-6d7d79988-8966k_sreworks_container-ov2rdk-6924aa2eb6ca5c56e510a53677406e6bc75c4bead5ad7558a3cf14862fabe240.log"}
3) {"@timestamp":"2025-12-11T08:54:45.379Z","docker_container_id":"6924aa2eb6ca5c56e510a53677406e6bc75c4bead5ad7558a3cf14862fabe240","index_name":"k8s-app-indc-event-live-server-2025.12.11","kubernetes_container_image":"harbor.meta42.indc.vnet.com/indc/indc-event-live-server:main_prod-202512102217-38170b04-88668","kubernetes_container_image_id":"docker-pullable://harbor.meta42.indc.vnet.com/indc/indc-event-live-server@sha256:af89cd7f2f4c957625f92055b8b8fc660aaf813bc32950ef8676f8b55cea381f","kubernetes_container_name":"container-ov2rdk","kubernetes_host":"node19","kubernetes_labels_app":"indc-event-live-server","kubernetes_labels_app_kubernetes_io/name":"indc-event-live-server","kubernetes_labels_logging":"true","kubernetes_labels_pod-template-hash":"6d7d79988","kubernetes_master_url":"https://10.233.0.1:443/api","kubernetes_namespace_id":"8c93404f-ab15-404f-bfa6-0ea4f1268053","kubernetes_namespace_labels_kubernetes_io/metadata_name":"sreworks","kubernetes_namespace_labels_kubesphere_io/namespace":"sreworks","kubernetes_namespace_labels_kubesphere_io/workspace":"system-workspace","kubernetes_namespace_labels_name":"sreworks","kubernetes_namespace_name":"sreworks","kubernetes_pod_id":"46a5ada6-d104-4f7e-8c67-6d147191e107","kubernetes_pod_ip":"10.233.104.9","kubernetes_pod_name":"indc-event-live-server-6d7d79988-8966k","message":"2025-12-11 16:54:44.729 INFO  a4621f847434deec [XNIO-1 task-7] (DrillMarkAspect.java:54) c.v.i.event.aspect.DrillMarkAspect - 参数：71 判断演练标识\n","stream":"stdout","tag":"kubernetes.var.log.containers.indc-event-live-server-6d7d79988-8966k_sreworks_container-ov2rdk-6924aa2eb6ca5c56e510a53677406e6bc75c4bead5ad7558a3cf14862fabe240.log"}
2025/12/11 16:56:00 send alert via feishu error: Post "https://open.feishu.cn/open-apis/bot/v2/hook/a06d5b36-a9d2-4408-a1dc-5ba73810b20c": tls: failed to verify certificate: x509: OSStatus -26276
2025/12/11 16:56:00 [ALERT][console] [Elasticsearch Alert] 测试告警：indc-event-live-server 日志监控
测试告警工具功能，监控 indc-event-live-server 应用的所有日志

- 索引: k8s-app-indc-event-live-server*
- 时间窗: 5m
- 命中条数: 597
- 查询: DSL

样例事件:
1) {"@timestamp":"2025-12-11T08:55:44.716Z","docker_container_id":"25b23c20d8897518a0d91c0696c910c01786c52a73d68eb40565c68b07612f8c","index_name":"k8s-app-indc-event-live-server-2025.12.11","kubernetes_container_image":"harbor.meta42.indc.vnet.com/indc/indc-event-live-server:main_prod-202512102217-38170b04-88668","kubernetes_container_image_id":"docker-pullable://harbor.meta42.indc.vnet.com/indc/indc-event-live-server@sha256:af89cd7f2f4c957625f92055b8b8fc660aaf813bc32950ef8676f8b55cea381f","kubernetes_container_name":"container-ov2rdk","kubernetes_host":"node3","kubernetes_labels_app":"indc-event-live-server","kubernetes_labels_app_kubernetes_io/name":"indc-event-live-server","kubernetes_labels_logging":"true","kubernetes_labels_pod-template-hash":"6d7d79988","kubernetes_master_url":"https://10.233.0.1:443/api","kubernetes_namespace_id":"8c93404f-ab15-404f-bfa6-0ea4f1268053","kubernetes_namespace_labels_kubernetes_io/metadata_name":"sreworks","kubernetes_namespace_labels_kubesphere_io/namespace":"sreworks","kubernetes_namespace_labels_kubesphere_io/workspace":"system-workspace","kubernetes_namespace_labels_name":"sreworks","kubernetes_namespace_name":"sreworks","kubernetes_pod_id":"af27f696-7a17-4635-bfa9-68e36fa1c1d4","kubernetes_pod_ip":"10.233.92.150","kubernetes_pod_name":"indc-event-live-server-6d7d79988-fn988","message":"2025-12-11 16:55:43.804 INFO  f845b7e10d5feeef [XNIO-1 task-14] (LoggerAspect.java:113) c.v.indc.event.aspect.LoggerAspect - 请求结束时间: 2025年12月11日 16:55:43\n","stream":"stdout","tag":"kubernetes.var.log.containers.indc-event-live-server-6d7d79988-fn988_sreworks_container-ov2rdk-25b23c20d8897518a0d91c0696c910c01786c52a73d68eb40565c68b07612f8c.log"}
2) {"@timestamp":"2025-12-11T08:55:44.715Z","docker_container_id":"25b23c20d8897518a0d91c0696c910c01786c52a73d68eb40565c68b07612f8c","index_name":"k8s-app-indc-event-live-server-2025.12.11","kubernetes_container_image":"harbor.meta42.indc.vnet.com/indc/indc-event-live-server:main_prod-202512102217-38170b04-88668","kubernetes_container_image_id":"docker-pullable://harbor.meta42.indc.vnet.com/indc/indc-event-live-server@sha256:af89cd7f2f4c957625f92055b8b8fc660aaf813bc32950ef8676f8b55cea381f","kubernetes_container_name":"container-ov2rdk","kubernetes_host":"node3","kubernetes_labels_app":"indc-event-live-server","kubernetes_labels_app_kubernetes_io/name":"indc-event-live-server","kubernetes_labels_logging":"true","kubernetes_labels_pod-template-hash":"6d7d79988","kubernetes_master_url":"https://10.233.0.1:443/api","kubernetes_namespace_id":"8c93404f-ab15-404f-bfa6-0ea4f1268053","kubernetes_namespace_labels_kubernetes_io/metadata_name":"sreworks","kubernetes_namespace_labels_kubesphere_io/namespace":"sreworks","kubernetes_namespace_labels_kubesphere_io/workspace":"system-workspace","kubernetes_namespace_labels_name":"sreworks","kubernetes_namespace_name":"sreworks","kubernetes_pod_id":"af27f696-7a17-4635-bfa9-68e36fa1c1d4","kubernetes_pod_ip":"10.233.92.150","kubernetes_pod_name":"indc-event-live-server-6d7d79988-fn988","message":"2025-12-11 16:55:43.752 INFO  f845b7e10d5feeef [XNIO-1 task-14] (AuthUtil.java:194) com.vnet.indc.event.utils.AuthUtil - 通过岗位：[39, 52, 26],楼栋id:null查询用户开始\n","stream":"stdout","tag":"kubernetes.var.log.containers.indc-event-live-server-6d7d79988-fn988_sreworks_container-ov2rdk-25b23c20d8897518a0d91c0696c910c01786c52a73d68eb40565c68b07612f8c.log"}
3) {"@timestamp":"2025-12-11T08:55:44.714Z","docker_container_id":"25b23c20d8897518a0d91c0696c910c01786c52a73d68eb40565c68b07612f8c","index_name":"k8s-app-indc-event-live-server-2025.12.11","kubernetes_container_image":"harbor.meta42.indc.vnet.com/indc/indc-event-live-server:main_prod-202512102217-38170b04-88668","kubernetes_container_image_id":"docker-pullable://harbor.meta42.indc.vnet.com/indc/indc-event-live-server@sha256:af89cd7f2f4c957625f92055b8b8fc660aaf813bc32950ef8676f8b55cea381f","kubernetes_container_name":"container-ov2rdk","kubernetes_host":"node3","kubernetes_labels_app":"indc-event-live-server","kubernetes_labels_app_kubernetes_io/name":"indc-event-live-server","kubernetes_labels_logging":"true","kubernetes_labels_pod-template-hash":"6d7d79988","kubernetes_master_url":"https://10.233.0.1:443/api","kubernetes_namespace_id":"8c93404f-ab15-404f-bfa6-0ea4f1268053","kubernetes_namespace_labels_kubernetes_io/metadata_name":"sreworks","kubernetes_namespace_labels_kubesphere_io/namespace":"sreworks","kubernetes_namespace_labels_kubesphere_io/workspace":"system-workspace","kubernetes_namespace_labels_name":"sreworks","kubernetes_namespace_name":"sreworks","kubernetes_pod_id":"af27f696-7a17-4635-bfa9-68e36fa1c1d4","kubernetes_pod_ip":"10.233.92.150","kubernetes_pod_name":"indc-event-live-server-6d7d79988-fn988","message":"2025-12-11 16:55:43.751 INFO  f845b7e10d5feeef [XNIO-1 task-14] (LoggerAspect.java:79) c.v.indc.event.aspect.LoggerAspect - 操作人名称: 三河铭泰集控值班\n","stream":"stdout","tag":"kubernetes.var.log.containers.indc-event-live-server-6d7d79988-fn988_sreworks_container-ov2rdk-25b23c20d8897518a0d91c0696c910c01786c52a73d68eb40565c68b07612f8c.log"}
2025/12/11 16:57:00 send alert via feishu error: Post "https://open.feishu.cn/open-apis/bot/v2/hook/a06d5b36-a9d2-4408-a1dc-5ba73810b20c": tls: failed to verify certificate: x509: OSStatus -26276
2025/12/11 16:57:00 [ALERT][console] [Elasticsearch Alert] 测试告警：indc-event-live-server 日志监控
测试告警工具功能，监控 indc-event-live-server 应用的所有日志

- 索引: k8s-app-indc-event-live-server*
- 时间窗: 5m
- 命中条数: 715
- 查询: DSL

样例事件:
1) {"@timestamp":"2025-12-11T08:56:45.720Z","docker_container_id":"25b23c20d8897518a0d91c0696c910c01786c52a73d68eb40565c68b07612f8c","index_name":"k8s-app-indc-event-live-server-2025.12.11","kubernetes_container_image":"harbor.meta42.indc.vnet.com/indc/indc-event-live-server:main_prod-202512102217-38170b04-88668","kubernetes_container_image_id":"docker-pullable://harbor.meta42.indc.vnet.com/indc/indc-event-live-server@sha256:af89cd7f2f4c957625f92055b8b8fc660aaf813bc32950ef8676f8b55cea381f","kubernetes_container_name":"container-ov2rdk","kubernetes_host":"node3","kubernetes_labels_app":"indc-event-live-server","kubernetes_labels_app_kubernetes_io/name":"indc-event-live-server","kubernetes_labels_logging":"true","kubernetes_labels_pod-template-hash":"6d7d79988","kubernetes_master_url":"https://10.233.0.1:443/api","kubernetes_namespace_id":"8c93404f-ab15-404f-bfa6-0ea4f1268053","kubernetes_namespace_labels_kubernetes_io/metadata_name":"sreworks","kubernetes_namespace_labels_kubesphere_io/namespace":"sreworks","kubernetes_namespace_labels_kubesphere_io/workspace":"system-workspace","kubernetes_namespace_labels_name":"sreworks","kubernetes_namespace_name":"sreworks","kubernetes_pod_id":"af27f696-7a17-4635-bfa9-68e36fa1c1d4","kubernetes_pod_ip":"10.233.92.150","kubernetes_pod_name":"indc-event-live-server-6d7d79988-fn988","message":"2025-12-11 16:56:45.005 INFO  71ae922db107f1af [XNIO-1 task-14] (DrillSqlSource.java:59) c.v.indc.event.config.DrillSqlSource - 修改后的sql:SELECT el.id AS eventId, el.* FROM event_list el WHERE room_type = 'CHILD' AND war_room_id IN (?, ?, ?, ?, ?, ?, ?, ?, ?, ?, ?, ?, ?, ?, ?, ?, ?, ?, ?, ?, ?, ?, ?, ?, ?, ?, ?, ?, ?)\n\nJDBC Connection [HikariProxyConnection@1207449341 wrapping com.mysql.cj.jdbc.ConnectionImpl@2235cfbb] will not be managed by Spring\n\nClosing non transactional SqlSession [org.apache.ibatis.session.defaults.DefaultSqlSession@34190d3a]\n","stream":"stdout","tag":"kubernetes.var.log.containers.indc-event-live-server-6d7d79988-fn988_sreworks_container-ov2rdk-25b23c20d8897518a0d91c0696c910c01786c52a73d68eb40565c68b07612f8c.log"}
2) {"@timestamp":"2025-12-11T08:56:45.720Z","docker_container_id":"25b23c20d8897518a0d91c0696c910c01786c52a73d68eb40565c68b07612f8c","index_name":"k8s-app-indc-event-live-server-2025.12.11","kubernetes_container_image":"harbor.meta42.indc.vnet.com/indc/indc-event-live-server:main_prod-202512102217-38170b04-88668","kubernetes_container_image_id":"docker-pullable://harbor.meta42.indc.vnet.com/indc/indc-event-live-server@sha256:af89cd7f2f4c957625f92055b8b8fc660aaf813bc32950ef8676f8b55cea381f","kubernetes_container_name":"container-ov2rdk","kubernetes_host":"node3","kubernetes_labels_app":"indc-event-live-server","kubernetes_labels_app_kubernetes_io/name":"indc-event-live-server","kubernetes_labels_logging":"true","kubernetes_labels_pod-template-hash":"6d7d79988","kubernetes_master_url":"https://10.233.0.1:443/api","kubernetes_namespace_id":"8c93404f-ab15-404f-bfa6-0ea4f1268053","kubernetes_namespace_labels_kubernetes_io/metadata_name":"sreworks","kubernetes_namespace_labels_kubesphere_io/namespace":"sreworks","kubernetes_namespace_labels_kubesphere_io/workspace":"system-workspace","kubernetes_namespace_labels_name":"sreworks","kubernetes_namespace_name":"sreworks","kubernetes_pod_id":"af27f696-7a17-4635-bfa9-68e36fa1c1d4","kubernetes_pod_ip":"10.233.92.150","kubernetes_pod_name":"indc-event-live-server-6d7d79988-fn988","message":"2025-12-11 16:56:45.020 INFO  71ae922db107f1af [XNIO-1 task-14] (LoggerAspect.java:113) c.v.indc.event.aspect.LoggerAspect - 请求结束时间: 2025年12月11日 16:56:45\n","stream":"stdout","tag":"kubernetes.var.log.containers.indc-event-live-server-6d7d79988-fn988_sreworks_container-ov2rdk-25b23c20d8897518a0d91c0696c910c01786c52a73d68eb40565c68b07612f8c.log"}
3) {"@timestamp":"2025-12-11T08:56:45.719Z","docker_container_id":"25b23c20d8897518a0d91c0696c910c01786c52a73d68eb40565c68b07612f8c","index_name":"k8s-app-indc-event-live-server-2025.12.11","kubernetes_container_image":"harbor.meta42.indc.vnet.com/indc/indc-event-live-server:main_prod-202512102217-38170b04-88668","kubernetes_container_image_id":"docker-pullable://harbor.meta42.indc.vnet.com/indc/indc-event-live-server@sha256:af89cd7f2f4c957625f92055b8b8fc660aaf813bc32950ef8676f8b55cea381f","kubernetes_container_name":"container-ov2rdk","kubernetes_host":"node3","kubernetes_labels_app":"indc-event-live-server","kubernetes_labels_app_kubernetes_io/name":"indc-event-live-server","kubernetes_labels_logging":"true","kubernetes_labels_pod-template-hash":"6d7d79988","kubernetes_master_url":"https://10.233.0.1:443/api","kubernetes_namespace_id":"8c93404f-ab15-404f-bfa6-0ea4f1268053","kubernetes_namespace_labels_kubernetes_io/metadata_name":"sreworks","kubernetes_namespace_labels_kubesphere_io/namespace":"sreworks","kubernetes_namespace_labels_kubesphere_io/workspace":"system-workspace","kubernetes_namespace_labels_name":"sreworks","kubernetes_namespace_name":"sreworks","kubernetes_pod_id":"af27f696-7a17-4635-bfa9-68e36fa1c1d4","kubernetes_pod_ip":"10.233.92.150","kubernetes_pod_name":"indc-event-live-server-6d7d79988-fn988","message":"2025-12-11 16:56:45.000 INFO  71ae922db107f1af [XNIO-1 task-14] (DrillSqlSource.java:59) c.v.indc.event.config.DrillSqlSource - 修改后的sql:SELECT * FROM war_room WHERE parent_id = ? AND room_type = 'CHILD'\n\nJDBC Connection [HikariProxyConnection@1313219041 wrapping com.mysql.cj.jdbc.ConnectionImpl@2235cfbb] will not be managed by Spring\n\nClosing non transactional SqlSession [org.apache.ibatis.session.defaults.DefaultSqlSession@38a9776b]\n\nCreating a new SqlSession\n\nSqlSession [org.apache.ibatis.session.defaults.DefaultSqlSession@34190d3a] was not registered for synchronization because synchronization is not active\n","stream":"stdout","tag":"kubernetes.var.log.containers.indc-event-live-server-6d7d79988-fn988_sreworks_container-ov2rdk-25b23c20d8897518a0d91c0696c910c01786c52a73d68eb40565c68b07612f8c.log"}
2025/12/11 16:58:30 send alert via feishu error: Post "https://open.feishu.cn/open-apis/bot/v2/hook/a06d5b36-a9d2-4408-a1dc-5ba73810b20c": tls: failed to verify certificate: x509: OSStatus -26276
2025/12/11 16:58:30 [ALERT][console] [Elasticsearch Alert] 测试告警：indc-event-live-server 日志监控
测试告警工具功能，监控 indc-event-live-server 应用的所有日志

- 索引: k8s-app-indc-event-live-server*
- 时间窗: 5m
- 命中条数: 640
- 查询: DSL

样例事件:
1) {"@timestamp":"2025-12-11T08:58:20.718Z","docker_container_id":"25b23c20d8897518a0d91c0696c910c01786c52a73d68eb40565c68b07612f8c","index_name":"k8s-app-indc-event-live-server-2025.12.11","kubernetes_container_image":"harbor.meta42.indc.vnet.com/indc/indc-event-live-server:main_prod-202512102217-38170b04-88668","kubernetes_container_image_id":"docker-pullable://harbor.meta42.indc.vnet.com/indc/indc-event-live-server@sha256:af89cd7f2f4c957625f92055b8b8fc660aaf813bc32950ef8676f8b55cea381f","kubernetes_container_name":"container-ov2rdk","kubernetes_host":"node3","kubernetes_labels_app":"indc-event-live-server","kubernetes_labels_app_kubernetes_io/name":"indc-event-live-server","kubernetes_labels_logging":"true","kubernetes_labels_pod-template-hash":"6d7d79988","kubernetes_master_url":"https://10.233.0.1:443/api","kubernetes_namespace_id":"8c93404f-ab15-404f-bfa6-0ea4f1268053","kubernetes_namespace_labels_kubernetes_io/metadata_name":"sreworks","kubernetes_namespace_labels_kubesphere_io/namespace":"sreworks","kubernetes_namespace_labels_kubesphere_io/workspace":"system-workspace","kubernetes_namespace_labels_name":"sreworks","kubernetes_namespace_name":"sreworks","kubernetes_pod_id":"af27f696-7a17-4635-bfa9-68e36fa1c1d4","kubernetes_pod_ip":"10.233.92.150","kubernetes_pod_name":"indc-event-live-server-6d7d79988-fn988","message":"2025-12-11 16:58:20.044 INFO  b28c29eab6233672 [XNIO-1 task-14] (LoggerAspect.java:113) c.v.indc.event.aspect.LoggerAspect - 请求结束时间: 2025年12月11日 16:58:20\n","stream":"stdout","tag":"kubernetes.var.log.containers.indc-event-live-server-6d7d79988-fn988_sreworks_container-ov2rdk-25b23c20d8897518a0d91c0696c910c01786c52a73d68eb40565c68b07612f8c.log"}
2) {"@timestamp":"2025-12-11T08:58:20.717Z","docker_container_id":"25b23c20d8897518a0d91c0696c910c01786c52a73d68eb40565c68b07612f8c","index_name":"k8s-app-indc-event-live-server-2025.12.11","kubernetes_container_image":"harbor.meta42.indc.vnet.com/indc/indc-event-live-server:main_prod-202512102217-38170b04-88668","kubernetes_container_image_id":"docker-pullable://harbor.meta42.indc.vnet.com/indc/indc-event-live-server@sha256:af89cd7f2f4c957625f92055b8b8fc660aaf813bc32950ef8676f8b55cea381f","kubernetes_container_name":"container-ov2rdk","kubernetes_host":"node3","kubernetes_labels_app":"indc-event-live-server","kubernetes_labels_app_kubernetes_io/name":"indc-event-live-server","kubernetes_labels_logging":"true","kubernetes_labels_pod-template-hash":"6d7d79988","kubernetes_master_url":"https://10.233.0.1:443/api","kubernetes_namespace_id":"8c93404f-ab15-404f-bfa6-0ea4f1268053","kubernetes_namespace_labels_kubernetes_io/metadata_name":"sreworks","kubernetes_namespace_labels_kubesphere_io/namespace":"sreworks","kubernetes_namespace_labels_kubesphere_io/workspace":"system-workspace","kubernetes_namespace_labels_name":"sreworks","kubernetes_namespace_name":"sreworks","kubernetes_pod_id":"af27f696-7a17-4635-bfa9-68e36fa1c1d4","kubernetes_pod_ip":"10.233.92.150","kubernetes_pod_name":"indc-event-live-server-6d7d79988-fn988","message":"2025-12-11 16:58:19.987 INFO  b28c29eab6233672 [XNIO-1 task-14] (DrillMarkAspect.java:54) c.v.i.event.aspect.DrillMarkAspect - 参数：[\"91042\"] 判断演练标识\n","stream":"stdout","tag":"kubernetes.var.log.containers.indc-event-live-server-6d7d79988-fn988_sreworks_container-ov2rdk-25b23c20d8897518a0d91c0696c910c01786c52a73d68eb40565c68b07612f8c.log"}
3) {"@timestamp":"2025-12-11T08:58:20.717Z","docker_container_id":"25b23c20d8897518a0d91c0696c910c01786c52a73d68eb40565c68b07612f8c","index_name":"k8s-app-indc-event-live-server-2025.12.11","kubernetes_container_image":"harbor.meta42.indc.vnet.com/indc/indc-event-live-server:main_prod-202512102217-38170b04-88668","kubernetes_container_image_id":"docker-pullable://harbor.meta42.indc.vnet.com/indc/indc-event-live-server@sha256:af89cd7f2f4c957625f92055b8b8fc660aaf813bc32950ef8676f8b55cea381f","kubernetes_container_name":"container-ov2rdk","kubernetes_host":"node3","kubernetes_labels_app":"indc-event-live-server","kubernetes_labels_app_kubernetes_io/name":"indc-event-live-server","kubernetes_labels_logging":"true","kubernetes_labels_pod-template-hash":"6d7d79988","kubernetes_master_url":"https://10.233.0.1:443/api","kubernetes_namespace_id":"8c93404f-ab15-404f-bfa6-0ea4f1268053","kubernetes_namespace_labels_kubernetes_io/metadata_name":"sreworks","kubernetes_namespace_labels_kubesphere_io/namespace":"sreworks","kubernetes_namespace_labels_kubesphere_io/workspace":"system-workspace","kubernetes_namespace_labels_name":"sreworks","kubernetes_namespace_name":"sreworks","kubernetes_pod_id":"af27f696-7a17-4635-bfa9-68e36fa1c1d4","kubernetes_pod_ip":"10.233.92.150","kubernetes_pod_name":"indc-event-live-server-6d7d79988-fn988","message":"2025-12-11 16:58:19.988 INFO  b28c29eab6233672 [XNIO-1 task-14] (AuthUtil.java:194) com.vnet.indc.event.utils.AuthUtil - 通过岗位：[39, 52, 26],楼栋id:null查询用户开始\n","stream":"stdout","tag":"kubernetes.var.log.containers.indc-event-live-server-6d7d79988-fn988_sreworks_container-ov2rdk-25b23c20d8897518a0d91c0696c910c01786c52a73d68eb40565c68b07612f8c.log"}
2025/12/11 17:00:00 send alert via feishu error: Post "https://open.feishu.cn/open-apis/bot/v2/hook/a06d5b36-a9d2-4408-a1dc-5ba73810b20c": tls: failed to verify certificate: x509: OSStatus -26276
2025/12/11 17:00:00 [ALERT][console] [Elasticsearch Alert] 测试告警：indc-event-live-server 日志监控
测试告警工具功能，监控 indc-event-live-server 应用的所有日志

- 索引: k8s-app-indc-event-live-server*
- 时间窗: 5m
- 命中条数: 602
- 查询: DSL

样例事件:
1) {"@timestamp":"2025-12-11T08:59:45.758Z","docker_container_id":"25b23c20d8897518a0d91c0696c910c01786c52a73d68eb40565c68b07612f8c","index_name":"k8s-app-indc-event-live-server-2025.12.11","kubernetes_container_image":"harbor.meta42.indc.vnet.com/indc/indc-event-live-server:main_prod-202512102217-38170b04-88668","kubernetes_container_image_id":"docker-pullable://harbor.meta42.indc.vnet.com/indc/indc-event-live-server@sha256:af89cd7f2f4c957625f92055b8b8fc660aaf813bc32950ef8676f8b55cea381f","kubernetes_container_name":"container-ov2rdk","kubernetes_host":"node3","kubernetes_labels_app":"indc-event-live-server","kubernetes_labels_app_kubernetes_io/name":"indc-event-live-server","kubernetes_labels_logging":"true","kubernetes_labels_pod-template-hash":"6d7d79988","kubernetes_master_url":"https://10.233.0.1:443/api","kubernetes_namespace_id":"8c93404f-ab15-404f-bfa6-0ea4f1268053","kubernetes_namespace_labels_kubernetes_io/metadata_name":"sreworks","kubernetes_namespace_labels_kubesphere_io/namespace":"sreworks","kubernetes_namespace_labels_kubesphere_io/workspace":"system-workspace","kubernetes_namespace_labels_name":"sreworks","kubernetes_namespace_name":"sreworks","kubernetes_pod_id":"af27f696-7a17-4635-bfa9-68e36fa1c1d4","kubernetes_pod_ip":"10.233.92.150","kubernetes_pod_name":"indc-event-live-server-6d7d79988-fn988","message":"2025-12-11 16:59:44.769 INFO  a03961d6f60f05db [XNIO-1 task-14] (LoggerAspect.java:113) c.v.indc.event.aspect.LoggerAspect - 请求结束时间: 2025年12月11日 16:59:44\n","stream":"stdout","tag":"kubernetes.var.log.containers.indc-event-live-server-6d7d79988-fn988_sreworks_container-ov2rdk-25b23c20d8897518a0d91c0696c910c01786c52a73d68eb40565c68b07612f8c.log"}
2) {"@timestamp":"2025-12-11T08:59:45.757Z","docker_container_id":"25b23c20d8897518a0d91c0696c910c01786c52a73d68eb40565c68b07612f8c","index_name":"k8s-app-indc-event-live-server-2025.12.11","kubernetes_container_image":"harbor.meta42.indc.vnet.com/indc/indc-event-live-server:main_prod-202512102217-38170b04-88668","kubernetes_container_image_id":"docker-pullable://harbor.meta42.indc.vnet.com/indc/indc-event-live-server@sha256:af89cd7f2f4c957625f92055b8b8fc660aaf813bc32950ef8676f8b55cea381f","kubernetes_container_name":"container-ov2rdk","kubernetes_host":"node3","kubernetes_labels_app":"indc-event-live-server","kubernetes_labels_app_kubernetes_io/name":"indc-event-live-server","kubernetes_labels_logging":"true","kubernetes_labels_pod-template-hash":"6d7d79988","kubernetes_master_url":"https://10.233.0.1:443/api","kubernetes_namespace_id":"8c93404f-ab15-404f-bfa6-0ea4f1268053","kubernetes_namespace_labels_kubernetes_io/metadata_name":"sreworks","kubernetes_namespace_labels_kubesphere_io/namespace":"sreworks","kubernetes_namespace_labels_kubesphere_io/workspace":"system-workspace","kubernetes_namespace_labels_name":"sreworks","kubernetes_namespace_name":"sreworks","kubernetes_pod_id":"af27f696-7a17-4635-bfa9-68e36fa1c1d4","kubernetes_pod_ip":"10.233.92.150","kubernetes_pod_name":"indc-event-live-server-6d7d79988-fn988","message":"2025-12-11 16:59:44.758 INFO  a03961d6f60f05db [XNIO-1 task-14] (DrillSqlSource.java:59) c.v.indc.event.config.DrillSqlSource - 修改后的sql:SELECT el.id AS eventId, el.* FROM event_list el WHERE room_type = 'CHILD' AND war_room_id IN (?, ?, ?, ?, ?, ?, ?, ?, ?, ?, ?, ?, ?, ?, ?, ?, ?, ?, ?, ?, ?, ?, ?, ?, ?, ?, ?, ?, ?)\n\nJDBC Connection [HikariProxyConnection@277690502 wrapping com.mysql.cj.jdbc.ConnectionImpl@2235cfbb] will not be managed by Spring\n\nClosing non transactional SqlSession [org.apache.ibatis.session.defaults.DefaultSqlSession@2ed7b77e]\n","stream":"stdout","tag":"kubernetes.var.log.containers.indc-event-live-server-6d7d79988-fn988_sreworks_container-ov2rdk-25b23c20d8897518a0d91c0696c910c01786c52a73d68eb40565c68b07612f8c.log"}
3) {"@timestamp":"2025-12-11T08:59:45.755Z","docker_container_id":"25b23c20d8897518a0d91c0696c910c01786c52a73d68eb40565c68b07612f8c","index_name":"k8s-app-indc-event-live-server-2025.12.11","kubernetes_container_image":"harbor.meta42.indc.vnet.com/indc/indc-event-live-server:main_prod-202512102217-38170b04-88668","kubernetes_container_image_id":"docker-pullable://harbor.meta42.indc.vnet.com/indc/indc-event-live-server@sha256:af89cd7f2f4c957625f92055b8b8fc660aaf813bc32950ef8676f8b55cea381f","kubernetes_container_name":"container-ov2rdk","kubernetes_host":"node3","kubernetes_labels_app":"indc-event-live-server","kubernetes_labels_app_kubernetes_io/name":"indc-event-live-server","kubernetes_labels_logging":"true","kubernetes_labels_pod-template-hash":"6d7d79988","kubernetes_master_url":"https://10.233.0.1:443/api","kubernetes_namespace_id":"8c93404f-ab15-404f-bfa6-0ea4f1268053","kubernetes_namespace_labels_kubernetes_io/metadata_name":"sreworks","kubernetes_namespace_labels_kubesphere_io/namespace":"sreworks","kubernetes_namespace_labels_kubesphere_io/workspace":"system-workspace","kubernetes_namespace_labels_name":"sreworks","kubernetes_namespace_name":"sreworks","kubernetes_pod_id":"af27f696-7a17-4635-bfa9-68e36fa1c1d4","kubernetes_pod_ip":"10.233.92.150","kubernetes_pod_name":"indc-event-live-server-6d7d79988-fn988","message":"2025-12-11 16:59:44.753 INFO  a03961d6f60f05db [XNIO-1 task-14] (DrillSqlSource.java:59) c.v.indc.event.config.DrillSqlSource - 修改后的sql:SELECT * FROM war_room WHERE parent_id = ? AND room_type = 'CHILD'\n\nJDBC Connection [HikariProxyConnection@1061472403 wrapping com.mysql.cj.jdbc.ConnectionImpl@2235cfbb] will not be managed by Spring\n\nClosing non transactional SqlSession [org.apache.ibatis.session.defaults.DefaultSqlSession@2e921edc]\n\nCreating a new SqlSession\n\nSqlSession [org.apache.ibatis.session.defaults.DefaultSqlSession@2ed7b77e] was not registered for synchronization because synchronization is not active\n","stream":"stdout","tag":"kubernetes.var.log.containers.indc-event-live-server-6d7d79988-fn988_sreworks_container-ov2rdk-25b23c20d8897518a0d91c0696c910c01786c52a73d68eb40565c68b07612f8c.log"}
2025/12/11 17:01:00 send alert via feishu error: Post "https://open.feishu.cn/open-apis/bot/v2/hook/a06d5b36-a9d2-4408-a1dc-5ba73810b20c": tls: failed to verify certificate: x509: OSStatus -26276
2025/12/11 17:01:00 [ALERT][console] [Elasticsearch Alert] 测试告警：indc-event-live-server 日志监控
测试告警工具功能，监控 indc-event-live-server 应用的所有日志

- 索引: k8s-app-indc-event-live-server*
- 时间窗: 5m
- 命中条数: 612
- 查询: DSL

样例事件:
1) {"@timestamp":"2025-12-11T09:00:44.736Z","docker_container_id":"25b23c20d8897518a0d91c0696c910c01786c52a73d68eb40565c68b07612f8c","index_name":"k8s-app-indc-event-live-server-2025.12.11","kubernetes_container_image":"harbor.meta42.indc.vnet.com/indc/indc-event-live-server:main_prod-202512102217-38170b04-88668","kubernetes_container_image_id":"docker-pullable://harbor.meta42.indc.vnet.com/indc/indc-event-live-server@sha256:af89cd7f2f4c957625f92055b8b8fc660aaf813bc32950ef8676f8b55cea381f","kubernetes_container_name":"container-ov2rdk","kubernetes_host":"node3","kubernetes_labels_app":"indc-event-live-server","kubernetes_labels_app_kubernetes_io/name":"indc-event-live-server","kubernetes_labels_logging":"true","kubernetes_labels_pod-template-hash":"6d7d79988","kubernetes_master_url":"https://10.233.0.1:443/api","kubernetes_namespace_id":"8c93404f-ab15-404f-bfa6-0ea4f1268053","kubernetes_namespace_labels_kubernetes_io/metadata_name":"sreworks","kubernetes_namespace_labels_kubesphere_io/namespace":"sreworks","kubernetes_namespace_labels_kubesphere_io/workspace":"system-workspace","kubernetes_namespace_labels_name":"sreworks","kubernetes_namespace_name":"sreworks","kubernetes_pod_id":"af27f696-7a17-4635-bfa9-68e36fa1c1d4","kubernetes_pod_ip":"10.233.92.150","kubernetes_pod_name":"indc-event-live-server-6d7d79988-fn988","message":"2025-12-11 17:00:43.817 INFO  51fa6f620a1bbb68 [XNIO-1 task-14] (LoggerAspect.java:113) c.v.indc.event.aspect.LoggerAspect - 请求结束时间: 2025年12月11日 17:00:43\n","stream":"stdout","tag":"kubernetes.var.log.containers.indc-event-live-server-6d7d79988-fn988_sreworks_container-ov2rdk-25b23c20d8897518a0d91c0696c910c01786c52a73d68eb40565c68b07612f8c.log"}
2) {"@timestamp":"2025-12-11T09:00:44.734Z","docker_container_id":"25b23c20d8897518a0d91c0696c910c01786c52a73d68eb40565c68b07612f8c","index_name":"k8s-app-indc-event-live-server-2025.12.11","kubernetes_container_image":"harbor.meta42.indc.vnet.com/indc/indc-event-live-server:main_prod-202512102217-38170b04-88668","kubernetes_container_image_id":"docker-pullable://harbor.meta42.indc.vnet.com/indc/indc-event-live-server@sha256:af89cd7f2f4c957625f92055b8b8fc660aaf813bc32950ef8676f8b55cea381f","kubernetes_container_name":"container-ov2rdk","kubernetes_host":"node3","kubernetes_labels_app":"indc-event-live-server","kubernetes_labels_app_kubernetes_io/name":"indc-event-live-server","kubernetes_labels_logging":"true","kubernetes_labels_pod-template-hash":"6d7d79988","kubernetes_master_url":"https://10.233.0.1:443/api","kubernetes_namespace_id":"8c93404f-ab15-404f-bfa6-0ea4f1268053","kubernetes_namespace_labels_kubernetes_io/metadata_name":"sreworks","kubernetes_namespace_labels_kubesphere_io/namespace":"sreworks","kubernetes_namespace_labels_kubesphere_io/workspace":"system-workspace","kubernetes_namespace_labels_name":"sreworks","kubernetes_namespace_name":"sreworks","kubernetes_pod_id":"af27f696-7a17-4635-bfa9-68e36fa1c1d4","kubernetes_pod_ip":"10.233.92.150","kubernetes_pod_name":"indc-event-live-server-6d7d79988-fn988","message":"2025-12-11 17:00:43.762 INFO  51fa6f620a1bbb68 [XNIO-1 task-14] (AuthUtil.java:194) com.vnet.indc.event.utils.AuthUtil - 通过岗位：[39, 52, 26],楼栋id:null查询用户开始\n","stream":"stdout","tag":"kubernetes.var.log.containers.indc-event-live-server-6d7d79988-fn988_sreworks_container-ov2rdk-25b23c20d8897518a0d91c0696c910c01786c52a73d68eb40565c68b07612f8c.log"}
3) {"@timestamp":"2025-12-11T09:00:44.732Z","docker_container_id":"25b23c20d8897518a0d91c0696c910c01786c52a73d68eb40565c68b07612f8c","index_name":"k8s-app-indc-event-live-server-2025.12.11","kubernetes_container_image":"harbor.meta42.indc.vnet.com/indc/indc-event-live-server:main_prod-202512102217-38170b04-88668","kubernetes_container_image_id":"docker-pullable://harbor.meta42.indc.vnet.com/indc/indc-event-live-server@sha256:af89cd7f2f4c957625f92055b8b8fc660aaf813bc32950ef8676f8b55cea381f","kubernetes_container_name":"container-ov2rdk","kubernetes_host":"node3","kubernetes_labels_app":"indc-event-live-server","kubernetes_labels_app_kubernetes_io/name":"indc-event-live-server","kubernetes_labels_logging":"true","kubernetes_labels_pod-template-hash":"6d7d79988","kubernetes_master_url":"https://10.233.0.1:443/api","kubernetes_namespace_id":"8c93404f-ab15-404f-bfa6-0ea4f1268053","kubernetes_namespace_labels_kubernetes_io/metadata_name":"sreworks","kubernetes_namespace_labels_kubesphere_io/namespace":"sreworks","kubernetes_namespace_labels_kubesphere_io/workspace":"system-workspace","kubernetes_namespace_labels_name":"sreworks","kubernetes_namespace_name":"sreworks","kubernetes_pod_id":"af27f696-7a17-4635-bfa9-68e36fa1c1d4","kubernetes_pod_ip":"10.233.92.150","kubernetes_pod_name":"indc-event-live-server-6d7d79988-fn988","message":"2025-12-11 17:00:43.761 INFO  51fa6f620a1bbb68 [XNIO-1 task-14] (DrillMarkAspect.java:54) c.v.i.event.aspect.DrillMarkAspect - 参数：[\"92645\"] 判断演练标识\n","stream":"stdout","tag":"kubernetes.var.log.containers.indc-event-live-server-6d7d79988-fn988_sreworks_container-ov2rdk-25b23c20d8897518a0d91c0696c910c01786c52a73d68eb40565c68b07612f8c.log"}
2025/12/11 17:02:31 send alert via feishu error: Post "https://open.feishu.cn/open-apis/bot/v2/hook/a06d5b36-a9d2-4408-a1dc-5ba73810b20c": tls: failed to verify certificate: x509: OSStatus -26276
2025/12/11 17:02:31 [ALERT][console] [Elasticsearch Alert] 测试告警：indc-event-live-server 日志监控
测试告警工具功能，监控 indc-event-live-server 应用的所有日志

- 索引: k8s-app-indc-event-live-server*
- 时间窗: 5m
- 命中条数: 565
- 查询: DSL

样例事件:
1) {"@timestamp":"2025-12-11T09:02:24.862Z","docker_container_id":"6924aa2eb6ca5c56e510a53677406e6bc75c4bead5ad7558a3cf14862fabe240","index_name":"k8s-app-indc-event-live-server-2025.12.11","kubernetes_container_image":"harbor.meta42.indc.vnet.com/indc/indc-event-live-server:main_prod-202512102217-38170b04-88668","kubernetes_container_image_id":"docker-pullable://harbor.meta42.indc.vnet.com/indc/indc-event-live-server@sha256:af89cd7f2f4c957625f92055b8b8fc660aaf813bc32950ef8676f8b55cea381f","kubernetes_container_name":"container-ov2rdk","kubernetes_host":"node19","kubernetes_labels_app":"indc-event-live-server","kubernetes_labels_app_kubernetes_io/name":"indc-event-live-server","kubernetes_labels_logging":"true","kubernetes_labels_pod-template-hash":"6d7d79988","kubernetes_master_url":"https://10.233.0.1:443/api","kubernetes_namespace_id":"8c93404f-ab15-404f-bfa6-0ea4f1268053","kubernetes_namespace_labels_kubernetes_io/metadata_name":"sreworks","kubernetes_namespace_labels_kubesphere_io/namespace":"sreworks","kubernetes_namespace_labels_kubesphere_io/workspace":"system-workspace","kubernetes_namespace_labels_name":"sreworks","kubernetes_namespace_name":"sreworks","kubernetes_pod_id":"46a5ada6-d104-4f7e-8c67-6d147191e107","kubernetes_pod_ip":"10.233.104.9","kubernetes_pod_name":"indc-event-live-server-6d7d79988-8966k","message":"2025-12-11 17:02:24.161 INFO  e566098762c727d3 [XNIO-1 task-7] (AuthUtil.java:194) com.vnet.indc.event.utils.AuthUtil - 通过岗位：[39, 52, 26],楼栋id:null查询用户开始\n","stream":"stdout","tag":"kubernetes.var.log.containers.indc-event-live-server-6d7d79988-8966k_sreworks_container-ov2rdk-6924aa2eb6ca5c56e510a53677406e6bc75c4bead5ad7558a3cf14862fabe240.log"}
2) {"@timestamp":"2025-12-11T09:02:24.862Z","docker_container_id":"6924aa2eb6ca5c56e510a53677406e6bc75c4bead5ad7558a3cf14862fabe240","index_name":"k8s-app-indc-event-live-server-2025.12.11","kubernetes_container_image":"harbor.meta42.indc.vnet.com/indc/indc-event-live-server:main_prod-202512102217-38170b04-88668","kubernetes_container_image_id":"docker-pullable://harbor.meta42.indc.vnet.com/indc/indc-event-live-server@sha256:af89cd7f2f4c957625f92055b8b8fc660aaf813bc32950ef8676f8b55cea381f","kubernetes_container_name":"container-ov2rdk","kubernetes_host":"node19","kubernetes_labels_app":"indc-event-live-server","kubernetes_labels_app_kubernetes_io/name":"indc-event-live-server","kubernetes_labels_logging":"true","kubernetes_labels_pod-template-hash":"6d7d79988","kubernetes_master_url":"https://10.233.0.1:443/api","kubernetes_namespace_id":"8c93404f-ab15-404f-bfa6-0ea4f1268053","kubernetes_namespace_labels_kubernetes_io/metadata_name":"sreworks","kubernetes_namespace_labels_kubesphere_io/namespace":"sreworks","kubernetes_namespace_labels_kubesphere_io/workspace":"system-workspace","kubernetes_namespace_labels_name":"sreworks","kubernetes_namespace_name":"sreworks","kubernetes_pod_id":"46a5ada6-d104-4f7e-8c67-6d147191e107","kubernetes_pod_ip":"10.233.104.9","kubernetes_pod_name":"indc-event-live-server-6d7d79988-8966k","message":"2025-12-11 17:02:24.208 INFO  e566098762c727d3 [XNIO-1 task-7] (LoggerAspect.java:113) c.v.indc.event.aspect.LoggerAspect - 请求结束时间: 2025年12月11日 17:02:24\n","stream":"stdout","tag":"kubernetes.var.log.containers.indc-event-live-server-6d7d79988-8966k_sreworks_container-ov2rdk-6924aa2eb6ca5c56e510a53677406e6bc75c4bead5ad7558a3cf14862fabe240.log"}
3) {"@timestamp":"2025-12-11T09:02:24.861Z","docker_container_id":"6924aa2eb6ca5c56e510a53677406e6bc75c4bead5ad7558a3cf14862fabe240","index_name":"k8s-app-indc-event-live-server-2025.12.11","kubernetes_container_image":"harbor.meta42.indc.vnet.com/indc/indc-event-live-server:main_prod-202512102217-38170b04-88668","kubernetes_container_image_id":"docker-pullable://harbor.meta42.indc.vnet.com/indc/indc-event-live-server@sha256:af89cd7f2f4c957625f92055b8b8fc660aaf813bc32950ef8676f8b55cea381f","kubernetes_container_name":"container-ov2rdk","kubernetes_host":"node19","kubernetes_labels_app":"indc-event-live-server","kubernetes_labels_app_kubernetes_io/name":"indc-event-live-server","kubernetes_labels_logging":"true","kubernetes_labels_pod-template-hash":"6d7d79988","kubernetes_master_url":"https://10.233.0.1:443/api","kubernetes_namespace_id":"8c93404f-ab15-404f-bfa6-0ea4f1268053","kubernetes_namespace_labels_kubernetes_io/metadata_name":"sreworks","kubernetes_namespace_labels_kubesphere_io/namespace":"sreworks","kubernetes_namespace_labels_kubesphere_io/workspace":"system-workspace","kubernetes_namespace_labels_name":"sreworks","kubernetes_namespace_name":"sreworks","kubernetes_pod_id":"46a5ada6-d104-4f7e-8c67-6d147191e107","kubernetes_pod_ip":"10.233.104.9","kubernetes_pod_name":"indc-event-live-server-6d7d79988-8966k","message":"2025-12-11 17:02:24.160 INFO  e566098762c727d3 [XNIO-1 task-7] (LoggerAspect.java:79) c.v.indc.event.aspect.LoggerAspect - 操作人名称: 三河铭泰集控值班\n","stream":"stdout","tag":"kubernetes.var.log.containers.indc-event-live-server-6d7d79988-8966k_sreworks_container-ov2rdk-6924aa2eb6ca5c56e510a53677406e6bc75c4bead5ad7558a3cf14862fabe240.log"}
2025/12/11 17:03:30 send alert via feishu error: Post "https://open.feishu.cn/open-apis/bot/v2/hook/a06d5b36-a9d2-4408-a1dc-5ba73810b20c": tls: failed to verify certificate: x509: OSStatus -26276
2025/12/11 17:03:30 [ALERT][console] [Elasticsearch Alert] 测试告警：indc-event-live-server 日志监控
测试告警工具功能，监控 indc-event-live-server 应用的所有日志

- 索引: k8s-app-indc-event-live-server*
- 时间窗: 5m
- 命中条数: 542
- 查询: DSL

样例事件:
1) {"@timestamp":"2025-12-11T09:03:20.717Z","docker_container_id":"25b23c20d8897518a0d91c0696c910c01786c52a73d68eb40565c68b07612f8c","index_name":"k8s-app-indc-event-live-server-2025.12.11","kubernetes_container_image":"harbor.meta42.indc.vnet.com/indc/indc-event-live-server:main_prod-202512102217-38170b04-88668","kubernetes_container_image_id":"docker-pullable://harbor.meta42.indc.vnet.com/indc/indc-event-live-server@sha256:af89cd7f2f4c957625f92055b8b8fc660aaf813bc32950ef8676f8b55cea381f","kubernetes_container_name":"container-ov2rdk","kubernetes_host":"node3","kubernetes_labels_app":"indc-event-live-server","kubernetes_labels_app_kubernetes_io/name":"indc-event-live-server","kubernetes_labels_logging":"true","kubernetes_labels_pod-template-hash":"6d7d79988","kubernetes_master_url":"https://10.233.0.1:443/api","kubernetes_namespace_id":"8c93404f-ab15-404f-bfa6-0ea4f1268053","kubernetes_namespace_labels_kubernetes_io/metadata_name":"sreworks","kubernetes_namespace_labels_kubesphere_io/namespace":"sreworks","kubernetes_namespace_labels_kubesphere_io/workspace":"system-workspace","kubernetes_namespace_labels_name":"sreworks","kubernetes_namespace_name":"sreworks","kubernetes_pod_id":"af27f696-7a17-4635-bfa9-68e36fa1c1d4","kubernetes_pod_ip":"10.233.92.150","kubernetes_pod_name":"indc-event-live-server-6d7d79988-fn988","message":"2025-12-11 17:03:20.032 INFO  71fc22ea46d45f8b [XNIO-1 task-14] (LoggerAspect.java:113) c.v.indc.event.aspect.LoggerAspect - 请求结束时间: 2025年12月11日 17:03:20\n","stream":"stdout","tag":"kubernetes.var.log.containers.indc-event-live-server-6d7d79988-fn988_sreworks_container-ov2rdk-25b23c20d8897518a0d91c0696c910c01786c52a73d68eb40565c68b07612f8c.log"}
2) {"@timestamp":"2025-12-11T09:03:20.716Z","docker_container_id":"25b23c20d8897518a0d91c0696c910c01786c52a73d68eb40565c68b07612f8c","index_name":"k8s-app-indc-event-live-server-2025.12.11","kubernetes_container_image":"harbor.meta42.indc.vnet.com/indc/indc-event-live-server:main_prod-202512102217-38170b04-88668","kubernetes_container_image_id":"docker-pullable://harbor.meta42.indc.vnet.com/indc/indc-event-live-server@sha256:af89cd7f2f4c957625f92055b8b8fc660aaf813bc32950ef8676f8b55cea381f","kubernetes_container_name":"container-ov2rdk","kubernetes_host":"node3","kubernetes_labels_app":"indc-event-live-server","kubernetes_labels_app_kubernetes_io/name":"indc-event-live-server","kubernetes_labels_logging":"true","kubernetes_labels_pod-template-hash":"6d7d79988","kubernetes_master_url":"https://10.233.0.1:443/api","kubernetes_namespace_id":"8c93404f-ab15-404f-bfa6-0ea4f1268053","kubernetes_namespace_labels_kubernetes_io/metadata_name":"sreworks","kubernetes_namespace_labels_kubesphere_io/namespace":"sreworks","kubernetes_namespace_labels_kubesphere_io/workspace":"system-workspace","kubernetes_namespace_labels_name":"sreworks","kubernetes_namespace_name":"sreworks","kubernetes_pod_id":"af27f696-7a17-4635-bfa9-68e36fa1c1d4","kubernetes_pod_ip":"10.233.92.150","kubernetes_pod_name":"indc-event-live-server-6d7d79988-fn988","message":"2025-12-11 17:03:19.977 INFO  71fc22ea46d45f8b [XNIO-1 task-14] (AuthUtil.java:194) com.vnet.indc.event.utils.AuthUtil - 通过岗位：[39, 52, 26],楼栋id:null查询用户开始\n","stream":"stdout","tag":"kubernetes.var.log.containers.indc-event-live-server-6d7d79988-fn988_sreworks_container-ov2rdk-25b23c20d8897518a0d91c0696c910c01786c52a73d68eb40565c68b07612f8c.log"}
3) {"@timestamp":"2025-12-11T09:03:20.715Z","docker_container_id":"25b23c20d8897518a0d91c0696c910c01786c52a73d68eb40565c68b07612f8c","index_name":"k8s-app-indc-event-live-server-2025.12.11","kubernetes_container_image":"harbor.meta42.indc.vnet.com/indc/indc-event-live-server:main_prod-202512102217-38170b04-88668","kubernetes_container_image_id":"docker-pullable://harbor.meta42.indc.vnet.com/indc/indc-event-live-server@sha256:af89cd7f2f4c957625f92055b8b8fc660aaf813bc32950ef8676f8b55cea381f","kubernetes_container_name":"container-ov2rdk","kubernetes_host":"node3","kubernetes_labels_app":"indc-event-live-server","kubernetes_labels_app_kubernetes_io/name":"indc-event-live-server","kubernetes_labels_logging":"true","kubernetes_labels_pod-template-hash":"6d7d79988","kubernetes_master_url":"https://10.233.0.1:443/api","kubernetes_namespace_id":"8c93404f-ab15-404f-bfa6-0ea4f1268053","kubernetes_namespace_labels_kubernetes_io/metadata_name":"sreworks","kubernetes_namespace_labels_kubesphere_io/namespace":"sreworks","kubernetes_namespace_labels_kubesphere_io/workspace":"system-workspace","kubernetes_namespace_labels_name":"sreworks","kubernetes_namespace_name":"sreworks","kubernetes_pod_id":"af27f696-7a17-4635-bfa9-68e36fa1c1d4","kubernetes_pod_ip":"10.233.92.150","kubernetes_pod_name":"indc-event-live-server-6d7d79988-fn988","message":"2025-12-11 17:03:19.977 INFO  71fc22ea46d45f8b [XNIO-1 task-14] (DrillMarkAspect.java:54) c.v.i.event.aspect.DrillMarkAspect - 参数：[\"91042\"] 判断演练标识\n","stream":"stdout","tag":"kubernetes.var.log.containers.indc-event-live-server-6d7d79988-fn988_sreworks_container-ov2rdk-25b23c20d8897518a0d91c0696c910c01786c52a73d68eb40565c68b07612f8c.log"}
2025/12/11 17:05:00 send alert via feishu error: Post "https://open.feishu.cn/open-apis/bot/v2/hook/a06d5b36-a9d2-4408-a1dc-5ba73810b20c": tls: failed to verify certificate: x509: OSStatus -26276
2025/12/11 17:05:00 [ALERT][console] [Elasticsearch Alert] 测试告警：indc-event-live-server 日志监控
测试告警工具功能，监控 indc-event-live-server 应用的所有日志

- 索引: k8s-app-indc-event-live-server*
- 时间窗: 5m
- 命中条数: 564
- 查询: DSL

样例事件:
1) {"@timestamp":"2025-12-11T09:04:54.902Z","docker_container_id":"6924aa2eb6ca5c56e510a53677406e6bc75c4bead5ad7558a3cf14862fabe240","index_name":"k8s-app-indc-event-live-server-2025.12.11","kubernetes_container_image":"harbor.meta42.indc.vnet.com/indc/indc-event-live-server:main_prod-202512102217-38170b04-88668","kubernetes_container_image_id":"docker-pullable://harbor.meta42.indc.vnet.com/indc/indc-event-live-server@sha256:af89cd7f2f4c957625f92055b8b8fc660aaf813bc32950ef8676f8b55cea381f","kubernetes_container_name":"container-ov2rdk","kubernetes_host":"node19","kubernetes_labels_app":"indc-event-live-server","kubernetes_labels_app_kubernetes_io/name":"indc-event-live-server","kubernetes_labels_logging":"true","kubernetes_labels_pod-template-hash":"6d7d79988","kubernetes_master_url":"https://10.233.0.1:443/api","kubernetes_namespace_id":"8c93404f-ab15-404f-bfa6-0ea4f1268053","kubernetes_namespace_labels_kubernetes_io/metadata_name":"sreworks","kubernetes_namespace_labels_kubesphere_io/namespace":"sreworks","kubernetes_namespace_labels_kubesphere_io/workspace":"system-workspace","kubernetes_namespace_labels_name":"sreworks","kubernetes_namespace_name":"sreworks","kubernetes_pod_id":"46a5ada6-d104-4f7e-8c67-6d147191e107","kubernetes_pod_ip":"10.233.104.9","kubernetes_pod_name":"indc-event-live-server-6d7d79988-8966k","message":"2025-12-11 17:04:52.473 INFO   [com.alibaba.nacos.naming.push.receiver] (PushReceiver.java:86) com.alibaba.nacos.client.naming - received push data: {\"type\":\"dom\",\"data\":\"{\\\"name\\\":\\\"DEFAULT_GROUP@@indc-duty-server\\\",\\\"clusters\\\":\\\"\\\",\\\"cacheMillis\\\":10000,\\\"hosts\\\":[{\\\"instanceId\\\":\\\"10.233.92.157#8090#DEFAULT#DEFAULT_GROUP@@indc-duty-server\\\",\\\"ip\\\":\\\"10.233.92.157\\\",\\\"port\\\":8090,\\\"weight\\\":1.0,\\\"healthy\\\":true,\\\"enabled\\\":true,\\\"ephemeral\\\":true,\\\"clusterName\\\":\\\"DEFAULT\\\",\\\"serviceName\\\":\\\"DEFAULT_GROUP@@indc-duty-server\\\",\\\"metadata\\\":{\\\"preserved.register.source\\\":\\\"SPRING_CLOUD\\\"},\\\"instanceHeartBeatInterval\\\":5000,\\\"ipDeleteTimeout\\\":30000,\\\"instanceHeartBeatTimeOut\\\":15000}],\\\"lastRefTime\\\":1765443892475,\\\"checksum\\\":\\\"\\\",\\\"allIPs\\\":false,\\\"reachProtectionThreshold\\\":false,\\\"valid\\\":true}\",\"lastRefTime\":930706816435969} from /10.233.123.109\n","stream":"stdout","tag":"kubernetes.var.log.containers.indc-event-live-server-6d7d79988-8966k_sreworks_container-ov2rdk-6924aa2eb6ca5c56e510a53677406e6bc75c4bead5ad7558a3cf14862fabe240.log"}
2) {"@timestamp":"2025-12-11T09:04:54.901Z","docker_container_id":"6924aa2eb6ca5c56e510a53677406e6bc75c4bead5ad7558a3cf14862fabe240","index_name":"k8s-app-indc-event-live-server-2025.12.11","kubernetes_container_image":"harbor.meta42.indc.vnet.com/indc/indc-event-live-server:main_prod-202512102217-38170b04-88668","kubernetes_container_image_id":"docker-pullable://harbor.meta42.indc.vnet.com/indc/indc-event-live-server@sha256:af89cd7f2f4c957625f92055b8b8fc660aaf813bc32950ef8676f8b55cea381f","kubernetes_container_name":"container-ov2rdk","kubernetes_host":"node19","kubernetes_labels_app":"indc-event-live-server","kubernetes_labels_app_kubernetes_io/name":"indc-event-live-server","kubernetes_labels_logging":"true","kubernetes_labels_pod-template-hash":"6d7d79988","kubernetes_master_url":"https://10.233.0.1:443/api","kubernetes_namespace_id":"8c93404f-ab15-404f-bfa6-0ea4f1268053","kubernetes_namespace_labels_kubernetes_io/metadata_name":"sreworks","kubernetes_namespace_labels_kubesphere_io/namespace":"sreworks","kubernetes_namespace_labels_kubesphere_io/workspace":"system-workspace","kubernetes_namespace_labels_name":"sreworks","kubernetes_namespace_name":"sreworks","kubernetes_pod_id":"46a5ada6-d104-4f7e-8c67-6d147191e107","kubernetes_pod_ip":"10.233.104.9","kubernetes_pod_name":"indc-event-live-server-6d7d79988-8966k","message":"2025-12-11 17:04:49.171 INFO   [com.alibaba.nacos.naming.push.receiver] (PushReceiver.java:86) com.alibaba.nacos.client.naming - received push data: {\"type\":\"dom\",\"data\":\"{\\\"name\\\":\\\"DEFAULT_GROUP@@meta42-iot-server\\\",\\\"clusters\\\":\\\"\\\",\\\"cacheMillis\\\":10000,\\\"hosts\\\":[{\\\"instanceId\\\":\\\"10.233.70.241#8090#DEFAULT#DEFAULT_GROUP@@meta42-iot-server\\\",\\\"ip\\\":\\\"10.233.70.241\\\",\\\"port\\\":8090,\\\"weight\\\":1.0,\\\"healthy\\\":true,\\\"enabled\\\":true,\\\"ephemeral\\\":true,\\\"clusterName\\\":\\\"DEFAULT\\\",\\\"serviceName\\\":\\\"DEFAULT_GROUP@@meta42-iot-server\\\",\\\"metadata\\\":{\\\"preserved.register.source\\\":\\\"SPRING_CLOUD\\\",\\\"management.port\\\":\\\"60003\\\"},\\\"instanceHeartBeatInterval\\\":5000,\\\"ipDeleteTimeout\\\":30000,\\\"instanceHeartBeatTimeOut\\\":15000},{\\\"instanceId\\\":\\\"10.233.103.161#8090#DEFAULT#DEFAULT_GROUP@@meta42-iot-server\\\",\\\"ip\\\":\\\"10.233.103.161\\\",\\\"port\\\":8090,\\\"weight\\\":1.0,\\\"healthy\\\":true,\\\"enabled\\\":true,\\\"ephemeral\\\":true,\\\"clusterName\\\":\\\"DEFAULT\\\",\\\"serviceName\\\":\\\"DEFAULT_GROUP@@meta42-iot-server\\\",\\\"metadata\\\":{\\\"preserved.register.source\\\":\\\"SPRING_CLOUD\\\",\\\"management.port\\\":\\\"60003\\\"},\\\"instanceHeartBeatInterval\\\":5000,\\\"ipDeleteTimeout\\\":30000,\\\"instanceHeartBeatTimeOut\\\":15000},{\\\"instanceId\\\":\\\"10.233.103.192#8090#DEFAULT#DEFAULT_GROUP@@meta42-iot-server\\\",\\\"ip\\\":\\\"10.233.103.192\\\",\\\"port\\\":8090,\\\"weight\\\":1.0,\\\"healthy\\\":true,\\\"enabled\\\":true,\\\"ephemeral\\\":true,\\\"clusterName\\\":\\\"DEFAULT\\\",\\\"serviceName\\\":\\\"DEFAULT_GROUP@@meta42-iot-server\\\",\\\"metadata\\\":{\\\"preserved.register.source\\\":\\\"SPRING_CLOUD\\\",\\\"management.port\\\":\\\"60003\\\"},\\\"instanceHeartBeatInterval\\\":5000,\\\"ipDeleteTimeout\\\":30000,\\\"instanceHeartBeatTimeOut\\\":15000},{\\\"instanceId\\\":\\\"10.233.103.22#8090#DEFAULT#DEFAULT_GROUP@@meta42-iot-server\\\",\\\"ip\\\":\\\"10.233.103.22\\\",\\\"port\\\":8090,\\\"weight\\\":1.0,\\\"healthy\\\":true,\\\"enabled\\\":true,\\\"ephemeral\\\":true,\\\"clusterName\\\":\\\"DEFAULT\\\",\\\"serviceName\\\":\\\"DEFAULT_GROUP@@meta42-iot-server\\\",\\\"metadata\\\":{\\\"preserved.register.source\\\":\\\"SPRING_CLOUD\\\",\\\"management.port\\\":\\\"60003\\\"},\\\"instanceHeartBeatInterval\\\":5000,\\\"ipDeleteTimeout\\\":30000,\\\"instanceHeartBeatTimeOut\\\":15000},{\\\"instanceId\\\":\\\"10.233.70.63#8090#DEFAULT#DEFAULT_GROUP@@meta42-iot-server\\\",\\\"ip\\\":\\\"10.233.70.63\\\",\\\"port\\\":8090,\\\"weight\\\":1.0,\\\"healthy\\\":true,\\\"enabled\\\":true,\\\"ephemeral\\\":true,\\\"clusterName\\\":\\\"DEFAULT\\\",\\\"serviceName\\\":\\\"DEFAULT_GROUP@@meta42-iot-server\\\",\\\"metadata\\\":{\\\"preserved.register.source\\\":\\\"SPRING_CLOUD\\\",\\\"management.port\\\":\\\"60003\\\"},\\\"instanceHeartBeatInterval\\\":5000,\\\"ipDeleteTimeout\\\":30000,\\\"instanceHeartBeatTimeOut\\\":15000}],\\\"lastRefTime\\\":1765443889172,\\\"checksum\\\":\\\"\\\",\\\"allIPs\\\":false,\\\"reachProtectionThreshold\\\":false,\\\"valid\\\":true}\",\"lastRefTime\":930703513832700} from /10.233.123.109\n","stream":"stdout","tag":"kubernetes.var.log.containers.indc-event-live-server-6d7d79988-8966k_sreworks_container-ov2rdk-6924aa2eb6ca5c56e510a53677406e6bc75c4bead5ad7558a3cf14862fabe240.log"}
3) {"@timestamp":"2025-12-11T09:04:54.900Z","docker_container_id":"6924aa2eb6ca5c56e510a53677406e6bc75c4bead5ad7558a3cf14862fabe240","index_name":"k8s-app-indc-event-live-server-2025.12.11","kubernetes_container_image":"harbor.meta42.indc.vnet.com/indc/indc-event-live-server:main_prod-202512102217-38170b04-88668","kubernetes_container_image_id":"docker-pullable://harbor.meta42.indc.vnet.com/indc/indc-event-live-server@sha256:af89cd7f2f4c957625f92055b8b8fc660aaf813bc32950ef8676f8b55cea381f","kubernetes_container_name":"container-ov2rdk","kubernetes_host":"node19","kubernetes_labels_app":"indc-event-live-server","kubernetes_labels_app_kubernetes_io/name":"indc-event-live-server","kubernetes_labels_logging":"true","kubernetes_labels_pod-template-hash":"6d7d79988","kubernetes_master_url":"https://10.233.0.1:443/api","kubernetes_namespace_id":"8c93404f-ab15-404f-bfa6-0ea4f1268053","kubernetes_namespace_labels_kubernetes_io/metadata_name":"sreworks","kubernetes_namespace_labels_kubesphere_io/namespace":"sreworks","kubernetes_namespace_labels_kubesphere_io/workspace":"system-workspace","kubernetes_namespace_labels_name":"sreworks","kubernetes_namespace_name":"sreworks","kubernetes_pod_id":"46a5ada6-d104-4f7e-8c67-6d147191e107","kubernetes_pod_ip":"10.233.104.9","kubernetes_pod_name":"indc-event-live-server-6d7d79988-8966k","message":"2025-12-11 17:04:49.171 INFO   [com.alibaba.nacos.naming.push.receiver] (PushReceiver.java:86) com.alibaba.nacos.client.naming - received push data: {\"type\":\"dom\",\"data\":\"{\\\"name\\\":\\\"DEFAULT_GROUP@@indc-emergency-drill-server\\\",\\\"clusters\\\":\\\"\\\",\\\"cacheMillis\\\":10000,\\\"hosts\\\":[{\\\"instanceId\\\":\\\"10.233.123.146#8090#DEFAULT#DEFAULT_GROUP@@indc-emergency-drill-server\\\",\\\"ip\\\":\\\"10.233.123.146\\\",\\\"port\\\":8090,\\\"weight\\\":1.0,\\\"healthy\\\":true,\\\"enabled\\\":true,\\\"ephemeral\\\":true,\\\"clusterName\\\":\\\"DEFAULT\\\",\\\"serviceName\\\":\\\"DEFAULT_GROUP@@indc-emergency-drill-server\\\",\\\"metadata\\\":{\\\"preserved.register.source\\\":\\\"SPRING_CLOUD\\\"},\\\"instanceHeartBeatInterval\\\":5000,\\\"ipDeleteTimeout\\\":30000,\\\"instanceHeartBeatTimeOut\\\":15000}],\\\"lastRefTime\\\":1765443889172,\\\"checksum\\\":\\\"\\\",\\\"allIPs\\\":false,\\\"reachProtectionThreshold\\\":false,\\\"valid\\\":true}\",\"lastRefTime\":930703513821978} from /10.233.123.109\n","stream":"stdout","tag":"kubernetes.var.log.containers.indc-event-live-server-6d7d79988-8966k_sreworks_container-ov2rdk-6924aa2eb6ca5c56e510a53677406e6bc75c4bead5ad7558a3cf14862fabe240.log"}
2025/12/11 17:06:30 send alert via feishu error: Post "https://open.feishu.cn/open-apis/bot/v2/hook/a06d5b36-a9d2-4408-a1dc-5ba73810b20c": tls: failed to verify certificate: x509: OSStatus -26276
2025/12/11 17:06:30 [ALERT][console] [Elasticsearch Alert] 测试告警：indc-event-live-server 日志监控
测试告警工具功能，监控 indc-event-live-server 应用的所有日志

- 索引: k8s-app-indc-event-live-server*
- 时间窗: 5m
- 命中条数: 2087
- 查询: DSL

样例事件:
1) {"@timestamp":"2025-12-11T09:06:12.715Z","docker_container_id":"25b23c20d8897518a0d91c0696c910c01786c52a73d68eb40565c68b07612f8c","index_name":"k8s-app-indc-event-live-server-2025.12.11","kubernetes_container_image":"harbor.meta42.indc.vnet.com/indc/indc-event-live-server:main_prod-202512102217-38170b04-88668","kubernetes_container_image_id":"docker-pullable://harbor.meta42.indc.vnet.com/indc/indc-event-live-server@sha256:af89cd7f2f4c957625f92055b8b8fc660aaf813bc32950ef8676f8b55cea381f","kubernetes_container_name":"container-ov2rdk","kubernetes_host":"node3","kubernetes_labels_app":"indc-event-live-server","kubernetes_labels_app_kubernetes_io/name":"indc-event-live-server","kubernetes_labels_logging":"true","kubernetes_labels_pod-template-hash":"6d7d79988","kubernetes_master_url":"https://10.233.0.1:443/api","kubernetes_namespace_id":"8c93404f-ab15-404f-bfa6-0ea4f1268053","kubernetes_namespace_labels_kubernetes_io/metadata_name":"sreworks","kubernetes_namespace_labels_kubesphere_io/namespace":"sreworks","kubernetes_namespace_labels_kubesphere_io/workspace":"system-workspace","kubernetes_namespace_labels_name":"sreworks","kubernetes_namespace_name":"sreworks","kubernetes_pod_id":"af27f696-7a17-4635-bfa9-68e36fa1c1d4","kubernetes_pod_ip":"10.233.92.150","kubernetes_pod_name":"indc-event-live-server-6d7d79988-fn988","message":"2025-12-11 17:06:11.999 INFO  05b3d478282b9708 [XNIO-1 task-6] (LoggerAspect.java:115) c.v.indc.event.aspect.LoggerAspect - --------后台管理请求后置日志输出完成--------\n","stream":"stdout","tag":"kubernetes.var.log.containers.indc-event-live-server-6d7d79988-fn988_sreworks_container-ov2rdk-25b23c20d8897518a0d91c0696c910c01786c52a73d68eb40565c68b07612f8c.log"}
2) {"@timestamp":"2025-12-11T09:06:12.714Z","docker_container_id":"25b23c20d8897518a0d91c0696c910c01786c52a73d68eb40565c68b07612f8c","index_name":"k8s-app-indc-event-live-server-2025.12.11","kubernetes_container_image":"harbor.meta42.indc.vnet.com/indc/indc-event-live-server:main_prod-202512102217-38170b04-88668","kubernetes_container_image_id":"docker-pullable://harbor.meta42.indc.vnet.com/indc/indc-event-live-server@sha256:af89cd7f2f4c957625f92055b8b8fc660aaf813bc32950ef8676f8b55cea381f","kubernetes_container_name":"container-ov2rdk","kubernetes_host":"node3","kubernetes_labels_app":"indc-event-live-server","kubernetes_labels_app_kubernetes_io/name":"indc-event-live-server","kubernetes_labels_logging":"true","kubernetes_labels_pod-template-hash":"6d7d79988","kubernetes_master_url":"https://10.233.0.1:443/api","kubernetes_namespace_id":"8c93404f-ab15-404f-bfa6-0ea4f1268053","kubernetes_namespace_labels_kubernetes_io/metadata_name":"sreworks","kubernetes_namespace_labels_kubesphere_io/namespace":"sreworks","kubernetes_namespace_labels_kubesphere_io/workspace":"system-workspace","kubernetes_namespace_labels_name":"sreworks","kubernetes_namespace_name":"sreworks","kubernetes_pod_id":"af27f696-7a17-4635-bfa9-68e36fa1c1d4","kubernetes_pod_ip":"10.233.92.150","kubernetes_pod_name":"indc-event-live-server-6d7d79988-fn988","message":"2025-12-11 17:06:11.998 INFO  05b3d478282b9708 [XNIO-1 task-6] (LoggerAspect.java:113) c.v.indc.event.aspect.LoggerAspect - 请求结束时间: 2025年12月11日 17:06:11\n","stream":"stdout","tag":"kubernetes.var.log.containers.indc-event-live-server-6d7d79988-fn988_sreworks_container-ov2rdk-25b23c20d8897518a0d91c0696c910c01786c52a73d68eb40565c68b07612f8c.log"}
3) {"@timestamp":"2025-12-11T09:06:12.712Z","docker_container_id":"25b23c20d8897518a0d91c0696c910c01786c52a73d68eb40565c68b07612f8c","index_name":"k8s-app-indc-event-live-server-2025.12.11","kubernetes_container_image":"harbor.meta42.indc.vnet.com/indc/indc-event-live-server:main_prod-202512102217-38170b04-88668","kubernetes_container_image_id":"docker-pullable://harbor.meta42.indc.vnet.com/indc/indc-event-live-server@sha256:af89cd7f2f4c957625f92055b8b8fc660aaf813bc32950ef8676f8b55cea381f","kubernetes_container_name":"container-ov2rdk","kubernetes_host":"node3","kubernetes_labels_app":"indc-event-live-server","kubernetes_labels_app_kubernetes_io/name":"indc-event-live-server","kubernetes_labels_logging":"true","kubernetes_labels_pod-template-hash":"6d7d79988","kubernetes_master_url":"https://10.233.0.1:443/api","kubernetes_namespace_id":"8c93404f-ab15-404f-bfa6-0ea4f1268053","kubernetes_namespace_labels_kubernetes_io/metadata_name":"sreworks","kubernetes_namespace_labels_kubesphere_io/namespace":"sreworks","kubernetes_namespace_labels_kubesphere_io/workspace":"system-workspace","kubernetes_namespace_labels_name":"sreworks","kubernetes_namespace_name":"sreworks","kubernetes_pod_id":"af27f696-7a17-4635-bfa9-68e36fa1c1d4","kubernetes_pod_ip":"10.233.92.150","kubernetes_pod_name":"indc-event-live-server-6d7d79988-fn988","message":"2025-12-11 17:06:10.212 INFO  530dd7a45eb0e64c [XNIO-1 task-14] (LoggerAspect.java:115) c.v.indc.event.aspect.LoggerAspect - --------后台管理请求后置日志输出完成--------\n","stream":"stdout","tag":"kubernetes.var.log.containers.indc-event-live-server-6d7d79988-fn988_sreworks_container-ov2rdk-25b23c20d8897518a0d91c0696c910c01786c52a73d68eb40565c68b07612f8c.log"}
2025/12/11 17:08:00 send alert via feishu error: Post "https://open.feishu.cn/open-apis/bot/v2/hook/a06d5b36-a9d2-4408-a1dc-5ba73810b20c": tls: failed to verify certificate: x509: OSStatus -26276
2025/12/11 17:08:00 [ALERT][console] [Elasticsearch Alert] 测试告警：indc-event-live-server 日志监控
测试告警工具功能，监控 indc-event-live-server 应用的所有日志

- 索引: k8s-app-indc-event-live-server*
- 时间窗: 5m
- 命中条数: 3092
- 查询: DSL

样例事件:
1) {"@timestamp":"2025-12-11T09:07:43.794Z","docker_container_id":"25b23c20d8897518a0d91c0696c910c01786c52a73d68eb40565c68b07612f8c","index_name":"k8s-app-indc-event-live-server-2025.12.11","kubernetes_container_image":"harbor.meta42.indc.vnet.com/indc/indc-event-live-server:main_prod-202512102217-38170b04-88668","kubernetes_container_image_id":"docker-pullable://harbor.meta42.indc.vnet.com/indc/indc-event-live-server@sha256:af89cd7f2f4c957625f92055b8b8fc660aaf813bc32950ef8676f8b55cea381f","kubernetes_container_name":"container-ov2rdk","kubernetes_host":"node3","kubernetes_labels_app":"indc-event-live-server","kubernetes_labels_app_kubernetes_io/name":"indc-event-live-server","kubernetes_labels_logging":"true","kubernetes_labels_pod-template-hash":"6d7d79988","kubernetes_master_url":"https://10.233.0.1:443/api","kubernetes_namespace_id":"8c93404f-ab15-404f-bfa6-0ea4f1268053","kubernetes_namespace_labels_kubernetes_io/metadata_name":"sreworks","kubernetes_namespace_labels_kubesphere_io/namespace":"sreworks","kubernetes_namespace_labels_kubesphere_io/workspace":"system-workspace","kubernetes_namespace_labels_name":"sreworks","kubernetes_namespace_name":"sreworks","kubernetes_pod_id":"af27f696-7a17-4635-bfa9-68e36fa1c1d4","kubernetes_pod_ip":"10.233.92.150","kubernetes_pod_name":"indc-event-live-server-6d7d79988-fn988","message":"2025-12-11 17:07:43.609 INFO  39c72daedaf17133 [XNIO-1 task-9] (LoggerAspect.java:113) c.v.indc.event.aspect.LoggerAspect - 请求结束时间: 2025年12月11日 17:07:43\n","stream":"stdout","tag":"kubernetes.var.log.containers.indc-event-live-server-6d7d79988-fn988_sreworks_container-ov2rdk-25b23c20d8897518a0d91c0696c910c01786c52a73d68eb40565c68b07612f8c.log"}
2) {"@timestamp":"2025-12-11T09:07:43.793Z","docker_container_id":"25b23c20d8897518a0d91c0696c910c01786c52a73d68eb40565c68b07612f8c","index_name":"k8s-app-indc-event-live-server-2025.12.11","kubernetes_container_image":"harbor.meta42.indc.vnet.com/indc/indc-event-live-server:main_prod-202512102217-38170b04-88668","kubernetes_container_image_id":"docker-pullable://harbor.meta42.indc.vnet.com/indc/indc-event-live-server@sha256:af89cd7f2f4c957625f92055b8b8fc660aaf813bc32950ef8676f8b55cea381f","kubernetes_container_name":"container-ov2rdk","kubernetes_host":"node3","kubernetes_labels_app":"indc-event-live-server","kubernetes_labels_app_kubernetes_io/name":"indc-event-live-server","kubernetes_labels_logging":"true","kubernetes_labels_pod-template-hash":"6d7d79988","kubernetes_master_url":"https://10.233.0.1:443/api","kubernetes_namespace_id":"8c93404f-ab15-404f-bfa6-0ea4f1268053","kubernetes_namespace_labels_kubernetes_io/metadata_name":"sreworks","kubernetes_namespace_labels_kubesphere_io/namespace":"sreworks","kubernetes_namespace_labels_kubesphere_io/workspace":"system-workspace","kubernetes_namespace_labels_name":"sreworks","kubernetes_namespace_name":"sreworks","kubernetes_pod_id":"af27f696-7a17-4635-bfa9-68e36fa1c1d4","kubernetes_pod_ip":"10.233.92.150","kubernetes_pod_name":"indc-event-live-server-6d7d79988-fn988","message":"2025-12-11 17:07:43.474 INFO  39c72daedaf17133 [XNIO-1 task-9] (DrillMarkAspect.java:54) c.v.i.event.aspect.DrillMarkAspect - 参数：{\"id\":null,\"affectedDevice\":null,\"eventNumber\":null,\"eventTitle\":\"\",\"eventStatus\":null,\"eventCurrentLevel\":\"\",\"eventCurrentLevelName\":null,\"eventFirstLevel\":\"\",\"eventFirstLevelName\":null,\"eventHighestLevel\":\"\",\"eventHighestLevelName\":null,\"creator\":\"乐依慧\",\"creatTime\":null,\"updater\":null,\"updateTime\":null,\"happenTime\":null,\"notificationTime\":null,\"overdueCondition\":null,\"orderStatus\":\"1,2,3,4,6\",\"dcCode\":null,\"dcName\":null,\"eventType\":\"\",\"eventSource\":null,\"location\":null,\"noticeRuleId\":null,\"slaId\":null,\"manager\":null,\"managerId\":null,\"principal\":null,\"principalId\":null,\"durationMinute\":null,\"eventDescription\":null,\"isAttention\":null,\"startDate\":\"\",\"endDate\":\"\",\"startResponseDate\":\"\",\"endResponseDate\":\"\",\"startAskDate\":\"\",\"endAskDate\":\"\",\"startIncidentRecoveryDate\":\"\",\"endIncidentRecoveryDate\":\"\",\"startHappendDate\":\"\",\"endHappendDate\":\"\",\"responseTime\":null,\"ackTime\":null,\"incidentRecoveryTime\":null,\"solveTime\":null,\"closeTime\":null,\"responsePerson\":null,\"ackPerson\":null,\"incidentRecoveryPerson\":null,\"solvePerson\":null,\"resolvePerson\":null,\"closePerson\":null,\"responseDuration\":null,\"ackDuration\":null,\"incidentRecoveryDuration\":null,\"solveDuration\":null,\"handleDuration\":null,\"eventDeviceList\":null,\"eventAlarmList\":null,\"eventListWorkOrderList\":null,\"eventFeedback\":null,\"eventDescribe\":null,\"eventCause\":null,\"solveMeasure\":null,\"eventEnclosure\":null,\"alarmRootId\":null,\"eventCatalogueId\":null,\"name\":null,\"isTouchAssets\":null,\"suffix\":null,\"deviceName\":\"\",\"userName\":null,\"userId\":\"91295\",\"reason\":null,\"domainCode\":null,\"previousLevel\":null,\"previousLevelName\":null,\"pageBean\":{\"pageNumber\":1,\"pageSize\":15,\"orderByColumn\":null,\"isAsc\":null},\"luckSheetRootList\":null,\"happenOverdueStatus\":null,\"happenOverdueDuration\":null,\"responseOverdueStatus\":null,\"responseOverdueDuration\":null,\"ackOverdueStatus\":null,\"ackOverdueDuration\":null,\"recoveryOverdueStatus\":null,\"recoveryOverdueDuration\":null,\"solveOverdueStatus\":null,\"solveOverdueDuration\":null,\"closeOverdueStatus\":null,\"closeOverdueDuration\":null,\"eventProgress\":null,\"domainCodeList\":[\"99\"],\"crashNumber\":null,\"isRemote\":false,\"isEmergency\":false,\"roomId\":null,\"bindingStatus\":null,\"webSocketType\":null,\"idList\":null,\"alarmType\":null,\"highestLevelTitle\":null,\"levelHistoryId\":null,\"level\":null,\"highestLevel\":null,\"eopStatus\":null,\"eventNumbers\":null,\"parentId\":null,\"showType\":null,\"alarmValue\":null,\"arToken\":null,\"realEvent\":null,\"locationInstanceId\":null,\"isRelateDevice\":null,\"type\":null,\"eopInstanceIds\":null,\"maxLevel\":null,\"branch\":null,\"taskCode\":null,\"projectCode\":null,\"ids\":null,\"notifyType\":null,\"eventId\":null,\"eventHandleDesc\":null,\"pushType\":null,\"isRestore\":null,\"eventAlarmStatus\":null,\"eventCurrentLevelList\":null,\"orderStatusList\":null,\"eventSourceList\":[],\"eventTypeList\":null,\"isReal\":null,\"drill\":null,\"drillId\":null,\"test\":null,\"creatType\":null,\"upLevelTime\":null,\"confirmProcessed\":null,\"warRoomId\":null,\"roomType\":null,\"defData\":null,\"isAffectCustomer\":null,\"analysisResults\":null,\"customerLevel\":null,\"time\":null,\"locationAndDevice\":null,\"alarmRule\":null} 判断演练标识\n\nCreating a new SqlSession\n\nSqlSession [org.apache.ibatis.session.defaults.DefaultSqlSession@536136cb] was not registered for synchronization because synchronization is not active\n\nJDBC Connection [HikariProxyConnection@1796559417 wrapping com.mysql.cj.jdbc.ConnectionImpl@4aeeee7] will not be managed by Spring\n\nClosing non transactional SqlSession [org.apache.ibatis.session.defaults.DefaultSqlSession@536136cb]\n","stream":"stdout","tag":"kubernetes.var.log.containers.indc-event-live-server-6d7d79988-fn988_sreworks_container-ov2rdk-25b23c20d8897518a0d91c0696c910c01786c52a73d68eb40565c68b07612f8c.log"}
3) {"@timestamp":"2025-12-11T09:07:43.793Z","docker_container_id":"25b23c20d8897518a0d91c0696c910c01786c52a73d68eb40565c68b07612f8c","index_name":"k8s-app-indc-event-live-server-2025.12.11","kubernetes_container_image":"harbor.meta42.indc.vnet.com/indc/indc-event-live-server:main_prod-202512102217-38170b04-88668","kubernetes_container_image_id":"docker-pullable://harbor.meta42.indc.vnet.com/indc/indc-event-live-server@sha256:af89cd7f2f4c957625f92055b8b8fc660aaf813bc32950ef8676f8b55cea381f","kubernetes_container_name":"container-ov2rdk","kubernetes_host":"node3","kubernetes_labels_app":"indc-event-live-server","kubernetes_labels_app_kubernetes_io/name":"indc-event-live-server","kubernetes_labels_logging":"true","kubernetes_labels_pod-template-hash":"6d7d79988","kubernetes_master_url":"https://10.233.0.1:443/api","kubernetes_namespace_id":"8c93404f-ab15-404f-bfa6-0ea4f1268053","kubernetes_namespace_labels_kubernetes_io/metadata_name":"sreworks","kubernetes_namespace_labels_kubesphere_io/namespace":"sreworks","kubernetes_namespace_labels_kubesphere_io/workspace":"system-workspace","kubernetes_namespace_labels_name":"sreworks","kubernetes_namespace_name":"sreworks","kubernetes_pod_id":"af27f696-7a17-4635-bfa9-68e36fa1c1d4","kubernetes_pod_ip":"10.233.92.150","kubernetes_pod_name":"indc-event-live-server-6d7d79988-fn988","message":"2025-12-11 17:07:43.571 INFO  39c72daedaf17133 [XNIO-1 task-9] (EventServiceImpl.java:592) c.v.i.e.s.e.impl.EventServiceImpl - 事件列表总耗时: 96毫秒\n\nCreating a new SqlSession\n\nSqlSession [org.apache.ibatis.session.defaults.DefaultSqlSession@145c723b] was not registered for synchronization because synchronization is not active\n\nJDBC Connection [HikariProxyConnection@1313982741 wrapping com.mysql.cj.jdbc.ConnectionImpl@4aeeee7] will not be managed by Spring\n\nClosing non transactional SqlSession [org.apache.ibatis.session.defaults.DefaultSqlSession@145c723b]\n","stream":"stdout","tag":"kubernetes.var.log.containers.indc-event-live-server-6d7d79988-fn988_sreworks_container-ov2rdk-25b23c20d8897518a0d91c0696c910c01786c52a73d68eb40565c68b07612f8c.log"}
2025/12/11 17:09:00 send alert via feishu error: Post "https://open.feishu.cn/open-apis/bot/v2/hook/a06d5b36-a9d2-4408-a1dc-5ba73810b20c": tls: failed to verify certificate: x509: OSStatus -26276
2025/12/11 17:09:00 [ALERT][console] [Elasticsearch Alert] 测试告警：indc-event-live-server 日志监控
测试告警工具功能，监控 indc-event-live-server 应用的所有日志

- 索引: k8s-app-indc-event-live-server*
- 时间窗: 5m
- 命中条数: 6351
- 查询: DSL

样例事件:
1) {"@timestamp":"2025-12-11T09:08:59.050Z","docker_container_id":"6924aa2eb6ca5c56e510a53677406e6bc75c4bead5ad7558a3cf14862fabe240","index_name":"k8s-app-indc-event-live-server-2025.12.11","kubernetes_container_image":"harbor.meta42.indc.vnet.com/indc/indc-event-live-server:main_prod-202512102217-38170b04-88668","kubernetes_container_image_id":"docker-pullable://harbor.meta42.indc.vnet.com/indc/indc-event-live-server@sha256:af89cd7f2f4c957625f92055b8b8fc660aaf813bc32950ef8676f8b55cea381f","kubernetes_container_name":"container-ov2rdk","kubernetes_host":"node19","kubernetes_labels_app":"indc-event-live-server","kubernetes_labels_app_kubernetes_io/name":"indc-event-live-server","kubernetes_labels_logging":"true","kubernetes_labels_pod-template-hash":"6d7d79988","kubernetes_master_url":"https://10.233.0.1:443/api","kubernetes_namespace_id":"8c93404f-ab15-404f-bfa6-0ea4f1268053","kubernetes_namespace_labels_kubernetes_io/metadata_name":"sreworks","kubernetes_namespace_labels_kubesphere_io/namespace":"sreworks","kubernetes_namespace_labels_kubesphere_io/workspace":"system-workspace","kubernetes_namespace_labels_name":"sreworks","kubernetes_namespace_name":"sreworks","kubernetes_pod_id":"46a5ada6-d104-4f7e-8c67-6d147191e107","kubernetes_pod_ip":"10.233.104.9","kubernetes_pod_name":"indc-event-live-server-6d7d79988-8966k","message":"2025-12-11 17:08:55.701 INFO  2195372a52d78e29 [XNIO-1 task-6] (LoggerAspect.java:115) c.v.indc.event.aspect.LoggerAspect - --------后台管理请求后置日志输出完成--------\n","stream":"stdout","tag":"kubernetes.var.log.containers.indc-event-live-server-6d7d79988-8966k_sreworks_container-ov2rdk-6924aa2eb6ca5c56e510a53677406e6bc75c4bead5ad7558a3cf14862fabe240.log"}
2) {"@timestamp":"2025-12-11T09:08:58.729Z","docker_container_id":"25b23c20d8897518a0d91c0696c910c01786c52a73d68eb40565c68b07612f8c","index_name":"k8s-app-indc-event-live-server-2025.12.11","kubernetes_container_image":"harbor.meta42.indc.vnet.com/indc/indc-event-live-server:main_prod-202512102217-38170b04-88668","kubernetes_container_image_id":"docker-pullable://harbor.meta42.indc.vnet.com/indc/indc-event-live-server@sha256:af89cd7f2f4c957625f92055b8b8fc660aaf813bc32950ef8676f8b55cea381f","kubernetes_container_name":"container-ov2rdk","kubernetes_host":"node3","kubernetes_labels_app":"indc-event-live-server","kubernetes_labels_app_kubernetes_io/name":"indc-event-live-server","kubernetes_labels_logging":"true","kubernetes_labels_pod-template-hash":"6d7d79988","kubernetes_master_url":"https://10.233.0.1:443/api","kubernetes_namespace_id":"8c93404f-ab15-404f-bfa6-0ea4f1268053","kubernetes_namespace_labels_kubernetes_io/metadata_name":"sreworks","kubernetes_namespace_labels_kubesphere_io/namespace":"sreworks","kubernetes_namespace_labels_kubesphere_io/workspace":"system-workspace","kubernetes_namespace_labels_name":"sreworks","kubernetes_namespace_name":"sreworks","kubernetes_pod_id":"af27f696-7a17-4635-bfa9-68e36fa1c1d4","kubernetes_pod_ip":"10.233.92.150","kubernetes_pod_name":"indc-event-live-server-6d7d79988-fn988","message":"2025-12-11 17:08:57.933 INFO  490f617d3d09275a [XNIO-1 task-13] (LoggerAspect.java:113) c.v.indc.event.aspect.LoggerAspect - 请求结束时间: 2025年12月11日 17:08:57\n","stream":"stdout","tag":"kubernetes.var.log.containers.indc-event-live-server-6d7d79988-fn988_sreworks_container-ov2rdk-25b23c20d8897518a0d91c0696c910c01786c52a73d68eb40565c68b07612f8c.log"}
3) {"@timestamp":"2025-12-11T09:08:58.729Z","docker_container_id":"25b23c20d8897518a0d91c0696c910c01786c52a73d68eb40565c68b07612f8c","index_name":"k8s-app-indc-event-live-server-2025.12.11","kubernetes_container_image":"harbor.meta42.indc.vnet.com/indc/indc-event-live-server:main_prod-202512102217-38170b04-88668","kubernetes_container_image_id":"docker-pullable://harbor.meta42.indc.vnet.com/indc/indc-event-live-server@sha256:af89cd7f2f4c957625f92055b8b8fc660aaf813bc32950ef8676f8b55cea381f","kubernetes_container_name":"container-ov2rdk","kubernetes_host":"node3","kubernetes_labels_app":"indc-event-live-server","kubernetes_labels_app_kubernetes_io/name":"indc-event-live-server","kubernetes_labels_logging":"true","kubernetes_labels_pod-template-hash":"6d7d79988","kubernetes_master_url":"https://10.233.0.1:443/api","kubernetes_namespace_id":"8c93404f-ab15-404f-bfa6-0ea4f1268053","kubernetes_namespace_labels_kubernetes_io/metadata_name":"sreworks","kubernetes_namespace_labels_kubesphere_io/namespace":"sreworks","kubernetes_namespace_labels_kubesphere_io/workspace":"system-workspace","kubernetes_namespace_labels_name":"sreworks","kubernetes_namespace_name":"sreworks","kubernetes_pod_id":"af27f696-7a17-4635-bfa9-68e36fa1c1d4","kubernetes_pod_ip":"10.233.92.150","kubernetes_pod_name":"indc-event-live-server-6d7d79988-fn988","message":"2025-12-11 17:08:57.934 INFO  490f617d3d09275a [XNIO-1 task-13] (LoggerAspect.java:115) c.v.indc.event.aspect.LoggerAspect - --------后台管理请求后置日志输出完成--------\n","stream":"stdout","tag":"kubernetes.var.log.containers.indc-event-live-server-6d7d79988-fn988_sreworks_container-ov2rdk-25b23c20d8897518a0d91c0696c910c01786c52a73d68eb40565c68b07612f8c.log"}
2025/12/11 17:10:30 send alert via feishu error: Post "https://open.feishu.cn/open-apis/bot/v2/hook/a06d5b36-a9d2-4408-a1dc-5ba73810b20c": tls: failed to verify certificate: x509: OSStatus -26276
2025/12/11 17:10:30 [ALERT][console] [Elasticsearch Alert] 测试告警：indc-event-live-server 日志监控
测试告警工具功能，监控 indc-event-live-server 应用的所有日志

- 索引: k8s-app-indc-event-live-server*
- 时间窗: 5m
- 命中条数: 7820
- 查询: DSL

样例事件:
1) {"@timestamp":"2025-12-11T09:10:15.717Z","docker_container_id":"25b23c20d8897518a0d91c0696c910c01786c52a73d68eb40565c68b07612f8c","index_name":"k8s-app-indc-event-live-server-2025.12.11","kubernetes_container_image":"harbor.meta42.indc.vnet.com/indc/indc-event-live-server:main_prod-202512102217-38170b04-88668","kubernetes_container_image_id":"docker-pullable://harbor.meta42.indc.vnet.com/indc/indc-event-live-server@sha256:af89cd7f2f4c957625f92055b8b8fc660aaf813bc32950ef8676f8b55cea381f","kubernetes_container_name":"container-ov2rdk","kubernetes_host":"node3","kubernetes_labels_app":"indc-event-live-server","kubernetes_labels_app_kubernetes_io/name":"indc-event-live-server","kubernetes_labels_logging":"true","kubernetes_labels_pod-template-hash":"6d7d79988","kubernetes_master_url":"https://10.233.0.1:443/api","kubernetes_namespace_id":"8c93404f-ab15-404f-bfa6-0ea4f1268053","kubernetes_namespace_labels_kubernetes_io/metadata_name":"sreworks","kubernetes_namespace_labels_kubesphere_io/namespace":"sreworks","kubernetes_namespace_labels_kubesphere_io/workspace":"system-workspace","kubernetes_namespace_labels_name":"sreworks","kubernetes_namespace_name":"sreworks","kubernetes_pod_id":"af27f696-7a17-4635-bfa9-68e36fa1c1d4","kubernetes_pod_ip":"10.233.92.150","kubernetes_pod_name":"indc-event-live-server-6d7d79988-fn988","message":"2025-12-11 17:10:14.771 INFO  d37927b41a38bbc7 [XNIO-1 task-13] (DrillSqlSource.java:59) c.v.indc.event.config.DrillSqlSource - 修改后的sql:SELECT el.id AS eventId, el.* FROM event_list el WHERE room_type = 'CHILD' AND war_room_id IN (?, ?, ?, ?, ?, ?, ?, ?, ?, ?, ?, ?, ?, ?, ?, ?, ?, ?, ?, ?, ?, ?, ?, ?, ?, ?, ?, ?, ?)\n\nJDBC Connection [HikariProxyConnection@245101382 wrapping com.mysql.cj.jdbc.ConnectionImpl@4b1d14c8] will not be managed by Spring\n\nClosing non transactional SqlSession [org.apache.ibatis.session.defaults.DefaultSqlSession@383883b8]\n","stream":"stdout","tag":"kubernetes.var.log.containers.indc-event-live-server-6d7d79988-fn988_sreworks_container-ov2rdk-25b23c20d8897518a0d91c0696c910c01786c52a73d68eb40565c68b07612f8c.log"}
2) {"@timestamp":"2025-12-11T09:10:15.717Z","docker_container_id":"25b23c20d8897518a0d91c0696c910c01786c52a73d68eb40565c68b07612f8c","index_name":"k8s-app-indc-event-live-server-2025.12.11","kubernetes_container_image":"harbor.meta42.indc.vnet.com/indc/indc-event-live-server:main_prod-202512102217-38170b04-88668","kubernetes_container_image_id":"docker-pullable://harbor.meta42.indc.vnet.com/indc/indc-event-live-server@sha256:af89cd7f2f4c957625f92055b8b8fc660aaf813bc32950ef8676f8b55cea381f","kubernetes_container_name":"container-ov2rdk","kubernetes_host":"node3","kubernetes_labels_app":"indc-event-live-server","kubernetes_labels_app_kubernetes_io/name":"indc-event-live-server","kubernetes_labels_logging":"true","kubernetes_labels_pod-template-hash":"6d7d79988","kubernetes_master_url":"https://10.233.0.1:443/api","kubernetes_namespace_id":"8c93404f-ab15-404f-bfa6-0ea4f1268053","kubernetes_namespace_labels_kubernetes_io/metadata_name":"sreworks","kubernetes_namespace_labels_kubesphere_io/namespace":"sreworks","kubernetes_namespace_labels_kubesphere_io/workspace":"system-workspace","kubernetes_namespace_labels_name":"sreworks","kubernetes_namespace_name":"sreworks","kubernetes_pod_id":"af27f696-7a17-4635-bfa9-68e36fa1c1d4","kubernetes_pod_ip":"10.233.92.150","kubernetes_pod_name":"indc-event-live-server-6d7d79988-fn988","message":"2025-12-11 17:10:14.789 INFO  d37927b41a38bbc7 [XNIO-1 task-13] (LoggerAspect.java:113) c.v.indc.event.aspect.LoggerAspect - 请求结束时间: 2025年12月11日 17:10:14\n","stream":"stdout","tag":"kubernetes.var.log.containers.indc-event-live-server-6d7d79988-fn988_sreworks_container-ov2rdk-25b23c20d8897518a0d91c0696c910c01786c52a73d68eb40565c68b07612f8c.log"}
3) {"@timestamp":"2025-12-11T09:10:15.716Z","docker_container_id":"25b23c20d8897518a0d91c0696c910c01786c52a73d68eb40565c68b07612f8c","index_name":"k8s-app-indc-event-live-server-2025.12.11","kubernetes_container_image":"harbor.meta42.indc.vnet.com/indc/indc-event-live-server:main_prod-202512102217-38170b04-88668","kubernetes_container_image_id":"docker-pullable://harbor.meta42.indc.vnet.com/indc/indc-event-live-server@sha256:af89cd7f2f4c957625f92055b8b8fc660aaf813bc32950ef8676f8b55cea381f","kubernetes_container_name":"container-ov2rdk","kubernetes_host":"node3","kubernetes_labels_app":"indc-event-live-server","kubernetes_labels_app_kubernetes_io/name":"indc-event-live-server","kubernetes_labels_logging":"true","kubernetes_labels_pod-template-hash":"6d7d79988","kubernetes_master_url":"https://10.233.0.1:443/api","kubernetes_namespace_id":"8c93404f-ab15-404f-bfa6-0ea4f1268053","kubernetes_namespace_labels_kubernetes_io/metadata_name":"sreworks","kubernetes_namespace_labels_kubesphere_io/namespace":"sreworks","kubernetes_namespace_labels_kubesphere_io/workspace":"system-workspace","kubernetes_namespace_labels_name":"sreworks","kubernetes_namespace_name":"sreworks","kubernetes_pod_id":"af27f696-7a17-4635-bfa9-68e36fa1c1d4","kubernetes_pod_ip":"10.233.92.150","kubernetes_pod_name":"indc-event-live-server-6d7d79988-fn988","message":"2025-12-11 17:10:14.766 INFO  d37927b41a38bbc7 [XNIO-1 task-13] (DrillSqlSource.java:59) c.v.indc.event.config.DrillSqlSource - 修改后的sql:SELECT * FROM war_room WHERE parent_id = ? AND room_type = 'CHILD'\n\nJDBC Connection [HikariProxyConnection@52973415 wrapping com.mysql.cj.jdbc.ConnectionImpl@4b1d14c8] will not be managed by Spring\n\nClosing non transactional SqlSession [org.apache.ibatis.session.defaults.DefaultSqlSession@3bc1ba9b]\n\nCreating a new SqlSession\n\nSqlSession [org.apache.ibatis.session.defaults.DefaultSqlSession@383883b8] was not registered for synchronization because synchronization is not active\n","stream":"stdout","tag":"kubernetes.var.log.containers.indc-event-live-server-6d7d79988-fn988_sreworks_container-ov2rdk-25b23c20d8897518a0d91c0696c910c01786c52a73d68eb40565c68b07612f8c.log"}
2025/12/11 17:12:00 send alert via feishu error: Post "https://open.feishu.cn/open-apis/bot/v2/hook/a06d5b36-a9d2-4408-a1dc-5ba73810b20c": tls: failed to verify certificate: x509: OSStatus -26276
2025/12/11 17:12:00 [ALERT][console] [Elasticsearch Alert] 测试告警：indc-event-live-server 日志监控
测试告警工具功能，监控 indc-event-live-server 应用的所有日志

- 索引: k8s-app-indc-event-live-server*
- 时间窗: 5m
- 命中条数: 7319
- 查询: DSL

样例事件:
1) {"@timestamp":"2025-12-11T09:11:52.718Z","docker_container_id":"25b23c20d8897518a0d91c0696c910c01786c52a73d68eb40565c68b07612f8c","index_name":"k8s-app-indc-event-live-server-2025.12.11","kubernetes_container_image":"harbor.meta42.indc.vnet.com/indc/indc-event-live-server:main_prod-202512102217-38170b04-88668","kubernetes_container_image_id":"docker-pullable://harbor.meta42.indc.vnet.com/indc/indc-event-live-server@sha256:af89cd7f2f4c957625f92055b8b8fc660aaf813bc32950ef8676f8b55cea381f","kubernetes_container_name":"container-ov2rdk","kubernetes_host":"node3","kubernetes_labels_app":"indc-event-live-server","kubernetes_labels_app_kubernetes_io/name":"indc-event-live-server","kubernetes_labels_logging":"true","kubernetes_labels_pod-template-hash":"6d7d79988","kubernetes_master_url":"https://10.233.0.1:443/api","kubernetes_namespace_id":"8c93404f-ab15-404f-bfa6-0ea4f1268053","kubernetes_namespace_labels_kubernetes_io/metadata_name":"sreworks","kubernetes_namespace_labels_kubesphere_io/namespace":"sreworks","kubernetes_namespace_labels_kubesphere_io/workspace":"system-workspace","kubernetes_namespace_labels_name":"sreworks","kubernetes_namespace_name":"sreworks","kubernetes_pod_id":"af27f696-7a17-4635-bfa9-68e36fa1c1d4","kubernetes_pod_ip":"10.233.92.150","kubernetes_pod_name":"indc-event-live-server-6d7d79988-fn988","message":"2025-12-11 17:11:52.559 INFO  e5fe474eb407e683 [XNIO-1 task-13] (LoggerAspect.java:113) c.v.indc.event.aspect.LoggerAspect - 请求结束时间: 2025年12月11日 17:11:52\n","stream":"stdout","tag":"kubernetes.var.log.containers.indc-event-live-server-6d7d79988-fn988_sreworks_container-ov2rdk-25b23c20d8897518a0d91c0696c910c01786c52a73d68eb40565c68b07612f8c.log"}
2) {"@timestamp":"2025-12-11T09:11:52.717Z","docker_container_id":"25b23c20d8897518a0d91c0696c910c01786c52a73d68eb40565c68b07612f8c","index_name":"k8s-app-indc-event-live-server-2025.12.11","kubernetes_container_image":"harbor.meta42.indc.vnet.com/indc/indc-event-live-server:main_prod-202512102217-38170b04-88668","kubernetes_container_image_id":"docker-pullable://harbor.meta42.indc.vnet.com/indc/indc-event-live-server@sha256:af89cd7f2f4c957625f92055b8b8fc660aaf813bc32950ef8676f8b55cea381f","kubernetes_container_name":"container-ov2rdk","kubernetes_host":"node3","kubernetes_labels_app":"indc-event-live-server","kubernetes_labels_app_kubernetes_io/name":"indc-event-live-server","kubernetes_labels_logging":"true","kubernetes_labels_pod-template-hash":"6d7d79988","kubernetes_master_url":"https://10.233.0.1:443/api","kubernetes_namespace_id":"8c93404f-ab15-404f-bfa6-0ea4f1268053","kubernetes_namespace_labels_kubernetes_io/metadata_name":"sreworks","kubernetes_namespace_labels_kubesphere_io/namespace":"sreworks","kubernetes_namespace_labels_kubesphere_io/workspace":"system-workspace","kubernetes_namespace_labels_name":"sreworks","kubernetes_namespace_name":"sreworks","kubernetes_pod_id":"af27f696-7a17-4635-bfa9-68e36fa1c1d4","kubernetes_pod_ip":"10.233.92.150","kubernetes_pod_name":"indc-event-live-server-6d7d79988-fn988","message":"2025-12-11 17:11:52.500 INFO  e5fe474eb407e683 [XNIO-1 task-13] (AuthUtil.java:194) com.vnet.indc.event.utils.AuthUtil - 通过岗位：[39, 52, 26],楼栋id:null查询用户开始\n","stream":"stdout","tag":"kubernetes.var.log.containers.indc-event-live-server-6d7d79988-fn988_sreworks_container-ov2rdk-25b23c20d8897518a0d91c0696c910c01786c52a73d68eb40565c68b07612f8c.log"}
3) {"@timestamp":"2025-12-11T09:11:52.716Z","docker_container_id":"25b23c20d8897518a0d91c0696c910c01786c52a73d68eb40565c68b07612f8c","index_name":"k8s-app-indc-event-live-server-2025.12.11","kubernetes_container_image":"harbor.meta42.indc.vnet.com/indc/indc-event-live-server:main_prod-202512102217-38170b04-88668","kubernetes_container_image_id":"docker-pullable://harbor.meta42.indc.vnet.com/indc/indc-event-live-server@sha256:af89cd7f2f4c957625f92055b8b8fc660aaf813bc32950ef8676f8b55cea381f","kubernetes_container_name":"container-ov2rdk","kubernetes_host":"node3","kubernetes_labels_app":"indc-event-live-server","kubernetes_labels_app_kubernetes_io/name":"indc-event-live-server","kubernetes_labels_logging":"true","kubernetes_labels_pod-template-hash":"6d7d79988","kubernetes_master_url":"https://10.233.0.1:443/api","kubernetes_namespace_id":"8c93404f-ab15-404f-bfa6-0ea4f1268053","kubernetes_namespace_labels_kubernetes_io/metadata_name":"sreworks","kubernetes_namespace_labels_kubesphere_io/namespace":"sreworks","kubernetes_namespace_labels_kubesphere_io/workspace":"system-workspace","kubernetes_namespace_labels_name":"sreworks","kubernetes_namespace_name":"sreworks","kubernetes_pod_id":"af27f696-7a17-4635-bfa9-68e36fa1c1d4","kubernetes_pod_ip":"10.233.92.150","kubernetes_pod_name":"indc-event-live-server-6d7d79988-fn988","message":"2025-12-11 17:11:52.499 INFO  e5fe474eb407e683 [XNIO-1 task-13] (LoggerAspect.java:79) c.v.indc.event.aspect.LoggerAspect - 操作人名称: 太仓FM值班账号-D7\n","stream":"stdout","tag":"kubernetes.var.log.containers.indc-event-live-server-6d7d79988-fn988_sreworks_container-ov2rdk-25b23c20d8897518a0d91c0696c910c01786c52a73d68eb40565c68b07612f8c.log"}
2025/12/11 17:13:00 send alert via feishu error: Post "https://open.feishu.cn/open-apis/bot/v2/hook/a06d5b36-a9d2-4408-a1dc-5ba73810b20c": tls: failed to verify certificate: x509: OSStatus -26276
2025/12/11 17:13:00 [ALERT][console] [Elasticsearch Alert] 测试告警：indc-event-live-server 日志监控
测试告警工具功能，监控 indc-event-live-server 应用的所有日志

- 索引: k8s-app-indc-event-live-server*
- 时间窗: 5m
- 命中条数: 6525
- 查询: DSL

样例事件:
1) {"@timestamp":"2025-12-11T09:12:45.721Z","docker_container_id":"25b23c20d8897518a0d91c0696c910c01786c52a73d68eb40565c68b07612f8c","index_name":"k8s-app-indc-event-live-server-2025.12.11","kubernetes_container_image":"harbor.meta42.indc.vnet.com/indc/indc-event-live-server:main_prod-202512102217-38170b04-88668","kubernetes_container_image_id":"docker-pullable://harbor.meta42.indc.vnet.com/indc/indc-event-live-server@sha256:af89cd7f2f4c957625f92055b8b8fc660aaf813bc32950ef8676f8b55cea381f","kubernetes_container_name":"container-ov2rdk","kubernetes_host":"node3","kubernetes_labels_app":"indc-event-live-server","kubernetes_labels_app_kubernetes_io/name":"indc-event-live-server","kubernetes_labels_logging":"true","kubernetes_labels_pod-template-hash":"6d7d79988","kubernetes_master_url":"https://10.233.0.1:443/api","kubernetes_namespace_id":"8c93404f-ab15-404f-bfa6-0ea4f1268053","kubernetes_namespace_labels_kubernetes_io/metadata_name":"sreworks","kubernetes_namespace_labels_kubesphere_io/namespace":"sreworks","kubernetes_namespace_labels_kubesphere_io/workspace":"system-workspace","kubernetes_namespace_labels_name":"sreworks","kubernetes_namespace_name":"sreworks","kubernetes_pod_id":"af27f696-7a17-4635-bfa9-68e36fa1c1d4","kubernetes_pod_ip":"10.233.92.150","kubernetes_pod_name":"indc-event-live-server-6d7d79988-fn988","message":"2025-12-11 17:12:44.762 INFO  185259a62492f187 [XNIO-1 task-13] (LoggerAspect.java:113) c.v.indc.event.aspect.LoggerAspect - 请求结束时间: 2025年12月11日 17:12:44\n","stream":"stdout","tag":"kubernetes.var.log.containers.indc-event-live-server-6d7d79988-fn988_sreworks_container-ov2rdk-25b23c20d8897518a0d91c0696c910c01786c52a73d68eb40565c68b07612f8c.log"}
2) {"@timestamp":"2025-12-11T09:12:45.720Z","docker_container_id":"25b23c20d8897518a0d91c0696c910c01786c52a73d68eb40565c68b07612f8c","index_name":"k8s-app-indc-event-live-server-2025.12.11","kubernetes_container_image":"harbor.meta42.indc.vnet.com/indc/indc-event-live-server:main_prod-202512102217-38170b04-88668","kubernetes_container_image_id":"docker-pullable://harbor.meta42.indc.vnet.com/indc/indc-event-live-server@sha256:af89cd7f2f4c957625f92055b8b8fc660aaf813bc32950ef8676f8b55cea381f","kubernetes_container_name":"container-ov2rdk","kubernetes_host":"node3","kubernetes_labels_app":"indc-event-live-server","kubernetes_labels_app_kubernetes_io/name":"indc-event-live-server","kubernetes_labels_logging":"true","kubernetes_labels_pod-template-hash":"6d7d79988","kubernetes_master_url":"https://10.233.0.1:443/api","kubernetes_namespace_id":"8c93404f-ab15-404f-bfa6-0ea4f1268053","kubernetes_namespace_labels_kubernetes_io/metadata_name":"sreworks","kubernetes_namespace_labels_kubesphere_io/namespace":"sreworks","kubernetes_namespace_labels_kubesphere_io/workspace":"system-workspace","kubernetes_namespace_labels_name":"sreworks","kubernetes_namespace_name":"sreworks","kubernetes_pod_id":"af27f696-7a17-4635-bfa9-68e36fa1c1d4","kubernetes_pod_ip":"10.233.92.150","kubernetes_pod_name":"indc-event-live-server-6d7d79988-fn988","message":"2025-12-11 17:12:44.751 INFO  185259a62492f187 [XNIO-1 task-13] (DrillSqlSource.java:59) c.v.indc.event.config.DrillSqlSource - 修改后的sql:SELECT el.id AS eventId, el.* FROM event_list el WHERE room_type = 'CHILD' AND war_room_id IN (?, ?, ?, ?, ?, ?, ?, ?, ?, ?, ?, ?, ?, ?, ?, ?, ?, ?, ?, ?, ?, ?, ?, ?, ?, ?, ?, ?, ?)\n\nJDBC Connection [HikariProxyConnection@116667674 wrapping com.mysql.cj.jdbc.ConnectionImpl@4b1d14c8] will not be managed by Spring\n\nClosing non transactional SqlSession [org.apache.ibatis.session.defaults.DefaultSqlSession@44f22b8b]\n","stream":"stdout","tag":"kubernetes.var.log.containers.indc-event-live-server-6d7d79988-fn988_sreworks_container-ov2rdk-25b23c20d8897518a0d91c0696c910c01786c52a73d68eb40565c68b07612f8c.log"}
3) {"@timestamp":"2025-12-11T09:12:45.719Z","docker_container_id":"25b23c20d8897518a0d91c0696c910c01786c52a73d68eb40565c68b07612f8c","index_name":"k8s-app-indc-event-live-server-2025.12.11","kubernetes_container_image":"harbor.meta42.indc.vnet.com/indc/indc-event-live-server:main_prod-202512102217-38170b04-88668","kubernetes_container_image_id":"docker-pullable://harbor.meta42.indc.vnet.com/indc/indc-event-live-server@sha256:af89cd7f2f4c957625f92055b8b8fc660aaf813bc32950ef8676f8b55cea381f","kubernetes_container_name":"container-ov2rdk","kubernetes_host":"node3","kubernetes_labels_app":"indc-event-live-server","kubernetes_labels_app_kubernetes_io/name":"indc-event-live-server","kubernetes_labels_logging":"true","kubernetes_labels_pod-template-hash":"6d7d79988","kubernetes_master_url":"https://10.233.0.1:443/api","kubernetes_namespace_id":"8c93404f-ab15-404f-bfa6-0ea4f1268053","kubernetes_namespace_labels_kubernetes_io/metadata_name":"sreworks","kubernetes_namespace_labels_kubesphere_io/namespace":"sreworks","kubernetes_namespace_labels_kubesphere_io/workspace":"system-workspace","kubernetes_namespace_labels_name":"sreworks","kubernetes_namespace_name":"sreworks","kubernetes_pod_id":"af27f696-7a17-4635-bfa9-68e36fa1c1d4","kubernetes_pod_ip":"10.233.92.150","kubernetes_pod_name":"indc-event-live-server-6d7d79988-fn988","message":"2025-12-11 17:12:44.746 INFO  185259a62492f187 [XNIO-1 task-13] (DrillSqlSource.java:59) c.v.indc.event.config.DrillSqlSource - 修改后的sql:SELECT * FROM war_room WHERE parent_id = ? AND room_type = 'CHILD'\n\nJDBC Connection [HikariProxyConnection@972456463 wrapping com.mysql.cj.jdbc.ConnectionImpl@4b1d14c8] will not be managed by Spring\n\nClosing non transactional SqlSession [org.apache.ibatis.session.defaults.DefaultSqlSession@5792aacd]\n\nCreating a new SqlSession\n\nSqlSession [org.apache.ibatis.session.defaults.DefaultSqlSession@44f22b8b] was not registered for synchronization because synchronization is not active\n","stream":"stdout","tag":"kubernetes.var.log.containers.indc-event-live-server-6d7d79988-fn988_sreworks_container-ov2rdk-25b23c20d8897518a0d91c0696c910c01786c52a73d68eb40565c68b07612f8c.log"}
2025/12/11 17:14:00 send alert via feishu error: Post "https://open.feishu.cn/open-apis/bot/v2/hook/a06d5b36-a9d2-4408-a1dc-5ba73810b20c": tls: failed to verify certificate: x509: OSStatus -26276
2025/12/11 17:14:00 [ALERT][console] [Elasticsearch Alert] 测试告警：indc-event-live-server 日志监控
测试告警工具功能，监控 indc-event-live-server 应用的所有日志

- 索引: k8s-app-indc-event-live-server*
- 时间窗: 5m
- 命中条数: 3917
- 查询: DSL

样例事件:
1) {"@timestamp":"2025-12-11T09:13:40.718Z","docker_container_id":"25b23c20d8897518a0d91c0696c910c01786c52a73d68eb40565c68b07612f8c","index_name":"k8s-app-indc-event-live-server-2025.12.11","kubernetes_container_image":"harbor.meta42.indc.vnet.com/indc/indc-event-live-server:main_prod-202512102217-38170b04-88668","kubernetes_container_image_id":"docker-pullable://harbor.meta42.indc.vnet.com/indc/indc-event-live-server@sha256:af89cd7f2f4c957625f92055b8b8fc660aaf813bc32950ef8676f8b55cea381f","kubernetes_container_name":"container-ov2rdk","kubernetes_host":"node3","kubernetes_labels_app":"indc-event-live-server","kubernetes_labels_app_kubernetes_io/name":"indc-event-live-server","kubernetes_labels_logging":"true","kubernetes_labels_pod-template-hash":"6d7d79988","kubernetes_master_url":"https://10.233.0.1:443/api","kubernetes_namespace_id":"8c93404f-ab15-404f-bfa6-0ea4f1268053","kubernetes_namespace_labels_kubernetes_io/metadata_name":"sreworks","kubernetes_namespace_labels_kubesphere_io/namespace":"sreworks","kubernetes_namespace_labels_kubesphere_io/workspace":"system-workspace","kubernetes_namespace_labels_name":"sreworks","kubernetes_namespace_name":"sreworks","kubernetes_pod_id":"af27f696-7a17-4635-bfa9-68e36fa1c1d4","kubernetes_pod_ip":"10.233.92.150","kubernetes_pod_name":"indc-event-live-server-6d7d79988-fn988","message":"2025-12-11 17:13:40.131 INFO  cc108e72518362f9 [XNIO-1 task-13] (LoggerAspect.java:113) c.v.indc.event.aspect.LoggerAspect - 请求结束时间: 2025年12月11日 17:13:40\n","stream":"stdout","tag":"kubernetes.var.log.containers.indc-event-live-server-6d7d79988-fn988_sreworks_container-ov2rdk-25b23c20d8897518a0d91c0696c910c01786c52a73d68eb40565c68b07612f8c.log"}
2) {"@timestamp":"2025-12-11T09:13:40.717Z","docker_container_id":"25b23c20d8897518a0d91c0696c910c01786c52a73d68eb40565c68b07612f8c","index_name":"k8s-app-indc-event-live-server-2025.12.11","kubernetes_container_image":"harbor.meta42.indc.vnet.com/indc/indc-event-live-server:main_prod-202512102217-38170b04-88668","kubernetes_container_image_id":"docker-pullable://harbor.meta42.indc.vnet.com/indc/indc-event-live-server@sha256:af89cd7f2f4c957625f92055b8b8fc660aaf813bc32950ef8676f8b55cea381f","kubernetes_container_name":"container-ov2rdk","kubernetes_host":"node3","kubernetes_labels_app":"indc-event-live-server","kubernetes_labels_app_kubernetes_io/name":"indc-event-live-server","kubernetes_labels_logging":"true","kubernetes_labels_pod-template-hash":"6d7d79988","kubernetes_master_url":"https://10.233.0.1:443/api","kubernetes_namespace_id":"8c93404f-ab15-404f-bfa6-0ea4f1268053","kubernetes_namespace_labels_kubernetes_io/metadata_name":"sreworks","kubernetes_namespace_labels_kubesphere_io/namespace":"sreworks","kubernetes_namespace_labels_kubesphere_io/workspace":"system-workspace","kubernetes_namespace_labels_name":"sreworks","kubernetes_namespace_name":"sreworks","kubernetes_pod_id":"af27f696-7a17-4635-bfa9-68e36fa1c1d4","kubernetes_pod_ip":"10.233.92.150","kubernetes_pod_name":"indc-event-live-server-6d7d79988-fn988","message":"2025-12-11 17:13:40.059 INFO  cc108e72518362f9 [XNIO-1 task-13] (DrillMarkAspect.java:54) c.v.i.event.aspect.DrillMarkAspect - 参数：[\"91042\"] 判断演练标识\n","stream":"stdout","tag":"kubernetes.var.log.containers.indc-event-live-server-6d7d79988-fn988_sreworks_container-ov2rdk-25b23c20d8897518a0d91c0696c910c01786c52a73d68eb40565c68b07612f8c.log"}
3) {"@timestamp":"2025-12-11T09:13:40.717Z","docker_container_id":"25b23c20d8897518a0d91c0696c910c01786c52a73d68eb40565c68b07612f8c","index_name":"k8s-app-indc-event-live-server-2025.12.11","kubernetes_container_image":"harbor.meta42.indc.vnet.com/indc/indc-event-live-server:main_prod-202512102217-38170b04-88668","kubernetes_container_image_id":"docker-pullable://harbor.meta42.indc.vnet.com/indc/indc-event-live-server@sha256:af89cd7f2f4c957625f92055b8b8fc660aaf813bc32950ef8676f8b55cea381f","kubernetes_container_name":"container-ov2rdk","kubernetes_host":"node3","kubernetes_labels_app":"indc-event-live-server","kubernetes_labels_app_kubernetes_io/name":"indc-event-live-server","kubernetes_labels_logging":"true","kubernetes_labels_pod-template-hash":"6d7d79988","kubernetes_master_url":"https://10.233.0.1:443/api","kubernetes_namespace_id":"8c93404f-ab15-404f-bfa6-0ea4f1268053","kubernetes_namespace_labels_kubernetes_io/metadata_name":"sreworks","kubernetes_namespace_labels_kubesphere_io/namespace":"sreworks","kubernetes_namespace_labels_kubesphere_io/workspace":"system-workspace","kubernetes_namespace_labels_name":"sreworks","kubernetes_namespace_name":"sreworks","kubernetes_pod_id":"af27f696-7a17-4635-bfa9-68e36fa1c1d4","kubernetes_pod_ip":"10.233.92.150","kubernetes_pod_name":"indc-event-live-server-6d7d79988-fn988","message":"2025-12-11 17:13:40.059 INFO  cc108e72518362f9 [XNIO-1 task-13] (AuthUtil.java:194) com.vnet.indc.event.utils.AuthUtil - 通过岗位：[39, 52, 26],楼栋id:null查询用户开始\n","stream":"stdout","tag":"kubernetes.var.log.containers.indc-event-live-server-6d7d79988-fn988_sreworks_container-ov2rdk-25b23c20d8897518a0d91c0696c910c01786c52a73d68eb40565c68b07612f8c.log"}
2025/12/11 17:15:30 send alert via feishu error: Post "https://open.feishu.cn/open-apis/bot/v2/hook/a06d5b36-a9d2-4408-a1dc-5ba73810b20c": tls: failed to verify certificate: x509: OSStatus -26276
2025/12/11 17:15:30 [ALERT][console] [Elasticsearch Alert] 测试告警：indc-event-live-server 日志监控
测试告警工具功能，监控 indc-event-live-server 应用的所有日志

- 索引: k8s-app-indc-event-live-server*
- 时间窗: 5m
- 命中条数: 1949
- 查询: DSL

样例事件:
1) {"@timestamp":"2025-12-11T09:15:07.717Z","docker_container_id":"25b23c20d8897518a0d91c0696c910c01786c52a73d68eb40565c68b07612f8c","index_name":"k8s-app-indc-event-live-server-2025.12.11","kubernetes_container_image":"harbor.meta42.indc.vnet.com/indc/indc-event-live-server:main_prod-202512102217-38170b04-88668","kubernetes_container_image_id":"docker-pullable://harbor.meta42.indc.vnet.com/indc/indc-event-live-server@sha256:af89cd7f2f4c957625f92055b8b8fc660aaf813bc32950ef8676f8b55cea381f","kubernetes_container_name":"container-ov2rdk","kubernetes_host":"node3","kubernetes_labels_app":"indc-event-live-server","kubernetes_labels_app_kubernetes_io/name":"indc-event-live-server","kubernetes_labels_logging":"true","kubernetes_labels_pod-template-hash":"6d7d79988","kubernetes_master_url":"https://10.233.0.1:443/api","kubernetes_namespace_id":"8c93404f-ab15-404f-bfa6-0ea4f1268053","kubernetes_namespace_labels_kubernetes_io/metadata_name":"sreworks","kubernetes_namespace_labels_kubesphere_io/namespace":"sreworks","kubernetes_namespace_labels_kubesphere_io/workspace":"system-workspace","kubernetes_namespace_labels_name":"sreworks","kubernetes_namespace_name":"sreworks","kubernetes_pod_id":"af27f696-7a17-4635-bfa9-68e36fa1c1d4","kubernetes_pod_ip":"10.233.92.150","kubernetes_pod_name":"indc-event-live-server-6d7d79988-fn988","message":"2025-12-11 17:15:06.992 INFO  a378099e79e5de00 [XNIO-1 task-13] (LoggerAspect.java:113) c.v.indc.event.aspect.LoggerAspect - 请求结束时间: 2025年12月11日 17:15:06\n","stream":"stdout","tag":"kubernetes.var.log.containers.indc-event-live-server-6d7d79988-fn988_sreworks_container-ov2rdk-25b23c20d8897518a0d91c0696c910c01786c52a73d68eb40565c68b07612f8c.log"}
2) {"@timestamp":"2025-12-11T09:15:07.716Z","docker_container_id":"25b23c20d8897518a0d91c0696c910c01786c52a73d68eb40565c68b07612f8c","index_name":"k8s-app-indc-event-live-server-2025.12.11","kubernetes_container_image":"harbor.meta42.indc.vnet.com/indc/indc-event-live-server:main_prod-202512102217-38170b04-88668","kubernetes_container_image_id":"docker-pullable://harbor.meta42.indc.vnet.com/indc/indc-event-live-server@sha256:af89cd7f2f4c957625f92055b8b8fc660aaf813bc32950ef8676f8b55cea381f","kubernetes_container_name":"container-ov2rdk","kubernetes_host":"node3","kubernetes_labels_app":"indc-event-live-server","kubernetes_labels_app_kubernetes_io/name":"indc-event-live-server","kubernetes_labels_logging":"true","kubernetes_labels_pod-template-hash":"6d7d79988","kubernetes_master_url":"https://10.233.0.1:443/api","kubernetes_namespace_id":"8c93404f-ab15-404f-bfa6-0ea4f1268053","kubernetes_namespace_labels_kubernetes_io/metadata_name":"sreworks","kubernetes_namespace_labels_kubesphere_io/namespace":"sreworks","kubernetes_namespace_labels_kubesphere_io/workspace":"system-workspace","kubernetes_namespace_labels_name":"sreworks","kubernetes_namespace_name":"sreworks","kubernetes_pod_id":"af27f696-7a17-4635-bfa9-68e36fa1c1d4","kubernetes_pod_ip":"10.233.92.150","kubernetes_pod_name":"indc-event-live-server-6d7d79988-fn988","message":"2025-12-11 17:15:06.929 INFO  a378099e79e5de00 [XNIO-1 task-13] (AuthUtil.java:194) com.vnet.indc.event.utils.AuthUtil - 通过岗位：[39, 52, 26],楼栋id:null查询用户开始\n","stream":"stdout","tag":"kubernetes.var.log.containers.indc-event-live-server-6d7d79988-fn988_sreworks_container-ov2rdk-25b23c20d8897518a0d91c0696c910c01786c52a73d68eb40565c68b07612f8c.log"}
3) {"@timestamp":"2025-12-11T09:15:07.715Z","docker_container_id":"25b23c20d8897518a0d91c0696c910c01786c52a73d68eb40565c68b07612f8c","index_name":"k8s-app-indc-event-live-server-2025.12.11","kubernetes_container_image":"harbor.meta42.indc.vnet.com/indc/indc-event-live-server:main_prod-202512102217-38170b04-88668","kubernetes_container_image_id":"docker-pullable://harbor.meta42.indc.vnet.com/indc/indc-event-live-server@sha256:af89cd7f2f4c957625f92055b8b8fc660aaf813bc32950ef8676f8b55cea381f","kubernetes_container_name":"container-ov2rdk","kubernetes_host":"node3","kubernetes_labels_app":"indc-event-live-server","kubernetes_labels_app_kubernetes_io/name":"indc-event-live-server","kubernetes_labels_logging":"true","kubernetes_labels_pod-template-hash":"6d7d79988","kubernetes_master_url":"https://10.233.0.1:443/api","kubernetes_namespace_id":"8c93404f-ab15-404f-bfa6-0ea4f1268053","kubernetes_namespace_labels_kubernetes_io/metadata_name":"sreworks","kubernetes_namespace_labels_kubesphere_io/namespace":"sreworks","kubernetes_namespace_labels_kubesphere_io/workspace":"system-workspace","kubernetes_namespace_labels_name":"sreworks","kubernetes_namespace_name":"sreworks","kubernetes_pod_id":"af27f696-7a17-4635-bfa9-68e36fa1c1d4","kubernetes_pod_ip":"10.233.92.150","kubernetes_pod_name":"indc-event-live-server-6d7d79988-fn988","message":"2025-12-11 17:15:06.929 INFO  a378099e79e5de00 [XNIO-1 task-13] (DrillMarkAspect.java:54) c.v.i.event.aspect.DrillMarkAspect - 参数：[\"92645\"] 判断演练标识\n","stream":"stdout","tag":"kubernetes.var.log.containers.indc-event-live-server-6d7d79988-fn988_sreworks_container-ov2rdk-25b23c20d8897518a0d91c0696c910c01786c52a73d68eb40565c68b07612f8c.log"}
2025/12/11 17:16:30 send alert via feishu error: Post "https://open.feishu.cn/open-apis/bot/v2/hook/a06d5b36-a9d2-4408-a1dc-5ba73810b20c": tls: failed to verify certificate: x509: OSStatus -26276
2025/12/11 17:16:30 [ALERT][console] [Elasticsearch Alert] 测试告警：indc-event-live-server 日志监控
测试告警工具功能，监控 indc-event-live-server 应用的所有日志

- 索引: k8s-app-indc-event-live-server*
- 时间窗: 5m
- 命中条数: 2286
- 查询: DSL

样例事件:
1) {"@timestamp":"2025-12-11T09:16:20.741Z","docker_container_id":"25b23c20d8897518a0d91c0696c910c01786c52a73d68eb40565c68b07612f8c","index_name":"k8s-app-indc-event-live-server-2025.12.11","kubernetes_container_image":"harbor.meta42.indc.vnet.com/indc/indc-event-live-server:main_prod-202512102217-38170b04-88668","kubernetes_container_image_id":"docker-pullable://harbor.meta42.indc.vnet.com/indc/indc-event-live-server@sha256:af89cd7f2f4c957625f92055b8b8fc660aaf813bc32950ef8676f8b55cea381f","kubernetes_container_name":"container-ov2rdk","kubernetes_host":"node3","kubernetes_labels_app":"indc-event-live-server","kubernetes_labels_app_kubernetes_io/name":"indc-event-live-server","kubernetes_labels_logging":"true","kubernetes_labels_pod-template-hash":"6d7d79988","kubernetes_master_url":"https://10.233.0.1:443/api","kubernetes_namespace_id":"8c93404f-ab15-404f-bfa6-0ea4f1268053","kubernetes_namespace_labels_kubernetes_io/metadata_name":"sreworks","kubernetes_namespace_labels_kubesphere_io/namespace":"sreworks","kubernetes_namespace_labels_kubesphere_io/workspace":"system-workspace","kubernetes_namespace_labels_name":"sreworks","kubernetes_namespace_name":"sreworks","kubernetes_pod_id":"af27f696-7a17-4635-bfa9-68e36fa1c1d4","kubernetes_pod_ip":"10.233.92.150","kubernetes_pod_name":"indc-event-live-server-6d7d79988-fn988","message":"2025-12-11 17:16:19.986 INFO  338893f0ec2139f5 [XNIO-1 task-13] (AuthUtil.java:194) com.vnet.indc.event.utils.AuthUtil - 通过岗位：[39, 52, 26],楼栋id:null查询用户开始\n","stream":"stdout","tag":"kubernetes.var.log.containers.indc-event-live-server-6d7d79988-fn988_sreworks_container-ov2rdk-25b23c20d8897518a0d91c0696c910c01786c52a73d68eb40565c68b07612f8c.log"}
2) {"@timestamp":"2025-12-11T09:16:20.741Z","docker_container_id":"25b23c20d8897518a0d91c0696c910c01786c52a73d68eb40565c68b07612f8c","index_name":"k8s-app-indc-event-live-server-2025.12.11","kubernetes_container_image":"harbor.meta42.indc.vnet.com/indc/indc-event-live-server:main_prod-202512102217-38170b04-88668","kubernetes_container_image_id":"docker-pullable://harbor.meta42.indc.vnet.com/indc/indc-event-live-server@sha256:af89cd7f2f4c957625f92055b8b8fc660aaf813bc32950ef8676f8b55cea381f","kubernetes_container_name":"container-ov2rdk","kubernetes_host":"node3","kubernetes_labels_app":"indc-event-live-server","kubernetes_labels_app_kubernetes_io/name":"indc-event-live-server","kubernetes_labels_logging":"true","kubernetes_labels_pod-template-hash":"6d7d79988","kubernetes_master_url":"https://10.233.0.1:443/api","kubernetes_namespace_id":"8c93404f-ab15-404f-bfa6-0ea4f1268053","kubernetes_namespace_labels_kubernetes_io/metadata_name":"sreworks","kubernetes_namespace_labels_kubesphere_io/namespace":"sreworks","kubernetes_namespace_labels_kubesphere_io/workspace":"system-workspace","kubernetes_namespace_labels_name":"sreworks","kubernetes_namespace_name":"sreworks","kubernetes_pod_id":"af27f696-7a17-4635-bfa9-68e36fa1c1d4","kubernetes_pod_ip":"10.233.92.150","kubernetes_pod_name":"indc-event-live-server-6d7d79988-fn988","message":"2025-12-11 17:16:20.040 INFO  338893f0ec2139f5 [XNIO-1 task-13] (LoggerAspect.java:113) c.v.indc.event.aspect.LoggerAspect - 请求结束时间: 2025年12月11日 17:16:20\n","stream":"stdout","tag":"kubernetes.var.log.containers.indc-event-live-server-6d7d79988-fn988_sreworks_container-ov2rdk-25b23c20d8897518a0d91c0696c910c01786c52a73d68eb40565c68b07612f8c.log"}
3) {"@timestamp":"2025-12-11T09:16:20.740Z","docker_container_id":"25b23c20d8897518a0d91c0696c910c01786c52a73d68eb40565c68b07612f8c","index_name":"k8s-app-indc-event-live-server-2025.12.11","kubernetes_container_image":"harbor.meta42.indc.vnet.com/indc/indc-event-live-server:main_prod-202512102217-38170b04-88668","kubernetes_container_image_id":"docker-pullable://harbor.meta42.indc.vnet.com/indc/indc-event-live-server@sha256:af89cd7f2f4c957625f92055b8b8fc660aaf813bc32950ef8676f8b55cea381f","kubernetes_container_name":"container-ov2rdk","kubernetes_host":"node3","kubernetes_labels_app":"indc-event-live-server","kubernetes_labels_app_kubernetes_io/name":"indc-event-live-server","kubernetes_labels_logging":"true","kubernetes_labels_pod-template-hash":"6d7d79988","kubernetes_master_url":"https://10.233.0.1:443/api","kubernetes_namespace_id":"8c93404f-ab15-404f-bfa6-0ea4f1268053","kubernetes_namespace_labels_kubernetes_io/metadata_name":"sreworks","kubernetes_namespace_labels_kubesphere_io/namespace":"sreworks","kubernetes_namespace_labels_kubesphere_io/workspace":"system-workspace","kubernetes_namespace_labels_name":"sreworks","kubernetes_namespace_name":"sreworks","kubernetes_pod_id":"af27f696-7a17-4635-bfa9-68e36fa1c1d4","kubernetes_pod_ip":"10.233.92.150","kubernetes_pod_name":"indc-event-live-server-6d7d79988-fn988","message":"2025-12-11 17:16:19.985 INFO  338893f0ec2139f5 [XNIO-1 task-13] (LoggerAspect.java:79) c.v.indc.event.aspect.LoggerAspect - 操作人名称: 金港值班\n","stream":"stdout","tag":"kubernetes.var.log.containers.indc-event-live-server-6d7d79988-fn988_sreworks_container-ov2rdk-25b23c20d8897518a0d91c0696c910c01786c52a73d68eb40565c68b07612f8c.log"}
2025/12/11 17:18:00 send alert via feishu error: Post "https://open.feishu.cn/open-apis/bot/v2/hook/a06d5b36-a9d2-4408-a1dc-5ba73810b20c": tls: failed to verify certificate: x509: OSStatus -26276
2025/12/11 17:18:00 [ALERT][console] [Elasticsearch Alert] 测试告警：indc-event-live-server 日志监控
测试告警工具功能，监控 indc-event-live-server 应用的所有日志

- 索引: k8s-app-indc-event-live-server*
- 时间窗: 5m
- 命中条数: 2478
- 查询: DSL

样例事件:
1) {"@timestamp":"2025-12-11T09:17:53.229Z","docker_container_id":"6924aa2eb6ca5c56e510a53677406e6bc75c4bead5ad7558a3cf14862fabe240","index_name":"k8s-app-indc-event-live-server-2025.12.11","kubernetes_container_image":"harbor.meta42.indc.vnet.com/indc/indc-event-live-server:main_prod-202512102217-38170b04-88668","kubernetes_container_image_id":"docker-pullable://harbor.meta42.indc.vnet.com/indc/indc-event-live-server@sha256:af89cd7f2f4c957625f92055b8b8fc660aaf813bc32950ef8676f8b55cea381f","kubernetes_container_name":"container-ov2rdk","kubernetes_host":"node19","kubernetes_labels_app":"indc-event-live-server","kubernetes_labels_app_kubernetes_io/name":"indc-event-live-server","kubernetes_labels_logging":"true","kubernetes_labels_pod-template-hash":"6d7d79988","kubernetes_master_url":"https://10.233.0.1:443/api","kubernetes_namespace_id":"8c93404f-ab15-404f-bfa6-0ea4f1268053","kubernetes_namespace_labels_kubernetes_io/metadata_name":"sreworks","kubernetes_namespace_labels_kubesphere_io/namespace":"sreworks","kubernetes_namespace_labels_kubesphere_io/workspace":"system-workspace","kubernetes_namespace_labels_name":"sreworks","kubernetes_namespace_name":"sreworks","kubernetes_pod_id":"46a5ada6-d104-4f7e-8c67-6d147191e107","kubernetes_pod_ip":"10.233.104.9","kubernetes_pod_name":"indc-event-live-server-6d7d79988-8966k","message":"2025-12-11 17:17:48.304 INFO  6dfa1c8cec689c55 [XNIO-1 task-7] (EventServiceImpl.java:592) c.v.i.e.s.e.impl.EventServiceImpl - 事件列表总耗时: 1089毫秒\n\nCreating a new SqlSession\n\nSqlSession [org.apache.ibatis.session.defaults.DefaultSqlSession@65d8ac68] was not registered for synchronization because synchronization is not active\n\nJDBC Connection [HikariProxyConnection@735828831 wrapping com.mysql.cj.jdbc.ConnectionImpl@3ffdac78] will not be managed by Spring\n\nClosing non transactional SqlSession [org.apache.ibatis.session.defaults.DefaultSqlSession@65d8ac68]\n","stream":"stdout","tag":"kubernetes.var.log.containers.indc-event-live-server-6d7d79988-8966k_sreworks_container-ov2rdk-6924aa2eb6ca5c56e510a53677406e6bc75c4bead5ad7558a3cf14862fabe240.log"}
2) {"@timestamp":"2025-12-11T09:17:53.229Z","docker_container_id":"6924aa2eb6ca5c56e510a53677406e6bc75c4bead5ad7558a3cf14862fabe240","index_name":"k8s-app-indc-event-live-server-2025.12.11","kubernetes_container_image":"harbor.meta42.indc.vnet.com/indc/indc-event-live-server:main_prod-202512102217-38170b04-88668","kubernetes_container_image_id":"docker-pullable://harbor.meta42.indc.vnet.com/indc/indc-event-live-server@sha256:af89cd7f2f4c957625f92055b8b8fc660aaf813bc32950ef8676f8b55cea381f","kubernetes_container_name":"container-ov2rdk","kubernetes_host":"node19","kubernetes_labels_app":"indc-event-live-server","kubernetes_labels_app_kubernetes_io/name":"indc-event-live-server","kubernetes_labels_logging":"true","kubernetes_labels_pod-template-hash":"6d7d79988","kubernetes_master_url":"https://10.233.0.1:443/api","kubernetes_namespace_id":"8c93404f-ab15-404f-bfa6-0ea4f1268053","kubernetes_namespace_labels_kubernetes_io/metadata_name":"sreworks","kubernetes_namespace_labels_kubesphere_io/namespace":"sreworks","kubernetes_namespace_labels_kubesphere_io/workspace":"system-workspace","kubernetes_namespace_labels_name":"sreworks","kubernetes_namespace_name":"sreworks","kubernetes_pod_id":"46a5ada6-d104-4f7e-8c67-6d147191e107","kubernetes_pod_ip":"10.233.104.9","kubernetes_pod_name":"indc-event-live-server-6d7d79988-8966k","message":"2025-12-11 17:17:48.584 INFO  6dfa1c8cec689c55 [XNIO-1 task-7] (LoggerAspect.java:113) c.v.indc.event.aspect.LoggerAspect - 请求结束时间: 2025年12月11日 17:17:48\n","stream":"stdout","tag":"kubernetes.var.log.containers.indc-event-live-server-6d7d79988-8966k_sreworks_container-ov2rdk-6924aa2eb6ca5c56e510a53677406e6bc75c4bead5ad7558a3cf14862fabe240.log"}
3) {"@timestamp":"2025-12-11T09:17:53.228Z","docker_container_id":"6924aa2eb6ca5c56e510a53677406e6bc75c4bead5ad7558a3cf14862fabe240","index_name":"k8s-app-indc-event-live-server-2025.12.11","kubernetes_container_image":"harbor.meta42.indc.vnet.com/indc/indc-event-live-server:main_prod-202512102217-38170b04-88668","kubernetes_container_image_id":"docker-pullable://harbor.meta42.indc.vnet.com/indc/indc-event-live-server@sha256:af89cd7f2f4c957625f92055b8b8fc660aaf813bc32950ef8676f8b55cea381f","kubernetes_container_name":"container-ov2rdk","kubernetes_host":"node19","kubernetes_labels_app":"indc-event-live-server","kubernetes_labels_app_kubernetes_io/name":"indc-event-live-server","kubernetes_labels_logging":"true","kubernetes_labels_pod-template-hash":"6d7d79988","kubernetes_master_url":"https://10.233.0.1:443/api","kubernetes_namespace_id":"8c93404f-ab15-404f-bfa6-0ea4f1268053","kubernetes_namespace_labels_kubernetes_io/metadata_name":"sreworks","kubernetes_namespace_labels_kubesphere_io/namespace":"sreworks","kubernetes_namespace_labels_kubesphere_io/workspace":"system-workspace","kubernetes_namespace_labels_name":"sreworks","kubernetes_namespace_name":"sreworks","kubernetes_pod_id":"46a5ada6-d104-4f7e-8c67-6d147191e107","kubernetes_pod_ip":"10.233.104.9","kubernetes_pod_name":"indc-event-live-server-6d7d79988-8966k","message":"2025-12-11 17:17:47.562 INFO  89734366da9a20ae [XNIO-1 task-1] (EventServiceImpl.java:592) c.v.i.e.s.e.impl.EventServiceImpl - 事件列表总耗时: 2毫秒\n","stream":"stdout","tag":"kubernetes.var.log.containers.indc-event-live-server-6d7d79988-8966k_sreworks_container-ov2rdk-6924aa2eb6ca5c56e510a53677406e6bc75c4bead5ad7558a3cf14862fabe240.log"}
2025/12/11 17:19:00 send alert via feishu error: Post "https://open.feishu.cn/open-apis/bot/v2/hook/a06d5b36-a9d2-4408-a1dc-5ba73810b20c": tls: failed to verify certificate: x509: OSStatus -26276
2025/12/11 17:19:00 [ALERT][console] [Elasticsearch Alert] 测试告警：indc-event-live-server 日志监控
测试告警工具功能，监控 indc-event-live-server 应用的所有日志

- 索引: k8s-app-indc-event-live-server*
- 时间窗: 5m
- 命中条数: 4498
- 查询: DSL

样例事件:
1) {"@timestamp":"2025-12-11T09:18:57.964Z","docker_container_id":"6924aa2eb6ca5c56e510a53677406e6bc75c4bead5ad7558a3cf14862fabe240","index_name":"k8s-app-indc-event-live-server-2025.12.11","kubernetes_container_image":"harbor.meta42.indc.vnet.com/indc/indc-event-live-server:main_prod-202512102217-38170b04-88668","kubernetes_container_image_id":"docker-pullable://harbor.meta42.indc.vnet.com/indc/indc-event-live-server@sha256:af89cd7f2f4c957625f92055b8b8fc660aaf813bc32950ef8676f8b55cea381f","kubernetes_container_name":"container-ov2rdk","kubernetes_host":"node19","kubernetes_labels_app":"indc-event-live-server","kubernetes_labels_app_kubernetes_io/name":"indc-event-live-server","kubernetes_labels_logging":"true","kubernetes_labels_pod-template-hash":"6d7d79988","kubernetes_master_url":"https://10.233.0.1:443/api","kubernetes_namespace_id":"8c93404f-ab15-404f-bfa6-0ea4f1268053","kubernetes_namespace_labels_kubernetes_io/metadata_name":"sreworks","kubernetes_namespace_labels_kubesphere_io/namespace":"sreworks","kubernetes_namespace_labels_kubesphere_io/workspace":"system-workspace","kubernetes_namespace_labels_name":"sreworks","kubernetes_namespace_name":"sreworks","kubernetes_pod_id":"46a5ada6-d104-4f7e-8c67-6d147191e107","kubernetes_pod_ip":"10.233.104.9","kubernetes_pod_name":"indc-event-live-server-6d7d79988-8966k","message":"2025-12-11 17:18:57.171 INFO   [ForkJoinPool.commonPool-worker-1] (NotifyPersonServiceImpl.java:704) c.v.i.e.s.n.NotifyPersonServiceImpl - 卡片消息编辑发送结果: {\"code\":200,\"data\":{\"rawResponse\":{\"statusCode\":200,\"headers\":{\"content-length\":[\"36\"],\"content-type\":[\"application/json; charset=utf-8\"],\"date\":[\"Thu, 11 Dec 2025 09:18:57 GMT\"],\"eagleid\":[\"ddc3d12417654447367808137e\"],\"request-id\":[\"d8bd6cc0-3638-4ab9-b6df-d713b29fdf3d\"],\"server\":[\"Tengine\"],\"server-timing\":[\"inner; dur=348\",\"cdn-cache;desc=MISS,edge;dur=0,origin;dur=371\"],\"timing-allow-origin\":[\"*\"],\"tt_stable\":[\"1\"],\"via\":[\"vcache16.cn3799[371,0]\"],\"x-lgw-dst-svc\":[\"mgjmEi6t7ko7XjlAjyR2-6JiUwKLD1C1ToDyrjbkrAKQfbSqNKZdQAMnsmfRl76dWPchg2wsqfmr5Hf-FVNIwqaTkXKAT2FlgvPySZTWYCkJ0BxiHl7ElDf9ij5n7FmJTAwys8cuxyHKwnHm1MovxI63MWT8KgFM7jwAecfhDZcoOY3TwYvlP7FJGPAOyBuzQnZMkHGvDx0I1bs_dPeKHcibixBrm6EPQQQFb_X5Pq6ngDYOGgy2DED7eG1aLphly9WroolUCYKaTJPj7rj4tFXJ1TPeQcB6JL6i6JHM0uGf9J__uEq4DDNc0qx7GLLyO3qy0j1cIPRIg5kNdD3A7ZVtw1-GOOrGWFmCIGs=\"],\"x-request-id\":[\"d8bd6cc0-3638-4ab9-b6df-d713b29fdf3d\"],\"x-timestamp\":[\"1765444737.139\"],\"x-tt-logid\":[\"20251211171856C249CD3CBD128C7AB468\"],\"x-tt-trace-host\":[\"019b4011d69dd5565ef4347e39f79d5296a1531b37581b9f316c5e4124d66463b2fbb8249e08181bfd35cecfa32c502b6477c012e15639bda5131324b69904fdd5f5007f1f417b587925f97e0e5ea819799c88f4c97fb5ef7cd2319fe1d445af86\"],\"x-tt-trace-id\":[\"00-251211171856C249CD3CBD128C7AB468-60403BF822D21075-00\"],\"x-tt-trace-tag\":[\"id=03;cdn-cache=miss;type=dyn\"]},\"body\":\"eyJjb2RlIjowLCJkYXRhIjp7fSwibXNnIjoic3VjY2VzcyJ9\",\"fileName\":\"\",\"requestID\":\"20251211171856C249CD3CBD128C7AB468\"},\"request\":{\"messageId\":\"om_x100b5c9cd38a38a0b29003f6e5b375c\",\"patchMessageReqBody\":{\"content\":\"{\\\"elements\\\":[{\\\"border\\\":{\\\"corner_radius\\\":\\\"5px\\\",\\\"color\\\":\\\"grey\\\"},\\\"padding\\\":\\\"8px 8px 8px 8px\\\",\\\"expanded\\\":false,\\\"elements\\\":[{\\\"tag\\\":\\\"markdown\\\",\\\"content\\\":\\\"**事件名称**:K#-B-R-AC1-CRACO06异常/故障(21V-HD7FOC-SJ-20251211-280028)\\\\n**事件位置**:太仓数据中心K/RF/B区屋面\\\\n**涉及设备**:K#-B-R-AC1-CRACO06\\\\n**命中规则**:K#-B-R-AC1-CRACO06: 设备告警连续1次等于1告警: 模式切换失败-纯泵切混合失败:1.0\\\\n**事件初始等级**:I3\\\\n**事件发生时间**:2025-12-11 17:07:29\\\\n**是否影响客户**:否\\\\n**影响客户等级**:无\\\"}],\\\"header\\\":{\\\"background_color\\\":\\\"grey-300\\\",\\\"vertical_align\\\":\\\"center\\\",\\\"icon\\\":{\\\"color\\\":\\\"white\\\",\\\"size\\\":\\\"16px 16px\\\",\\\"tag\\\":\\\"standard_icon\\\",\\\"token\\\":\\\"down-small-ccm_outlined\\\"},\\\"title\\\":{\\\"tag\\\":\\\"markdown\\\",\\\"content\\\":\\\"**\u003cfont color='grey-500'\u003e首报通知\u003c/font\u003e**\\\"},\\\"icon_expanded_angle\\\":-180,\\\"icon_position\\\":\\\"right\\\"},\\\"tag\\\":\\\"collapsible_panel\\\",\\\"vertical_spacing\\\":\\\"8px\\\"},{\\\"border\\\":{\\\"corner_radius\\\":\\\"5px\\\",\\\"color\\\":\\\"grey\\\"},\\\"padding\\\":\\\"8px 8px 8px 8px\\\",\\\"expanded\\\":true,\\\"elements\\\":[{\\\"tag\\\":\\\"markdown\\\",\\\"content\\\":\\\"**事件名称**:K#-B-R-AC1-CRACO06异常/故障(21V-HD7FOC-SJ-20251211-280028)\\\\n**事件位置**:太仓数据中心K/RF/B区屋面\\\\n**涉及设备**:K#-B-R-AC1-CRACO06\\\\n**事件响应时间**:2025-12-11 17:18:53\\\\n**事件处理人**:周桦\\\\n**命中规则**:K#-B-R-AC1-CRACO06: 设备告警连续1次等于1告警: 模式切换失败-纯泵切混合失败:1.0\\\\n**事件进展**:事件已知悉，处理人员已赶往现场！\\\\n**事件初始等级**:I3\\\\n**事件当前等级**:I3\\\"}],\\\"header\\\":{\\\"background_color\\\":\\\"red-100\\\",\\\"vertical_align\\\":\\\"center\\\",\\\"icon\\\":{\\\"color\\\":\\\"white\\\",\\\"size\\\":\\\"16px 16px\\\",\\\"tag\\\":\\\"standard_icon\\\",\\\"token\\\":\\\"down-small-ccm_outlined\\\"},\\\"title\\\":{\\\"tag\\\":\\\"markdown\\\",\\\"content\\\":\\\"**\u003cfont color='red-700'\u003e响应通报\u003c/font\u003e**\\\"},\\\"icon_expanded_angle\\\":-180,\\\"icon_position\\\":\\\"right\\\"},\\\"tag\\\":\\\"collapsible_panel\\\",\\\"vertical_spacing\\\":\\\"8px\\\"},{\\\"flex_mode\\\":\\\"flow\\\",\\\"columns\\\":[{\\\"vertical_align\\\":\\\"center\\\",\\\"elements\\\":[{\\\"hover_tips\\\":{\\\"tag\\\":\\\"plain_text\\\",\\\"content\\\":\\\"进入作战室\\\"},\\\"behaviors\\\":[{\\\"default_url\\\":\\\"https://indc.vnet.com/api/eventLive/eventNotify/checkAgentIsMobile?eventId=6c221dc9-2fa2-48cc-a0d3-14fbd7f12474\u0026isPullMeeting=false\u0026eventNumber=21V-HD7FOC-SJ-20251211-280028\\\",\\\"type\\\":\\\"open_url\\\"}],\\\"width\\\":\\\"fill\\\",\\\"tag\\\":\\\"button\\\",\\\"text\\\":{\\\"tag\\\":\\\"plain_text\\\",\\\"content\\\":\\\"进入作战室\\\"},\\\"type\\\":\\\"danger\\\"}],\\\"width\\\":\\\"fill\\\",\\\"weight\\\":1,\\\"tag\\\":\\\"column\\\"}],\\\"background_style\\\":\\\"default\\\",\\\"tag\\\":\\\"column_set\\\"}],\\\"header\\\":{\\\"template\\\":\\\"red\\\",\\\"title\\\":{\\\"tag\\\":\\\"plain_text\\\",\\\"content\\\":\\\"【事件】K#-B-R-AC1-CRACO06异常/故障 I3\\\\n2025-12-11 17:07:29\\\\n太仓数据中心K\\\\n\\\"}}}\"}},\"code\":0,\"msg\":\"success\",\"data\":{},\"requestId\":\"20251211171856C249CD3CBD128C7AB468\"},\"success\":true,\"message\":\"操作成功\"}\n","stream":"stdout","tag":"kubernetes.var.log.containers.indc-event-live-server-6d7d79988-8966k_sreworks_container-ov2rdk-6924aa2eb6ca5c56e510a53677406e6bc75c4bead5ad7558a3cf14862fabe240.log"}
2) {"@timestamp":"2025-12-11T09:18:57.963Z","docker_container_id":"6924aa2eb6ca5c56e510a53677406e6bc75c4bead5ad7558a3cf14862fabe240","index_name":"k8s-app-indc-event-live-server-2025.12.11","kubernetes_container_image":"harbor.meta42.indc.vnet.com/indc/indc-event-live-server:main_prod-202512102217-38170b04-88668","kubernetes_container_image_id":"docker-pullable://harbor.meta42.indc.vnet.com/indc/indc-event-live-server@sha256:af89cd7f2f4c957625f92055b8b8fc660aaf813bc32950ef8676f8b55cea381f","kubernetes_container_name":"container-ov2rdk","kubernetes_host":"node19","kubernetes_labels_app":"indc-event-live-server","kubernetes_labels_app_kubernetes_io/name":"indc-event-live-server","kubernetes_labels_logging":"true","kubernetes_labels_pod-template-hash":"6d7d79988","kubernetes_master_url":"https://10.233.0.1:443/api","kubernetes_namespace_id":"8c93404f-ab15-404f-bfa6-0ea4f1268053","kubernetes_namespace_labels_kubernetes_io/metadata_name":"sreworks","kubernetes_namespace_labels_kubesphere_io/namespace":"sreworks","kubernetes_namespace_labels_kubesphere_io/workspace":"system-workspace","kubernetes_namespace_labels_name":"sreworks","kubernetes_namespace_name":"sreworks","kubernetes_pod_id":"46a5ada6-d104-4f7e-8c67-6d147191e107","kubernetes_pod_ip":"10.233.104.9","kubernetes_pod_name":"indc-event-live-server-6d7d79988-8966k","message":"2025-12-11 17:18:56.775 INFO   [ForkJoinPool.commonPool-worker-3] (GroupServiceImpl.java:162) c.v.i.e.s.im.impl.GroupServiceImpl - manage_send_msg param is {\"eventId\":\"6c221dc9-2fa2-48cc-a0d3-14fbd7f12474\",\"senderNickname\":\"系统\",\"sendID\":\"openIMAdmin\",\"senderPlatformID\":5,\"groupID\":\"6c221dc92fa248cca0d314fbd7f12474\",\"noticeMap\":{\"websocketIdList\":[],\"eventCurrentLevel\":\"I3\",\"eventId\":\"6c221dc9-2fa2-48cc-a0d3-14fbd7f12474\",\"domainCode\":\"83\",\"egd\":false,\"notifyTypeName\":\"响应通报\",\"noticeIdList\":\"145/太仓K机房I3事件通报群/\",\"noticeType\":\"1\",\"type\":1,\"webHrefUrl\":\"https://indc.vnet.com/api/eventLive/eventNotify/checkAgentIsMobile?eventId=6c221dc9-2fa2-48cc-a0d3-14fbd7f12474\u0026isPullMeeting=false\u0026eventNumber=21V-HD7FOC-SJ-20251211-280028\",\"content\":\"**事件名称**:K#-B-R-AC1-CRACO06异常/故障(21V-HD7FOC-SJ-20251211-280028)\\n**事件位置**:太仓数据中心K/RF/B区屋面\\n**涉及设备**:K#-B-R-AC1-CRACO06\\n**事件响应时间**:2025-12-11 17:18:53\\n**事件处理人**:周桦\\n**命中规则**:K#-B-R-AC1-CRACO06: 设备告警连续1次等于1告警: 模式切换失败-纯泵切混合失败:1.0\\n**事件进展**:事件已知悉，处理人员已赶往现场！\\n**事件初始等级**:I3\\n**事件当前等级**:I3\",\"noticeTitle\":\"响应通报\",\"pushType\":\"1\",\"eventTitle\":\"K#-B-R-AC1-CRACO06异常/故障\",\"notifyType\":\"responseNotification\",\"dcName\":\"江苏太仓基地数据中心\",\"eventStatus\":\"2\"},\"isOnlineOnly\":false,\"operationID\":\"indc\",\"sessionType\":3,\"type\":\"10\",\"contentType\":101,\"content\":{\"text\":\"\u003cspan style='color: #302E6D'\u003e系统\u003c/span\u003e\u003cspan \u003e发送\u003c/span\u003e\u003cspan style='color: #302E6D'\u003e响应通报\u003c/span\u003e\u003cspan\u003e提醒通知\u003c/span\u003e\u003c/p\u003e\u003cp\u003e\u003cspan\u003e通报内容：\u003c/span\u003e\u003c/p\u003e\u003cp\u003e**事件名称**:K#-B-R-AC1-CRACO06异常/故障(21V-HD7FOC-SJ-20251211-280028)\u003c/p\u003e\u003cp\u003e**事件位置**:太仓数据中心K/RF/B区屋面\u003c/p\u003e\u003cp\u003e**涉及设备**:K#-B-R-AC1-CRACO06\u003c/p\u003e\u003cp\u003e**事件响应时间**:2025-12-11 17:18:53\u003c/p\u003e\u003cp\u003e**事件处理人**:周桦\u003c/p\u003e\u003cp\u003e**命中规则**:K#-B-R-AC1-CRACO06: 设备告警连续1次等于1告警: 模式切换失败-纯泵切混合失败:1.0\u003c/p\u003e\u003cp\u003e**事件进展**:事件已知悉，处理人员已赶往现场！\u003c/p\u003e\u003cp\u003e**事件初始等级**:I3\u003c/p\u003e\u003cp\u003e**事件当前等级**:I3\u003c/p\u003e\"}}\n","stream":"stdout","tag":"kubernetes.var.log.containers.indc-event-live-server-6d7d79988-8966k_sreworks_container-ov2rdk-6924aa2eb6ca5c56e510a53677406e6bc75c4bead5ad7558a3cf14862fabe240.log"}
3) {"@timestamp":"2025-12-11T09:18:57.001Z","docker_container_id":"6924aa2eb6ca5c56e510a53677406e6bc75c4bead5ad7558a3cf14862fabe240","index_name":"k8s-app-indc-event-live-server-2025.12.11","kubernetes_container_image":"harbor.meta42.indc.vnet.com/indc/indc-event-live-server:main_prod-202512102217-38170b04-88668","kubernetes_container_image_id":"docker-pullable://harbor.meta42.indc.vnet.com/indc/indc-event-live-server@sha256:af89cd7f2f4c957625f92055b8b8fc660aaf813bc32950ef8676f8b55cea381f","kubernetes_container_name":"container-ov2rdk","kubernetes_host":"node19","kubernetes_labels_app":"indc-event-live-server","kubernetes_labels_app_kubernetes_io/name":"indc-event-live-server","kubernetes_labels_logging":"true","kubernetes_labels_pod-template-hash":"6d7d79988","kubernetes_master_url":"https://10.233.0.1:443/api","kubernetes_namespace_id":"8c93404f-ab15-404f-bfa6-0ea4f1268053","kubernetes_namespace_labels_kubernetes_io/metadata_name":"sreworks","kubernetes_namespace_labels_kubesphere_io/namespace":"sreworks","kubernetes_namespace_labels_kubesphere_io/workspace":"system-workspace","kubernetes_namespace_labels_name":"sreworks","kubernetes_namespace_name":"sreworks","kubernetes_pod_id":"46a5ada6-d104-4f7e-8c67-6d147191e107","kubernetes_pod_ip":"10.233.104.9","kubernetes_pod_name":"indc-event-live-server-6d7d79988-8966k","message":"2025-12-11 17:18:56.774 INFO   [ForkJoinPool.commonPool-worker-1] (NotifyPersonServiceImpl.java:702) c.v.i.e.s.n.NotifyPersonServiceImpl - 卡片消息编辑发送参数: {\"content\":\"{\\\"elements\\\":[{\\\"border\\\":{\\\"corner_radius\\\":\\\"5px\\\",\\\"color\\\":\\\"grey\\\"},\\\"padding\\\":\\\"8px 8px 8px 8px\\\",\\\"expanded\\\":false,\\\"elements\\\":[{\\\"tag\\\":\\\"markdown\\\",\\\"content\\\":\\\"**事件名称**:K#-B-R-AC1-CRACO06异常/故障(21V-HD7FOC-SJ-20251211-280028)\\\\n**事件位置**:太仓数据中心K/RF/B区屋面\\\\n**涉及设备**:K#-B-R-AC1-CRACO06\\\\n**命中规则**:K#-B-R-AC1-CRACO06: 设备告警连续1次等于1告警: 模式切换失败-纯泵切混合失败:1.0\\\\n**事件初始等级**:I3\\\\n**事件发生时间**:2025-12-11 17:07:29\\\\n**是否影响客户**:否\\\\n**影响客户等级**:无\\\"}],\\\"header\\\":{\\\"background_color\\\":\\\"grey-300\\\",\\\"vertical_align\\\":\\\"center\\\",\\\"icon\\\":{\\\"color\\\":\\\"white\\\",\\\"size\\\":\\\"16px 16px\\\",\\\"tag\\\":\\\"standard_icon\\\",\\\"token\\\":\\\"down-small-ccm_outlined\\\"},\\\"title\\\":{\\\"tag\\\":\\\"markdown\\\",\\\"content\\\":\\\"**\u003cfont color='grey-500'\u003e首报通知\u003c/font\u003e**\\\"},\\\"icon_expanded_angle\\\":-180,\\\"icon_position\\\":\\\"right\\\"},\\\"tag\\\":\\\"collapsible_panel\\\",\\\"vertical_spacing\\\":\\\"8px\\\"},{\\\"border\\\":{\\\"corner_radius\\\":\\\"5px\\\",\\\"color\\\":\\\"grey\\\"},\\\"padding\\\":\\\"8px 8px 8px 8px\\\",\\\"expanded\\\":true,\\\"elements\\\":[{\\\"tag\\\":\\\"markdown\\\",\\\"content\\\":\\\"**事件名称**:K#-B-R-AC1-CRACO06异常/故障(21V-HD7FOC-SJ-20251211-280028)\\\\n**事件位置**:太仓数据中心K/RF/B区屋面\\\\n**涉及设备**:K#-B-R-AC1-CRACO06\\\\n**事件响应时间**:2025-12-11 17:18:53\\\\n**事件处理人**:周桦\\\\n**命中规则**:K#-B-R-AC1-CRACO06: 设备告警连续1次等于1告警: 模式切换失败-纯泵切混合失败:1.0\\\\n**事件进展**:事件已知悉，处理人员已赶往现场！\\\\n**事件初始等级**:I3\\\\n**事件当前等级**:I3\\\"}],\\\"header\\\":{\\\"background_color\\\":\\\"red-100\\\",\\\"vertical_align\\\":\\\"center\\\",\\\"icon\\\":{\\\"color\\\":\\\"white\\\",\\\"size\\\":\\\"16px 16px\\\",\\\"tag\\\":\\\"standard_icon\\\",\\\"token\\\":\\\"down-small-ccm_outlined\\\"},\\\"title\\\":{\\\"tag\\\":\\\"markdown\\\",\\\"content\\\":\\\"**\u003cfont color='red-700'\u003e响应通报\u003c/font\u003e**\\\"},\\\"icon_expanded_angle\\\":-180,\\\"icon_position\\\":\\\"right\\\"},\\\"tag\\\":\\\"collapsible_panel\\\",\\\"vertical_spacing\\\":\\\"8px\\\"},{\\\"flex_mode\\\":\\\"flow\\\",\\\"columns\\\":[{\\\"vertical_align\\\":\\\"center\\\",\\\"elements\\\":[{\\\"hover_tips\\\":{\\\"tag\\\":\\\"plain_text\\\",\\\"content\\\":\\\"进入作战室\\\"},\\\"behaviors\\\":[{\\\"default_url\\\":\\\"https://indc.vnet.com/api/eventLive/eventNotify/checkAgentIsMobile?eventId=6c221dc9-2fa2-48cc-a0d3-14fbd7f12474\u0026isPullMeeting=false\u0026eventNumber=21V-HD7FOC-SJ-20251211-280028\\\",\\\"type\\\":\\\"open_url\\\"}],\\\"width\\\":\\\"fill\\\",\\\"tag\\\":\\\"button\\\",\\\"text\\\":{\\\"tag\\\":\\\"plain_text\\\",\\\"content\\\":\\\"进入作战室\\\"},\\\"type\\\":\\\"danger\\\"}],\\\"width\\\":\\\"fill\\\",\\\"weight\\\":1,\\\"tag\\\":\\\"column\\\"}],\\\"background_style\\\":\\\"default\\\",\\\"tag\\\":\\\"column_set\\\"}],\\\"header\\\":{\\\"template\\\":\\\"red\\\",\\\"title\\\":{\\\"tag\\\":\\\"plain_text\\\",\\\"content\\\":\\\"【事件】K#-B-R-AC1-CRACO06异常/故障 I3\\\\n2025-12-11 17:07:29\\\\n太仓数据中心K\\\\n\\\"}}}\",\"messageId\":\"om_x100b5c9cd38a38a0b29003f6e5b375c\"}\n","stream":"stdout","tag":"kubernetes.var.log.containers.indc-event-live-server-6d7d79988-8966k_sreworks_container-ov2rdk-6924aa2eb6ca5c56e510a53677406e6bc75c4bead5ad7558a3cf14862fabe240.log"}
2025/12/11 17:20:30 send alert via feishu error: Post "https://open.feishu.cn/open-apis/bot/v2/hook/a06d5b36-a9d2-4408-a1dc-5ba73810b20c": tls: failed to verify certificate: x509: OSStatus -26276
2025/12/11 17:20:30 [ALERT][console] [Elasticsearch Alert] 测试告警：indc-event-live-server 日志监控
测试告警工具功能，监控 indc-event-live-server 应用的所有日志

- 索引: k8s-app-indc-event-live-server*
- 时间窗: 5m
- 命中条数: 7120
- 查询: DSL

样例事件:
1) {"@timestamp":"2025-12-11T09:20:22.959Z","docker_container_id":"6924aa2eb6ca5c56e510a53677406e6bc75c4bead5ad7558a3cf14862fabe240","index_name":"k8s-app-indc-event-live-server-2025.12.11","kubernetes_container_image":"harbor.meta42.indc.vnet.com/indc/indc-event-live-server:main_prod-202512102217-38170b04-88668","kubernetes_container_image_id":"docker-pullable://harbor.meta42.indc.vnet.com/indc/indc-event-live-server@sha256:af89cd7f2f4c957625f92055b8b8fc660aaf813bc32950ef8676f8b55cea381f","kubernetes_container_name":"container-ov2rdk","kubernetes_host":"node19","kubernetes_labels_app":"indc-event-live-server","kubernetes_labels_app_kubernetes_io/name":"indc-event-live-server","kubernetes_labels_logging":"true","kubernetes_labels_pod-template-hash":"6d7d79988","kubernetes_master_url":"https://10.233.0.1:443/api","kubernetes_namespace_id":"8c93404f-ab15-404f-bfa6-0ea4f1268053","kubernetes_namespace_labels_kubernetes_io/metadata_name":"sreworks","kubernetes_namespace_labels_kubesphere_io/namespace":"sreworks","kubernetes_namespace_labels_kubesphere_io/workspace":"system-workspace","kubernetes_namespace_labels_name":"sreworks","kubernetes_namespace_name":"sreworks","kubernetes_pod_id":"46a5ada6-d104-4f7e-8c67-6d147191e107","kubernetes_pod_ip":"10.233.104.9","kubernetes_pod_name":"indc-event-live-server-6d7d79988-8966k","message":"2025-12-11 17:20:22.651 INFO  ef146d7828c1c302 [XNIO-1 task-13] (DrillMarkAspect.java:54) c.v.i.event.aspect.DrillMarkAspect - 参数：[\"9ce719f1-3e10-46e9-90c6-6a6a396cd5e3\"] 判断演练标识\n\nCreating a new SqlSession\n\nSqlSession [org.apache.ibatis.session.defaults.DefaultSqlSession@33e394d7] was not registered for synchronization because synchronization is not active\n","stream":"stdout","tag":"kubernetes.var.log.containers.indc-event-live-server-6d7d79988-8966k_sreworks_container-ov2rdk-6924aa2eb6ca5c56e510a53677406e6bc75c4bead5ad7558a3cf14862fabe240.log"}
2) {"@timestamp":"2025-12-11T09:20:22.959Z","docker_container_id":"6924aa2eb6ca5c56e510a53677406e6bc75c4bead5ad7558a3cf14862fabe240","index_name":"k8s-app-indc-event-live-server-2025.12.11","kubernetes_container_image":"harbor.meta42.indc.vnet.com/indc/indc-event-live-server:main_prod-202512102217-38170b04-88668","kubernetes_container_image_id":"docker-pullable://harbor.meta42.indc.vnet.com/indc/indc-event-live-server@sha256:af89cd7f2f4c957625f92055b8b8fc660aaf813bc32950ef8676f8b55cea381f","kubernetes_container_name":"container-ov2rdk","kubernetes_host":"node19","kubernetes_labels_app":"indc-event-live-server","kubernetes_labels_app_kubernetes_io/name":"indc-event-live-server","kubernetes_labels_logging":"true","kubernetes_labels_pod-template-hash":"6d7d79988","kubernetes_master_url":"https://10.233.0.1:443/api","kubernetes_namespace_id":"8c93404f-ab15-404f-bfa6-0ea4f1268053","kubernetes_namespace_labels_kubernetes_io/metadata_name":"sreworks","kubernetes_namespace_labels_kubesphere_io/namespace":"sreworks","kubernetes_namespace_labels_kubesphere_io/workspace":"system-workspace","kubernetes_namespace_labels_name":"sreworks","kubernetes_namespace_name":"sreworks","kubernetes_pod_id":"46a5ada6-d104-4f7e-8c67-6d147191e107","kubernetes_pod_ip":"10.233.104.9","kubernetes_pod_name":"indc-event-live-server-6d7d79988-8966k","message":"2025-12-11 17:20:22.652 INFO  ef146d7828c1c302 [XNIO-1 task-13] (DrillSqlSource.java:59) c.v.indc.event.config.DrillSqlSource - 修改后的sql:SELECT a.id, event_number eventNumber, event_title eventTitle, event_status eventStatus, event_current_level eventCurrentLevel, event_current_level_name eventCurrentLevelName, event_first_level eventFirstLevel, event_first_level_name eventFirstLevelName, event_highest_level eventHighestLevel, highest_level_title highestLevelTitle, response_time responseTime, incident_recovery_time incidentRecoveryTime, event_highest_level_name eventHighestLevelName, creator, creat_time creatTime, updater, update_time updateTime, notification_time notificationTime, overdue_condition overdueCondition, order_status orderStatus, dc_code dcCode, dc_name dcName, event_source eventSource, a.location, notice_rule_id noticeRuleId, sla_id slaId, manager, manager_id managerId, principal_id principalId, event_description eventDescription, duration_minute durationMinute, alarm_root_id alarmRootId, event_catalogue_id eventCatalogueId, happen_time happenTime, domain_code domainCode, previous_level previousLevel, previous_level_name previousLevelName, crash_number crashNumber, room_id roomId, binding_status bindingStatus, eop_status, `level`, highest_level, parent_id, real_event, location_instance_id, task_code, project_code, event_alarm_status, ack_time, up_level_time, creat_type, event_type eventType, war_room_id warRoomId FROM event_list a WHERE a.id IN (?)\n\nJDBC Connection [HikariProxyConnection@127003072 wrapping com.mysql.cj.jdbc.ConnectionImpl@52ec3749] will not be managed by Spring\n\nClosing non transactional SqlSession [org.apache.ibatis.session.defaults.DefaultSqlSession@33e394d7]\n","stream":"stdout","tag":"kubernetes.var.log.containers.indc-event-live-server-6d7d79988-8966k_sreworks_container-ov2rdk-6924aa2eb6ca5c56e510a53677406e6bc75c4bead5ad7558a3cf14862fabe240.log"}
3) {"@timestamp":"2025-12-11T09:20:22.959Z","docker_container_id":"6924aa2eb6ca5c56e510a53677406e6bc75c4bead5ad7558a3cf14862fabe240","index_name":"k8s-app-indc-event-live-server-2025.12.11","kubernetes_container_image":"harbor.meta42.indc.vnet.com/indc/indc-event-live-server:main_prod-202512102217-38170b04-88668","kubernetes_container_image_id":"docker-pullable://harbor.meta42.indc.vnet.com/indc/indc-event-live-server@sha256:af89cd7f2f4c957625f92055b8b8fc660aaf813bc32950ef8676f8b55cea381f","kubernetes_container_name":"container-ov2rdk","kubernetes_host":"node19","kubernetes_labels_app":"indc-event-live-server","kubernetes_labels_app_kubernetes_io/name":"indc-event-live-server","kubernetes_labels_logging":"true","kubernetes_labels_pod-template-hash":"6d7d79988","kubernetes_master_url":"https://10.233.0.1:443/api","kubernetes_namespace_id":"8c93404f-ab15-404f-bfa6-0ea4f1268053","kubernetes_namespace_labels_kubernetes_io/metadata_name":"sreworks","kubernetes_namespace_labels_kubesphere_io/namespace":"sreworks","kubernetes_namespace_labels_kubesphere_io/workspace":"system-workspace","kubernetes_namespace_labels_name":"sreworks","kubernetes_namespace_name":"sreworks","kubernetes_pod_id":"46a5ada6-d104-4f7e-8c67-6d147191e107","kubernetes_pod_ip":"10.233.104.9","kubernetes_pod_name":"indc-event-live-server-6d7d79988-8966k","message":"2025-12-11 17:20:22.656 INFO  ef146d7828c1c302 [XNIO-1 task-13] (LoggerAspect.java:113) c.v.indc.event.aspect.LoggerAspect - 请求结束时间: 2025年12月11日 17:20:22\n","stream":"stdout","tag":"kubernetes.var.log.containers.indc-event-live-server-6d7d79988-8966k_sreworks_container-ov2rdk-6924aa2eb6ca5c56e510a53677406e6bc75c4bead5ad7558a3cf14862fabe240.log"}
2025/12/11 17:21:30 send alert via feishu error: Post "https://open.feishu.cn/open-apis/bot/v2/hook/a06d5b36-a9d2-4408-a1dc-5ba73810b20c": tls: failed to verify certificate: x509: OSStatus -26276
2025/12/11 17:21:30 [ALERT][console] [Elasticsearch Alert] 测试告警：indc-event-live-server 日志监控
测试告警工具功能，监控 indc-event-live-server 应用的所有日志

- 索引: k8s-app-indc-event-live-server*
- 时间窗: 5m
- 命中条数: 7766
- 查询: DSL

样例事件:
1) {"@timestamp":"2025-12-11T09:21:20.066Z","docker_container_id":"6924aa2eb6ca5c56e510a53677406e6bc75c4bead5ad7558a3cf14862fabe240","index_name":"k8s-app-indc-event-live-server-2025.12.11","kubernetes_container_image":"harbor.meta42.indc.vnet.com/indc/indc-event-live-server:main_prod-202512102217-38170b04-88668","kubernetes_container_image_id":"docker-pullable://harbor.meta42.indc.vnet.com/indc/indc-event-live-server@sha256:af89cd7f2f4c957625f92055b8b8fc660aaf813bc32950ef8676f8b55cea381f","kubernetes_container_name":"container-ov2rdk","kubernetes_host":"node19","kubernetes_labels_app":"indc-event-live-server","kubernetes_labels_app_kubernetes_io/name":"indc-event-live-server","kubernetes_labels_logging":"true","kubernetes_labels_pod-template-hash":"6d7d79988","kubernetes_master_url":"https://10.233.0.1:443/api","kubernetes_namespace_id":"8c93404f-ab15-404f-bfa6-0ea4f1268053","kubernetes_namespace_labels_kubernetes_io/metadata_name":"sreworks","kubernetes_namespace_labels_kubesphere_io/namespace":"sreworks","kubernetes_namespace_labels_kubesphere_io/workspace":"system-workspace","kubernetes_namespace_labels_name":"sreworks","kubernetes_namespace_name":"sreworks","kubernetes_pod_id":"46a5ada6-d104-4f7e-8c67-6d147191e107","kubernetes_pod_ip":"10.233.104.9","kubernetes_pod_name":"indc-event-live-server-6d7d79988-8966k","message":"2025-12-11 17:21:19.975 INFO  ea11715d93a40a01 [XNIO-1 task-6] (AuthUtil.java:194) com.vnet.indc.event.utils.AuthUtil - 通过岗位：[39, 52, 26],楼栋id:null查询用户开始\n","stream":"stdout","tag":"kubernetes.var.log.containers.indc-event-live-server-6d7d79988-8966k_sreworks_container-ov2rdk-6924aa2eb6ca5c56e510a53677406e6bc75c4bead5ad7558a3cf14862fabe240.log"}
2) {"@timestamp":"2025-12-11T09:21:20.066Z","docker_container_id":"6924aa2eb6ca5c56e510a53677406e6bc75c4bead5ad7558a3cf14862fabe240","index_name":"k8s-app-indc-event-live-server-2025.12.11","kubernetes_container_image":"harbor.meta42.indc.vnet.com/indc/indc-event-live-server:main_prod-202512102217-38170b04-88668","kubernetes_container_image_id":"docker-pullable://harbor.meta42.indc.vnet.com/indc/indc-event-live-server@sha256:af89cd7f2f4c957625f92055b8b8fc660aaf813bc32950ef8676f8b55cea381f","kubernetes_container_name":"container-ov2rdk","kubernetes_host":"node19","kubernetes_labels_app":"indc-event-live-server","kubernetes_labels_app_kubernetes_io/name":"indc-event-live-server","kubernetes_labels_logging":"true","kubernetes_labels_pod-template-hash":"6d7d79988","kubernetes_master_url":"https://10.233.0.1:443/api","kubernetes_namespace_id":"8c93404f-ab15-404f-bfa6-0ea4f1268053","kubernetes_namespace_labels_kubernetes_io/metadata_name":"sreworks","kubernetes_namespace_labels_kubesphere_io/namespace":"sreworks","kubernetes_namespace_labels_kubesphere_io/workspace":"system-workspace","kubernetes_namespace_labels_name":"sreworks","kubernetes_namespace_name":"sreworks","kubernetes_pod_id":"46a5ada6-d104-4f7e-8c67-6d147191e107","kubernetes_pod_ip":"10.233.104.9","kubernetes_pod_name":"indc-event-live-server-6d7d79988-8966k","message":"2025-12-11 17:21:20.029 INFO  ea11715d93a40a01 [XNIO-1 task-6] (LoggerAspect.java:113) c.v.indc.event.aspect.LoggerAspect - 请求结束时间: 2025年12月11日 17:21:20\n","stream":"stdout","tag":"kubernetes.var.log.containers.indc-event-live-server-6d7d79988-8966k_sreworks_container-ov2rdk-6924aa2eb6ca5c56e510a53677406e6bc75c4bead5ad7558a3cf14862fabe240.log"}
3) {"@timestamp":"2025-12-11T09:21:20.065Z","docker_container_id":"6924aa2eb6ca5c56e510a53677406e6bc75c4bead5ad7558a3cf14862fabe240","index_name":"k8s-app-indc-event-live-server-2025.12.11","kubernetes_container_image":"harbor.meta42.indc.vnet.com/indc/indc-event-live-server:main_prod-202512102217-38170b04-88668","kubernetes_container_image_id":"docker-pullable://harbor.meta42.indc.vnet.com/indc/indc-event-live-server@sha256:af89cd7f2f4c957625f92055b8b8fc660aaf813bc32950ef8676f8b55cea381f","kubernetes_container_name":"container-ov2rdk","kubernetes_host":"node19","kubernetes_labels_app":"indc-event-live-server","kubernetes_labels_app_kubernetes_io/name":"indc-event-live-server","kubernetes_labels_logging":"true","kubernetes_labels_pod-template-hash":"6d7d79988","kubernetes_master_url":"https://10.233.0.1:443/api","kubernetes_namespace_id":"8c93404f-ab15-404f-bfa6-0ea4f1268053","kubernetes_namespace_labels_kubernetes_io/metadata_name":"sreworks","kubernetes_namespace_labels_kubesphere_io/namespace":"sreworks","kubernetes_namespace_labels_kubesphere_io/workspace":"system-workspace","kubernetes_namespace_labels_name":"sreworks","kubernetes_namespace_name":"sreworks","kubernetes_pod_id":"46a5ada6-d104-4f7e-8c67-6d147191e107","kubernetes_pod_ip":"10.233.104.9","kubernetes_pod_name":"indc-event-live-server-6d7d79988-8966k","message":"2025-12-11 17:21:19.974 INFO  ea11715d93a40a01 [XNIO-1 task-6] (LoggerAspect.java:78) c.v.indc.event.aspect.LoggerAspect - 操作人ID: 91042\n","stream":"stdout","tag":"kubernetes.var.log.containers.indc-event-live-server-6d7d79988-8966k_sreworks_container-ov2rdk-6924aa2eb6ca5c56e510a53677406e6bc75c4bead5ad7558a3cf14862fabe240.log"}
2025/12/11 17:23:00 send alert via feishu error: Post "https://open.feishu.cn/open-apis/bot/v2/hook/a06d5b36-a9d2-4408-a1dc-5ba73810b20c": tls: failed to verify certificate: x509: OSStatus -26276
2025/12/11 17:23:00 [ALERT][console] [Elasticsearch Alert] 测试告警：indc-event-live-server 日志监控
测试告警工具功能，监控 indc-event-live-server 应用的所有日志

- 索引: k8s-app-indc-event-live-server*
- 时间窗: 5m
- 命中条数: 7217
- 查询: DSL

样例事件:
1) {"@timestamp":"2025-12-11T09:22:47.721Z","docker_container_id":"25b23c20d8897518a0d91c0696c910c01786c52a73d68eb40565c68b07612f8c","index_name":"k8s-app-indc-event-live-server-2025.12.11","kubernetes_container_image":"harbor.meta42.indc.vnet.com/indc/indc-event-live-server:main_prod-202512102217-38170b04-88668","kubernetes_container_image_id":"docker-pullable://harbor.meta42.indc.vnet.com/indc/indc-event-live-server@sha256:af89cd7f2f4c957625f92055b8b8fc660aaf813bc32950ef8676f8b55cea381f","kubernetes_container_name":"container-ov2rdk","kubernetes_host":"node3","kubernetes_labels_app":"indc-event-live-server","kubernetes_labels_app_kubernetes_io/name":"indc-event-live-server","kubernetes_labels_logging":"true","kubernetes_labels_pod-template-hash":"6d7d79988","kubernetes_master_url":"https://10.233.0.1:443/api","kubernetes_namespace_id":"8c93404f-ab15-404f-bfa6-0ea4f1268053","kubernetes_namespace_labels_kubernetes_io/metadata_name":"sreworks","kubernetes_namespace_labels_kubesphere_io/namespace":"sreworks","kubernetes_namespace_labels_kubesphere_io/workspace":"system-workspace","kubernetes_namespace_labels_name":"sreworks","kubernetes_namespace_name":"sreworks","kubernetes_pod_id":"af27f696-7a17-4635-bfa9-68e36fa1c1d4","kubernetes_pod_ip":"10.233.92.150","kubernetes_pod_name":"indc-event-live-server-6d7d79988-fn988","message":"2025-12-11 17:22:47.043 INFO  093ddd5dd789603d [XNIO-1 task-10] (LoggerAspect.java:113) c.v.indc.event.aspect.LoggerAspect - 请求结束时间: 2025年12月11日 17:22:47\n","stream":"stdout","tag":"kubernetes.var.log.containers.indc-event-live-server-6d7d79988-fn988_sreworks_container-ov2rdk-25b23c20d8897518a0d91c0696c910c01786c52a73d68eb40565c68b07612f8c.log"}
2) {"@timestamp":"2025-12-11T09:22:47.720Z","docker_container_id":"25b23c20d8897518a0d91c0696c910c01786c52a73d68eb40565c68b07612f8c","index_name":"k8s-app-indc-event-live-server-2025.12.11","kubernetes_container_image":"harbor.meta42.indc.vnet.com/indc/indc-event-live-server:main_prod-202512102217-38170b04-88668","kubernetes_container_image_id":"docker-pullable://harbor.meta42.indc.vnet.com/indc/indc-event-live-server@sha256:af89cd7f2f4c957625f92055b8b8fc660aaf813bc32950ef8676f8b55cea381f","kubernetes_container_name":"container-ov2rdk","kubernetes_host":"node3","kubernetes_labels_app":"indc-event-live-server","kubernetes_labels_app_kubernetes_io/name":"indc-event-live-server","kubernetes_labels_logging":"true","kubernetes_labels_pod-template-hash":"6d7d79988","kubernetes_master_url":"https://10.233.0.1:443/api","kubernetes_namespace_id":"8c93404f-ab15-404f-bfa6-0ea4f1268053","kubernetes_namespace_labels_kubernetes_io/metadata_name":"sreworks","kubernetes_namespace_labels_kubesphere_io/namespace":"sreworks","kubernetes_namespace_labels_kubesphere_io/workspace":"system-workspace","kubernetes_namespace_labels_name":"sreworks","kubernetes_namespace_name":"sreworks","kubernetes_pod_id":"af27f696-7a17-4635-bfa9-68e36fa1c1d4","kubernetes_pod_ip":"10.233.92.150","kubernetes_pod_name":"indc-event-live-server-6d7d79988-fn988","message":"2025-12-11 17:22:46.990 INFO  093ddd5dd789603d [XNIO-1 task-10] (AuthUtil.java:194) com.vnet.indc.event.utils.AuthUtil - 通过岗位：[39, 52, 26],楼栋id:null查询用户开始\n","stream":"stdout","tag":"kubernetes.var.log.containers.indc-event-live-server-6d7d79988-fn988_sreworks_container-ov2rdk-25b23c20d8897518a0d91c0696c910c01786c52a73d68eb40565c68b07612f8c.log"}
3) {"@timestamp":"2025-12-11T09:22:47.719Z","docker_container_id":"25b23c20d8897518a0d91c0696c910c01786c52a73d68eb40565c68b07612f8c","index_name":"k8s-app-indc-event-live-server-2025.12.11","kubernetes_container_image":"harbor.meta42.indc.vnet.com/indc/indc-event-live-server:main_prod-202512102217-38170b04-88668","kubernetes_container_image_id":"docker-pullable://harbor.meta42.indc.vnet.com/indc/indc-event-live-server@sha256:af89cd7f2f4c957625f92055b8b8fc660aaf813bc32950ef8676f8b55cea381f","kubernetes_container_name":"container-ov2rdk","kubernetes_host":"node3","kubernetes_labels_app":"indc-event-live-server","kubernetes_labels_app_kubernetes_io/name":"indc-event-live-server","kubernetes_labels_logging":"true","kubernetes_labels_pod-template-hash":"6d7d79988","kubernetes_master_url":"https://10.233.0.1:443/api","kubernetes_namespace_id":"8c93404f-ab15-404f-bfa6-0ea4f1268053","kubernetes_namespace_labels_kubernetes_io/metadata_name":"sreworks","kubernetes_namespace_labels_kubesphere_io/namespace":"sreworks","kubernetes_namespace_labels_kubesphere_io/workspace":"system-workspace","kubernetes_namespace_labels_name":"sreworks","kubernetes_namespace_name":"sreworks","kubernetes_pod_id":"af27f696-7a17-4635-bfa9-68e36fa1c1d4","kubernetes_pod_ip":"10.233.92.150","kubernetes_pod_name":"indc-event-live-server-6d7d79988-fn988","message":"2025-12-11 17:22:46.931 INFO  093ddd5dd789603d [XNIO-1 task-10] (DrillMarkAspect.java:54) c.v.i.event.aspect.DrillMarkAspect - 参数：[\"92645\",\"91064\"] 判断演练标识\n","stream":"stdout","tag":"kubernetes.var.log.containers.indc-event-live-server-6d7d79988-fn988_sreworks_container-ov2rdk-25b23c20d8897518a0d91c0696c910c01786c52a73d68eb40565c68b07612f8c.log"}
2025/12/11 17:24:14 rule 测试告警：indc-event-live-server 日志监控 query error: search error: [502 Bad Gateway] 
2025/12/11 17:24:42 rule 测试告警：indc-event-live-server 日志监控 query error: search error: [502 Bad Gateway] 
2025/12/11 17:25:12 rule 测试告警：indc-event-live-server 日志监控 query error: search error: [502 Bad Gateway] 
2025/12/11 17:25:40 rule 测试告警：indc-event-live-server 日志监控 query error: search error: [502 Bad Gateway] 
2025/12/11 17:26:12 rule 测试告警：indc-event-live-server 日志监控 query error: search error: [502 Bad Gateway] 
2025/12/11 17:26:30 send alert via feishu error: Post "https://open.feishu.cn/open-apis/bot/v2/hook/a06d5b36-a9d2-4408-a1dc-5ba73810b20c": tls: failed to verify certificate: x509: OSStatus -26276
2025/12/11 17:26:30 [ALERT][console] [Elasticsearch Alert] 测试告警：indc-event-live-server 日志监控
测试告警工具功能，监控 indc-event-live-server 应用的所有日志

- 索引: k8s-app-indc-event-live-server*
- 时间窗: 5m
- 命中条数: 731
- 查询: DSL

样例事件:
1) {"@timestamp":"2025-12-11T09:26:20.961Z","docker_container_id":"6924aa2eb6ca5c56e510a53677406e6bc75c4bead5ad7558a3cf14862fabe240","index_name":"k8s-app-indc-event-live-server-2025.12.11","kubernetes_container_image":"harbor.meta42.indc.vnet.com/indc/indc-event-live-server:main_prod-202512102217-38170b04-88668","kubernetes_container_image_id":"docker-pullable://harbor.meta42.indc.vnet.com/indc/indc-event-live-server@sha256:af89cd7f2f4c957625f92055b8b8fc660aaf813bc32950ef8676f8b55cea381f","kubernetes_container_name":"container-ov2rdk","kubernetes_host":"node19","kubernetes_labels_app":"indc-event-live-server","kubernetes_labels_app_kubernetes_io/name":"indc-event-live-server","kubernetes_labels_logging":"true","kubernetes_labels_pod-template-hash":"6d7d79988","kubernetes_master_url":"https://10.233.0.1:443/api","kubernetes_namespace_id":"8c93404f-ab15-404f-bfa6-0ea4f1268053","kubernetes_namespace_labels_kubernetes_io/metadata_name":"sreworks","kubernetes_namespace_labels_kubesphere_io/namespace":"sreworks","kubernetes_namespace_labels_kubesphere_io/workspace":"system-workspace","kubernetes_namespace_labels_name":"sreworks","kubernetes_namespace_name":"sreworks","kubernetes_pod_id":"46a5ada6-d104-4f7e-8c67-6d147191e107","kubernetes_pod_ip":"10.233.104.9","kubernetes_pod_name":"indc-event-live-server-6d7d79988-8966k","message":"2025-12-11 17:26:20.034 INFO  92cb051f26e04c70 [XNIO-1 task-6] (LoggerAspect.java:113) c.v.indc.event.aspect.LoggerAspect - 请求结束时间: 2025年12月11日 17:26:20\n","stream":"stdout","tag":"kubernetes.var.log.containers.indc-event-live-server-6d7d79988-8966k_sreworks_container-ov2rdk-6924aa2eb6ca5c56e510a53677406e6bc75c4bead5ad7558a3cf14862fabe240.log"}
2) {"@timestamp":"2025-12-11T09:26:20.960Z","docker_container_id":"6924aa2eb6ca5c56e510a53677406e6bc75c4bead5ad7558a3cf14862fabe240","index_name":"k8s-app-indc-event-live-server-2025.12.11","kubernetes_container_image":"harbor.meta42.indc.vnet.com/indc/indc-event-live-server:main_prod-202512102217-38170b04-88668","kubernetes_container_image_id":"docker-pullable://harbor.meta42.indc.vnet.com/indc/indc-event-live-server@sha256:af89cd7f2f4c957625f92055b8b8fc660aaf813bc32950ef8676f8b55cea381f","kubernetes_container_name":"container-ov2rdk","kubernetes_host":"node19","kubernetes_labels_app":"indc-event-live-server","kubernetes_labels_app_kubernetes_io/name":"indc-event-live-server","kubernetes_labels_logging":"true","kubernetes_labels_pod-template-hash":"6d7d79988","kubernetes_master_url":"https://10.233.0.1:443/api","kubernetes_namespace_id":"8c93404f-ab15-404f-bfa6-0ea4f1268053","kubernetes_namespace_labels_kubernetes_io/metadata_name":"sreworks","kubernetes_namespace_labels_kubesphere_io/namespace":"sreworks","kubernetes_namespace_labels_kubesphere_io/workspace":"system-workspace","kubernetes_namespace_labels_name":"sreworks","kubernetes_namespace_name":"sreworks","kubernetes_pod_id":"46a5ada6-d104-4f7e-8c67-6d147191e107","kubernetes_pod_ip":"10.233.104.9","kubernetes_pod_name":"indc-event-live-server-6d7d79988-8966k","message":"2025-12-11 17:26:19.983 INFO  92cb051f26e04c70 [XNIO-1 task-6] (DrillMarkAspect.java:54) c.v.i.event.aspect.DrillMarkAspect - 参数：[\"91042\"] 判断演练标识\n","stream":"stdout","tag":"kubernetes.var.log.containers.indc-event-live-server-6d7d79988-8966k_sreworks_container-ov2rdk-6924aa2eb6ca5c56e510a53677406e6bc75c4bead5ad7558a3cf14862fabe240.log"}
3) {"@timestamp":"2025-12-11T09:26:20.960Z","docker_container_id":"6924aa2eb6ca5c56e510a53677406e6bc75c4bead5ad7558a3cf14862fabe240","index_name":"k8s-app-indc-event-live-server-2025.12.11","kubernetes_container_image":"harbor.meta42.indc.vnet.com/indc/indc-event-live-server:main_prod-202512102217-38170b04-88668","kubernetes_container_image_id":"docker-pullable://harbor.meta42.indc.vnet.com/indc/indc-event-live-server@sha256:af89cd7f2f4c957625f92055b8b8fc660aaf813bc32950ef8676f8b55cea381f","kubernetes_container_name":"container-ov2rdk","kubernetes_host":"node19","kubernetes_labels_app":"indc-event-live-server","kubernetes_labels_app_kubernetes_io/name":"indc-event-live-server","kubernetes_labels_logging":"true","kubernetes_labels_pod-template-hash":"6d7d79988","kubernetes_master_url":"https://10.233.0.1:443/api","kubernetes_namespace_id":"8c93404f-ab15-404f-bfa6-0ea4f1268053","kubernetes_namespace_labels_kubernetes_io/metadata_name":"sreworks","kubernetes_namespace_labels_kubesphere_io/namespace":"sreworks","kubernetes_namespace_labels_kubesphere_io/workspace":"system-workspace","kubernetes_namespace_labels_name":"sreworks","kubernetes_namespace_name":"sreworks","kubernetes_pod_id":"46a5ada6-d104-4f7e-8c67-6d147191e107","kubernetes_pod_ip":"10.233.104.9","kubernetes_pod_name":"indc-event-live-server-6d7d79988-8966k","message":"2025-12-11 17:26:19.983 INFO  92cb051f26e04c70 [XNIO-1 task-6] (AuthUtil.java:194) com.vnet.indc.event.utils.AuthUtil - 通过岗位：[39, 52, 26],楼栋id:null查询用户开始\n","stream":"stdout","tag":"kubernetes.var.log.containers.indc-event-live-server-6d7d79988-8966k_sreworks_container-ov2rdk-6924aa2eb6ca5c56e510a53677406e6bc75c4bead5ad7558a3cf14862fabe240.log"}
2025/12/11 17:28:00 send alert via feishu error: Post "https://open.feishu.cn/open-apis/bot/v2/hook/a06d5b36-a9d2-4408-a1dc-5ba73810b20c": tls: failed to verify certificate: x509: OSStatus -26276
2025/12/11 17:28:00 [ALERT][console] [Elasticsearch Alert] 测试告警：indc-event-live-server 日志监控
测试告警工具功能，监控 indc-event-live-server 应用的所有日志

- 索引: k8s-app-indc-event-live-server*
- 时间窗: 5m
- 命中条数: 694
- 查询: DSL

样例事件:
1) {"@timestamp":"2025-12-11T09:27:47.721Z","docker_container_id":"25b23c20d8897518a0d91c0696c910c01786c52a73d68eb40565c68b07612f8c","index_name":"k8s-app-indc-event-live-server-2025.12.11","kubernetes_container_image":"harbor.meta42.indc.vnet.com/indc/indc-event-live-server:main_prod-202512102217-38170b04-88668","kubernetes_container_image_id":"docker-pullable://harbor.meta42.indc.vnet.com/indc/indc-event-live-server@sha256:af89cd7f2f4c957625f92055b8b8fc660aaf813bc32950ef8676f8b55cea381f","kubernetes_container_name":"container-ov2rdk","kubernetes_host":"node3","kubernetes_labels_app":"indc-event-live-server","kubernetes_labels_app_kubernetes_io/name":"indc-event-live-server","kubernetes_labels_logging":"true","kubernetes_labels_pod-template-hash":"6d7d79988","kubernetes_master_url":"https://10.233.0.1:443/api","kubernetes_namespace_id":"8c93404f-ab15-404f-bfa6-0ea4f1268053","kubernetes_namespace_labels_kubernetes_io/metadata_name":"sreworks","kubernetes_namespace_labels_kubesphere_io/namespace":"sreworks","kubernetes_namespace_labels_kubesphere_io/workspace":"system-workspace","kubernetes_namespace_labels_name":"sreworks","kubernetes_namespace_name":"sreworks","kubernetes_pod_id":"af27f696-7a17-4635-bfa9-68e36fa1c1d4","kubernetes_pod_ip":"10.233.92.150","kubernetes_pod_name":"indc-event-live-server-6d7d79988-fn988","message":"2025-12-11 17:27:47.053 INFO  e6b8f775c5d5213f [XNIO-1 task-10] (LoggerAspect.java:113) c.v.indc.event.aspect.LoggerAspect - 请求结束时间: 2025年12月11日 17:27:47\n","stream":"stdout","tag":"kubernetes.var.log.containers.indc-event-live-server-6d7d79988-fn988_sreworks_container-ov2rdk-25b23c20d8897518a0d91c0696c910c01786c52a73d68eb40565c68b07612f8c.log"}
2) {"@timestamp":"2025-12-11T09:27:47.720Z","docker_container_id":"25b23c20d8897518a0d91c0696c910c01786c52a73d68eb40565c68b07612f8c","index_name":"k8s-app-indc-event-live-server-2025.12.11","kubernetes_container_image":"harbor.meta42.indc.vnet.com/indc/indc-event-live-server:main_prod-202512102217-38170b04-88668","kubernetes_container_image_id":"docker-pullable://harbor.meta42.indc.vnet.com/indc/indc-event-live-server@sha256:af89cd7f2f4c957625f92055b8b8fc660aaf813bc32950ef8676f8b55cea381f","kubernetes_container_name":"container-ov2rdk","kubernetes_host":"node3","kubernetes_labels_app":"indc-event-live-server","kubernetes_labels_app_kubernetes_io/name":"indc-event-live-server","kubernetes_labels_logging":"true","kubernetes_labels_pod-template-hash":"6d7d79988","kubernetes_master_url":"https://10.233.0.1:443/api","kubernetes_namespace_id":"8c93404f-ab15-404f-bfa6-0ea4f1268053","kubernetes_namespace_labels_kubernetes_io/metadata_name":"sreworks","kubernetes_namespace_labels_kubesphere_io/namespace":"sreworks","kubernetes_namespace_labels_kubesphere_io/workspace":"system-workspace","kubernetes_namespace_labels_name":"sreworks","kubernetes_namespace_name":"sreworks","kubernetes_pod_id":"af27f696-7a17-4635-bfa9-68e36fa1c1d4","kubernetes_pod_ip":"10.233.92.150","kubernetes_pod_name":"indc-event-live-server-6d7d79988-fn988","message":"2025-12-11 17:27:47.004 INFO  e6b8f775c5d5213f [XNIO-1 task-10] (AuthUtil.java:194) com.vnet.indc.event.utils.AuthUtil - 通过岗位：[39, 52, 26],楼栋id:null查询用户开始\n","stream":"stdout","tag":"kubernetes.var.log.containers.indc-event-live-server-6d7d79988-fn988_sreworks_container-ov2rdk-25b23c20d8897518a0d91c0696c910c01786c52a73d68eb40565c68b07612f8c.log"}
3) {"@timestamp":"2025-12-11T09:27:47.719Z","docker_container_id":"25b23c20d8897518a0d91c0696c910c01786c52a73d68eb40565c68b07612f8c","index_name":"k8s-app-indc-event-live-server-2025.12.11","kubernetes_container_image":"harbor.meta42.indc.vnet.com/indc/indc-event-live-server:main_prod-202512102217-38170b04-88668","kubernetes_container_image_id":"docker-pullable://harbor.meta42.indc.vnet.com/indc/indc-event-live-server@sha256:af89cd7f2f4c957625f92055b8b8fc660aaf813bc32950ef8676f8b55cea381f","kubernetes_container_name":"container-ov2rdk","kubernetes_host":"node3","kubernetes_labels_app":"indc-event-live-server","kubernetes_labels_app_kubernetes_io/name":"indc-event-live-server","kubernetes_labels_logging":"true","kubernetes_labels_pod-template-hash":"6d7d79988","kubernetes_master_url":"https://10.233.0.1:443/api","kubernetes_namespace_id":"8c93404f-ab15-404f-bfa6-0ea4f1268053","kubernetes_namespace_labels_kubernetes_io/metadata_name":"sreworks","kubernetes_namespace_labels_kubesphere_io/namespace":"sreworks","kubernetes_namespace_labels_kubesphere_io/workspace":"system-workspace","kubernetes_namespace_labels_name":"sreworks","kubernetes_namespace_name":"sreworks","kubernetes_pod_id":"af27f696-7a17-4635-bfa9-68e36fa1c1d4","kubernetes_pod_ip":"10.233.92.150","kubernetes_pod_name":"indc-event-live-server-6d7d79988-fn988","message":"2025-12-11 17:27:46.946 INFO  e6b8f775c5d5213f [XNIO-1 task-10] (AuthUtil.java:194) com.vnet.indc.event.utils.AuthUtil - 通过岗位：[39, 52, 26],楼栋id:null查询用户开始\n","stream":"stdout","tag":"kubernetes.var.log.containers.indc-event-live-server-6d7d79988-fn988_sreworks_container-ov2rdk-25b23c20d8897518a0d91c0696c910c01786c52a73d68eb40565c68b07612f8c.log"}
2025/12/11 17:29:30 send alert via feishu error: Post "https://open.feishu.cn/open-apis/bot/v2/hook/a06d5b36-a9d2-4408-a1dc-5ba73810b20c": tls: failed to verify certificate: x509: OSStatus -26276
2025/12/11 17:29:30 [ALERT][console] [Elasticsearch Alert] 测试告警：indc-event-live-server 日志监控
测试告警工具功能，监控 indc-event-live-server 应用的所有日志

- 索引: k8s-app-indc-event-live-server*
- 时间窗: 5m
- 命中条数: 634
- 查询: DSL

样例事件:
1) {"@timestamp":"2025-12-11T09:29:22.989Z","docker_container_id":"6924aa2eb6ca5c56e510a53677406e6bc75c4bead5ad7558a3cf14862fabe240","index_name":"k8s-app-indc-event-live-server-2025.12.11","kubernetes_container_image":"harbor.meta42.indc.vnet.com/indc/indc-event-live-server:main_prod-202512102217-38170b04-88668","kubernetes_container_image_id":"docker-pullable://harbor.meta42.indc.vnet.com/indc/indc-event-live-server@sha256:af89cd7f2f4c957625f92055b8b8fc660aaf813bc32950ef8676f8b55cea381f","kubernetes_container_name":"container-ov2rdk","kubernetes_host":"node19","kubernetes_labels_app":"indc-event-live-server","kubernetes_labels_app_kubernetes_io/name":"indc-event-live-server","kubernetes_labels_logging":"true","kubernetes_labels_pod-template-hash":"6d7d79988","kubernetes_master_url":"https://10.233.0.1:443/api","kubernetes_namespace_id":"8c93404f-ab15-404f-bfa6-0ea4f1268053","kubernetes_namespace_labels_kubernetes_io/metadata_name":"sreworks","kubernetes_namespace_labels_kubesphere_io/namespace":"sreworks","kubernetes_namespace_labels_kubesphere_io/workspace":"system-workspace","kubernetes_namespace_labels_name":"sreworks","kubernetes_namespace_name":"sreworks","kubernetes_pod_id":"46a5ada6-d104-4f7e-8c67-6d147191e107","kubernetes_pod_ip":"10.233.104.9","kubernetes_pod_name":"indc-event-live-server-6d7d79988-8966k","message":"2025-12-11 17:29:20.085 INFO  d0a2e70d428c9ca9 [XNIO-1 task-6] (LoggerAspect.java:115) c.v.indc.event.aspect.LoggerAspect - --------后台管理请求后置日志输出完成--------\n","stream":"stdout","tag":"kubernetes.var.log.containers.indc-event-live-server-6d7d79988-8966k_sreworks_container-ov2rdk-6924aa2eb6ca5c56e510a53677406e6bc75c4bead5ad7558a3cf14862fabe240.log"}
2) {"@timestamp":"2025-12-11T09:29:20.974Z","docker_container_id":"6924aa2eb6ca5c56e510a53677406e6bc75c4bead5ad7558a3cf14862fabe240","index_name":"k8s-app-indc-event-live-server-2025.12.11","kubernetes_container_image":"harbor.meta42.indc.vnet.com/indc/indc-event-live-server:main_prod-202512102217-38170b04-88668","kubernetes_container_image_id":"docker-pullable://harbor.meta42.indc.vnet.com/indc/indc-event-live-server@sha256:af89cd7f2f4c957625f92055b8b8fc660aaf813bc32950ef8676f8b55cea381f","kubernetes_container_name":"container-ov2rdk","kubernetes_host":"node19","kubernetes_labels_app":"indc-event-live-server","kubernetes_labels_app_kubernetes_io/name":"indc-event-live-server","kubernetes_labels_logging":"true","kubernetes_labels_pod-template-hash":"6d7d79988","kubernetes_master_url":"https://10.233.0.1:443/api","kubernetes_namespace_id":"8c93404f-ab15-404f-bfa6-0ea4f1268053","kubernetes_namespace_labels_kubernetes_io/metadata_name":"sreworks","kubernetes_namespace_labels_kubesphere_io/namespace":"sreworks","kubernetes_namespace_labels_kubesphere_io/workspace":"system-workspace","kubernetes_namespace_labels_name":"sreworks","kubernetes_namespace_name":"sreworks","kubernetes_pod_id":"46a5ada6-d104-4f7e-8c67-6d147191e107","kubernetes_pod_ip":"10.233.104.9","kubernetes_pod_name":"indc-event-live-server-6d7d79988-8966k","message":"2025-12-11 17:29:19.986 INFO  d0a2e70d428c9ca9 [XNIO-1 task-6] (AuthUtil.java:194) com.vnet.indc.event.utils.AuthUtil - 通过岗位：[39, 52, 26],楼栋id:null查询用户开始\n","stream":"stdout","tag":"kubernetes.var.log.containers.indc-event-live-server-6d7d79988-8966k_sreworks_container-ov2rdk-6924aa2eb6ca5c56e510a53677406e6bc75c4bead5ad7558a3cf14862fabe240.log"}
3) {"@timestamp":"2025-12-11T09:29:20.974Z","docker_container_id":"6924aa2eb6ca5c56e510a53677406e6bc75c4bead5ad7558a3cf14862fabe240","index_name":"k8s-app-indc-event-live-server-2025.12.11","kubernetes_container_image":"harbor.meta42.indc.vnet.com/indc/indc-event-live-server:main_prod-202512102217-38170b04-88668","kubernetes_container_image_id":"docker-pullable://harbor.meta42.indc.vnet.com/indc/indc-event-live-server@sha256:af89cd7f2f4c957625f92055b8b8fc660aaf813bc32950ef8676f8b55cea381f","kubernetes_container_name":"container-ov2rdk","kubernetes_host":"node19","kubernetes_labels_app":"indc-event-live-server","kubernetes_labels_app_kubernetes_io/name":"indc-event-live-server","kubernetes_labels_logging":"true","kubernetes_labels_pod-template-hash":"6d7d79988","kubernetes_master_url":"https://10.233.0.1:443/api","kubernetes_namespace_id":"8c93404f-ab15-404f-bfa6-0ea4f1268053","kubernetes_namespace_labels_kubernetes_io/metadata_name":"sreworks","kubernetes_namespace_labels_kubesphere_io/namespace":"sreworks","kubernetes_namespace_labels_kubesphere_io/workspace":"system-workspace","kubernetes_namespace_labels_name":"sreworks","kubernetes_namespace_name":"sreworks","kubernetes_pod_id":"46a5ada6-d104-4f7e-8c67-6d147191e107","kubernetes_pod_ip":"10.233.104.9","kubernetes_pod_name":"indc-event-live-server-6d7d79988-8966k","message":"2025-12-11 17:29:20.084 INFO  d0a2e70d428c9ca9 [XNIO-1 task-6] (LoggerAspect.java:113) c.v.indc.event.aspect.LoggerAspect - 请求结束时间: 2025年12月11日 17:29:20\n","stream":"stdout","tag":"kubernetes.var.log.containers.indc-event-live-server-6d7d79988-8966k_sreworks_container-ov2rdk-6924aa2eb6ca5c56e510a53677406e6bc75c4bead5ad7558a3cf14862fabe240.log"}
2025/12/11 17:31:01 send alert via feishu error: Post "https://open.feishu.cn/open-apis/bot/v2/hook/a06d5b36-a9d2-4408-a1dc-5ba73810b20c": tls: failed to verify certificate: x509: OSStatus -26276
2025/12/11 17:31:01 [ALERT][console] [Elasticsearch Alert] 测试告警：indc-event-live-server 日志监控
测试告警工具功能，监控 indc-event-live-server 应用的所有日志

- 索引: k8s-app-indc-event-live-server*
- 时间窗: 5m
- 命中条数: 646
- 查询: DSL

样例事件:
1) {"@timestamp":"2025-12-11T09:30:47.719Z","docker_container_id":"25b23c20d8897518a0d91c0696c910c01786c52a73d68eb40565c68b07612f8c","index_name":"k8s-app-indc-event-live-server-2025.12.11","kubernetes_container_image":"harbor.meta42.indc.vnet.com/indc/indc-event-live-server:main_prod-202512102217-38170b04-88668","kubernetes_container_image_id":"docker-pullable://harbor.meta42.indc.vnet.com/indc/indc-event-live-server@sha256:af89cd7f2f4c957625f92055b8b8fc660aaf813bc32950ef8676f8b55cea381f","kubernetes_container_name":"container-ov2rdk","kubernetes_host":"node3","kubernetes_labels_app":"indc-event-live-server","kubernetes_labels_app_kubernetes_io/name":"indc-event-live-server","kubernetes_labels_logging":"true","kubernetes_labels_pod-template-hash":"6d7d79988","kubernetes_master_url":"https://10.233.0.1:443/api","kubernetes_namespace_id":"8c93404f-ab15-404f-bfa6-0ea4f1268053","kubernetes_namespace_labels_kubernetes_io/metadata_name":"sreworks","kubernetes_namespace_labels_kubesphere_io/namespace":"sreworks","kubernetes_namespace_labels_kubesphere_io/workspace":"system-workspace","kubernetes_namespace_labels_name":"sreworks","kubernetes_namespace_name":"sreworks","kubernetes_pod_id":"af27f696-7a17-4635-bfa9-68e36fa1c1d4","kubernetes_pod_ip":"10.233.92.150","kubernetes_pod_name":"indc-event-live-server-6d7d79988-fn988","message":"2025-12-11 17:30:47.207 INFO  e87a8cabe7f27870 [XNIO-1 task-10] (AuthUtil.java:194) com.vnet.indc.event.utils.AuthUtil - 通过岗位：[39, 52, 26],楼栋id:null查询用户开始\n","stream":"stdout","tag":"kubernetes.var.log.containers.indc-event-live-server-6d7d79988-fn988_sreworks_container-ov2rdk-25b23c20d8897518a0d91c0696c910c01786c52a73d68eb40565c68b07612f8c.log"}
2) {"@timestamp":"2025-12-11T09:30:47.719Z","docker_container_id":"25b23c20d8897518a0d91c0696c910c01786c52a73d68eb40565c68b07612f8c","index_name":"k8s-app-indc-event-live-server-2025.12.11","kubernetes_container_image":"harbor.meta42.indc.vnet.com/indc/indc-event-live-server:main_prod-202512102217-38170b04-88668","kubernetes_container_image_id":"docker-pullable://harbor.meta42.indc.vnet.com/indc/indc-event-live-server@sha256:af89cd7f2f4c957625f92055b8b8fc660aaf813bc32950ef8676f8b55cea381f","kubernetes_container_name":"container-ov2rdk","kubernetes_host":"node3","kubernetes_labels_app":"indc-event-live-server","kubernetes_labels_app_kubernetes_io/name":"indc-event-live-server","kubernetes_labels_logging":"true","kubernetes_labels_pod-template-hash":"6d7d79988","kubernetes_master_url":"https://10.233.0.1:443/api","kubernetes_namespace_id":"8c93404f-ab15-404f-bfa6-0ea4f1268053","kubernetes_namespace_labels_kubernetes_io/metadata_name":"sreworks","kubernetes_namespace_labels_kubesphere_io/namespace":"sreworks","kubernetes_namespace_labels_kubesphere_io/workspace":"system-workspace","kubernetes_namespace_labels_name":"sreworks","kubernetes_namespace_name":"sreworks","kubernetes_pod_id":"af27f696-7a17-4635-bfa9-68e36fa1c1d4","kubernetes_pod_ip":"10.233.92.150","kubernetes_pod_name":"indc-event-live-server-6d7d79988-fn988","message":"2025-12-11 17:30:47.267 INFO  e87a8cabe7f27870 [XNIO-1 task-10] (LoggerAspect.java:113) c.v.indc.event.aspect.LoggerAspect - 请求结束时间: 2025年12月11日 17:30:47\n","stream":"stdout","tag":"kubernetes.var.log.containers.indc-event-live-server-6d7d79988-fn988_sreworks_container-ov2rdk-25b23c20d8897518a0d91c0696c910c01786c52a73d68eb40565c68b07612f8c.log"}
3) {"@timestamp":"2025-12-11T09:30:47.718Z","docker_container_id":"25b23c20d8897518a0d91c0696c910c01786c52a73d68eb40565c68b07612f8c","index_name":"k8s-app-indc-event-live-server-2025.12.11","kubernetes_container_image":"harbor.meta42.indc.vnet.com/indc/indc-event-live-server:main_prod-202512102217-38170b04-88668","kubernetes_container_image_id":"docker-pullable://harbor.meta42.indc.vnet.com/indc/indc-event-live-server@sha256:af89cd7f2f4c957625f92055b8b8fc660aaf813bc32950ef8676f8b55cea381f","kubernetes_container_name":"container-ov2rdk","kubernetes_host":"node3","kubernetes_labels_app":"indc-event-live-server","kubernetes_labels_app_kubernetes_io/name":"indc-event-live-server","kubernetes_labels_logging":"true","kubernetes_labels_pod-template-hash":"6d7d79988","kubernetes_master_url":"https://10.233.0.1:443/api","kubernetes_namespace_id":"8c93404f-ab15-404f-bfa6-0ea4f1268053","kubernetes_namespace_labels_kubernetes_io/metadata_name":"sreworks","kubernetes_namespace_labels_kubesphere_io/namespace":"sreworks","kubernetes_namespace_labels_kubesphere_io/workspace":"system-workspace","kubernetes_namespace_labels_name":"sreworks","kubernetes_namespace_name":"sreworks","kubernetes_pod_id":"af27f696-7a17-4635-bfa9-68e36fa1c1d4","kubernetes_pod_ip":"10.233.92.150","kubernetes_pod_name":"indc-event-live-server-6d7d79988-fn988","message":"2025-12-11 17:30:47.149 INFO  e87a8cabe7f27870 [XNIO-1 task-10] (DrillMarkAspect.java:54) c.v.i.event.aspect.DrillMarkAspect - 参数：[\"92645\",\"91064\"] 判断演练标识\n","stream":"stdout","tag":"kubernetes.var.log.containers.indc-event-live-server-6d7d79988-fn988_sreworks_container-ov2rdk-25b23c20d8897518a0d91c0696c910c01786c52a73d68eb40565c68b07612f8c.log"}
2025/12/11 17:32:30 send alert via feishu error: Post "https://open.feishu.cn/open-apis/bot/v2/hook/a06d5b36-a9d2-4408-a1dc-5ba73810b20c": tls: failed to verify certificate: x509: OSStatus -26276
2025/12/11 17:32:30 [ALERT][console] [Elasticsearch Alert] 测试告警：indc-event-live-server 日志监控
测试告警工具功能，监控 indc-event-live-server 应用的所有日志

- 索引: k8s-app-indc-event-live-server*
- 时间窗: 5m
- 命中条数: 10759
- 查询: DSL

样例事件:
1) {"@timestamp":"2025-12-11T09:32:25.822Z","docker_container_id":"25b23c20d8897518a0d91c0696c910c01786c52a73d68eb40565c68b07612f8c","index_name":"k8s-app-indc-event-live-server-2025.12.11","kubernetes_container_image":"harbor.meta42.indc.vnet.com/indc/indc-event-live-server:main_prod-202512102217-38170b04-88668","kubernetes_container_image_id":"docker-pullable://harbor.meta42.indc.vnet.com/indc/indc-event-live-server@sha256:af89cd7f2f4c957625f92055b8b8fc660aaf813bc32950ef8676f8b55cea381f","kubernetes_container_name":"container-ov2rdk","kubernetes_host":"node3","kubernetes_labels_app":"indc-event-live-server","kubernetes_labels_app_kubernetes_io/name":"indc-event-live-server","kubernetes_labels_logging":"true","kubernetes_labels_pod-template-hash":"6d7d79988","kubernetes_master_url":"https://10.233.0.1:443/api","kubernetes_namespace_id":"8c93404f-ab15-404f-bfa6-0ea4f1268053","kubernetes_namespace_labels_kubernetes_io/metadata_name":"sreworks","kubernetes_namespace_labels_kubesphere_io/namespace":"sreworks","kubernetes_namespace_labels_kubesphere_io/workspace":"system-workspace","kubernetes_namespace_labels_name":"sreworks","kubernetes_namespace_name":"sreworks","kubernetes_pod_id":"af27f696-7a17-4635-bfa9-68e36fa1c1d4","kubernetes_pod_ip":"10.233.92.150","kubernetes_pod_name":"indc-event-live-server-6d7d79988-fn988","message":"2025-12-11 17:32:25.679 INFO  747d5ba8627183fd [XNIO-1 task-8] (HttpUtils.java:143) com.vnet.indc.event.utils.HttpUtils - sendGet - http://indc-runmonitorv2-server.sreworks:8090/monitorView/getViewByDomainCode?domainCode=41\n","stream":"stdout","tag":"kubernetes.var.log.containers.indc-event-live-server-6d7d79988-fn988_sreworks_container-ov2rdk-25b23c20d8897518a0d91c0696c910c01786c52a73d68eb40565c68b07612f8c.log"}
2) {"@timestamp":"2025-12-11T09:32:25.822Z","docker_container_id":"25b23c20d8897518a0d91c0696c910c01786c52a73d68eb40565c68b07612f8c","index_name":"k8s-app-indc-event-live-server-2025.12.11","kubernetes_container_image":"harbor.meta42.indc.vnet.com/indc/indc-event-live-server:main_prod-202512102217-38170b04-88668","kubernetes_container_image_id":"docker-pullable://harbor.meta42.indc.vnet.com/indc/indc-event-live-server@sha256:af89cd7f2f4c957625f92055b8b8fc660aaf813bc32950ef8676f8b55cea381f","kubernetes_container_name":"container-ov2rdk","kubernetes_host":"node3","kubernetes_labels_app":"indc-event-live-server","kubernetes_labels_app_kubernetes_io/name":"indc-event-live-server","kubernetes_labels_logging":"true","kubernetes_labels_pod-template-hash":"6d7d79988","kubernetes_master_url":"https://10.233.0.1:443/api","kubernetes_namespace_id":"8c93404f-ab15-404f-bfa6-0ea4f1268053","kubernetes_namespace_labels_kubernetes_io/metadata_name":"sreworks","kubernetes_namespace_labels_kubesphere_io/namespace":"sreworks","kubernetes_namespace_labels_kubesphere_io/workspace":"system-workspace","kubernetes_namespace_labels_name":"sreworks","kubernetes_namespace_name":"sreworks","kubernetes_pod_id":"af27f696-7a17-4635-bfa9-68e36fa1c1d4","kubernetes_pod_ip":"10.233.92.150","kubernetes_pod_name":"indc-event-live-server-6d7d79988-fn988","message":"2025-12-11 17:32:25.685 INFO  747d5ba8627183fd [XNIO-1 task-8] (HttpUtils.java:160) com.vnet.indc.event.utils.HttpUtils - recv - {\"code\":\"200\",\"message\":\"操作成功\",\"success\":true,\"data\":[]}\n","stream":"stdout","tag":"kubernetes.var.log.containers.indc-event-live-server-6d7d79988-fn988_sreworks_container-ov2rdk-25b23c20d8897518a0d91c0696c910c01786c52a73d68eb40565c68b07612f8c.log"}
3) {"@timestamp":"2025-12-11T09:32:25.822Z","docker_container_id":"25b23c20d8897518a0d91c0696c910c01786c52a73d68eb40565c68b07612f8c","index_name":"k8s-app-indc-event-live-server-2025.12.11","kubernetes_container_image":"harbor.meta42.indc.vnet.com/indc/indc-event-live-server:main_prod-202512102217-38170b04-88668","kubernetes_container_image_id":"docker-pullable://harbor.meta42.indc.vnet.com/indc/indc-event-live-server@sha256:af89cd7f2f4c957625f92055b8b8fc660aaf813bc32950ef8676f8b55cea381f","kubernetes_container_name":"container-ov2rdk","kubernetes_host":"node3","kubernetes_labels_app":"indc-event-live-server","kubernetes_labels_app_kubernetes_io/name":"indc-event-live-server","kubernetes_labels_logging":"true","kubernetes_labels_pod-template-hash":"6d7d79988","kubernetes_master_url":"https://10.233.0.1:443/api","kubernetes_namespace_id":"8c93404f-ab15-404f-bfa6-0ea4f1268053","kubernetes_namespace_labels_kubernetes_io/metadata_name":"sreworks","kubernetes_namespace_labels_kubesphere_io/namespace":"sreworks","kubernetes_namespace_labels_kubesphere_io/workspace":"system-workspace","kubernetes_namespace_labels_name":"sreworks","kubernetes_namespace_name":"sreworks","kubernetes_pod_id":"af27f696-7a17-4635-bfa9-68e36fa1c1d4","kubernetes_pod_ip":"10.233.92.150","kubernetes_pod_name":"indc-event-live-server-6d7d79988-fn988","message":"2025-12-11 17:32:25.686 INFO  747d5ba8627183fd [XNIO-1 task-8] (LoggerAspect.java:113) c.v.indc.event.aspect.LoggerAspect - 请求结束时间: 2025年12月11日 17:32:25\n","stream":"stdout","tag":"kubernetes.var.log.containers.indc-event-live-server-6d7d79988-fn988_sreworks_container-ov2rdk-25b23c20d8897518a0d91c0696c910c01786c52a73d68eb40565c68b07612f8c.log"}
2025/12/11 17:33:30 send alert via feishu error: Post "https://open.feishu.cn/open-apis/bot/v2/hook/a06d5b36-a9d2-4408-a1dc-5ba73810b20c": tls: failed to verify certificate: x509: OSStatus -26276
2025/12/11 17:33:30 [ALERT][console] [Elasticsearch Alert] 测试告警：indc-event-live-server 日志监控
测试告警工具功能，监控 indc-event-live-server 应用的所有日志

- 索引: k8s-app-indc-event-live-server*
- 时间窗: 5m
- 命中条数: 11798
- 查询: DSL

样例事件:
1) {"@timestamp":"2025-12-11T09:33:23.971Z","docker_container_id":"6924aa2eb6ca5c56e510a53677406e6bc75c4bead5ad7558a3cf14862fabe240","index_name":"k8s-app-indc-event-live-server-2025.12.11","kubernetes_container_image":"harbor.meta42.indc.vnet.com/indc/indc-event-live-server:main_prod-202512102217-38170b04-88668","kubernetes_container_image_id":"docker-pullable://harbor.meta42.indc.vnet.com/indc/indc-event-live-server@sha256:af89cd7f2f4c957625f92055b8b8fc660aaf813bc32950ef8676f8b55cea381f","kubernetes_container_name":"container-ov2rdk","kubernetes_host":"node19","kubernetes_labels_app":"indc-event-live-server","kubernetes_labels_app_kubernetes_io/name":"indc-event-live-server","kubernetes_labels_logging":"true","kubernetes_labels_pod-template-hash":"6d7d79988","kubernetes_master_url":"https://10.233.0.1:443/api","kubernetes_namespace_id":"8c93404f-ab15-404f-bfa6-0ea4f1268053","kubernetes_namespace_labels_kubernetes_io/metadata_name":"sreworks","kubernetes_namespace_labels_kubesphere_io/namespace":"sreworks","kubernetes_namespace_labels_kubesphere_io/workspace":"system-workspace","kubernetes_namespace_labels_name":"sreworks","kubernetes_namespace_name":"sreworks","kubernetes_pod_id":"46a5ada6-d104-4f7e-8c67-6d147191e107","kubernetes_pod_ip":"10.233.104.9","kubernetes_pod_name":"indc-event-live-server-6d7d79988-8966k","message":"2025-12-11 17:33:23.062 INFO  3725ac589c537059 [XNIO-1 task-1] (EventServiceImpl.java:3941) c.v.i.e.s.e.impl.EventServiceImpl - alarmId size:5\n\nTransaction synchronization committing SqlSession [org.apache.ibatis.session.defaults.DefaultSqlSession@44b01de4]\n\nTransaction synchronization deregistering SqlSession [org.apache.ibatis.session.defaults.DefaultSqlSession@44b01de4]\n\nTransaction synchronization closing SqlSession [org.apache.ibatis.session.defaults.DefaultSqlSession@44b01de4]\n","stream":"stdout","tag":"kubernetes.var.log.containers.indc-event-live-server-6d7d79988-8966k_sreworks_container-ov2rdk-6924aa2eb6ca5c56e510a53677406e6bc75c4bead5ad7558a3cf14862fabe240.log"}
2) {"@timestamp":"2025-12-11T09:33:23.971Z","docker_container_id":"6924aa2eb6ca5c56e510a53677406e6bc75c4bead5ad7558a3cf14862fabe240","index_name":"k8s-app-indc-event-live-server-2025.12.11","kubernetes_container_image":"harbor.meta42.indc.vnet.com/indc/indc-event-live-server:main_prod-202512102217-38170b04-88668","kubernetes_container_image_id":"docker-pullable://harbor.meta42.indc.vnet.com/indc/indc-event-live-server@sha256:af89cd7f2f4c957625f92055b8b8fc660aaf813bc32950ef8676f8b55cea381f","kubernetes_container_name":"container-ov2rdk","kubernetes_host":"node19","kubernetes_labels_app":"indc-event-live-server","kubernetes_labels_app_kubernetes_io/name":"indc-event-live-server","kubernetes_labels_logging":"true","kubernetes_labels_pod-template-hash":"6d7d79988","kubernetes_master_url":"https://10.233.0.1:443/api","kubernetes_namespace_id":"8c93404f-ab15-404f-bfa6-0ea4f1268053","kubernetes_namespace_labels_kubernetes_io/metadata_name":"sreworks","kubernetes_namespace_labels_kubesphere_io/namespace":"sreworks","kubernetes_namespace_labels_kubesphere_io/workspace":"system-workspace","kubernetes_namespace_labels_name":"sreworks","kubernetes_namespace_name":"sreworks","kubernetes_pod_id":"46a5ada6-d104-4f7e-8c67-6d147191e107","kubernetes_pod_ip":"10.233.104.9","kubernetes_pod_name":"indc-event-live-server-6d7d79988-8966k","message":"2025-12-11 17:33:23.092 INFO  3725ac589c537059 [XNIO-1 task-1] (LoggerAspect.java:113) c.v.indc.event.aspect.LoggerAspect - 请求结束时间: 2025年12月11日 17:33:23\n","stream":"stdout","tag":"kubernetes.var.log.containers.indc-event-live-server-6d7d79988-8966k_sreworks_container-ov2rdk-6924aa2eb6ca5c56e510a53677406e6bc75c4bead5ad7558a3cf14862fabe240.log"}
3) {"@timestamp":"2025-12-11T09:33:23.970Z","docker_container_id":"6924aa2eb6ca5c56e510a53677406e6bc75c4bead5ad7558a3cf14862fabe240","index_name":"k8s-app-indc-event-live-server-2025.12.11","kubernetes_container_image":"harbor.meta42.indc.vnet.com/indc/indc-event-live-server:main_prod-202512102217-38170b04-88668","kubernetes_container_image_id":"docker-pullable://harbor.meta42.indc.vnet.com/indc/indc-event-live-server@sha256:af89cd7f2f4c957625f92055b8b8fc660aaf813bc32950ef8676f8b55cea381f","kubernetes_container_name":"container-ov2rdk","kubernetes_host":"node19","kubernetes_labels_app":"indc-event-live-server","kubernetes_labels_app_kubernetes_io/name":"indc-event-live-server","kubernetes_labels_logging":"true","kubernetes_labels_pod-template-hash":"6d7d79988","kubernetes_master_url":"https://10.233.0.1:443/api","kubernetes_namespace_id":"8c93404f-ab15-404f-bfa6-0ea4f1268053","kubernetes_namespace_labels_kubernetes_io/metadata_name":"sreworks","kubernetes_namespace_labels_kubesphere_io/namespace":"sreworks","kubernetes_namespace_labels_kubesphere_io/workspace":"system-workspace","kubernetes_namespace_labels_name":"sreworks","kubernetes_namespace_name":"sreworks","kubernetes_pod_id":"46a5ada6-d104-4f7e-8c67-6d147191e107","kubernetes_pod_ip":"10.233.104.9","kubernetes_pod_name":"indc-event-live-server-6d7d79988-8966k","message":"2025-12-11 17:33:23.055 INFO  3725ac589c537059 [XNIO-1 task-1] (DrillSqlSource.java:59) c.v.indc.event.config.DrillSqlSource - 修改后的sql:SELECT id, event_list_id, event_level, event_level_name, updater_id, updater, update_reason, update_time, event_name, event_desc, location, directory_id FROM event_level_history WHERE (event_list_id = ?)\n\nReleasing transactional SqlSession [org.apache.ibatis.session.defaults.DefaultSqlSession@44b01de4]\n\nFetched SqlSession [org.apache.ibatis.session.defaults.DefaultSqlSession@44b01de4] from current transaction\n","stream":"stdout","tag":"kubernetes.var.log.containers.indc-event-live-server-6d7d79988-8966k_sreworks_container-ov2rdk-6924aa2eb6ca5c56e510a53677406e6bc75c4bead5ad7558a3cf14862fabe240.log"}
2025/12/11 17:35:00 send alert via feishu error: Post "https://open.feishu.cn/open-apis/bot/v2/hook/a06d5b36-a9d2-4408-a1dc-5ba73810b20c": tls: failed to verify certificate: x509: OSStatus -26276
2025/12/11 17:35:00 [ALERT][console] [Elasticsearch Alert] 测试告警：indc-event-live-server 日志监控
测试告警工具功能，监控 indc-event-live-server 应用的所有日志

- 索引: k8s-app-indc-event-live-server*
- 时间窗: 5m
- 命中条数: 11889
- 查询: DSL

样例事件:
1) {"@timestamp":"2025-12-11T09:34:44.960Z","docker_container_id":"6924aa2eb6ca5c56e510a53677406e6bc75c4bead5ad7558a3cf14862fabe240","index_name":"k8s-app-indc-event-live-server-2025.12.11","kubernetes_container_image":"harbor.meta42.indc.vnet.com/indc/indc-event-live-server:main_prod-202512102217-38170b04-88668","kubernetes_container_image_id":"docker-pullable://harbor.meta42.indc.vnet.com/indc/indc-event-live-server@sha256:af89cd7f2f4c957625f92055b8b8fc660aaf813bc32950ef8676f8b55cea381f","kubernetes_container_name":"container-ov2rdk","kubernetes_host":"node19","kubernetes_labels_app":"indc-event-live-server","kubernetes_labels_app_kubernetes_io/name":"indc-event-live-server","kubernetes_labels_logging":"true","kubernetes_labels_pod-template-hash":"6d7d79988","kubernetes_master_url":"https://10.233.0.1:443/api","kubernetes_namespace_id":"8c93404f-ab15-404f-bfa6-0ea4f1268053","kubernetes_namespace_labels_kubernetes_io/metadata_name":"sreworks","kubernetes_namespace_labels_kubesphere_io/namespace":"sreworks","kubernetes_namespace_labels_kubesphere_io/workspace":"system-workspace","kubernetes_namespace_labels_name":"sreworks","kubernetes_namespace_name":"sreworks","kubernetes_pod_id":"46a5ada6-d104-4f7e-8c67-6d147191e107","kubernetes_pod_ip":"10.233.104.9","kubernetes_pod_name":"indc-event-live-server-6d7d79988-8966k","message":"2025-12-11 17:34:44.774 INFO  bc37383560b37d55 [XNIO-1 task-1] (DrillSqlSource.java:59) c.v.indc.event.config.DrillSqlSource - 修改后的sql:SELECT * FROM war_room WHERE parent_id = ? AND room_type = 'CHILD'\n\nJDBC Connection [HikariProxyConnection@687461467 wrapping com.mysql.cj.jdbc.ConnectionImpl@1e19592a] will not be managed by Spring\n\nClosing non transactional SqlSession [org.apache.ibatis.session.defaults.DefaultSqlSession@20f3b2f0]\n\nCreating a new SqlSession\n\nSqlSession [org.apache.ibatis.session.defaults.DefaultSqlSession@26e5a66a] was not registered for synchronization because synchronization is not active\n","stream":"stdout","tag":"kubernetes.var.log.containers.indc-event-live-server-6d7d79988-8966k_sreworks_container-ov2rdk-6924aa2eb6ca5c56e510a53677406e6bc75c4bead5ad7558a3cf14862fabe240.log"}
2) {"@timestamp":"2025-12-11T09:34:44.960Z","docker_container_id":"6924aa2eb6ca5c56e510a53677406e6bc75c4bead5ad7558a3cf14862fabe240","index_name":"k8s-app-indc-event-live-server-2025.12.11","kubernetes_container_image":"harbor.meta42.indc.vnet.com/indc/indc-event-live-server:main_prod-202512102217-38170b04-88668","kubernetes_container_image_id":"docker-pullable://harbor.meta42.indc.vnet.com/indc/indc-event-live-server@sha256:af89cd7f2f4c957625f92055b8b8fc660aaf813bc32950ef8676f8b55cea381f","kubernetes_container_name":"container-ov2rdk","kubernetes_host":"node19","kubernetes_labels_app":"indc-event-live-server","kubernetes_labels_app_kubernetes_io/name":"indc-event-live-server","kubernetes_labels_logging":"true","kubernetes_labels_pod-template-hash":"6d7d79988","kubernetes_master_url":"https://10.233.0.1:443/api","kubernetes_namespace_id":"8c93404f-ab15-404f-bfa6-0ea4f1268053","kubernetes_namespace_labels_kubernetes_io/metadata_name":"sreworks","kubernetes_namespace_labels_kubesphere_io/namespace":"sreworks","kubernetes_namespace_labels_kubesphere_io/workspace":"system-workspace","kubernetes_namespace_labels_name":"sreworks","kubernetes_namespace_name":"sreworks","kubernetes_pod_id":"46a5ada6-d104-4f7e-8c67-6d147191e107","kubernetes_pod_ip":"10.233.104.9","kubernetes_pod_name":"indc-event-live-server-6d7d79988-8966k","message":"2025-12-11 17:34:44.778 INFO  bc37383560b37d55 [XNIO-1 task-1] (DrillSqlSource.java:59) c.v.indc.event.config.DrillSqlSource - 修改后的sql:SELECT el.id AS eventId, el.* FROM event_list el WHERE room_type = 'CHILD' AND war_room_id IN (?, ?, ?, ?, ?, ?, ?, ?, ?, ?, ?, ?, ?, ?, ?, ?, ?, ?, ?, ?, ?, ?, ?, ?, ?, ?, ?, ?, ?)\n\nJDBC Connection [HikariProxyConnection@465368180 wrapping com.mysql.cj.jdbc.ConnectionImpl@1e19592a] will not be managed by Spring\n\nClosing non transactional SqlSession [org.apache.ibatis.session.defaults.DefaultSqlSession@26e5a66a]\n","stream":"stdout","tag":"kubernetes.var.log.containers.indc-event-live-server-6d7d79988-8966k_sreworks_container-ov2rdk-6924aa2eb6ca5c56e510a53677406e6bc75c4bead5ad7558a3cf14862fabe240.log"}
3) {"@timestamp":"2025-12-11T09:34:44.960Z","docker_container_id":"6924aa2eb6ca5c56e510a53677406e6bc75c4bead5ad7558a3cf14862fabe240","index_name":"k8s-app-indc-event-live-server-2025.12.11","kubernetes_container_image":"harbor.meta42.indc.vnet.com/indc/indc-event-live-server:main_prod-202512102217-38170b04-88668","kubernetes_container_image_id":"docker-pullable://harbor.meta42.indc.vnet.com/indc/indc-event-live-server@sha256:af89cd7f2f4c957625f92055b8b8fc660aaf813bc32950ef8676f8b55cea381f","kubernetes_container_name":"container-ov2rdk","kubernetes_host":"node19","kubernetes_labels_app":"indc-event-live-server","kubernetes_labels_app_kubernetes_io/name":"indc-event-live-server","kubernetes_labels_logging":"true","kubernetes_labels_pod-template-hash":"6d7d79988","kubernetes_master_url":"https://10.233.0.1:443/api","kubernetes_namespace_id":"8c93404f-ab15-404f-bfa6-0ea4f1268053","kubernetes_namespace_labels_kubernetes_io/metadata_name":"sreworks","kubernetes_namespace_labels_kubesphere_io/namespace":"sreworks","kubernetes_namespace_labels_kubesphere_io/workspace":"system-workspace","kubernetes_namespace_labels_name":"sreworks","kubernetes_namespace_name":"sreworks","kubernetes_pod_id":"46a5ada6-d104-4f7e-8c67-6d147191e107","kubernetes_pod_ip":"10.233.104.9","kubernetes_pod_name":"indc-event-live-server-6d7d79988-8966k","message":"2025-12-11 17:34:44.787 INFO  bc37383560b37d55 [XNIO-1 task-1] (LoggerAspect.java:113) c.v.indc.event.aspect.LoggerAspect - 请求结束时间: 2025年12月11日 17:34:44\n","stream":"stdout","tag":"kubernetes.var.log.containers.indc-event-live-server-6d7d79988-8966k_sreworks_container-ov2rdk-6924aa2eb6ca5c56e510a53677406e6bc75c4bead5ad7558a3cf14862fabe240.log"}
2025/12/11 17:36:00 send alert via feishu error: Post "https://open.feishu.cn/open-apis/bot/v2/hook/a06d5b36-a9d2-4408-a1dc-5ba73810b20c": tls: failed to verify certificate: x509: OSStatus -26276
2025/12/11 17:36:00 [ALERT][console] [Elasticsearch Alert] 测试告警：indc-event-live-server 日志监控
测试告警工具功能，监控 indc-event-live-server 应用的所有日志

- 索引: k8s-app-indc-event-live-server*
- 时间窗: 5m
- 命中条数: 11814
- 查询: DSL

样例事件:
1) {"@timestamp":"2025-12-11T09:35:41.964Z","docker_container_id":"6924aa2eb6ca5c56e510a53677406e6bc75c4bead5ad7558a3cf14862fabe240","index_name":"k8s-app-indc-event-live-server-2025.12.11","kubernetes_container_image":"harbor.meta42.indc.vnet.com/indc/indc-event-live-server:main_prod-202512102217-38170b04-88668","kubernetes_container_image_id":"docker-pullable://harbor.meta42.indc.vnet.com/indc/indc-event-live-server@sha256:af89cd7f2f4c957625f92055b8b8fc660aaf813bc32950ef8676f8b55cea381f","kubernetes_container_name":"container-ov2rdk","kubernetes_host":"node19","kubernetes_labels_app":"indc-event-live-server","kubernetes_labels_app_kubernetes_io/name":"indc-event-live-server","kubernetes_labels_logging":"true","kubernetes_labels_pod-template-hash":"6d7d79988","kubernetes_master_url":"https://10.233.0.1:443/api","kubernetes_namespace_id":"8c93404f-ab15-404f-bfa6-0ea4f1268053","kubernetes_namespace_labels_kubernetes_io/metadata_name":"sreworks","kubernetes_namespace_labels_kubesphere_io/namespace":"sreworks","kubernetes_namespace_labels_kubesphere_io/workspace":"system-workspace","kubernetes_namespace_labels_name":"sreworks","kubernetes_namespace_name":"sreworks","kubernetes_pod_id":"46a5ada6-d104-4f7e-8c67-6d147191e107","kubernetes_pod_ip":"10.233.104.9","kubernetes_pod_name":"indc-event-live-server-6d7d79988-8966k","message":"2025-12-11 17:35:41.547 INFO  3709751ff7882a9b [XNIO-1 task-1] (DrillMarkAspect.java:54) c.v.i.event.aspect.DrillMarkAspect - 参数：[\"91064\"] 判断演练标识\n","stream":"stdout","tag":"kubernetes.var.log.containers.indc-event-live-server-6d7d79988-8966k_sreworks_container-ov2rdk-6924aa2eb6ca5c56e510a53677406e6bc75c4bead5ad7558a3cf14862fabe240.log"}
2) {"@timestamp":"2025-12-11T09:35:41.964Z","docker_container_id":"6924aa2eb6ca5c56e510a53677406e6bc75c4bead5ad7558a3cf14862fabe240","index_name":"k8s-app-indc-event-live-server-2025.12.11","kubernetes_container_image":"harbor.meta42.indc.vnet.com/indc/indc-event-live-server:main_prod-202512102217-38170b04-88668","kubernetes_container_image_id":"docker-pullable://harbor.meta42.indc.vnet.com/indc/indc-event-live-server@sha256:af89cd7f2f4c957625f92055b8b8fc660aaf813bc32950ef8676f8b55cea381f","kubernetes_container_name":"container-ov2rdk","kubernetes_host":"node19","kubernetes_labels_app":"indc-event-live-server","kubernetes_labels_app_kubernetes_io/name":"indc-event-live-server","kubernetes_labels_logging":"true","kubernetes_labels_pod-template-hash":"6d7d79988","kubernetes_master_url":"https://10.233.0.1:443/api","kubernetes_namespace_id":"8c93404f-ab15-404f-bfa6-0ea4f1268053","kubernetes_namespace_labels_kubernetes_io/metadata_name":"sreworks","kubernetes_namespace_labels_kubesphere_io/namespace":"sreworks","kubernetes_namespace_labels_kubesphere_io/workspace":"system-workspace","kubernetes_namespace_labels_name":"sreworks","kubernetes_namespace_name":"sreworks","kubernetes_pod_id":"46a5ada6-d104-4f7e-8c67-6d147191e107","kubernetes_pod_ip":"10.233.104.9","kubernetes_pod_name":"indc-event-live-server-6d7d79988-8966k","message":"2025-12-11 17:35:41.547 INFO  3709751ff7882a9b [XNIO-1 task-1] (AuthUtil.java:194) com.vnet.indc.event.utils.AuthUtil - 通过岗位：[39, 52, 26],楼栋id:null查询用户开始\n","stream":"stdout","tag":"kubernetes.var.log.containers.indc-event-live-server-6d7d79988-8966k_sreworks_container-ov2rdk-6924aa2eb6ca5c56e510a53677406e6bc75c4bead5ad7558a3cf14862fabe240.log"}
3) {"@timestamp":"2025-12-11T09:35:41.964Z","docker_container_id":"6924aa2eb6ca5c56e510a53677406e6bc75c4bead5ad7558a3cf14862fabe240","index_name":"k8s-app-indc-event-live-server-2025.12.11","kubernetes_container_image":"harbor.meta42.indc.vnet.com/indc/indc-event-live-server:main_prod-202512102217-38170b04-88668","kubernetes_container_image_id":"docker-pullable://harbor.meta42.indc.vnet.com/indc/indc-event-live-server@sha256:af89cd7f2f4c957625f92055b8b8fc660aaf813bc32950ef8676f8b55cea381f","kubernetes_container_name":"container-ov2rdk","kubernetes_host":"node19","kubernetes_labels_app":"indc-event-live-server","kubernetes_labels_app_kubernetes_io/name":"indc-event-live-server","kubernetes_labels_logging":"true","kubernetes_labels_pod-template-hash":"6d7d79988","kubernetes_master_url":"https://10.233.0.1:443/api","kubernetes_namespace_id":"8c93404f-ab15-404f-bfa6-0ea4f1268053","kubernetes_namespace_labels_kubernetes_io/metadata_name":"sreworks","kubernetes_namespace_labels_kubesphere_io/namespace":"sreworks","kubernetes_namespace_labels_kubesphere_io/workspace":"system-workspace","kubernetes_namespace_labels_name":"sreworks","kubernetes_namespace_name":"sreworks","kubernetes_pod_id":"46a5ada6-d104-4f7e-8c67-6d147191e107","kubernetes_pod_ip":"10.233.104.9","kubernetes_pod_name":"indc-event-live-server-6d7d79988-8966k","message":"2025-12-11 17:35:41.597 INFO  3709751ff7882a9b [XNIO-1 task-1] (LoggerAspect.java:113) c.v.indc.event.aspect.LoggerAspect - 请求结束时间: 2025年12月11日 17:35:41\n","stream":"stdout","tag":"kubernetes.var.log.containers.indc-event-live-server-6d7d79988-8966k_sreworks_container-ov2rdk-6924aa2eb6ca5c56e510a53677406e6bc75c4bead5ad7558a3cf14862fabe240.log"}
2025/12/11 17:37:30 send alert via feishu error: Post "https://open.feishu.cn/open-apis/bot/v2/hook/a06d5b36-a9d2-4408-a1dc-5ba73810b20c": tls: failed to verify certificate: x509: OSStatus -26276
2025/12/11 17:37:30 [ALERT][console] [Elasticsearch Alert] 测试告警：indc-event-live-server 日志监控
测试告警工具功能，监控 indc-event-live-server 应用的所有日志

- 索引: k8s-app-indc-event-live-server*
- 时间窗: 5m
- 命中条数: 1513
- 查询: DSL

样例事件:
1) {"@timestamp":"2025-12-11T09:37:23.287Z","docker_container_id":"6924aa2eb6ca5c56e510a53677406e6bc75c4bead5ad7558a3cf14862fabe240","index_name":"k8s-app-indc-event-live-server-2025.12.11","kubernetes_container_image":"harbor.meta42.indc.vnet.com/indc/indc-event-live-server:main_prod-202512102217-38170b04-88668","kubernetes_container_image_id":"docker-pullable://harbor.meta42.indc.vnet.com/indc/indc-event-live-server@sha256:af89cd7f2f4c957625f92055b8b8fc660aaf813bc32950ef8676f8b55cea381f","kubernetes_container_name":"container-ov2rdk","kubernetes_host":"node19","kubernetes_labels_app":"indc-event-live-server","kubernetes_labels_app_kubernetes_io/name":"indc-event-live-server","kubernetes_labels_logging":"true","kubernetes_labels_pod-template-hash":"6d7d79988","kubernetes_master_url":"https://10.233.0.1:443/api","kubernetes_namespace_id":"8c93404f-ab15-404f-bfa6-0ea4f1268053","kubernetes_namespace_labels_kubernetes_io/metadata_name":"sreworks","kubernetes_namespace_labels_kubesphere_io/namespace":"sreworks","kubernetes_namespace_labels_kubesphere_io/workspace":"system-workspace","kubernetes_namespace_labels_name":"sreworks","kubernetes_namespace_name":"sreworks","kubernetes_pod_id":"46a5ada6-d104-4f7e-8c67-6d147191e107","kubernetes_pod_ip":"10.233.104.9","kubernetes_pod_name":"indc-event-live-server-6d7d79988-8966k","message":"2025-12-11 17:37:22.118 INFO  96d2c864d8d8d5e1 [XNIO-1 task-1] (AuthUtil.java:194) com.vnet.indc.event.utils.AuthUtil - 通过岗位：[39, 52, 26],楼栋id:null查询用户开始\n","stream":"stdout","tag":"kubernetes.var.log.containers.indc-event-live-server-6d7d79988-8966k_sreworks_container-ov2rdk-6924aa2eb6ca5c56e510a53677406e6bc75c4bead5ad7558a3cf14862fabe240.log"}
2) {"@timestamp":"2025-12-11T09:37:23.287Z","docker_container_id":"6924aa2eb6ca5c56e510a53677406e6bc75c4bead5ad7558a3cf14862fabe240","index_name":"k8s-app-indc-event-live-server-2025.12.11","kubernetes_container_image":"harbor.meta42.indc.vnet.com/indc/indc-event-live-server:main_prod-202512102217-38170b04-88668","kubernetes_container_image_id":"docker-pullable://harbor.meta42.indc.vnet.com/indc/indc-event-live-server@sha256:af89cd7f2f4c957625f92055b8b8fc660aaf813bc32950ef8676f8b55cea381f","kubernetes_container_name":"container-ov2rdk","kubernetes_host":"node19","kubernetes_labels_app":"indc-event-live-server","kubernetes_labels_app_kubernetes_io/name":"indc-event-live-server","kubernetes_labels_logging":"true","kubernetes_labels_pod-template-hash":"6d7d79988","kubernetes_master_url":"https://10.233.0.1:443/api","kubernetes_namespace_id":"8c93404f-ab15-404f-bfa6-0ea4f1268053","kubernetes_namespace_labels_kubernetes_io/metadata_name":"sreworks","kubernetes_namespace_labels_kubesphere_io/namespace":"sreworks","kubernetes_namespace_labels_kubesphere_io/workspace":"system-workspace","kubernetes_namespace_labels_name":"sreworks","kubernetes_namespace_name":"sreworks","kubernetes_pod_id":"46a5ada6-d104-4f7e-8c67-6d147191e107","kubernetes_pod_ip":"10.233.104.9","kubernetes_pod_name":"indc-event-live-server-6d7d79988-8966k","message":"2025-12-11 17:37:22.163 INFO  96d2c864d8d8d5e1 [XNIO-1 task-1] (LoggerAspect.java:113) c.v.indc.event.aspect.LoggerAspect - 请求结束时间: 2025年12月11日 17:37:22\n","stream":"stdout","tag":"kubernetes.var.log.containers.indc-event-live-server-6d7d79988-8966k_sreworks_container-ov2rdk-6924aa2eb6ca5c56e510a53677406e6bc75c4bead5ad7558a3cf14862fabe240.log"}
3) {"@timestamp":"2025-12-11T09:37:23.286Z","docker_container_id":"6924aa2eb6ca5c56e510a53677406e6bc75c4bead5ad7558a3cf14862fabe240","index_name":"k8s-app-indc-event-live-server-2025.12.11","kubernetes_container_image":"harbor.meta42.indc.vnet.com/indc/indc-event-live-server:main_prod-202512102217-38170b04-88668","kubernetes_container_image_id":"docker-pullable://harbor.meta42.indc.vnet.com/indc/indc-event-live-server@sha256:af89cd7f2f4c957625f92055b8b8fc660aaf813bc32950ef8676f8b55cea381f","kubernetes_container_name":"container-ov2rdk","kubernetes_host":"node19","kubernetes_labels_app":"indc-event-live-server","kubernetes_labels_app_kubernetes_io/name":"indc-event-live-server","kubernetes_labels_logging":"true","kubernetes_labels_pod-template-hash":"6d7d79988","kubernetes_master_url":"https://10.233.0.1:443/api","kubernetes_namespace_id":"8c93404f-ab15-404f-bfa6-0ea4f1268053","kubernetes_namespace_labels_kubernetes_io/metadata_name":"sreworks","kubernetes_namespace_labels_kubesphere_io/namespace":"sreworks","kubernetes_namespace_labels_kubesphere_io/workspace":"system-workspace","kubernetes_namespace_labels_name":"sreworks","kubernetes_namespace_name":"sreworks","kubernetes_pod_id":"46a5ada6-d104-4f7e-8c67-6d147191e107","kubernetes_pod_ip":"10.233.104.9","kubernetes_pod_name":"indc-event-live-server-6d7d79988-8966k","message":"2025-12-11 17:37:22.067 INFO  96d2c864d8d8d5e1 [XNIO-1 task-1] (DrillMarkAspect.java:54) c.v.i.event.aspect.DrillMarkAspect - 参数：[\"92645\",\"5083\"] 判断演练标识\n","stream":"stdout","tag":"kubernetes.var.log.containers.indc-event-live-server-6d7d79988-8966k_sreworks_container-ov2rdk-6924aa2eb6ca5c56e510a53677406e6bc75c4bead5ad7558a3cf14862fabe240.log"}
2025/12/11 17:38:30 send alert via feishu error: Post "https://open.feishu.cn/open-apis/bot/v2/hook/a06d5b36-a9d2-4408-a1dc-5ba73810b20c": tls: failed to verify certificate: x509: OSStatus -26276
2025/12/11 17:38:30 [ALERT][console] [Elasticsearch Alert] 测试告警：indc-event-live-server 日志监控
测试告警工具功能，监控 indc-event-live-server 应用的所有日志

- 索引: k8s-app-indc-event-live-server*
- 时间窗: 5m
- 命中条数: 934
- 查询: DSL

样例事件:
1) {"@timestamp":"2025-12-11T09:38:23.064Z","docker_container_id":"6924aa2eb6ca5c56e510a53677406e6bc75c4bead5ad7558a3cf14862fabe240","index_name":"k8s-app-indc-event-live-server-2025.12.11","kubernetes_container_image":"harbor.meta42.indc.vnet.com/indc/indc-event-live-server:main_prod-202512102217-38170b04-88668","kubernetes_container_image_id":"docker-pullable://harbor.meta42.indc.vnet.com/indc/indc-event-live-server@sha256:af89cd7f2f4c957625f92055b8b8fc660aaf813bc32950ef8676f8b55cea381f","kubernetes_container_name":"container-ov2rdk","kubernetes_host":"node19","kubernetes_labels_app":"indc-event-live-server","kubernetes_labels_app_kubernetes_io/name":"indc-event-live-server","kubernetes_labels_logging":"true","kubernetes_labels_pod-template-hash":"6d7d79988","kubernetes_master_url":"https://10.233.0.1:443/api","kubernetes_namespace_id":"8c93404f-ab15-404f-bfa6-0ea4f1268053","kubernetes_namespace_labels_kubernetes_io/metadata_name":"sreworks","kubernetes_namespace_labels_kubesphere_io/namespace":"sreworks","kubernetes_namespace_labels_kubesphere_io/workspace":"system-workspace","kubernetes_namespace_labels_name":"sreworks","kubernetes_namespace_name":"sreworks","kubernetes_pod_id":"46a5ada6-d104-4f7e-8c67-6d147191e107","kubernetes_pod_ip":"10.233.104.9","kubernetes_pod_name":"indc-event-live-server-6d7d79988-8966k","message":"2025-12-11 17:38:22.165 INFO  f336f9d7a6df974f [XNIO-1 task-1] (LoggerAspect.java:113) c.v.indc.event.aspect.LoggerAspect - 请求结束时间: 2025年12月11日 17:38:22\n","stream":"stdout","tag":"kubernetes.var.log.containers.indc-event-live-server-6d7d79988-8966k_sreworks_container-ov2rdk-6924aa2eb6ca5c56e510a53677406e6bc75c4bead5ad7558a3cf14862fabe240.log"}
2) {"@timestamp":"2025-12-11T09:38:23.063Z","docker_container_id":"6924aa2eb6ca5c56e510a53677406e6bc75c4bead5ad7558a3cf14862fabe240","index_name":"k8s-app-indc-event-live-server-2025.12.11","kubernetes_container_image":"harbor.meta42.indc.vnet.com/indc/indc-event-live-server:main_prod-202512102217-38170b04-88668","kubernetes_container_image_id":"docker-pullable://harbor.meta42.indc.vnet.com/indc/indc-event-live-server@sha256:af89cd7f2f4c957625f92055b8b8fc660aaf813bc32950ef8676f8b55cea381f","kubernetes_container_name":"container-ov2rdk","kubernetes_host":"node19","kubernetes_labels_app":"indc-event-live-server","kubernetes_labels_app_kubernetes_io/name":"indc-event-live-server","kubernetes_labels_logging":"true","kubernetes_labels_pod-template-hash":"6d7d79988","kubernetes_master_url":"https://10.233.0.1:443/api","kubernetes_namespace_id":"8c93404f-ab15-404f-bfa6-0ea4f1268053","kubernetes_namespace_labels_kubernetes_io/metadata_name":"sreworks","kubernetes_namespace_labels_kubesphere_io/namespace":"sreworks","kubernetes_namespace_labels_kubesphere_io/workspace":"system-workspace","kubernetes_namespace_labels_name":"sreworks","kubernetes_namespace_name":"sreworks","kubernetes_pod_id":"46a5ada6-d104-4f7e-8c67-6d147191e107","kubernetes_pod_ip":"10.233.104.9","kubernetes_pod_name":"indc-event-live-server-6d7d79988-8966k","message":"2025-12-11 17:38:22.071 INFO  f336f9d7a6df974f [XNIO-1 task-1] (DrillMarkAspect.java:54) c.v.i.event.aspect.DrillMarkAspect - 参数：[\"92645\",\"5083\"] 判断演练标识\n","stream":"stdout","tag":"kubernetes.var.log.containers.indc-event-live-server-6d7d79988-8966k_sreworks_container-ov2rdk-6924aa2eb6ca5c56e510a53677406e6bc75c4bead5ad7558a3cf14862fabe240.log"}
3) {"@timestamp":"2025-12-11T09:38:23.063Z","docker_container_id":"6924aa2eb6ca5c56e510a53677406e6bc75c4bead5ad7558a3cf14862fabe240","index_name":"k8s-app-indc-event-live-server-2025.12.11","kubernetes_container_image":"harbor.meta42.indc.vnet.com/indc/indc-event-live-server:main_prod-202512102217-38170b04-88668","kubernetes_container_image_id":"docker-pullable://harbor.meta42.indc.vnet.com/indc/indc-event-live-server@sha256:af89cd7f2f4c957625f92055b8b8fc660aaf813bc32950ef8676f8b55cea381f","kubernetes_container_name":"container-ov2rdk","kubernetes_host":"node19","kubernetes_labels_app":"indc-event-live-server","kubernetes_labels_app_kubernetes_io/name":"indc-event-live-server","kubernetes_labels_logging":"true","kubernetes_labels_pod-template-hash":"6d7d79988","kubernetes_master_url":"https://10.233.0.1:443/api","kubernetes_namespace_id":"8c93404f-ab15-404f-bfa6-0ea4f1268053","kubernetes_namespace_labels_kubernetes_io/metadata_name":"sreworks","kubernetes_namespace_labels_kubesphere_io/namespace":"sreworks","kubernetes_namespace_labels_kubesphere_io/workspace":"system-workspace","kubernetes_namespace_labels_name":"sreworks","kubernetes_namespace_name":"sreworks","kubernetes_pod_id":"46a5ada6-d104-4f7e-8c67-6d147191e107","kubernetes_pod_ip":"10.233.104.9","kubernetes_pod_name":"indc-event-live-server-6d7d79988-8966k","message":"2025-12-11 17:38:22.072 INFO  f336f9d7a6df974f [XNIO-1 task-1] (AuthUtil.java:194) com.vnet.indc.event.utils.AuthUtil - 通过岗位：[39, 52, 26],楼栋id:null查询用户开始\n","stream":"stdout","tag":"kubernetes.var.log.containers.indc-event-live-server-6d7d79988-8966k_sreworks_container-ov2rdk-6924aa2eb6ca5c56e510a53677406e6bc75c4bead5ad7558a3cf14862fabe240.log"}
2025/12/11 17:39:30 send alert via feishu error: Post "https://open.feishu.cn/open-apis/bot/v2/hook/a06d5b36-a9d2-4408-a1dc-5ba73810b20c": tls: failed to verify certificate: x509: OSStatus -26276
2025/12/11 17:39:30 [ALERT][console] [Elasticsearch Alert] 测试告警：indc-event-live-server 日志监控
测试告警工具功能，监控 indc-event-live-server 应用的所有日志

- 索引: k8s-app-indc-event-live-server*
- 时间窗: 5m
- 命中条数: 1811
- 查询: DSL

样例事件:
1) {"@timestamp":"2025-12-11T09:39:24.952Z","docker_container_id":"6924aa2eb6ca5c56e510a53677406e6bc75c4bead5ad7558a3cf14862fabe240","index_name":"k8s-app-indc-event-live-server-2025.12.11","kubernetes_container_image":"harbor.meta42.indc.vnet.com/indc/indc-event-live-server:main_prod-202512102217-38170b04-88668","kubernetes_container_image_id":"docker-pullable://harbor.meta42.indc.vnet.com/indc/indc-event-live-server@sha256:af89cd7f2f4c957625f92055b8b8fc660aaf813bc32950ef8676f8b55cea381f","kubernetes_container_name":"container-ov2rdk","kubernetes_host":"node19","kubernetes_labels_app":"indc-event-live-server","kubernetes_labels_app_kubernetes_io/name":"indc-event-live-server","kubernetes_labels_logging":"true","kubernetes_labels_pod-template-hash":"6d7d79988","kubernetes_master_url":"https://10.233.0.1:443/api","kubernetes_namespace_id":"8c93404f-ab15-404f-bfa6-0ea4f1268053","kubernetes_namespace_labels_kubernetes_io/metadata_name":"sreworks","kubernetes_namespace_labels_kubesphere_io/namespace":"sreworks","kubernetes_namespace_labels_kubesphere_io/workspace":"system-workspace","kubernetes_namespace_labels_name":"sreworks","kubernetes_namespace_name":"sreworks","kubernetes_pod_id":"46a5ada6-d104-4f7e-8c67-6d147191e107","kubernetes_pod_ip":"10.233.104.9","kubernetes_pod_name":"indc-event-live-server-6d7d79988-8966k","message":"2025-12-11 17:39:22.937 INFO   [com.alibaba.nacos.naming.push.receiver] (PushReceiver.java:86) com.alibaba.nacos.client.naming - received push data: {\"type\":\"dom\",\"data\":\"{\\\"name\\\":\\\"DEFAULT_GROUP@@indc-event-live-server\\\",\\\"clusters\\\":\\\"DEFAULT\\\",\\\"cacheMillis\\\":10000,\\\"hosts\\\":[{\\\"instanceId\\\":\\\"10.233.104.9#8090#DEFAULT#DEFAULT_GROUP@@indc-event-live-server\\\",\\\"ip\\\":\\\"10.233.104.9\\\",\\\"port\\\":8090,\\\"weight\\\":1.0,\\\"healthy\\\":true,\\\"enabled\\\":true,\\\"ephemeral\\\":true,\\\"clusterName\\\":\\\"DEFAULT\\\",\\\"serviceName\\\":\\\"DEFAULT_GROUP@@indc-event-live-server\\\",\\\"metadata\\\":{\\\"VERSION\\\":\\\"1.8.2\\\",\\\"preserved.register.source\\\":\\\"SPRING_CLOUD\\\"},\\\"instanceHeartBeatInterval\\\":5000,\\\"ipDeleteTimeout\\\":30000,\\\"instanceHeartBeatTimeOut\\\":15000},{\\\"instanceId\\\":\\\"10.233.123.176#8090#DEFAULT#DEFAULT_GROUP@@indc-event-live-server\\\",\\\"ip\\\":\\\"10.233.123.176\\\",\\\"port\\\":8090,\\\"weight\\\":1.0,\\\"healthy\\\":true,\\\"enabled\\\":true,\\\"ephemeral\\\":true,\\\"clusterName\\\":\\\"DEFAULT\\\",\\\"serviceName\\\":\\\"DEFAULT_GROUP@@indc-event-live-server\\\",\\\"metadata\\\":{\\\"VERSION\\\":\\\"1.8.2\\\",\\\"preserved.register.source\\\":\\\"SPRING_CLOUD\\\"},\\\"instanceHeartBeatInterval\\\":5000,\\\"ipDeleteTimeout\\\":30000,\\\"instanceHeartBeatTimeOut\\\":15000},{\\\"instanceId\\\":\\\"10.233.92.150#8090#DEFAULT#DEFAULT_GROUP@@indc-event-live-server\\\",\\\"ip\\\":\\\"10.233.92.150\\\",\\\"port\\\":8090,\\\"weight\\\":1.0,\\\"healthy\\\":true,\\\"enabled\\\":true,\\\"ephemeral\\\":true,\\\"clusterName\\\":\\\"DEFAULT\\\",\\\"serviceName\\\":\\\"DEFAULT_GROUP@@indc-event-live-server\\\",\\\"metadata\\\":{\\\"VERSION\\\":\\\"1.8.2\\\",\\\"preserved.register.source\\\":\\\"SPRING_CLOUD\\\"},\\\"instanceHeartBeatInterval\\\":5000,\\\"ipDeleteTimeout\\\":30000,\\\"instanceHeartBeatTimeOut\\\":15000}],\\\"lastRefTime\\\":1765445962935,\\\"checksum\\\":\\\"\\\",\\\"allIPs\\\":false,\\\"reachProtectionThreshold\\\":false,\\\"valid\\\":true}\",\"lastRefTime\":932777276436529} from /10.233.123.109\n","stream":"stdout","tag":"kubernetes.var.log.containers.indc-event-live-server-6d7d79988-8966k_sreworks_container-ov2rdk-6924aa2eb6ca5c56e510a53677406e6bc75c4bead5ad7558a3cf14862fabe240.log"}
2) {"@timestamp":"2025-12-11T09:39:22.970Z","docker_container_id":"6924aa2eb6ca5c56e510a53677406e6bc75c4bead5ad7558a3cf14862fabe240","index_name":"k8s-app-indc-event-live-server-2025.12.11","kubernetes_container_image":"harbor.meta42.indc.vnet.com/indc/indc-event-live-server:main_prod-202512102217-38170b04-88668","kubernetes_container_image_id":"docker-pullable://harbor.meta42.indc.vnet.com/indc/indc-event-live-server@sha256:af89cd7f2f4c957625f92055b8b8fc660aaf813bc32950ef8676f8b55cea381f","kubernetes_container_name":"container-ov2rdk","kubernetes_host":"node19","kubernetes_labels_app":"indc-event-live-server","kubernetes_labels_app_kubernetes_io/name":"indc-event-live-server","kubernetes_labels_logging":"true","kubernetes_labels_pod-template-hash":"6d7d79988","kubernetes_master_url":"https://10.233.0.1:443/api","kubernetes_namespace_id":"8c93404f-ab15-404f-bfa6-0ea4f1268053","kubernetes_namespace_labels_kubernetes_io/metadata_name":"sreworks","kubernetes_namespace_labels_kubesphere_io/namespace":"sreworks","kubernetes_namespace_labels_kubesphere_io/workspace":"system-workspace","kubernetes_namespace_labels_name":"sreworks","kubernetes_namespace_name":"sreworks","kubernetes_pod_id":"46a5ada6-d104-4f7e-8c67-6d147191e107","kubernetes_pod_ip":"10.233.104.9","kubernetes_pod_name":"indc-event-live-server-6d7d79988-8966k","message":"2025-12-11 17:39:22.167 INFO  e3f3dffc86a15eb5 [XNIO-1 task-1] (LoggerAspect.java:115) c.v.indc.event.aspect.LoggerAspect - --------后台管理请求后置日志输出完成--------\n","stream":"stdout","tag":"kubernetes.var.log.containers.indc-event-live-server-6d7d79988-8966k_sreworks_container-ov2rdk-6924aa2eb6ca5c56e510a53677406e6bc75c4bead5ad7558a3cf14862fabe240.log"}
3) {"@timestamp":"2025-12-11T09:39:22.969Z","docker_container_id":"6924aa2eb6ca5c56e510a53677406e6bc75c4bead5ad7558a3cf14862fabe240","index_name":"k8s-app-indc-event-live-server-2025.12.11","kubernetes_container_image":"harbor.meta42.indc.vnet.com/indc/indc-event-live-server:main_prod-202512102217-38170b04-88668","kubernetes_container_image_id":"docker-pullable://harbor.meta42.indc.vnet.com/indc/indc-event-live-server@sha256:af89cd7f2f4c957625f92055b8b8fc660aaf813bc32950ef8676f8b55cea381f","kubernetes_container_name":"container-ov2rdk","kubernetes_host":"node19","kubernetes_labels_app":"indc-event-live-server","kubernetes_labels_app_kubernetes_io/name":"indc-event-live-server","kubernetes_labels_logging":"true","kubernetes_labels_pod-template-hash":"6d7d79988","kubernetes_master_url":"https://10.233.0.1:443/api","kubernetes_namespace_id":"8c93404f-ab15-404f-bfa6-0ea4f1268053","kubernetes_namespace_labels_kubernetes_io/metadata_name":"sreworks","kubernetes_namespace_labels_kubesphere_io/namespace":"sreworks","kubernetes_namespace_labels_kubesphere_io/workspace":"system-workspace","kubernetes_namespace_labels_name":"sreworks","kubernetes_namespace_name":"sreworks","kubernetes_pod_id":"46a5ada6-d104-4f7e-8c67-6d147191e107","kubernetes_pod_ip":"10.233.104.9","kubernetes_pod_name":"indc-event-live-server-6d7d79988-8966k","message":"2025-12-11 17:39:22.125 INFO  e3f3dffc86a15eb5 [XNIO-1 task-1] (AuthUtil.java:194) com.vnet.indc.event.utils.AuthUtil - 通过岗位：[39, 52, 26],楼栋id:null查询用户开始\n","stream":"stdout","tag":"kubernetes.var.log.containers.indc-event-live-server-6d7d79988-8966k_sreworks_container-ov2rdk-6924aa2eb6ca5c56e510a53677406e6bc75c4bead5ad7558a3cf14862fabe240.log"}
2025/12/11 17:41:00 send alert via feishu error: Post "https://open.feishu.cn/open-apis/bot/v2/hook/a06d5b36-a9d2-4408-a1dc-5ba73810b20c": tls: failed to verify certificate: x509: OSStatus -26276
2025/12/11 17:41:00 [ALERT][console] [Elasticsearch Alert] 测试告警：indc-event-live-server 日志监控
测试告警工具功能，监控 indc-event-live-server 应用的所有日志

- 索引: k8s-app-indc-event-live-server*
- 时间窗: 5m
- 命中条数: 2683
- 查询: DSL

样例事件:
1) {"@timestamp":"2025-12-11T09:40:45.719Z","docker_container_id":"25b23c20d8897518a0d91c0696c910c01786c52a73d68eb40565c68b07612f8c","index_name":"k8s-app-indc-event-live-server-2025.12.11","kubernetes_container_image":"harbor.meta42.indc.vnet.com/indc/indc-event-live-server:main_prod-202512102217-38170b04-88668","kubernetes_container_image_id":"docker-pullable://harbor.meta42.indc.vnet.com/indc/indc-event-live-server@sha256:af89cd7f2f4c957625f92055b8b8fc660aaf813bc32950ef8676f8b55cea381f","kubernetes_container_name":"container-ov2rdk","kubernetes_host":"node3","kubernetes_labels_app":"indc-event-live-server","kubernetes_labels_app_kubernetes_io/name":"indc-event-live-server","kubernetes_labels_logging":"true","kubernetes_labels_pod-template-hash":"6d7d79988","kubernetes_master_url":"https://10.233.0.1:443/api","kubernetes_namespace_id":"8c93404f-ab15-404f-bfa6-0ea4f1268053","kubernetes_namespace_labels_kubernetes_io/metadata_name":"sreworks","kubernetes_namespace_labels_kubesphere_io/namespace":"sreworks","kubernetes_namespace_labels_kubesphere_io/workspace":"system-workspace","kubernetes_namespace_labels_name":"sreworks","kubernetes_namespace_name":"sreworks","kubernetes_pod_id":"af27f696-7a17-4635-bfa9-68e36fa1c1d4","kubernetes_pod_ip":"10.233.92.150","kubernetes_pod_name":"indc-event-live-server-6d7d79988-fn988","message":"2025-12-11 17:40:44.787 INFO  c857318f5fe0b46f [XNIO-1 task-9] (DrillSqlSource.java:59) c.v.indc.event.config.DrillSqlSource - 修改后的sql:SELECT el.id AS eventId, el.* FROM event_list el WHERE room_type = 'CHILD' AND war_room_id IN (?, ?, ?, ?, ?, ?, ?, ?, ?, ?, ?, ?, ?, ?, ?, ?, ?, ?, ?, ?, ?, ?, ?, ?, ?, ?, ?, ?, ?)\n\nJDBC Connection [HikariProxyConnection@1322616337 wrapping com.mysql.cj.jdbc.ConnectionImpl@3a895ea5] will not be managed by Spring\n\nClosing non transactional SqlSession [org.apache.ibatis.session.defaults.DefaultSqlSession@becf1b3]\n","stream":"stdout","tag":"kubernetes.var.log.containers.indc-event-live-server-6d7d79988-fn988_sreworks_container-ov2rdk-25b23c20d8897518a0d91c0696c910c01786c52a73d68eb40565c68b07612f8c.log"}
2) {"@timestamp":"2025-12-11T09:40:45.719Z","docker_container_id":"25b23c20d8897518a0d91c0696c910c01786c52a73d68eb40565c68b07612f8c","index_name":"k8s-app-indc-event-live-server-2025.12.11","kubernetes_container_image":"harbor.meta42.indc.vnet.com/indc/indc-event-live-server:main_prod-202512102217-38170b04-88668","kubernetes_container_image_id":"docker-pullable://harbor.meta42.indc.vnet.com/indc/indc-event-live-server@sha256:af89cd7f2f4c957625f92055b8b8fc660aaf813bc32950ef8676f8b55cea381f","kubernetes_container_name":"container-ov2rdk","kubernetes_host":"node3","kubernetes_labels_app":"indc-event-live-server","kubernetes_labels_app_kubernetes_io/name":"indc-event-live-server","kubernetes_labels_logging":"true","kubernetes_labels_pod-template-hash":"6d7d79988","kubernetes_master_url":"https://10.233.0.1:443/api","kubernetes_namespace_id":"8c93404f-ab15-404f-bfa6-0ea4f1268053","kubernetes_namespace_labels_kubernetes_io/metadata_name":"sreworks","kubernetes_namespace_labels_kubesphere_io/namespace":"sreworks","kubernetes_namespace_labels_kubesphere_io/workspace":"system-workspace","kubernetes_namespace_labels_name":"sreworks","kubernetes_namespace_name":"sreworks","kubernetes_pod_id":"af27f696-7a17-4635-bfa9-68e36fa1c1d4","kubernetes_pod_ip":"10.233.92.150","kubernetes_pod_name":"indc-event-live-server-6d7d79988-fn988","message":"2025-12-11 17:40:44.803 INFO  c857318f5fe0b46f [XNIO-1 task-9] (LoggerAspect.java:113) c.v.indc.event.aspect.LoggerAspect - 请求结束时间: 2025年12月11日 17:40:44\n","stream":"stdout","tag":"kubernetes.var.log.containers.indc-event-live-server-6d7d79988-fn988_sreworks_container-ov2rdk-25b23c20d8897518a0d91c0696c910c01786c52a73d68eb40565c68b07612f8c.log"}
3) {"@timestamp":"2025-12-11T09:40:45.718Z","docker_container_id":"25b23c20d8897518a0d91c0696c910c01786c52a73d68eb40565c68b07612f8c","index_name":"k8s-app-indc-event-live-server-2025.12.11","kubernetes_container_image":"harbor.meta42.indc.vnet.com/indc/indc-event-live-server:main_prod-202512102217-38170b04-88668","kubernetes_container_image_id":"docker-pullable://harbor.meta42.indc.vnet.com/indc/indc-event-live-server@sha256:af89cd7f2f4c957625f92055b8b8fc660aaf813bc32950ef8676f8b55cea381f","kubernetes_container_name":"container-ov2rdk","kubernetes_host":"node3","kubernetes_labels_app":"indc-event-live-server","kubernetes_labels_app_kubernetes_io/name":"indc-event-live-server","kubernetes_labels_logging":"true","kubernetes_labels_pod-template-hash":"6d7d79988","kubernetes_master_url":"https://10.233.0.1:443/api","kubernetes_namespace_id":"8c93404f-ab15-404f-bfa6-0ea4f1268053","kubernetes_namespace_labels_kubernetes_io/metadata_name":"sreworks","kubernetes_namespace_labels_kubesphere_io/namespace":"sreworks","kubernetes_namespace_labels_kubesphere_io/workspace":"system-workspace","kubernetes_namespace_labels_name":"sreworks","kubernetes_namespace_name":"sreworks","kubernetes_pod_id":"af27f696-7a17-4635-bfa9-68e36fa1c1d4","kubernetes_pod_ip":"10.233.92.150","kubernetes_pod_name":"indc-event-live-server-6d7d79988-fn988","message":"2025-12-11 17:40:44.782 INFO  c857318f5fe0b46f [XNIO-1 task-9] (DrillSqlSource.java:59) c.v.indc.event.config.DrillSqlSource - 修改后的sql:SELECT * FROM war_room WHERE parent_id = ? AND room_type = 'CHILD'\n\nJDBC Connection [HikariProxyConnection@1513192709 wrapping com.mysql.cj.jdbc.ConnectionImpl@3a895ea5] will not be managed by Spring\n\nClosing non transactional SqlSession [org.apache.ibatis.session.defaults.DefaultSqlSession@306eb245]\n\nCreating a new SqlSession\n\nSqlSession [org.apache.ibatis.session.defaults.DefaultSqlSession@becf1b3] was not registered for synchronization because synchronization is not active\n","stream":"stdout","tag":"kubernetes.var.log.containers.indc-event-live-server-6d7d79988-fn988_sreworks_container-ov2rdk-25b23c20d8897518a0d91c0696c910c01786c52a73d68eb40565c68b07612f8c.log"}
2025/12/11 17:42:00 send alert via feishu error: Post "https://open.feishu.cn/open-apis/bot/v2/hook/a06d5b36-a9d2-4408-a1dc-5ba73810b20c": tls: failed to verify certificate: x509: OSStatus -26276
2025/12/11 17:42:00 [ALERT][console] [Elasticsearch Alert] 测试告警：indc-event-live-server 日志监控
测试告警工具功能，监控 indc-event-live-server 应用的所有日志

- 索引: k8s-app-indc-event-live-server*
- 时间窗: 5m
- 命中条数: 2930
- 查询: DSL

样例事件:
1) {"@timestamp":"2025-12-11T09:41:50.719Z","docker_container_id":"25b23c20d8897518a0d91c0696c910c01786c52a73d68eb40565c68b07612f8c","index_name":"k8s-app-indc-event-live-server-2025.12.11","kubernetes_container_image":"harbor.meta42.indc.vnet.com/indc/indc-event-live-server:main_prod-202512102217-38170b04-88668","kubernetes_container_image_id":"docker-pullable://harbor.meta42.indc.vnet.com/indc/indc-event-live-server@sha256:af89cd7f2f4c957625f92055b8b8fc660aaf813bc32950ef8676f8b55cea381f","kubernetes_container_name":"container-ov2rdk","kubernetes_host":"node3","kubernetes_labels_app":"indc-event-live-server","kubernetes_labels_app_kubernetes_io/name":"indc-event-live-server","kubernetes_labels_logging":"true","kubernetes_labels_pod-template-hash":"6d7d79988","kubernetes_master_url":"https://10.233.0.1:443/api","kubernetes_namespace_id":"8c93404f-ab15-404f-bfa6-0ea4f1268053","kubernetes_namespace_labels_kubernetes_io/metadata_name":"sreworks","kubernetes_namespace_labels_kubesphere_io/namespace":"sreworks","kubernetes_namespace_labels_kubesphere_io/workspace":"system-workspace","kubernetes_namespace_labels_name":"sreworks","kubernetes_namespace_name":"sreworks","kubernetes_pod_id":"af27f696-7a17-4635-bfa9-68e36fa1c1d4","kubernetes_pod_ip":"10.233.92.150","kubernetes_pod_name":"indc-event-live-server-6d7d79988-fn988","message":"2025-12-11 17:41:50.035 INFO  faf284296ec62f40 [XNIO-1 task-14] (LoggerAspect.java:113) c.v.indc.event.aspect.LoggerAspect - 请求结束时间: 2025年12月11日 17:41:50\n","stream":"stdout","tag":"kubernetes.var.log.containers.indc-event-live-server-6d7d79988-fn988_sreworks_container-ov2rdk-25b23c20d8897518a0d91c0696c910c01786c52a73d68eb40565c68b07612f8c.log"}
2) {"@timestamp":"2025-12-11T09:41:50.718Z","docker_container_id":"25b23c20d8897518a0d91c0696c910c01786c52a73d68eb40565c68b07612f8c","index_name":"k8s-app-indc-event-live-server-2025.12.11","kubernetes_container_image":"harbor.meta42.indc.vnet.com/indc/indc-event-live-server:main_prod-202512102217-38170b04-88668","kubernetes_container_image_id":"docker-pullable://harbor.meta42.indc.vnet.com/indc/indc-event-live-server@sha256:af89cd7f2f4c957625f92055b8b8fc660aaf813bc32950ef8676f8b55cea381f","kubernetes_container_name":"container-ov2rdk","kubernetes_host":"node3","kubernetes_labels_app":"indc-event-live-server","kubernetes_labels_app_kubernetes_io/name":"indc-event-live-server","kubernetes_labels_logging":"true","kubernetes_labels_pod-template-hash":"6d7d79988","kubernetes_master_url":"https://10.233.0.1:443/api","kubernetes_namespace_id":"8c93404f-ab15-404f-bfa6-0ea4f1268053","kubernetes_namespace_labels_kubernetes_io/metadata_name":"sreworks","kubernetes_namespace_labels_kubesphere_io/namespace":"sreworks","kubernetes_namespace_labels_kubesphere_io/workspace":"system-workspace","kubernetes_namespace_labels_name":"sreworks","kubernetes_namespace_name":"sreworks","kubernetes_pod_id":"af27f696-7a17-4635-bfa9-68e36fa1c1d4","kubernetes_pod_ip":"10.233.92.150","kubernetes_pod_name":"indc-event-live-server-6d7d79988-fn988","message":"2025-12-11 17:41:49.955 INFO  faf284296ec62f40 [XNIO-1 task-14] (DrillMarkAspect.java:54) c.v.i.event.aspect.DrillMarkAspect - 参数：INSTANCE-7666 判断演练标识\n","stream":"stdout","tag":"kubernetes.var.log.containers.indc-event-live-server-6d7d79988-fn988_sreworks_container-ov2rdk-25b23c20d8897518a0d91c0696c910c01786c52a73d68eb40565c68b07612f8c.log"}
3) {"@timestamp":"2025-12-11T09:41:50.717Z","docker_container_id":"25b23c20d8897518a0d91c0696c910c01786c52a73d68eb40565c68b07612f8c","index_name":"k8s-app-indc-event-live-server-2025.12.11","kubernetes_container_image":"harbor.meta42.indc.vnet.com/indc/indc-event-live-server:main_prod-202512102217-38170b04-88668","kubernetes_container_image_id":"docker-pullable://harbor.meta42.indc.vnet.com/indc/indc-event-live-server@sha256:af89cd7f2f4c957625f92055b8b8fc660aaf813bc32950ef8676f8b55cea381f","kubernetes_container_name":"container-ov2rdk","kubernetes_host":"node3","kubernetes_labels_app":"indc-event-live-server","kubernetes_labels_app_kubernetes_io/name":"indc-event-live-server","kubernetes_labels_logging":"true","kubernetes_labels_pod-template-hash":"6d7d79988","kubernetes_master_url":"https://10.233.0.1:443/api","kubernetes_namespace_id":"8c93404f-ab15-404f-bfa6-0ea4f1268053","kubernetes_namespace_labels_kubernetes_io/metadata_name":"sreworks","kubernetes_namespace_labels_kubesphere_io/namespace":"sreworks","kubernetes_namespace_labels_kubesphere_io/workspace":"system-workspace","kubernetes_namespace_labels_name":"sreworks","kubernetes_namespace_name":"sreworks","kubernetes_pod_id":"af27f696-7a17-4635-bfa9-68e36fa1c1d4","kubernetes_pod_ip":"10.233.92.150","kubernetes_pod_name":"indc-event-live-server-6d7d79988-fn988","message":"2025-12-11 17:41:49.955 INFO  faf284296ec62f40 [XNIO-1 task-14] (LoggerAspect.java:79) c.v.indc.event.aspect.LoggerAspect - 操作人名称: 崔云丽\n","stream":"stdout","tag":"kubernetes.var.log.containers.indc-event-live-server-6d7d79988-fn988_sreworks_container-ov2rdk-25b23c20d8897518a0d91c0696c910c01786c52a73d68eb40565c68b07612f8c.log"}
2025/12/11 17:43:30 send alert via feishu error: Post "https://open.feishu.cn/open-apis/bot/v2/hook/a06d5b36-a9d2-4408-a1dc-5ba73810b20c": tls: failed to verify certificate: x509: OSStatus -26276
2025/12/11 17:43:30 [ALERT][console] [Elasticsearch Alert] 测试告警：indc-event-live-server 日志监控
测试告警工具功能，监控 indc-event-live-server 应用的所有日志

- 索引: k8s-app-indc-event-live-server*
- 时间窗: 5m
- 命中条数: 2963
- 查询: DSL

样例事件:
1) {"@timestamp":"2025-12-11T09:43:22.961Z","docker_container_id":"6924aa2eb6ca5c56e510a53677406e6bc75c4bead5ad7558a3cf14862fabe240","index_name":"k8s-app-indc-event-live-server-2025.12.11","kubernetes_container_image":"harbor.meta42.indc.vnet.com/indc/indc-event-live-server:main_prod-202512102217-38170b04-88668","kubernetes_container_image_id":"docker-pullable://harbor.meta42.indc.vnet.com/indc/indc-event-live-server@sha256:af89cd7f2f4c957625f92055b8b8fc660aaf813bc32950ef8676f8b55cea381f","kubernetes_container_name":"container-ov2rdk","kubernetes_host":"node19","kubernetes_labels_app":"indc-event-live-server","kubernetes_labels_app_kubernetes_io/name":"indc-event-live-server","kubernetes_labels_logging":"true","kubernetes_labels_pod-template-hash":"6d7d79988","kubernetes_master_url":"https://10.233.0.1:443/api","kubernetes_namespace_id":"8c93404f-ab15-404f-bfa6-0ea4f1268053","kubernetes_namespace_labels_kubernetes_io/metadata_name":"sreworks","kubernetes_namespace_labels_kubesphere_io/namespace":"sreworks","kubernetes_namespace_labels_kubesphere_io/workspace":"system-workspace","kubernetes_namespace_labels_name":"sreworks","kubernetes_namespace_name":"sreworks","kubernetes_pod_id":"46a5ada6-d104-4f7e-8c67-6d147191e107","kubernetes_pod_ip":"10.233.104.9","kubernetes_pod_name":"indc-event-live-server-6d7d79988-8966k","message":"2025-12-11 17:43:22.188 INFO  0e9160e1567e3749 [XNIO-1 task-12] (LoggerAspect.java:113) c.v.indc.event.aspect.LoggerAspect - 请求结束时间: 2025年12月11日 17:43:22\n","stream":"stdout","tag":"kubernetes.var.log.containers.indc-event-live-server-6d7d79988-8966k_sreworks_container-ov2rdk-6924aa2eb6ca5c56e510a53677406e6bc75c4bead5ad7558a3cf14862fabe240.log"}
2) {"@timestamp":"2025-12-11T09:43:22.960Z","docker_container_id":"6924aa2eb6ca5c56e510a53677406e6bc75c4bead5ad7558a3cf14862fabe240","index_name":"k8s-app-indc-event-live-server-2025.12.11","kubernetes_container_image":"harbor.meta42.indc.vnet.com/indc/indc-event-live-server:main_prod-202512102217-38170b04-88668","kubernetes_container_image_id":"docker-pullable://harbor.meta42.indc.vnet.com/indc/indc-event-live-server@sha256:af89cd7f2f4c957625f92055b8b8fc660aaf813bc32950ef8676f8b55cea381f","kubernetes_container_name":"container-ov2rdk","kubernetes_host":"node19","kubernetes_labels_app":"indc-event-live-server","kubernetes_labels_app_kubernetes_io/name":"indc-event-live-server","kubernetes_labels_logging":"true","kubernetes_labels_pod-template-hash":"6d7d79988","kubernetes_master_url":"https://10.233.0.1:443/api","kubernetes_namespace_id":"8c93404f-ab15-404f-bfa6-0ea4f1268053","kubernetes_namespace_labels_kubernetes_io/metadata_name":"sreworks","kubernetes_namespace_labels_kubesphere_io/namespace":"sreworks","kubernetes_namespace_labels_kubesphere_io/workspace":"system-workspace","kubernetes_namespace_labels_name":"sreworks","kubernetes_namespace_name":"sreworks","kubernetes_pod_id":"46a5ada6-d104-4f7e-8c67-6d147191e107","kubernetes_pod_ip":"10.233.104.9","kubernetes_pod_name":"indc-event-live-server-6d7d79988-8966k","message":"2025-12-11 17:43:22.088 INFO  0e9160e1567e3749 [XNIO-1 task-12] (DrillMarkAspect.java:54) c.v.i.event.aspect.DrillMarkAspect - 参数：[\"92645\",\"5083\"] 判断演练标识\n","stream":"stdout","tag":"kubernetes.var.log.containers.indc-event-live-server-6d7d79988-8966k_sreworks_container-ov2rdk-6924aa2eb6ca5c56e510a53677406e6bc75c4bead5ad7558a3cf14862fabe240.log"}
3) {"@timestamp":"2025-12-11T09:43:22.960Z","docker_container_id":"6924aa2eb6ca5c56e510a53677406e6bc75c4bead5ad7558a3cf14862fabe240","index_name":"k8s-app-indc-event-live-server-2025.12.11","kubernetes_container_image":"harbor.meta42.indc.vnet.com/indc/indc-event-live-server:main_prod-202512102217-38170b04-88668","kubernetes_container_image_id":"docker-pullable://harbor.meta42.indc.vnet.com/indc/indc-event-live-server@sha256:af89cd7f2f4c957625f92055b8b8fc660aaf813bc32950ef8676f8b55cea381f","kubernetes_container_name":"container-ov2rdk","kubernetes_host":"node19","kubernetes_labels_app":"indc-event-live-server","kubernetes_labels_app_kubernetes_io/name":"indc-event-live-server","kubernetes_labels_logging":"true","kubernetes_labels_pod-template-hash":"6d7d79988","kubernetes_master_url":"https://10.233.0.1:443/api","kubernetes_namespace_id":"8c93404f-ab15-404f-bfa6-0ea4f1268053","kubernetes_namespace_labels_kubernetes_io/metadata_name":"sreworks","kubernetes_namespace_labels_kubesphere_io/namespace":"sreworks","kubernetes_namespace_labels_kubesphere_io/workspace":"system-workspace","kubernetes_namespace_labels_name":"sreworks","kubernetes_namespace_name":"sreworks","kubernetes_pod_id":"46a5ada6-d104-4f7e-8c67-6d147191e107","kubernetes_pod_ip":"10.233.104.9","kubernetes_pod_name":"indc-event-live-server-6d7d79988-8966k","message":"2025-12-11 17:43:22.089 INFO  0e9160e1567e3749 [XNIO-1 task-12] (AuthUtil.java:194) com.vnet.indc.event.utils.AuthUtil - 通过岗位：[39, 52, 26],楼栋id:null查询用户开始\n","stream":"stdout","tag":"kubernetes.var.log.containers.indc-event-live-server-6d7d79988-8966k_sreworks_container-ov2rdk-6924aa2eb6ca5c56e510a53677406e6bc75c4bead5ad7558a3cf14862fabe240.log"}
2025/12/11 17:44:30 send alert via feishu error: Post "https://open.feishu.cn/open-apis/bot/v2/hook/a06d5b36-a9d2-4408-a1dc-5ba73810b20c": tls: failed to verify certificate: x509: OSStatus -26276
2025/12/11 17:44:30 [ALERT][console] [Elasticsearch Alert] 测试告警：indc-event-live-server 日志监控
测试告警工具功能，监控 indc-event-live-server 应用的所有日志

- 索引: k8s-app-indc-event-live-server*
- 时间窗: 5m
- 命中条数: 2226
- 查询: DSL

样例事件:
1) {"@timestamp":"2025-12-11T09:44:22.991Z","docker_container_id":"6924aa2eb6ca5c56e510a53677406e6bc75c4bead5ad7558a3cf14862fabe240","index_name":"k8s-app-indc-event-live-server-2025.12.11","kubernetes_container_image":"harbor.meta42.indc.vnet.com/indc/indc-event-live-server:main_prod-202512102217-38170b04-88668","kubernetes_container_image_id":"docker-pullable://harbor.meta42.indc.vnet.com/indc/indc-event-live-server@sha256:af89cd7f2f4c957625f92055b8b8fc660aaf813bc32950ef8676f8b55cea381f","kubernetes_container_name":"container-ov2rdk","kubernetes_host":"node19","kubernetes_labels_app":"indc-event-live-server","kubernetes_labels_app_kubernetes_io/name":"indc-event-live-server","kubernetes_labels_logging":"true","kubernetes_labels_pod-template-hash":"6d7d79988","kubernetes_master_url":"https://10.233.0.1:443/api","kubernetes_namespace_id":"8c93404f-ab15-404f-bfa6-0ea4f1268053","kubernetes_namespace_labels_kubernetes_io/metadata_name":"sreworks","kubernetes_namespace_labels_kubesphere_io/namespace":"sreworks","kubernetes_namespace_labels_kubesphere_io/workspace":"system-workspace","kubernetes_namespace_labels_name":"sreworks","kubernetes_namespace_name":"sreworks","kubernetes_pod_id":"46a5ada6-d104-4f7e-8c67-6d147191e107","kubernetes_pod_ip":"10.233.104.9","kubernetes_pod_name":"indc-event-live-server-6d7d79988-8966k","message":"2025-12-11 17:44:22.134 INFO  b7daf203a43ef2ea [XNIO-1 task-3] (LoggerAspect.java:113) c.v.indc.event.aspect.LoggerAspect - 请求结束时间: 2025年12月11日 17:44:22\n","stream":"stdout","tag":"kubernetes.var.log.containers.indc-event-live-server-6d7d79988-8966k_sreworks_container-ov2rdk-6924aa2eb6ca5c56e510a53677406e6bc75c4bead5ad7558a3cf14862fabe240.log"}
2) {"@timestamp":"2025-12-11T09:44:22.991Z","docker_container_id":"6924aa2eb6ca5c56e510a53677406e6bc75c4bead5ad7558a3cf14862fabe240","index_name":"k8s-app-indc-event-live-server-2025.12.11","kubernetes_container_image":"harbor.meta42.indc.vnet.com/indc/indc-event-live-server:main_prod-202512102217-38170b04-88668","kubernetes_container_image_id":"docker-pullable://harbor.meta42.indc.vnet.com/indc/indc-event-live-server@sha256:af89cd7f2f4c957625f92055b8b8fc660aaf813bc32950ef8676f8b55cea381f","kubernetes_container_name":"container-ov2rdk","kubernetes_host":"node19","kubernetes_labels_app":"indc-event-live-server","kubernetes_labels_app_kubernetes_io/name":"indc-event-live-server","kubernetes_labels_logging":"true","kubernetes_labels_pod-template-hash":"6d7d79988","kubernetes_master_url":"https://10.233.0.1:443/api","kubernetes_namespace_id":"8c93404f-ab15-404f-bfa6-0ea4f1268053","kubernetes_namespace_labels_kubernetes_io/metadata_name":"sreworks","kubernetes_namespace_labels_kubesphere_io/namespace":"sreworks","kubernetes_namespace_labels_kubesphere_io/workspace":"system-workspace","kubernetes_namespace_labels_name":"sreworks","kubernetes_namespace_name":"sreworks","kubernetes_pod_id":"46a5ada6-d104-4f7e-8c67-6d147191e107","kubernetes_pod_ip":"10.233.104.9","kubernetes_pod_name":"indc-event-live-server-6d7d79988-8966k","message":"2025-12-11 17:44:22.135 INFO  b7daf203a43ef2ea [XNIO-1 task-3] (LoggerAspect.java:115) c.v.indc.event.aspect.LoggerAspect - --------后台管理请求后置日志输出完成--------\n","stream":"stdout","tag":"kubernetes.var.log.containers.indc-event-live-server-6d7d79988-8966k_sreworks_container-ov2rdk-6924aa2eb6ca5c56e510a53677406e6bc75c4bead5ad7558a3cf14862fabe240.log"}
3) {"@timestamp":"2025-12-11T09:44:22.991Z","docker_container_id":"6924aa2eb6ca5c56e510a53677406e6bc75c4bead5ad7558a3cf14862fabe240","index_name":"k8s-app-indc-event-live-server-2025.12.11","kubernetes_container_image":"harbor.meta42.indc.vnet.com/indc/indc-event-live-server:main_prod-202512102217-38170b04-88668","kubernetes_container_image_id":"docker-pullable://harbor.meta42.indc.vnet.com/indc/indc-event-live-server@sha256:af89cd7f2f4c957625f92055b8b8fc660aaf813bc32950ef8676f8b55cea381f","kubernetes_container_name":"container-ov2rdk","kubernetes_host":"node19","kubernetes_labels_app":"indc-event-live-server","kubernetes_labels_app_kubernetes_io/name":"indc-event-live-server","kubernetes_labels_logging":"true","kubernetes_labels_pod-template-hash":"6d7d79988","kubernetes_master_url":"https://10.233.0.1:443/api","kubernetes_namespace_id":"8c93404f-ab15-404f-bfa6-0ea4f1268053","kubernetes_namespace_labels_kubernetes_io/metadata_name":"sreworks","kubernetes_namespace_labels_kubesphere_io/namespace":"sreworks","kubernetes_namespace_labels_kubesphere_io/workspace":"system-workspace","kubernetes_namespace_labels_name":"sreworks","kubernetes_namespace_name":"sreworks","kubernetes_pod_id":"46a5ada6-d104-4f7e-8c67-6d147191e107","kubernetes_pod_ip":"10.233.104.9","kubernetes_pod_name":"indc-event-live-server-6d7d79988-8966k","message":"2025-12-11 17:44:22.169 INFO  fcd743dcfb9ab55e [XNIO-1 task-12] (LoggerAspect.java:113) c.v.indc.event.aspect.LoggerAspect - 请求结束时间: 2025年12月11日 17:44:22\n","stream":"stdout","tag":"kubernetes.var.log.containers.indc-event-live-server-6d7d79988-8966k_sreworks_container-ov2rdk-6924aa2eb6ca5c56e510a53677406e6bc75c4bead5ad7558a3cf14862fabe240.log"}
2025/12/11 17:46:00 send alert via feishu error: Post "https://open.feishu.cn/open-apis/bot/v2/hook/a06d5b36-a9d2-4408-a1dc-5ba73810b20c": tls: failed to verify certificate: x509: OSStatus -26276
2025/12/11 17:46:00 [ALERT][console] [Elasticsearch Alert] 测试告警：indc-event-live-server 日志监控
测试告警工具功能，监控 indc-event-live-server 应用的所有日志

- 索引: k8s-app-indc-event-live-server*
- 时间窗: 5m
- 命中条数: 1329
- 查询: DSL

样例事件:
1) {"@timestamp":"2025-12-11T09:45:49.953Z","docker_container_id":"6924aa2eb6ca5c56e510a53677406e6bc75c4bead5ad7558a3cf14862fabe240","index_name":"k8s-app-indc-event-live-server-2025.12.11","kubernetes_container_image":"harbor.meta42.indc.vnet.com/indc/indc-event-live-server:main_prod-202512102217-38170b04-88668","kubernetes_container_image_id":"docker-pullable://harbor.meta42.indc.vnet.com/indc/indc-event-live-server@sha256:af89cd7f2f4c957625f92055b8b8fc660aaf813bc32950ef8676f8b55cea381f","kubernetes_container_name":"container-ov2rdk","kubernetes_host":"node19","kubernetes_labels_app":"indc-event-live-server","kubernetes_labels_app_kubernetes_io/name":"indc-event-live-server","kubernetes_labels_logging":"true","kubernetes_labels_pod-template-hash":"6d7d79988","kubernetes_master_url":"https://10.233.0.1:443/api","kubernetes_namespace_id":"8c93404f-ab15-404f-bfa6-0ea4f1268053","kubernetes_namespace_labels_kubernetes_io/metadata_name":"sreworks","kubernetes_namespace_labels_kubesphere_io/namespace":"sreworks","kubernetes_namespace_labels_kubesphere_io/workspace":"system-workspace","kubernetes_namespace_labels_name":"sreworks","kubernetes_namespace_name":"sreworks","kubernetes_pod_id":"46a5ada6-d104-4f7e-8c67-6d147191e107","kubernetes_pod_ip":"10.233.104.9","kubernetes_pod_name":"indc-event-live-server-6d7d79988-8966k","message":"2025-12-11 17:45:49.655 INFO   [com.alibaba.nacos.naming.push.receiver] (PushReceiver.java:86) com.alibaba.nacos.client.naming - received push data: {\"type\":\"dom\",\"data\":\"{\\\"name\\\":\\\"DEFAULT_GROUP@@meta42-iot-server\\\",\\\"clusters\\\":\\\"\\\",\\\"cacheMillis\\\":10000,\\\"hosts\\\":[{\\\"instanceId\\\":\\\"10.233.70.241#8090#DEFAULT#DEFAULT_GROUP@@meta42-iot-server\\\",\\\"ip\\\":\\\"10.233.70.241\\\",\\\"port\\\":8090,\\\"weight\\\":1.0,\\\"healthy\\\":true,\\\"enabled\\\":true,\\\"ephemeral\\\":true,\\\"clusterName\\\":\\\"DEFAULT\\\",\\\"serviceName\\\":\\\"DEFAULT_GROUP@@meta42-iot-server\\\",\\\"metadata\\\":{\\\"preserved.register.source\\\":\\\"SPRING_CLOUD\\\",\\\"management.port\\\":\\\"60003\\\"},\\\"ipDeleteTimeout\\\":30000,\\\"instanceHeartBeatInterval\\\":5000,\\\"instanceHeartBeatTimeOut\\\":15000},{\\\"instanceId\\\":\\\"10.233.103.161#8090#DEFAULT#DEFAULT_GROUP@@meta42-iot-server\\\",\\\"ip\\\":\\\"10.233.103.161\\\",\\\"port\\\":8090,\\\"weight\\\":1.0,\\\"healthy\\\":true,\\\"enabled\\\":true,\\\"ephemeral\\\":true,\\\"clusterName\\\":\\\"DEFAULT\\\",\\\"serviceName\\\":\\\"DEFAULT_GROUP@@meta42-iot-server\\\",\\\"metadata\\\":{\\\"preserved.register.source\\\":\\\"SPRING_CLOUD\\\",\\\"management.port\\\":\\\"60003\\\"},\\\"ipDeleteTimeout\\\":30000,\\\"instanceHeartBeatInterval\\\":5000,\\\"instanceHeartBeatTimeOut\\\":15000},{\\\"instanceId\\\":\\\"10.233.103.192#8090#DEFAULT#DEFAULT_GROUP@@meta42-iot-server\\\",\\\"ip\\\":\\\"10.233.103.192\\\",\\\"port\\\":8090,\\\"weight\\\":1.0,\\\"healthy\\\":true,\\\"enabled\\\":true,\\\"ephemeral\\\":true,\\\"clusterName\\\":\\\"DEFAULT\\\",\\\"serviceName\\\":\\\"DEFAULT_GROUP@@meta42-iot-server\\\",\\\"metadata\\\":{\\\"preserved.register.source\\\":\\\"SPRING_CLOUD\\\",\\\"management.port\\\":\\\"60003\\\"},\\\"ipDeleteTimeout\\\":30000,\\\"instanceHeartBeatInterval\\\":5000,\\\"instanceHeartBeatTimeOut\\\":15000},{\\\"instanceId\\\":\\\"10.233.103.22#8090#DEFAULT#DEFAULT_GROUP@@meta42-iot-server\\\",\\\"ip\\\":\\\"10.233.103.22\\\",\\\"port\\\":8090,\\\"weight\\\":1.0,\\\"healthy\\\":true,\\\"enabled\\\":true,\\\"ephemeral\\\":true,\\\"clusterName\\\":\\\"DEFAULT\\\",\\\"serviceName\\\":\\\"DEFAULT_GROUP@@meta42-iot-server\\\",\\\"metadata\\\":{\\\"preserved.register.source\\\":\\\"SPRING_CLOUD\\\",\\\"management.port\\\":\\\"60003\\\"},\\\"ipDeleteTimeout\\\":30000,\\\"instanceHeartBeatInterval\\\":5000,\\\"instanceHeartBeatTimeOut\\\":15000},{\\\"instanceId\\\":\\\"10.233.70.63#8090#DEFAULT#DEFAULT_GROUP@@meta42-iot-server\\\",\\\"ip\\\":\\\"10.233.70.63\\\",\\\"port\\\":8090,\\\"weight\\\":1.0,\\\"healthy\\\":true,\\\"enabled\\\":true,\\\"ephemeral\\\":true,\\\"clusterName\\\":\\\"DEFAULT\\\",\\\"serviceName\\\":\\\"DEFAULT_GROUP@@meta42-iot-server\\\",\\\"metadata\\\":{\\\"preserved.register.source\\\":\\\"SPRING_CLOUD\\\",\\\"management.port\\\":\\\"60003\\\"},\\\"ipDeleteTimeout\\\":30000,\\\"instanceHeartBeatInterval\\\":5000,\\\"instanceHeartBeatTimeOut\\\":15000}],\\\"lastRefTime\\\":1765446349655,\\\"checksum\\\":\\\"\\\",\\\"allIPs\\\":false,\\\"reachProtectionThreshold\\\":false,\\\"valid\\\":true}\",\"lastRefTime\":81317133337420612} from /10.233.103.27\n","stream":"stdout","tag":"kubernetes.var.log.containers.indc-event-live-server-6d7d79988-8966k_sreworks_container-ov2rdk-6924aa2eb6ca5c56e510a53677406e6bc75c4bead5ad7558a3cf14862fabe240.log"}
2) {"@timestamp":"2025-12-11T09:45:49.951Z","docker_container_id":"6924aa2eb6ca5c56e510a53677406e6bc75c4bead5ad7558a3cf14862fabe240","index_name":"k8s-app-indc-event-live-server-2025.12.11","kubernetes_container_image":"harbor.meta42.indc.vnet.com/indc/indc-event-live-server:main_prod-202512102217-38170b04-88668","kubernetes_container_image_id":"docker-pullable://harbor.meta42.indc.vnet.com/indc/indc-event-live-server@sha256:af89cd7f2f4c957625f92055b8b8fc660aaf813bc32950ef8676f8b55cea381f","kubernetes_container_name":"container-ov2rdk","kubernetes_host":"node19","kubernetes_labels_app":"indc-event-live-server","kubernetes_labels_app_kubernetes_io/name":"indc-event-live-server","kubernetes_labels_logging":"true","kubernetes_labels_pod-template-hash":"6d7d79988","kubernetes_master_url":"https://10.233.0.1:443/api","kubernetes_namespace_id":"8c93404f-ab15-404f-bfa6-0ea4f1268053","kubernetes_namespace_labels_kubernetes_io/metadata_name":"sreworks","kubernetes_namespace_labels_kubesphere_io/namespace":"sreworks","kubernetes_namespace_labels_kubesphere_io/workspace":"system-workspace","kubernetes_namespace_labels_name":"sreworks","kubernetes_namespace_name":"sreworks","kubernetes_pod_id":"46a5ada6-d104-4f7e-8c67-6d147191e107","kubernetes_pod_ip":"10.233.104.9","kubernetes_pod_name":"indc-event-live-server-6d7d79988-8966k","message":"2025-12-11 17:45:48.754 INFO   [com.alibaba.nacos.naming.push.receiver] (PushReceiver.java:86) com.alibaba.nacos.client.naming - received push data: {\"type\":\"dom\",\"data\":\"{\\\"name\\\":\\\"DEFAULT_GROUP@@indc-usability-server\\\",\\\"clusters\\\":\\\"\\\",\\\"cacheMillis\\\":10000,\\\"hosts\\\":[{\\\"instanceId\\\":\\\"10.233.106.62#8090#DEFAULT#DEFAULT_GROUP@@indc-usability-server\\\",\\\"ip\\\":\\\"10.233.106.62\\\",\\\"port\\\":8090,\\\"weight\\\":1.0,\\\"healthy\\\":true,\\\"enabled\\\":true,\\\"ephemeral\\\":true,\\\"clusterName\\\":\\\"DEFAULT\\\",\\\"serviceName\\\":\\\"DEFAULT_GROUP@@indc-usability-server\\\",\\\"metadata\\\":{\\\"VERSION\\\":\\\"1.8.2\\\",\\\"preserved.register.source\\\":\\\"SPRING_CLOUD\\\"},\\\"ipDeleteTimeout\\\":30000,\\\"instanceHeartBeatInterval\\\":5000,\\\"instanceHeartBeatTimeOut\\\":15000},{\\\"instanceId\\\":\\\"10.233.123.10#8090#DEFAULT#DEFAULT_GROUP@@indc-usability-server\\\",\\\"ip\\\":\\\"10.233.123.10\\\",\\\"port\\\":8090,\\\"weight\\\":1.0,\\\"healthy\\\":true,\\\"enabled\\\":true,\\\"ephemeral\\\":true,\\\"clusterName\\\":\\\"DEFAULT\\\",\\\"serviceName\\\":\\\"DEFAULT_GROUP@@indc-usability-server\\\",\\\"metadata\\\":{\\\"VERSION\\\":\\\"1.8.2\\\",\\\"preserved.register.source\\\":\\\"SPRING_CLOUD\\\"},\\\"ipDeleteTimeout\\\":30000,\\\"instanceHeartBeatInterval\\\":5000,\\\"instanceHeartBeatTimeOut\\\":15000},{\\\"instanceId\\\":\\\"10.233.104.245#8090#DEFAULT#DEFAULT_GROUP@@indc-usability-server\\\",\\\"ip\\\":\\\"10.233.104.245\\\",\\\"port\\\":8090,\\\"weight\\\":1.0,\\\"healthy\\\":true,\\\"enabled\\\":true,\\\"ephemeral\\\":true,\\\"clusterName\\\":\\\"DEFAULT\\\",\\\"serviceName\\\":\\\"DEFAULT_GROUP@@indc-usability-server\\\",\\\"metadata\\\":{\\\"VERSION\\\":\\\"1.8.2\\\",\\\"preserved.register.source\\\":\\\"SPRING_CLOUD\\\"},\\\"ipDeleteTimeout\\\":30000,\\\"instanceHeartBeatInterval\\\":5000,\\\"instanceHeartBeatTimeOut\\\":15000},{\\\"instanceId\\\":\\\"10.233.105.199#8090#DEFAULT#DEFAULT_GROUP@@indc-usability-server\\\",\\\"ip\\\":\\\"10.233.105.199\\\",\\\"port\\\":8090,\\\"weight\\\":1.0,\\\"healthy\\\":true,\\\"enabled\\\":true,\\\"ephemeral\\\":true,\\\"clusterName\\\":\\\"DEFAULT\\\",\\\"serviceName\\\":\\\"DEFAULT_GROUP@@indc-usability-server\\\",\\\"metadata\\\":{\\\"VERSION\\\":\\\"1.8.2\\\",\\\"preserved.register.source\\\":\\\"SPRING_CLOUD\\\"},\\\"ipDeleteTimeout\\\":30000,\\\"instanceHeartBeatInterval\\\":5000,\\\"instanceHeartBeatTimeOut\\\":15000},{\\\"instanceId\\\":\\\"10.233.126.189#8090#DEFAULT#DEFAULT_GROUP@@indc-usability-server\\\",\\\"ip\\\":\\\"10.233.126.189\\\",\\\"port\\\":8090,\\\"weight\\\":1.0,\\\"healthy\\\":true,\\\"enabled\\\":true,\\\"ephemeral\\\":true,\\\"clusterName\\\":\\\"DEFAULT\\\",\\\"serviceName\\\":\\\"DEFAULT_GROUP@@indc-usability-server\\\",\\\"metadata\\\":{\\\"VERSION\\\":\\\"1.8.2\\\",\\\"preserved.register.source\\\":\\\"SPRING_CLOUD\\\"},\\\"ipDeleteTimeout\\\":30000,\\\"instanceHeartBeatInterval\\\":5000,\\\"instanceHeartBeatTimeOut\\\":15000}],\\\"lastRefTime\\\":1765446348754,\\\"checksum\\\":\\\"\\\",\\\"allIPs\\\":false,\\\"reachProtectionThreshold\\\":false,\\\"valid\\\":true}\",\"lastRefTime\":81317132436537406} from /10.233.103.27\n","stream":"stdout","tag":"kubernetes.var.log.containers.indc-event-live-server-6d7d79988-8966k_sreworks_container-ov2rdk-6924aa2eb6ca5c56e510a53677406e6bc75c4bead5ad7558a3cf14862fabe240.log"}
3) {"@timestamp":"2025-12-11T09:45:44.963Z","docker_container_id":"6924aa2eb6ca5c56e510a53677406e6bc75c4bead5ad7558a3cf14862fabe240","index_name":"k8s-app-indc-event-live-server-2025.12.11","kubernetes_container_image":"harbor.meta42.indc.vnet.com/indc/indc-event-live-server:main_prod-202512102217-38170b04-88668","kubernetes_container_image_id":"docker-pullable://harbor.meta42.indc.vnet.com/indc/indc-event-live-server@sha256:af89cd7f2f4c957625f92055b8b8fc660aaf813bc32950ef8676f8b55cea381f","kubernetes_container_name":"container-ov2rdk","kubernetes_host":"node19","kubernetes_labels_app":"indc-event-live-server","kubernetes_labels_app_kubernetes_io/name":"indc-event-live-server","kubernetes_labels_logging":"true","kubernetes_labels_pod-template-hash":"6d7d79988","kubernetes_master_url":"https://10.233.0.1:443/api","kubernetes_namespace_id":"8c93404f-ab15-404f-bfa6-0ea4f1268053","kubernetes_namespace_labels_kubernetes_io/metadata_name":"sreworks","kubernetes_namespace_labels_kubesphere_io/namespace":"sreworks","kubernetes_namespace_labels_kubesphere_io/workspace":"system-workspace","kubernetes_namespace_labels_name":"sreworks","kubernetes_namespace_name":"sreworks","kubernetes_pod_id":"46a5ada6-d104-4f7e-8c67-6d147191e107","kubernetes_pod_ip":"10.233.104.9","kubernetes_pod_name":"indc-event-live-server-6d7d79988-8966k","message":"2025-12-11 17:45:44.802 INFO  7ca6365ff90bc775 [XNIO-1 task-12] (LoggerAspect.java:115) c.v.indc.event.aspect.LoggerAspect - --------后台管理请求后置日志输出完成--------\n","stream":"stdout","tag":"kubernetes.var.log.containers.indc-event-live-server-6d7d79988-8966k_sreworks_container-ov2rdk-6924aa2eb6ca5c56e510a53677406e6bc75c4bead5ad7558a3cf14862fabe240.log"}
2025/12/11 17:47:30 send alert via feishu error: Post "https://open.feishu.cn/open-apis/bot/v2/hook/a06d5b36-a9d2-4408-a1dc-5ba73810b20c": tls: failed to verify certificate: x509: OSStatus -26276
2025/12/11 17:47:30 [ALERT][console] [Elasticsearch Alert] 测试告警：indc-event-live-server 日志监控
测试告警工具功能，监控 indc-event-live-server 应用的所有日志

- 索引: k8s-app-indc-event-live-server*
- 时间窗: 5m
- 命中条数: 970
- 查询: DSL

样例事件:
1) {"@timestamp":"2025-12-11T09:47:23.042Z","docker_container_id":"6924aa2eb6ca5c56e510a53677406e6bc75c4bead5ad7558a3cf14862fabe240","index_name":"k8s-app-indc-event-live-server-2025.12.11","kubernetes_container_image":"harbor.meta42.indc.vnet.com/indc/indc-event-live-server:main_prod-202512102217-38170b04-88668","kubernetes_container_image_id":"docker-pullable://harbor.meta42.indc.vnet.com/indc/indc-event-live-server@sha256:af89cd7f2f4c957625f92055b8b8fc660aaf813bc32950ef8676f8b55cea381f","kubernetes_container_name":"container-ov2rdk","kubernetes_host":"node19","kubernetes_labels_app":"indc-event-live-server","kubernetes_labels_app_kubernetes_io/name":"indc-event-live-server","kubernetes_labels_logging":"true","kubernetes_labels_pod-template-hash":"6d7d79988","kubernetes_master_url":"https://10.233.0.1:443/api","kubernetes_namespace_id":"8c93404f-ab15-404f-bfa6-0ea4f1268053","kubernetes_namespace_labels_kubernetes_io/metadata_name":"sreworks","kubernetes_namespace_labels_kubesphere_io/namespace":"sreworks","kubernetes_namespace_labels_kubesphere_io/workspace":"system-workspace","kubernetes_namespace_labels_name":"sreworks","kubernetes_namespace_name":"sreworks","kubernetes_pod_id":"46a5ada6-d104-4f7e-8c67-6d147191e107","kubernetes_pod_ip":"10.233.104.9","kubernetes_pod_name":"indc-event-live-server-6d7d79988-8966k","message":"2025-12-11 17:47:22.375 INFO  8026d76e1a3efb3e [XNIO-1 task-12] (LoggerAspect.java:113) c.v.indc.event.aspect.LoggerAspect - 请求结束时间: 2025年12月11日 17:47:22\n","stream":"stdout","tag":"kubernetes.var.log.containers.indc-event-live-server-6d7d79988-8966k_sreworks_container-ov2rdk-6924aa2eb6ca5c56e510a53677406e6bc75c4bead5ad7558a3cf14862fabe240.log"}
2) {"@timestamp":"2025-12-11T09:47:23.041Z","docker_container_id":"6924aa2eb6ca5c56e510a53677406e6bc75c4bead5ad7558a3cf14862fabe240","index_name":"k8s-app-indc-event-live-server-2025.12.11","kubernetes_container_image":"harbor.meta42.indc.vnet.com/indc/indc-event-live-server:main_prod-202512102217-38170b04-88668","kubernetes_container_image_id":"docker-pullable://harbor.meta42.indc.vnet.com/indc/indc-event-live-server@sha256:af89cd7f2f4c957625f92055b8b8fc660aaf813bc32950ef8676f8b55cea381f","kubernetes_container_name":"container-ov2rdk","kubernetes_host":"node19","kubernetes_labels_app":"indc-event-live-server","kubernetes_labels_app_kubernetes_io/name":"indc-event-live-server","kubernetes_labels_logging":"true","kubernetes_labels_pod-template-hash":"6d7d79988","kubernetes_master_url":"https://10.233.0.1:443/api","kubernetes_namespace_id":"8c93404f-ab15-404f-bfa6-0ea4f1268053","kubernetes_namespace_labels_kubernetes_io/metadata_name":"sreworks","kubernetes_namespace_labels_kubesphere_io/namespace":"sreworks","kubernetes_namespace_labels_kubesphere_io/workspace":"system-workspace","kubernetes_namespace_labels_name":"sreworks","kubernetes_namespace_name":"sreworks","kubernetes_pod_id":"46a5ada6-d104-4f7e-8c67-6d147191e107","kubernetes_pod_ip":"10.233.104.9","kubernetes_pod_name":"indc-event-live-server-6d7d79988-8966k","message":"2025-12-11 17:47:22.288 INFO  8026d76e1a3efb3e [XNIO-1 task-12] (AuthUtil.java:194) com.vnet.indc.event.utils.AuthUtil - 通过岗位：[39, 52, 26],楼栋id:null查询用户开始\n","stream":"stdout","tag":"kubernetes.var.log.containers.indc-event-live-server-6d7d79988-8966k_sreworks_container-ov2rdk-6924aa2eb6ca5c56e510a53677406e6bc75c4bead5ad7558a3cf14862fabe240.log"}
3) {"@timestamp":"2025-12-11T09:47:23.041Z","docker_container_id":"6924aa2eb6ca5c56e510a53677406e6bc75c4bead5ad7558a3cf14862fabe240","index_name":"k8s-app-indc-event-live-server-2025.12.11","kubernetes_container_image":"harbor.meta42.indc.vnet.com/indc/indc-event-live-server:main_prod-202512102217-38170b04-88668","kubernetes_container_image_id":"docker-pullable://harbor.meta42.indc.vnet.com/indc/indc-event-live-server@sha256:af89cd7f2f4c957625f92055b8b8fc660aaf813bc32950ef8676f8b55cea381f","kubernetes_container_name":"container-ov2rdk","kubernetes_host":"node19","kubernetes_labels_app":"indc-event-live-server","kubernetes_labels_app_kubernetes_io/name":"indc-event-live-server","kubernetes_labels_logging":"true","kubernetes_labels_pod-template-hash":"6d7d79988","kubernetes_master_url":"https://10.233.0.1:443/api","kubernetes_namespace_id":"8c93404f-ab15-404f-bfa6-0ea4f1268053","kubernetes_namespace_labels_kubernetes_io/metadata_name":"sreworks","kubernetes_namespace_labels_kubesphere_io/namespace":"sreworks","kubernetes_namespace_labels_kubesphere_io/workspace":"system-workspace","kubernetes_namespace_labels_name":"sreworks","kubernetes_namespace_name":"sreworks","kubernetes_pod_id":"46a5ada6-d104-4f7e-8c67-6d147191e107","kubernetes_pod_ip":"10.233.104.9","kubernetes_pod_name":"indc-event-live-server-6d7d79988-8966k","message":"2025-12-11 17:47:22.331 INFO  8026d76e1a3efb3e [XNIO-1 task-12] (AuthUtil.java:194) com.vnet.indc.event.utils.AuthUtil - 通过岗位：[39, 52, 26],楼栋id:null查询用户开始\n","stream":"stdout","tag":"kubernetes.var.log.containers.indc-event-live-server-6d7d79988-8966k_sreworks_container-ov2rdk-6924aa2eb6ca5c56e510a53677406e6bc75c4bead5ad7558a3cf14862fabe240.log"}
2025/12/11 17:48:30 send alert via feishu error: Post "https://open.feishu.cn/open-apis/bot/v2/hook/a06d5b36-a9d2-4408-a1dc-5ba73810b20c": tls: failed to verify certificate: x509: OSStatus -26276
2025/12/11 17:48:30 [ALERT][console] [Elasticsearch Alert] 测试告警：indc-event-live-server 日志监控
测试告警工具功能，监控 indc-event-live-server 应用的所有日志

- 索引: k8s-app-indc-event-live-server*
- 时间窗: 5m
- 命中条数: 1650
- 查询: DSL

样例事件:
1) {"@timestamp":"2025-12-11T09:48:23.051Z","docker_container_id":"6924aa2eb6ca5c56e510a53677406e6bc75c4bead5ad7558a3cf14862fabe240","index_name":"k8s-app-indc-event-live-server-2025.12.11","kubernetes_container_image":"harbor.meta42.indc.vnet.com/indc/indc-event-live-server:main_prod-202512102217-38170b04-88668","kubernetes_container_image_id":"docker-pullable://harbor.meta42.indc.vnet.com/indc/indc-event-live-server@sha256:af89cd7f2f4c957625f92055b8b8fc660aaf813bc32950ef8676f8b55cea381f","kubernetes_container_name":"container-ov2rdk","kubernetes_host":"node19","kubernetes_labels_app":"indc-event-live-server","kubernetes_labels_app_kubernetes_io/name":"indc-event-live-server","kubernetes_labels_logging":"true","kubernetes_labels_pod-template-hash":"6d7d79988","kubernetes_master_url":"https://10.233.0.1:443/api","kubernetes_namespace_id":"8c93404f-ab15-404f-bfa6-0ea4f1268053","kubernetes_namespace_labels_kubernetes_io/metadata_name":"sreworks","kubernetes_namespace_labels_kubesphere_io/namespace":"sreworks","kubernetes_namespace_labels_kubesphere_io/workspace":"system-workspace","kubernetes_namespace_labels_name":"sreworks","kubernetes_namespace_name":"sreworks","kubernetes_pod_id":"46a5ada6-d104-4f7e-8c67-6d147191e107","kubernetes_pod_ip":"10.233.104.9","kubernetes_pod_name":"indc-event-live-server-6d7d79988-8966k","message":"2025-12-11 17:48:22.096 INFO  50ba4a25984b1c92 [XNIO-1 task-12] (AuthUtil.java:194) com.vnet.indc.event.utils.AuthUtil - 通过岗位：[39, 52, 26],楼栋id:null查询用户开始\n","stream":"stdout","tag":"kubernetes.var.log.containers.indc-event-live-server-6d7d79988-8966k_sreworks_container-ov2rdk-6924aa2eb6ca5c56e510a53677406e6bc75c4bead5ad7558a3cf14862fabe240.log"}
2) {"@timestamp":"2025-12-11T09:48:23.051Z","docker_container_id":"6924aa2eb6ca5c56e510a53677406e6bc75c4bead5ad7558a3cf14862fabe240","index_name":"k8s-app-indc-event-live-server-2025.12.11","kubernetes_container_image":"harbor.meta42.indc.vnet.com/indc/indc-event-live-server:main_prod-202512102217-38170b04-88668","kubernetes_container_image_id":"docker-pullable://harbor.meta42.indc.vnet.com/indc/indc-event-live-server@sha256:af89cd7f2f4c957625f92055b8b8fc660aaf813bc32950ef8676f8b55cea381f","kubernetes_container_name":"container-ov2rdk","kubernetes_host":"node19","kubernetes_labels_app":"indc-event-live-server","kubernetes_labels_app_kubernetes_io/name":"indc-event-live-server","kubernetes_labels_logging":"true","kubernetes_labels_pod-template-hash":"6d7d79988","kubernetes_master_url":"https://10.233.0.1:443/api","kubernetes_namespace_id":"8c93404f-ab15-404f-bfa6-0ea4f1268053","kubernetes_namespace_labels_kubernetes_io/metadata_name":"sreworks","kubernetes_namespace_labels_kubesphere_io/namespace":"sreworks","kubernetes_namespace_labels_kubesphere_io/workspace":"system-workspace","kubernetes_namespace_labels_name":"sreworks","kubernetes_namespace_name":"sreworks","kubernetes_pod_id":"46a5ada6-d104-4f7e-8c67-6d147191e107","kubernetes_pod_ip":"10.233.104.9","kubernetes_pod_name":"indc-event-live-server-6d7d79988-8966k","message":"2025-12-11 17:48:22.138 INFO  50ba4a25984b1c92 [XNIO-1 task-12] (AuthUtil.java:194) com.vnet.indc.event.utils.AuthUtil - 通过岗位：[39, 52, 26],楼栋id:null查询用户开始\n","stream":"stdout","tag":"kubernetes.var.log.containers.indc-event-live-server-6d7d79988-8966k_sreworks_container-ov2rdk-6924aa2eb6ca5c56e510a53677406e6bc75c4bead5ad7558a3cf14862fabe240.log"}
3) {"@timestamp":"2025-12-11T09:48:23.051Z","docker_container_id":"6924aa2eb6ca5c56e510a53677406e6bc75c4bead5ad7558a3cf14862fabe240","index_name":"k8s-app-indc-event-live-server-2025.12.11","kubernetes_container_image":"harbor.meta42.indc.vnet.com/indc/indc-event-live-server:main_prod-202512102217-38170b04-88668","kubernetes_container_image_id":"docker-pullable://harbor.meta42.indc.vnet.com/indc/indc-event-live-server@sha256:af89cd7f2f4c957625f92055b8b8fc660aaf813bc32950ef8676f8b55cea381f","kubernetes_container_name":"container-ov2rdk","kubernetes_host":"node19","kubernetes_labels_app":"indc-event-live-server","kubernetes_labels_app_kubernetes_io/name":"indc-event-live-server","kubernetes_labels_logging":"true","kubernetes_labels_pod-template-hash":"6d7d79988","kubernetes_master_url":"https://10.233.0.1:443/api","kubernetes_namespace_id":"8c93404f-ab15-404f-bfa6-0ea4f1268053","kubernetes_namespace_labels_kubernetes_io/metadata_name":"sreworks","kubernetes_namespace_labels_kubesphere_io/namespace":"sreworks","kubernetes_namespace_labels_kubesphere_io/workspace":"system-workspace","kubernetes_namespace_labels_name":"sreworks","kubernetes_namespace_name":"sreworks","kubernetes_pod_id":"46a5ada6-d104-4f7e-8c67-6d147191e107","kubernetes_pod_ip":"10.233.104.9","kubernetes_pod_name":"indc-event-live-server-6d7d79988-8966k","message":"2025-12-11 17:48:22.188 INFO  50ba4a25984b1c92 [XNIO-1 task-12] (LoggerAspect.java:113) c.v.indc.event.aspect.LoggerAspect - 请求结束时间: 2025年12月11日 17:48:22\n","stream":"stdout","tag":"kubernetes.var.log.containers.indc-event-live-server-6d7d79988-8966k_sreworks_container-ov2rdk-6924aa2eb6ca5c56e510a53677406e6bc75c4bead5ad7558a3cf14862fabe240.log"}
2025/12/11 17:50:00 send alert via feishu error: Post "https://open.feishu.cn/open-apis/bot/v2/hook/a06d5b36-a9d2-4408-a1dc-5ba73810b20c": tls: failed to verify certificate: x509: OSStatus -26276
2025/12/11 17:50:00 [ALERT][console] [Elasticsearch Alert] 测试告警：indc-event-live-server 日志监控
测试告警工具功能，监控 indc-event-live-server 应用的所有日志

- 索引: k8s-app-indc-event-live-server*
- 时间窗: 5m
- 命中条数: 2363
- 查询: DSL

样例事件:
1) {"@timestamp":"2025-12-11T09:49:46.741Z","docker_container_id":"25b23c20d8897518a0d91c0696c910c01786c52a73d68eb40565c68b07612f8c","index_name":"k8s-app-indc-event-live-server-2025.12.11","kubernetes_container_image":"harbor.meta42.indc.vnet.com/indc/indc-event-live-server:main_prod-202512102217-38170b04-88668","kubernetes_container_image_id":"docker-pullable://harbor.meta42.indc.vnet.com/indc/indc-event-live-server@sha256:af89cd7f2f4c957625f92055b8b8fc660aaf813bc32950ef8676f8b55cea381f","kubernetes_container_name":"container-ov2rdk","kubernetes_host":"node3","kubernetes_labels_app":"indc-event-live-server","kubernetes_labels_app_kubernetes_io/name":"indc-event-live-server","kubernetes_labels_logging":"true","kubernetes_labels_pod-template-hash":"6d7d79988","kubernetes_master_url":"https://10.233.0.1:443/api","kubernetes_namespace_id":"8c93404f-ab15-404f-bfa6-0ea4f1268053","kubernetes_namespace_labels_kubernetes_io/metadata_name":"sreworks","kubernetes_namespace_labels_kubesphere_io/namespace":"sreworks","kubernetes_namespace_labels_kubesphere_io/workspace":"system-workspace","kubernetes_namespace_labels_name":"sreworks","kubernetes_namespace_name":"sreworks","kubernetes_pod_id":"af27f696-7a17-4635-bfa9-68e36fa1c1d4","kubernetes_pod_ip":"10.233.92.150","kubernetes_pod_name":"indc-event-live-server-6d7d79988-fn988","message":"2025-12-11 17:49:46.053 INFO  14da7c6d684e6800 [XNIO-1 task-9] (LoggerAspect.java:113) c.v.indc.event.aspect.LoggerAspect - 请求结束时间: 2025年12月11日 17:49:46\n","stream":"stdout","tag":"kubernetes.var.log.containers.indc-event-live-server-6d7d79988-fn988_sreworks_container-ov2rdk-25b23c20d8897518a0d91c0696c910c01786c52a73d68eb40565c68b07612f8c.log"}
2) {"@timestamp":"2025-12-11T09:49:46.740Z","docker_container_id":"25b23c20d8897518a0d91c0696c910c01786c52a73d68eb40565c68b07612f8c","index_name":"k8s-app-indc-event-live-server-2025.12.11","kubernetes_container_image":"harbor.meta42.indc.vnet.com/indc/indc-event-live-server:main_prod-202512102217-38170b04-88668","kubernetes_container_image_id":"docker-pullable://harbor.meta42.indc.vnet.com/indc/indc-event-live-server@sha256:af89cd7f2f4c957625f92055b8b8fc660aaf813bc32950ef8676f8b55cea381f","kubernetes_container_name":"container-ov2rdk","kubernetes_host":"node3","kubernetes_labels_app":"indc-event-live-server","kubernetes_labels_app_kubernetes_io/name":"indc-event-live-server","kubernetes_labels_logging":"true","kubernetes_labels_pod-template-hash":"6d7d79988","kubernetes_master_url":"https://10.233.0.1:443/api","kubernetes_namespace_id":"8c93404f-ab15-404f-bfa6-0ea4f1268053","kubernetes_namespace_labels_kubernetes_io/metadata_name":"sreworks","kubernetes_namespace_labels_kubesphere_io/namespace":"sreworks","kubernetes_namespace_labels_kubesphere_io/workspace":"system-workspace","kubernetes_namespace_labels_name":"sreworks","kubernetes_namespace_name":"sreworks","kubernetes_pod_id":"af27f696-7a17-4635-bfa9-68e36fa1c1d4","kubernetes_pod_ip":"10.233.92.150","kubernetes_pod_name":"indc-event-live-server-6d7d79988-fn988","message":"2025-12-11 17:49:46.053 INFO  14da7c6d684e6800 [XNIO-1 task-9] (OverviewService.java:91) c.v.i.e.s.overview.OverviewService - 查询事件耗时：3\n","stream":"stdout","tag":"kubernetes.var.log.containers.indc-event-live-server-6d7d79988-fn988_sreworks_container-ov2rdk-25b23c20d8897518a0d91c0696c910c01786c52a73d68eb40565c68b07612f8c.log"}
3) {"@timestamp":"2025-12-11T09:49:46.739Z","docker_container_id":"25b23c20d8897518a0d91c0696c910c01786c52a73d68eb40565c68b07612f8c","index_name":"k8s-app-indc-event-live-server-2025.12.11","kubernetes_container_image":"harbor.meta42.indc.vnet.com/indc/indc-event-live-server:main_prod-202512102217-38170b04-88668","kubernetes_container_image_id":"docker-pullable://harbor.meta42.indc.vnet.com/indc/indc-event-live-server@sha256:af89cd7f2f4c957625f92055b8b8fc660aaf813bc32950ef8676f8b55cea381f","kubernetes_container_name":"container-ov2rdk","kubernetes_host":"node3","kubernetes_labels_app":"indc-event-live-server","kubernetes_labels_app_kubernetes_io/name":"indc-event-live-server","kubernetes_labels_logging":"true","kubernetes_labels_pod-template-hash":"6d7d79988","kubernetes_master_url":"https://10.233.0.1:443/api","kubernetes_namespace_id":"8c93404f-ab15-404f-bfa6-0ea4f1268053","kubernetes_namespace_labels_kubernetes_io/metadata_name":"sreworks","kubernetes_namespace_labels_kubesphere_io/namespace":"sreworks","kubernetes_namespace_labels_kubesphere_io/workspace":"system-workspace","kubernetes_namespace_labels_name":"sreworks","kubernetes_namespace_name":"sreworks","kubernetes_pod_id":"af27f696-7a17-4635-bfa9-68e36fa1c1d4","kubernetes_pod_ip":"10.233.92.150","kubernetes_pod_name":"indc-event-live-server-6d7d79988-fn988","message":"2025-12-11 17:49:46.052 INFO  14da7c6d684e6800 [XNIO-1 task-9] (OverviewService.java:90) c.v.i.e.s.overview.OverviewService - 查询未关闭并且未恢复的事件：0\n","stream":"stdout","tag":"kubernetes.var.log.containers.indc-event-live-server-6d7d79988-fn988_sreworks_container-ov2rdk-25b23c20d8897518a0d91c0696c910c01786c52a73d68eb40565c68b07612f8c.log"}
2025/12/11 17:51:00 send alert via feishu error: Post "https://open.feishu.cn/open-apis/bot/v2/hook/a06d5b36-a9d2-4408-a1dc-5ba73810b20c": tls: failed to verify certificate: x509: OSStatus -26276
2025/12/11 17:51:00 [ALERT][console] [Elasticsearch Alert] 测试告警：indc-event-live-server 日志监控
测试告警工具功能，监控 indc-event-live-server 应用的所有日志

- 索引: k8s-app-indc-event-live-server*
- 时间窗: 5m
- 命中条数: 2389
- 查询: DSL

样例事件:
1) {"@timestamp":"2025-12-11T09:50:44.964Z","docker_container_id":"6924aa2eb6ca5c56e510a53677406e6bc75c4bead5ad7558a3cf14862fabe240","index_name":"k8s-app-indc-event-live-server-2025.12.11","kubernetes_container_image":"harbor.meta42.indc.vnet.com/indc/indc-event-live-server:main_prod-202512102217-38170b04-88668","kubernetes_container_image_id":"docker-pullable://harbor.meta42.indc.vnet.com/indc/indc-event-live-server@sha256:af89cd7f2f4c957625f92055b8b8fc660aaf813bc32950ef8676f8b55cea381f","kubernetes_container_name":"container-ov2rdk","kubernetes_host":"node19","kubernetes_labels_app":"indc-event-live-server","kubernetes_labels_app_kubernetes_io/name":"indc-event-live-server","kubernetes_labels_logging":"true","kubernetes_labels_pod-template-hash":"6d7d79988","kubernetes_master_url":"https://10.233.0.1:443/api","kubernetes_namespace_id":"8c93404f-ab15-404f-bfa6-0ea4f1268053","kubernetes_namespace_labels_kubernetes_io/metadata_name":"sreworks","kubernetes_namespace_labels_kubesphere_io/namespace":"sreworks","kubernetes_namespace_labels_kubesphere_io/workspace":"system-workspace","kubernetes_namespace_labels_name":"sreworks","kubernetes_namespace_name":"sreworks","kubernetes_pod_id":"46a5ada6-d104-4f7e-8c67-6d147191e107","kubernetes_pod_ip":"10.233.104.9","kubernetes_pod_name":"indc-event-live-server-6d7d79988-8966k","message":"2025-12-11 17:50:44.803 INFO  332f1346c341ce7c [XNIO-1 task-11] (LoggerAspect.java:113) c.v.indc.event.aspect.LoggerAspect - 请求结束时间: 2025年12月11日 17:50:44\n","stream":"stdout","tag":"kubernetes.var.log.containers.indc-event-live-server-6d7d79988-8966k_sreworks_container-ov2rdk-6924aa2eb6ca5c56e510a53677406e6bc75c4bead5ad7558a3cf14862fabe240.log"}
2) {"@timestamp":"2025-12-11T09:50:44.963Z","docker_container_id":"6924aa2eb6ca5c56e510a53677406e6bc75c4bead5ad7558a3cf14862fabe240","index_name":"k8s-app-indc-event-live-server-2025.12.11","kubernetes_container_image":"harbor.meta42.indc.vnet.com/indc/indc-event-live-server:main_prod-202512102217-38170b04-88668","kubernetes_container_image_id":"docker-pullable://harbor.meta42.indc.vnet.com/indc/indc-event-live-server@sha256:af89cd7f2f4c957625f92055b8b8fc660aaf813bc32950ef8676f8b55cea381f","kubernetes_container_name":"container-ov2rdk","kubernetes_host":"node19","kubernetes_labels_app":"indc-event-live-server","kubernetes_labels_app_kubernetes_io/name":"indc-event-live-server","kubernetes_labels_logging":"true","kubernetes_labels_pod-template-hash":"6d7d79988","kubernetes_master_url":"https://10.233.0.1:443/api","kubernetes_namespace_id":"8c93404f-ab15-404f-bfa6-0ea4f1268053","kubernetes_namespace_labels_kubernetes_io/metadata_name":"sreworks","kubernetes_namespace_labels_kubesphere_io/namespace":"sreworks","kubernetes_namespace_labels_kubesphere_io/workspace":"system-workspace","kubernetes_namespace_labels_name":"sreworks","kubernetes_namespace_name":"sreworks","kubernetes_pod_id":"46a5ada6-d104-4f7e-8c67-6d147191e107","kubernetes_pod_ip":"10.233.104.9","kubernetes_pod_name":"indc-event-live-server-6d7d79988-8966k","message":"2025-12-11 17:50:44.783 INFO  332f1346c341ce7c [XNIO-1 task-11] (DrillMarkAspect.java:54) c.v.i.event.aspect.DrillMarkAspect - 参数： 判断演练标识\n\nCreating a new SqlSession\n\nSqlSession [org.apache.ibatis.session.defaults.DefaultSqlSession@68dc4eed] was not registered for synchronization because synchronization is not active\n","stream":"stdout","tag":"kubernetes.var.log.containers.indc-event-live-server-6d7d79988-8966k_sreworks_container-ov2rdk-6924aa2eb6ca5c56e510a53677406e6bc75c4bead5ad7558a3cf14862fabe240.log"}
3) {"@timestamp":"2025-12-11T09:50:44.963Z","docker_container_id":"6924aa2eb6ca5c56e510a53677406e6bc75c4bead5ad7558a3cf14862fabe240","index_name":"k8s-app-indc-event-live-server-2025.12.11","kubernetes_container_image":"harbor.meta42.indc.vnet.com/indc/indc-event-live-server:main_prod-202512102217-38170b04-88668","kubernetes_container_image_id":"docker-pullable://harbor.meta42.indc.vnet.com/indc/indc-event-live-server@sha256:af89cd7f2f4c957625f92055b8b8fc660aaf813bc32950ef8676f8b55cea381f","kubernetes_container_name":"container-ov2rdk","kubernetes_host":"node19","kubernetes_labels_app":"indc-event-live-server","kubernetes_labels_app_kubernetes_io/name":"indc-event-live-server","kubernetes_labels_logging":"true","kubernetes_labels_pod-template-hash":"6d7d79988","kubernetes_master_url":"https://10.233.0.1:443/api","kubernetes_namespace_id":"8c93404f-ab15-404f-bfa6-0ea4f1268053","kubernetes_namespace_labels_kubernetes_io/metadata_name":"sreworks","kubernetes_namespace_labels_kubesphere_io/namespace":"sreworks","kubernetes_namespace_labels_kubesphere_io/workspace":"system-workspace","kubernetes_namespace_labels_name":"sreworks","kubernetes_namespace_name":"sreworks","kubernetes_pod_id":"46a5ada6-d104-4f7e-8c67-6d147191e107","kubernetes_pod_ip":"10.233.104.9","kubernetes_pod_name":"indc-event-live-server-6d7d79988-8966k","message":"2025-12-11 17:50:44.784 INFO  332f1346c341ce7c [XNIO-1 task-11] (DrillSqlSource.java:59) c.v.indc.event.config.DrillSqlSource - 修改后的sql:SELECT * FROM war_room WHERE parent_id = ? AND room_type = 'CHILD'\n\nJDBC Connection [HikariProxyConnection@1790597932 wrapping com.mysql.cj.jdbc.ConnectionImpl@6a81aaff] will not be managed by Spring\n\nClosing non transactional SqlSession [org.apache.ibatis.session.defaults.DefaultSqlSession@68dc4eed]\n\nCreating a new SqlSession\n\nSqlSession [org.apache.ibatis.session.defaults.DefaultSqlSession@557ead6c] was not registered for synchronization because synchronization is not active\n","stream":"stdout","tag":"kubernetes.var.log.containers.indc-event-live-server-6d7d79988-8966k_sreworks_container-ov2rdk-6924aa2eb6ca5c56e510a53677406e6bc75c4bead5ad7558a3cf14862fabe240.log"}
2025/12/11 17:52:00 send alert via feishu error: Post "https://open.feishu.cn/open-apis/bot/v2/hook/a06d5b36-a9d2-4408-a1dc-5ba73810b20c": tls: failed to verify certificate: x509: OSStatus -26276
2025/12/11 17:52:00 [ALERT][console] [Elasticsearch Alert] 测试告警：indc-event-live-server 日志监控
测试告警工具功能，监控 indc-event-live-server 应用的所有日志

- 索引: k8s-app-indc-event-live-server*
- 时间窗: 5m
- 命中条数: 2454
- 查询: DSL

样例事件:
1) {"@timestamp":"2025-12-11T09:51:52.718Z","docker_container_id":"25b23c20d8897518a0d91c0696c910c01786c52a73d68eb40565c68b07612f8c","index_name":"k8s-app-indc-event-live-server-2025.12.11","kubernetes_container_image":"harbor.meta42.indc.vnet.com/indc/indc-event-live-server:main_prod-202512102217-38170b04-88668","kubernetes_container_image_id":"docker-pullable://harbor.meta42.indc.vnet.com/indc/indc-event-live-server@sha256:af89cd7f2f4c957625f92055b8b8fc660aaf813bc32950ef8676f8b55cea381f","kubernetes_container_name":"container-ov2rdk","kubernetes_host":"node3","kubernetes_labels_app":"indc-event-live-server","kubernetes_labels_app_kubernetes_io/name":"indc-event-live-server","kubernetes_labels_logging":"true","kubernetes_labels_pod-template-hash":"6d7d79988","kubernetes_master_url":"https://10.233.0.1:443/api","kubernetes_namespace_id":"8c93404f-ab15-404f-bfa6-0ea4f1268053","kubernetes_namespace_labels_kubernetes_io/metadata_name":"sreworks","kubernetes_namespace_labels_kubesphere_io/namespace":"sreworks","kubernetes_namespace_labels_kubesphere_io/workspace":"system-workspace","kubernetes_namespace_labels_name":"sreworks","kubernetes_namespace_name":"sreworks","kubernetes_pod_id":"af27f696-7a17-4635-bfa9-68e36fa1c1d4","kubernetes_pod_ip":"10.233.92.150","kubernetes_pod_name":"indc-event-live-server-6d7d79988-fn988","message":"2025-12-11 17:51:52.579 INFO  f3e2d6d14345e847 [XNIO-1 task-9] (LoggerAspect.java:113) c.v.indc.event.aspect.LoggerAspect - 请求结束时间: 2025年12月11日 17:51:52\n","stream":"stdout","tag":"kubernetes.var.log.containers.indc-event-live-server-6d7d79988-fn988_sreworks_container-ov2rdk-25b23c20d8897518a0d91c0696c910c01786c52a73d68eb40565c68b07612f8c.log"}
2) {"@timestamp":"2025-12-11T09:51:52.717Z","docker_container_id":"25b23c20d8897518a0d91c0696c910c01786c52a73d68eb40565c68b07612f8c","index_name":"k8s-app-indc-event-live-server-2025.12.11","kubernetes_container_image":"harbor.meta42.indc.vnet.com/indc/indc-event-live-server:main_prod-202512102217-38170b04-88668","kubernetes_container_image_id":"docker-pullable://harbor.meta42.indc.vnet.com/indc/indc-event-live-server@sha256:af89cd7f2f4c957625f92055b8b8fc660aaf813bc32950ef8676f8b55cea381f","kubernetes_container_name":"container-ov2rdk","kubernetes_host":"node3","kubernetes_labels_app":"indc-event-live-server","kubernetes_labels_app_kubernetes_io/name":"indc-event-live-server","kubernetes_labels_logging":"true","kubernetes_labels_pod-template-hash":"6d7d79988","kubernetes_master_url":"https://10.233.0.1:443/api","kubernetes_namespace_id":"8c93404f-ab15-404f-bfa6-0ea4f1268053","kubernetes_namespace_labels_kubernetes_io/metadata_name":"sreworks","kubernetes_namespace_labels_kubesphere_io/namespace":"sreworks","kubernetes_namespace_labels_kubesphere_io/workspace":"system-workspace","kubernetes_namespace_labels_name":"sreworks","kubernetes_namespace_name":"sreworks","kubernetes_pod_id":"af27f696-7a17-4635-bfa9-68e36fa1c1d4","kubernetes_pod_ip":"10.233.92.150","kubernetes_pod_name":"indc-event-live-server-6d7d79988-fn988","message":"2025-12-11 17:51:52.565 INFO  f3e2d6d14345e847 [XNIO-1 task-9] (DrillMarkAspect.java:54) c.v.i.event.aspect.DrillMarkAspect - 参数：[967,968,969,970,971,972,973,974,975,976,977,978,979,980,981] 判断演练标识\n\nCreating a new SqlSession\n\nSqlSession [org.apache.ibatis.session.defaults.DefaultSqlSession@4de62780] was not registered for synchronization because synchronization is not active\n\nJDBC Connection [HikariProxyConnection@1316205609 wrapping com.mysql.cj.jdbc.ConnectionImpl@1f10abe0] will not be managed by Spring\n\nClosing non transactional SqlSession [org.apache.ibatis.session.defaults.DefaultSqlSession@4de62780]\n\nCreating a new SqlSession\n\nSqlSession [org.apache.ibatis.session.defaults.DefaultSqlSession@5cfa5b00] was not registered for synchronization because synchronization is not active\n\nJDBC Connection [HikariProxyConnection@1892405624 wrapping com.mysql.cj.jdbc.ConnectionImpl@1f10abe0] will not be managed by Spring\n\nClosing non transactional SqlSession [org.apache.ibatis.session.defaults.DefaultSqlSession@5cfa5b00]\n","stream":"stdout","tag":"kubernetes.var.log.containers.indc-event-live-server-6d7d79988-fn988_sreworks_container-ov2rdk-25b23c20d8897518a0d91c0696c910c01786c52a73d68eb40565c68b07612f8c.log"}
3) {"@timestamp":"2025-12-11T09:51:52.716Z","docker_container_id":"25b23c20d8897518a0d91c0696c910c01786c52a73d68eb40565c68b07612f8c","index_name":"k8s-app-indc-event-live-server-2025.12.11","kubernetes_container_image":"harbor.meta42.indc.vnet.com/indc/indc-event-live-server:main_prod-202512102217-38170b04-88668","kubernetes_container_image_id":"docker-pullable://harbor.meta42.indc.vnet.com/indc/indc-event-live-server@sha256:af89cd7f2f4c957625f92055b8b8fc660aaf813bc32950ef8676f8b55cea381f","kubernetes_container_name":"container-ov2rdk","kubernetes_host":"node3","kubernetes_labels_app":"indc-event-live-server","kubernetes_labels_app_kubernetes_io/name":"indc-event-live-server","kubernetes_labels_logging":"true","kubernetes_labels_pod-template-hash":"6d7d79988","kubernetes_master_url":"https://10.233.0.1:443/api","kubernetes_namespace_id":"8c93404f-ab15-404f-bfa6-0ea4f1268053","kubernetes_namespace_labels_kubernetes_io/metadata_name":"sreworks","kubernetes_namespace_labels_kubesphere_io/namespace":"sreworks","kubernetes_namespace_labels_kubesphere_io/workspace":"system-workspace","kubernetes_namespace_labels_name":"sreworks","kubernetes_namespace_name":"sreworks","kubernetes_pod_id":"af27f696-7a17-4635-bfa9-68e36fa1c1d4","kubernetes_pod_ip":"10.233.92.150","kubernetes_pod_name":"indc-event-live-server-6d7d79988-fn988","message":"2025-12-11 17:51:52.565 INFO  f3e2d6d14345e847 [XNIO-1 task-9] (LoggerAspect.java:79) c.v.indc.event.aspect.LoggerAspect - 操作人名称: 夏丽会\n","stream":"stdout","tag":"kubernetes.var.log.containers.indc-event-live-server-6d7d79988-fn988_sreworks_container-ov2rdk-25b23c20d8897518a0d91c0696c910c01786c52a73d68eb40565c68b07612f8c.log"}
2025/12/11 17:53:30 send alert via feishu error: Post "https://open.feishu.cn/open-apis/bot/v2/hook/a06d5b36-a9d2-4408-a1dc-5ba73810b20c": tls: failed to verify certificate: x509: OSStatus -26276
2025/12/11 17:53:30 [ALERT][console] [Elasticsearch Alert] 测试告警：indc-event-live-server 日志监控
测试告警工具功能，监控 indc-event-live-server 应用的所有日志

- 索引: k8s-app-indc-event-live-server*
- 时间窗: 5m
- 命中条数: 2132
- 查询: DSL

样例事件:
1) {"@timestamp":"2025-12-11T09:53:22.979Z","docker_container_id":"6924aa2eb6ca5c56e510a53677406e6bc75c4bead5ad7558a3cf14862fabe240","index_name":"k8s-app-indc-event-live-server-2025.12.11","kubernetes_container_image":"harbor.meta42.indc.vnet.com/indc/indc-event-live-server:main_prod-202512102217-38170b04-88668","kubernetes_container_image_id":"docker-pullable://harbor.meta42.indc.vnet.com/indc/indc-event-live-server@sha256:af89cd7f2f4c957625f92055b8b8fc660aaf813bc32950ef8676f8b55cea381f","kubernetes_container_name":"container-ov2rdk","kubernetes_host":"node19","kubernetes_labels_app":"indc-event-live-server","kubernetes_labels_app_kubernetes_io/name":"indc-event-live-server","kubernetes_labels_logging":"true","kubernetes_labels_pod-template-hash":"6d7d79988","kubernetes_master_url":"https://10.233.0.1:443/api","kubernetes_namespace_id":"8c93404f-ab15-404f-bfa6-0ea4f1268053","kubernetes_namespace_labels_kubernetes_io/metadata_name":"sreworks","kubernetes_namespace_labels_kubesphere_io/namespace":"sreworks","kubernetes_namespace_labels_kubesphere_io/workspace":"system-workspace","kubernetes_namespace_labels_name":"sreworks","kubernetes_namespace_name":"sreworks","kubernetes_pod_id":"46a5ada6-d104-4f7e-8c67-6d147191e107","kubernetes_pod_ip":"10.233.104.9","kubernetes_pod_name":"indc-event-live-server-6d7d79988-8966k","message":"2025-12-11 17:53:22.365 INFO  e4c282392cc4c4fb [XNIO-1 task-11] (LoggerAspect.java:113) c.v.indc.event.aspect.LoggerAspect - 请求结束时间: 2025年12月11日 17:53:22\n","stream":"stdout","tag":"kubernetes.var.log.containers.indc-event-live-server-6d7d79988-8966k_sreworks_container-ov2rdk-6924aa2eb6ca5c56e510a53677406e6bc75c4bead5ad7558a3cf14862fabe240.log"}
2) {"@timestamp":"2025-12-11T09:53:22.978Z","docker_container_id":"6924aa2eb6ca5c56e510a53677406e6bc75c4bead5ad7558a3cf14862fabe240","index_name":"k8s-app-indc-event-live-server-2025.12.11","kubernetes_container_image":"harbor.meta42.indc.vnet.com/indc/indc-event-live-server:main_prod-202512102217-38170b04-88668","kubernetes_container_image_id":"docker-pullable://harbor.meta42.indc.vnet.com/indc/indc-event-live-server@sha256:af89cd7f2f4c957625f92055b8b8fc660aaf813bc32950ef8676f8b55cea381f","kubernetes_container_name":"container-ov2rdk","kubernetes_host":"node19","kubernetes_labels_app":"indc-event-live-server","kubernetes_labels_app_kubernetes_io/name":"indc-event-live-server","kubernetes_labels_logging":"true","kubernetes_labels_pod-template-hash":"6d7d79988","kubernetes_master_url":"https://10.233.0.1:443/api","kubernetes_namespace_id":"8c93404f-ab15-404f-bfa6-0ea4f1268053","kubernetes_namespace_labels_kubernetes_io/metadata_name":"sreworks","kubernetes_namespace_labels_kubesphere_io/namespace":"sreworks","kubernetes_namespace_labels_kubesphere_io/workspace":"system-workspace","kubernetes_namespace_labels_name":"sreworks","kubernetes_namespace_name":"sreworks","kubernetes_pod_id":"46a5ada6-d104-4f7e-8c67-6d147191e107","kubernetes_pod_ip":"10.233.104.9","kubernetes_pod_name":"indc-event-live-server-6d7d79988-8966k","message":"2025-12-11 17:53:22.314 INFO  e4c282392cc4c4fb [XNIO-1 task-11] (LoggerAspect.java:79) c.v.indc.event.aspect.LoggerAspect - 操作人名称: 三河铭泰集控值班\n","stream":"stdout","tag":"kubernetes.var.log.containers.indc-event-live-server-6d7d79988-8966k_sreworks_container-ov2rdk-6924aa2eb6ca5c56e510a53677406e6bc75c4bead5ad7558a3cf14862fabe240.log"}
3) {"@timestamp":"2025-12-11T09:53:22.978Z","docker_container_id":"6924aa2eb6ca5c56e510a53677406e6bc75c4bead5ad7558a3cf14862fabe240","index_name":"k8s-app-indc-event-live-server-2025.12.11","kubernetes_container_image":"harbor.meta42.indc.vnet.com/indc/indc-event-live-server:main_prod-202512102217-38170b04-88668","kubernetes_container_image_id":"docker-pullable://harbor.meta42.indc.vnet.com/indc/indc-event-live-server@sha256:af89cd7f2f4c957625f92055b8b8fc660aaf813bc32950ef8676f8b55cea381f","kubernetes_container_name":"container-ov2rdk","kubernetes_host":"node19","kubernetes_labels_app":"indc-event-live-server","kubernetes_labels_app_kubernetes_io/name":"indc-event-live-server","kubernetes_labels_logging":"true","kubernetes_labels_pod-template-hash":"6d7d79988","kubernetes_master_url":"https://10.233.0.1:443/api","kubernetes_namespace_id":"8c93404f-ab15-404f-bfa6-0ea4f1268053","kubernetes_namespace_labels_kubernetes_io/metadata_name":"sreworks","kubernetes_namespace_labels_kubesphere_io/namespace":"sreworks","kubernetes_namespace_labels_kubesphere_io/workspace":"system-workspace","kubernetes_namespace_labels_name":"sreworks","kubernetes_namespace_name":"sreworks","kubernetes_pod_id":"46a5ada6-d104-4f7e-8c67-6d147191e107","kubernetes_pod_ip":"10.233.104.9","kubernetes_pod_name":"indc-event-live-server-6d7d79988-8966k","message":"2025-12-11 17:53:22.314 INFO  e4c282392cc4c4fb [XNIO-1 task-11] (DrillMarkAspect.java:54) c.v.i.event.aspect.DrillMarkAspect - 参数：[\"92645\"] 判断演练标识\n","stream":"stdout","tag":"kubernetes.var.log.containers.indc-event-live-server-6d7d79988-8966k_sreworks_container-ov2rdk-6924aa2eb6ca5c56e510a53677406e6bc75c4bead5ad7558a3cf14862fabe240.log"}
2025/12/11 17:55:00 send alert via feishu error: Post "https://open.feishu.cn/open-apis/bot/v2/hook/a06d5b36-a9d2-4408-a1dc-5ba73810b20c": tls: failed to verify certificate: x509: OSStatus -26276
2025/12/11 17:55:00 [ALERT][console] [Elasticsearch Alert] 测试告警：indc-event-live-server 日志监控
测试告警工具功能，监控 indc-event-live-server 应用的所有日志

- 索引: k8s-app-indc-event-live-server*
- 时间窗: 5m
- 命中条数: 3180
- 查询: DSL

样例事件:
1) {"@timestamp":"2025-12-11T09:54:52.025Z","docker_container_id":"6924aa2eb6ca5c56e510a53677406e6bc75c4bead5ad7558a3cf14862fabe240","index_name":"k8s-app-indc-event-live-server-2025.12.11","kubernetes_container_image":"harbor.meta42.indc.vnet.com/indc/indc-event-live-server:main_prod-202512102217-38170b04-88668","kubernetes_container_image_id":"docker-pullable://harbor.meta42.indc.vnet.com/indc/indc-event-live-server@sha256:af89cd7f2f4c957625f92055b8b8fc660aaf813bc32950ef8676f8b55cea381f","kubernetes_container_name":"container-ov2rdk","kubernetes_host":"node19","kubernetes_labels_app":"indc-event-live-server","kubernetes_labels_app_kubernetes_io/name":"indc-event-live-server","kubernetes_labels_logging":"true","kubernetes_labels_pod-template-hash":"6d7d79988","kubernetes_master_url":"https://10.233.0.1:443/api","kubernetes_namespace_id":"8c93404f-ab15-404f-bfa6-0ea4f1268053","kubernetes_namespace_labels_kubernetes_io/metadata_name":"sreworks","kubernetes_namespace_labels_kubesphere_io/namespace":"sreworks","kubernetes_namespace_labels_kubesphere_io/workspace":"system-workspace","kubernetes_namespace_labels_name":"sreworks","kubernetes_namespace_name":"sreworks","kubernetes_pod_id":"46a5ada6-d104-4f7e-8c67-6d147191e107","kubernetes_pod_ip":"10.233.104.9","kubernetes_pod_name":"indc-event-live-server-6d7d79988-8966k","message":"2025-12-11 17:54:51.167 INFO  c678eaa47807af0c [XNIO-1 task-7] (DrillSqlSource.java:59) c.v.indc.event.config.DrillSqlSource - 修改后的sql:SELECT id, event_list_id, event_level, event_level_name, updater_id, updater, update_reason, update_time, event_name, event_desc, location, directory_id FROM event_level_history_drill WHERE id = ?\n\nJDBC Connection [HikariProxyConnection@1843278068 wrapping com.mysql.cj.jdbc.ConnectionImpl@148b7394] will not be managed by Spring\n\nClosing non transactional SqlSession [org.apache.ibatis.session.defaults.DefaultSqlSession@4ae46d85]\n\nCreating a new SqlSession\n\nSqlSession [org.apache.ibatis.session.defaults.DefaultSqlSession@1c88fc8] was not registered for synchronization because synchronization is not active\n\nJDBC Connection [HikariProxyConnection@1755922993 wrapping com.mysql.cj.jdbc.ConnectionImpl@148b7394] will not be managed by Spring\n\nClosing non transactional SqlSession [org.apache.ibatis.session.defaults.DefaultSqlSession@1c88fc8]\n","stream":"stdout","tag":"kubernetes.var.log.containers.indc-event-live-server-6d7d79988-8966k_sreworks_container-ov2rdk-6924aa2eb6ca5c56e510a53677406e6bc75c4bead5ad7558a3cf14862fabe240.log"}
2) {"@timestamp":"2025-12-11T09:54:52.025Z","docker_container_id":"6924aa2eb6ca5c56e510a53677406e6bc75c4bead5ad7558a3cf14862fabe240","index_name":"k8s-app-indc-event-live-server-2025.12.11","kubernetes_container_image":"harbor.meta42.indc.vnet.com/indc/indc-event-live-server:main_prod-202512102217-38170b04-88668","kubernetes_container_image_id":"docker-pullable://harbor.meta42.indc.vnet.com/indc/indc-event-live-server@sha256:af89cd7f2f4c957625f92055b8b8fc660aaf813bc32950ef8676f8b55cea381f","kubernetes_container_name":"container-ov2rdk","kubernetes_host":"node19","kubernetes_labels_app":"indc-event-live-server","kubernetes_labels_app_kubernetes_io/name":"indc-event-live-server","kubernetes_labels_logging":"true","kubernetes_labels_pod-template-hash":"6d7d79988","kubernetes_master_url":"https://10.233.0.1:443/api","kubernetes_namespace_id":"8c93404f-ab15-404f-bfa6-0ea4f1268053","kubernetes_namespace_labels_kubernetes_io/metadata_name":"sreworks","kubernetes_namespace_labels_kubesphere_io/namespace":"sreworks","kubernetes_namespace_labels_kubesphere_io/workspace":"system-workspace","kubernetes_namespace_labels_name":"sreworks","kubernetes_namespace_name":"sreworks","kubernetes_pod_id":"46a5ada6-d104-4f7e-8c67-6d147191e107","kubernetes_pod_ip":"10.233.104.9","kubernetes_pod_name":"indc-event-live-server-6d7d79988-8966k","message":"2025-12-11 17:54:51.187 INFO  c678eaa47807af0c [XNIO-1 task-7] (LoggerAspect.java:113) c.v.indc.event.aspect.LoggerAspect - 请求结束时间: 2025年12月11日 17:54:51\n","stream":"stdout","tag":"kubernetes.var.log.containers.indc-event-live-server-6d7d79988-8966k_sreworks_container-ov2rdk-6924aa2eb6ca5c56e510a53677406e6bc75c4bead5ad7558a3cf14862fabe240.log"}
3) {"@timestamp":"2025-12-11T09:54:52.024Z","docker_container_id":"6924aa2eb6ca5c56e510a53677406e6bc75c4bead5ad7558a3cf14862fabe240","index_name":"k8s-app-indc-event-live-server-2025.12.11","kubernetes_container_image":"harbor.meta42.indc.vnet.com/indc/indc-event-live-server:main_prod-202512102217-38170b04-88668","kubernetes_container_image_id":"docker-pullable://harbor.meta42.indc.vnet.com/indc/indc-event-live-server@sha256:af89cd7f2f4c957625f92055b8b8fc660aaf813bc32950ef8676f8b55cea381f","kubernetes_container_name":"container-ov2rdk","kubernetes_host":"node19","kubernetes_labels_app":"indc-event-live-server","kubernetes_labels_app_kubernetes_io/name":"indc-event-live-server","kubernetes_labels_logging":"true","kubernetes_labels_pod-template-hash":"6d7d79988","kubernetes_master_url":"https://10.233.0.1:443/api","kubernetes_namespace_id":"8c93404f-ab15-404f-bfa6-0ea4f1268053","kubernetes_namespace_labels_kubernetes_io/metadata_name":"sreworks","kubernetes_namespace_labels_kubesphere_io/namespace":"sreworks","kubernetes_namespace_labels_kubesphere_io/workspace":"system-workspace","kubernetes_namespace_labels_name":"sreworks","kubernetes_namespace_name":"sreworks","kubernetes_pod_id":"46a5ada6-d104-4f7e-8c67-6d147191e107","kubernetes_pod_ip":"10.233.104.9","kubernetes_pod_name":"indc-event-live-server-6d7d79988-8966k","message":"2025-12-11 17:54:51.154 INFO  c678eaa47807af0c [XNIO-1 task-7] (DrillMarkAspect.java:66) c.v.i.event.aspect.DrillMarkAspect - 设置演练标识成功\n\nCreating a new SqlSession\n\nSqlSession [org.apache.ibatis.session.defaults.DefaultSqlSession@55fbfda4] was not registered for synchronization because synchronization is not active\n","stream":"stdout","tag":"kubernetes.var.log.containers.indc-event-live-server-6d7d79988-8966k_sreworks_container-ov2rdk-6924aa2eb6ca5c56e510a53677406e6bc75c4bead5ad7558a3cf14862fabe240.log"}
2025/12/11 17:56:00 send alert via feishu error: Post "https://open.feishu.cn/open-apis/bot/v2/hook/a06d5b36-a9d2-4408-a1dc-5ba73810b20c": tls: failed to verify certificate: x509: OSStatus -26276
2025/12/11 17:56:00 [ALERT][console] [Elasticsearch Alert] 测试告警：indc-event-live-server 日志监控
测试告警工具功能，监控 indc-event-live-server 应用的所有日志

- 索引: k8s-app-indc-event-live-server*
- 时间窗: 5m
- 命中条数: 3899
- 查询: DSL

样例事件:
1) {"@timestamp":"2025-12-11T09:55:43.023Z","docker_container_id":"6924aa2eb6ca5c56e510a53677406e6bc75c4bead5ad7558a3cf14862fabe240","index_name":"k8s-app-indc-event-live-server-2025.12.11","kubernetes_container_image":"harbor.meta42.indc.vnet.com/indc/indc-event-live-server:main_prod-202512102217-38170b04-88668","kubernetes_container_image_id":"docker-pullable://harbor.meta42.indc.vnet.com/indc/indc-event-live-server@sha256:af89cd7f2f4c957625f92055b8b8fc660aaf813bc32950ef8676f8b55cea381f","kubernetes_container_name":"container-ov2rdk","kubernetes_host":"node19","kubernetes_labels_app":"indc-event-live-server","kubernetes_labels_app_kubernetes_io/name":"indc-event-live-server","kubernetes_labels_logging":"true","kubernetes_labels_pod-template-hash":"6d7d79988","kubernetes_master_url":"https://10.233.0.1:443/api","kubernetes_namespace_id":"8c93404f-ab15-404f-bfa6-0ea4f1268053","kubernetes_namespace_labels_kubernetes_io/metadata_name":"sreworks","kubernetes_namespace_labels_kubesphere_io/namespace":"sreworks","kubernetes_namespace_labels_kubesphere_io/workspace":"system-workspace","kubernetes_namespace_labels_name":"sreworks","kubernetes_namespace_name":"sreworks","kubernetes_pod_id":"46a5ada6-d104-4f7e-8c67-6d147191e107","kubernetes_pod_ip":"10.233.104.9","kubernetes_pod_name":"indc-event-live-server-6d7d79988-8966k","message":"2025-12-11 17:55:42.677 INFO  e747f2203e76f9d5 [XNIO-1 task-10] (LoggerAspect.java:113) c.v.indc.event.aspect.LoggerAspect - 请求结束时间: 2025年12月11日 17:55:42\n","stream":"stdout","tag":"kubernetes.var.log.containers.indc-event-live-server-6d7d79988-8966k_sreworks_container-ov2rdk-6924aa2eb6ca5c56e510a53677406e6bc75c4bead5ad7558a3cf14862fabe240.log"}
2) {"@timestamp":"2025-12-11T09:55:43.022Z","docker_container_id":"6924aa2eb6ca5c56e510a53677406e6bc75c4bead5ad7558a3cf14862fabe240","index_name":"k8s-app-indc-event-live-server-2025.12.11","kubernetes_container_image":"harbor.meta42.indc.vnet.com/indc/indc-event-live-server:main_prod-202512102217-38170b04-88668","kubernetes_container_image_id":"docker-pullable://harbor.meta42.indc.vnet.com/indc/indc-event-live-server@sha256:af89cd7f2f4c957625f92055b8b8fc660aaf813bc32950ef8676f8b55cea381f","kubernetes_container_name":"container-ov2rdk","kubernetes_host":"node19","kubernetes_labels_app":"indc-event-live-server","kubernetes_labels_app_kubernetes_io/name":"indc-event-live-server","kubernetes_labels_logging":"true","kubernetes_labels_pod-template-hash":"6d7d79988","kubernetes_master_url":"https://10.233.0.1:443/api","kubernetes_namespace_id":"8c93404f-ab15-404f-bfa6-0ea4f1268053","kubernetes_namespace_labels_kubernetes_io/metadata_name":"sreworks","kubernetes_namespace_labels_kubesphere_io/namespace":"sreworks","kubernetes_namespace_labels_kubesphere_io/workspace":"system-workspace","kubernetes_namespace_labels_name":"sreworks","kubernetes_namespace_name":"sreworks","kubernetes_pod_id":"46a5ada6-d104-4f7e-8c67-6d147191e107","kubernetes_pod_ip":"10.233.104.9","kubernetes_pod_name":"indc-event-live-server-6d7d79988-8966k","message":"2025-12-11 17:55:42.661 INFO  e747f2203e76f9d5 [XNIO-1 task-10] (DrillMarkAspect.java:54) c.v.i.event.aspect.DrillMarkAspect - 参数：{\"id\":null,\"affectedDevice\":null,\"eventNumber\":null,\"eventTitle\":\"\",\"eventStatus\":null,\"eventCurrentLevel\":\"\",\"eventCurrentLevelName\":null,\"eventFirstLevel\":\"\",\"eventFirstLevelName\":null,\"eventHighestLevel\":\"\",\"eventHighestLevelName\":null,\"creator\":\"姜寅生\",\"creatTime\":null,\"updater\":null,\"updateTime\":null,\"happenTime\":null,\"notificationTime\":null,\"overdueCondition\":null,\"orderStatus\":\"\",\"dcCode\":null,\"dcName\":null,\"eventType\":\"\",\"eventSource\":null,\"location\":null,\"noticeRuleId\":null,\"slaId\":null,\"manager\":null,\"managerId\":null,\"principal\":null,\"principalId\":null,\"durationMinute\":null,\"eventDescription\":null,\"isAttention\":null,\"startDate\":\"\",\"endDate\":\"\",\"startResponseDate\":\"\",\"endResponseDate\":\"\",\"startAskDate\":\"\",\"endAskDate\":\"\",\"startIncidentRecoveryDate\":\"\",\"endIncidentRecoveryDate\":\"\",\"startHappendDate\":\"\",\"endHappendDate\":\"\",\"responseTime\":null,\"ackTime\":null,\"incidentRecoveryTime\":null,\"solveTime\":null,\"closeTime\":null,\"responsePerson\":null,\"ackPerson\":null,\"incidentRecoveryPerson\":null,\"solvePerson\":null,\"resolvePerson\":null,\"closePerson\":null,\"responseDuration\":null,\"ackDuration\":null,\"incidentRecoveryDuration\":null,\"solveDuration\":null,\"handleDuration\":null,\"eventDeviceList\":null,\"eventAlarmList\":null,\"eventListWorkOrderList\":null,\"eventFeedback\":null,\"eventDescribe\":null,\"eventCause\":null,\"solveMeasure\":null,\"eventEnclosure\":null,\"alarmRootId\":null,\"eventCatalogueId\":null,\"name\":null,\"isTouchAssets\":null,\"suffix\":null,\"deviceName\":\"\",\"userName\":null,\"userId\":\"5083\",\"reason\":null,\"domainCode\":null,\"previousLevel\":null,\"previousLevelName\":null,\"pageBean\":{\"pageNumber\":1,\"pageSize\":15,\"orderByColumn\":null,\"isAsc\":null},\"luckSheetRootList\":null,\"happenOverdueStatus\":null,\"happenOverdueDuration\":null,\"responseOverdueStatus\":null,\"responseOverdueDuration\":null,\"ackOverdueStatus\":null,\"ackOverdueDuration\":null,\"recoveryOverdueStatus\":null,\"recoveryOverdueDuration\":null,\"solveOverdueStatus\":null,\"solveOverdueDuration\":null,\"closeOverdueStatus\":null,\"closeOverdueDuration\":null,\"eventProgress\":null,\"domainCodeList\":[\"41\",\"19\",\"20\",\"92\",\"21\",\"3\",\"71\"],\"crashNumber\":null,\"isRemote\":false,\"isEmergency\":false,\"roomId\":null,\"bindingStatus\":null,\"webSocketType\":null,\"idList\":null,\"alarmType\":null,\"highestLevelTitle\":null,\"levelHistoryId\":null,\"level\":null,\"highestLevel\":null,\"eopStatus\":null,\"eventNumbers\":null,\"parentId\":null,\"showType\":null,\"alarmValue\":null,\"arToken\":null,\"realEvent\":null,\"locationInstanceId\":null,\"isRelateDevice\":null,\"type\":null,\"eopInstanceIds\":null,\"maxLevel\":null,\"branch\":null,\"taskCode\":null,\"projectCode\":null,\"ids\":null,\"notifyType\":null,\"eventId\":null,\"eventHandleDesc\":null,\"pushType\":null,\"isRestore\":null,\"eventAlarmStatus\":null,\"eventCurrentLevelList\":null,\"orderStatusList\":null,\"eventSourceList\":[],\"eventTypeList\":null,\"isReal\":null,\"drill\":null,\"drillId\":null,\"test\":null,\"creatType\":null,\"upLevelTime\":null,\"confirmProcessed\":null,\"warRoomId\":null,\"roomType\":null,\"defData\":null,\"isAffectCustomer\":null,\"analysisResults\":null,\"customerLevel\":null,\"time\":null,\"locationAndDevice\":null,\"alarmRule\":null} 判断演练标识\n\nCreating a new SqlSession\n\nSqlSession [org.apache.ibatis.session.defaults.DefaultSqlSession@591c81da] was not registered for synchronization because synchronization is not active\n\nJDBC Connection [HikariProxyConnection@447686112 wrapping com.mysql.cj.jdbc.ConnectionImpl@37303a42] will not be managed by Spring\n\nClosing non transactional SqlSession [org.apache.ibatis.session.defaults.DefaultSqlSession@591c81da]\n","stream":"stdout","tag":"kubernetes.var.log.containers.indc-event-live-server-6d7d79988-8966k_sreworks_container-ov2rdk-6924aa2eb6ca5c56e510a53677406e6bc75c4bead5ad7558a3cf14862fabe240.log"}
3) {"@timestamp":"2025-12-11T09:55:43.022Z","docker_container_id":"6924aa2eb6ca5c56e510a53677406e6bc75c4bead5ad7558a3cf14862fabe240","index_name":"k8s-app-indc-event-live-server-2025.12.11","kubernetes_container_image":"harbor.meta42.indc.vnet.com/indc/indc-event-live-server:main_prod-202512102217-38170b04-88668","kubernetes_container_image_id":"docker-pullable://harbor.meta42.indc.vnet.com/indc/indc-event-live-server@sha256:af89cd7f2f4c957625f92055b8b8fc660aaf813bc32950ef8676f8b55cea381f","kubernetes_container_name":"container-ov2rdk","kubernetes_host":"node19","kubernetes_labels_app":"indc-event-live-server","kubernetes_labels_app_kubernetes_io/name":"indc-event-live-server","kubernetes_labels_logging":"true","kubernetes_labels_pod-template-hash":"6d7d79988","kubernetes_master_url":"https://10.233.0.1:443/api","kubernetes_namespace_id":"8c93404f-ab15-404f-bfa6-0ea4f1268053","kubernetes_namespace_labels_kubernetes_io/metadata_name":"sreworks","kubernetes_namespace_labels_kubesphere_io/namespace":"sreworks","kubernetes_namespace_labels_kubesphere_io/workspace":"system-workspace","kubernetes_namespace_labels_name":"sreworks","kubernetes_namespace_name":"sreworks","kubernetes_pod_id":"46a5ada6-d104-4f7e-8c67-6d147191e107","kubernetes_pod_ip":"10.233.104.9","kubernetes_pod_name":"indc-event-live-server-6d7d79988-8966k","message":"2025-12-11 17:55:42.673 INFO  e747f2203e76f9d5 [XNIO-1 task-10] (EventServiceImpl.java:592) c.v.i.e.s.e.impl.EventServiceImpl - 事件列表总耗时: 11毫秒\n\nCreating a new SqlSession\n\nSqlSession [org.apache.ibatis.session.defaults.DefaultSqlSession@7d1920c9] was not registered for synchronization because synchronization is not active\n\nJDBC Connection [HikariProxyConnection@1085697249 wrapping com.mysql.cj.jdbc.ConnectionImpl@37303a42] will not be managed by Spring\n\nClosing non transactional SqlSession [org.apache.ibatis.session.defaults.DefaultSqlSession@7d1920c9]\n","stream":"stdout","tag":"kubernetes.var.log.containers.indc-event-live-server-6d7d79988-8966k_sreworks_container-ov2rdk-6924aa2eb6ca5c56e510a53677406e6bc75c4bead5ad7558a3cf14862fabe240.log"}
2025/12/11 17:57:30 send alert via feishu error: Post "https://open.feishu.cn/open-apis/bot/v2/hook/a06d5b36-a9d2-4408-a1dc-5ba73810b20c": tls: failed to verify certificate: x509: OSStatus -26276
2025/12/11 17:57:30 [ALERT][console] [Elasticsearch Alert] 测试告警：indc-event-live-server 日志监控
测试告警工具功能，监控 indc-event-live-server 应用的所有日志

- 索引: k8s-app-indc-event-live-server*
- 时间窗: 5m
- 命中条数: 4408
- 查询: DSL

样例事件:
1) {"@timestamp":"2025-12-11T09:57:26.714Z","docker_container_id":"25b23c20d8897518a0d91c0696c910c01786c52a73d68eb40565c68b07612f8c","index_name":"k8s-app-indc-event-live-server-2025.12.11","kubernetes_container_image":"harbor.meta42.indc.vnet.com/indc/indc-event-live-server:main_prod-202512102217-38170b04-88668","kubernetes_container_image_id":"docker-pullable://harbor.meta42.indc.vnet.com/indc/indc-event-live-server@sha256:af89cd7f2f4c957625f92055b8b8fc660aaf813bc32950ef8676f8b55cea381f","kubernetes_container_name":"container-ov2rdk","kubernetes_host":"node3","kubernetes_labels_app":"indc-event-live-server","kubernetes_labels_app_kubernetes_io/name":"indc-event-live-server","kubernetes_labels_logging":"true","kubernetes_labels_pod-template-hash":"6d7d79988","kubernetes_master_url":"https://10.233.0.1:443/api","kubernetes_namespace_id":"8c93404f-ab15-404f-bfa6-0ea4f1268053","kubernetes_namespace_labels_kubernetes_io/metadata_name":"sreworks","kubernetes_namespace_labels_kubesphere_io/namespace":"sreworks","kubernetes_namespace_labels_kubesphere_io/workspace":"system-workspace","kubernetes_namespace_labels_name":"sreworks","kubernetes_namespace_name":"sreworks","kubernetes_pod_id":"af27f696-7a17-4635-bfa9-68e36fa1c1d4","kubernetes_pod_ip":"10.233.92.150","kubernetes_pod_name":"indc-event-live-server-6d7d79988-fn988","message":"2025-12-11 17:57:25.988 INFO  53e90e5de22690cd [XNIO-1 task-11] (LoggerAspect.java:113) c.v.indc.event.aspect.LoggerAspect - 请求结束时间: 2025年12月11日 17:57:25\n","stream":"stdout","tag":"kubernetes.var.log.containers.indc-event-live-server-6d7d79988-fn988_sreworks_container-ov2rdk-25b23c20d8897518a0d91c0696c910c01786c52a73d68eb40565c68b07612f8c.log"}
2) {"@timestamp":"2025-12-11T09:57:26.713Z","docker_container_id":"25b23c20d8897518a0d91c0696c910c01786c52a73d68eb40565c68b07612f8c","index_name":"k8s-app-indc-event-live-server-2025.12.11","kubernetes_container_image":"harbor.meta42.indc.vnet.com/indc/indc-event-live-server:main_prod-202512102217-38170b04-88668","kubernetes_container_image_id":"docker-pullable://harbor.meta42.indc.vnet.com/indc/indc-event-live-server@sha256:af89cd7f2f4c957625f92055b8b8fc660aaf813bc32950ef8676f8b55cea381f","kubernetes_container_name":"container-ov2rdk","kubernetes_host":"node3","kubernetes_labels_app":"indc-event-live-server","kubernetes_labels_app_kubernetes_io/name":"indc-event-live-server","kubernetes_labels_logging":"true","kubernetes_labels_pod-template-hash":"6d7d79988","kubernetes_master_url":"https://10.233.0.1:443/api","kubernetes_namespace_id":"8c93404f-ab15-404f-bfa6-0ea4f1268053","kubernetes_namespace_labels_kubernetes_io/metadata_name":"sreworks","kubernetes_namespace_labels_kubesphere_io/namespace":"sreworks","kubernetes_namespace_labels_kubesphere_io/workspace":"system-workspace","kubernetes_namespace_labels_name":"sreworks","kubernetes_namespace_name":"sreworks","kubernetes_pod_id":"af27f696-7a17-4635-bfa9-68e36fa1c1d4","kubernetes_pod_ip":"10.233.92.150","kubernetes_pod_name":"indc-event-live-server-6d7d79988-fn988","message":"2025-12-11 17:57:25.979 INFO  53e90e5de22690cd [XNIO-1 task-11] (DrillMarkAspect.java:54) c.v.i.event.aspect.DrillMarkAspect - 参数：{\"id\":null,\"affectedDevice\":null,\"eventNumber\":null,\"eventTitle\":\"\",\"eventStatus\":null,\"eventCurrentLevel\":\"\",\"eventCurrentLevelName\":null,\"eventFirstLevel\":\"\",\"eventFirstLevelName\":null,\"eventHighestLevel\":\"\",\"eventHighestLevelName\":null,\"creator\":\"姜寅生\",\"creatTime\":null,\"updater\":null,\"updateTime\":null,\"happenTime\":null,\"notificationTime\":null,\"overdueCondition\":null,\"orderStatus\":\"1,2,3,4,6\",\"dcCode\":null,\"dcName\":null,\"eventType\":\"\",\"eventSource\":null,\"location\":null,\"noticeRuleId\":null,\"slaId\":null,\"manager\":null,\"managerId\":null,\"principal\":null,\"principalId\":null,\"durationMinute\":null,\"eventDescription\":null,\"isAttention\":null,\"startDate\":\"\",\"endDate\":\"\",\"startResponseDate\":\"\",\"endResponseDate\":\"\",\"startAskDate\":\"\",\"endAskDate\":\"\",\"startIncidentRecoveryDate\":\"\",\"endIncidentRecoveryDate\":\"\",\"startHappendDate\":\"\",\"endHappendDate\":\"\",\"responseTime\":null,\"ackTime\":null,\"incidentRecoveryTime\":null,\"solveTime\":null,\"closeTime\":null,\"responsePerson\":null,\"ackPerson\":null,\"incidentRecoveryPerson\":null,\"solvePerson\":null,\"resolvePerson\":null,\"closePerson\":null,\"responseDuration\":null,\"ackDuration\":null,\"incidentRecoveryDuration\":null,\"solveDuration\":null,\"handleDuration\":null,\"eventDeviceList\":null,\"eventAlarmList\":null,\"eventListWorkOrderList\":null,\"eventFeedback\":null,\"eventDescribe\":null,\"eventCause\":null,\"solveMeasure\":null,\"eventEnclosure\":null,\"alarmRootId\":null,\"eventCatalogueId\":null,\"name\":null,\"isTouchAssets\":null,\"suffix\":null,\"deviceName\":\"\",\"userName\":null,\"userId\":\"5083\",\"reason\":null,\"domainCode\":null,\"previousLevel\":null,\"previousLevelName\":null,\"pageBean\":{\"pageNumber\":1,\"pageSize\":200,\"orderByColumn\":null,\"isAsc\":null},\"luckSheetRootList\":null,\"happenOverdueStatus\":null,\"happenOverdueDuration\":null,\"responseOverdueStatus\":null,\"responseOverdueDuration\":null,\"ackOverdueStatus\":null,\"ackOverdueDuration\":null,\"recoveryOverdueStatus\":null,\"recoveryOverdueDuration\":null,\"solveOverdueStatus\":null,\"solveOverdueDuration\":null,\"closeOverdueStatus\":null,\"closeOverdueDuration\":null,\"eventProgress\":null,\"domainCodeList\":[\"41\"],\"crashNumber\":null,\"isRemote\":false,\"isEmergency\":false,\"roomId\":null,\"bindingStatus\":null,\"webSocketType\":null,\"idList\":null,\"alarmType\":null,\"highestLevelTitle\":null,\"levelHistoryId\":null,\"level\":null,\"highestLevel\":null,\"eopStatus\":null,\"eventNumbers\":null,\"parentId\":null,\"showType\":null,\"alarmValue\":null,\"arToken\":null,\"realEvent\":null,\"locationInstanceId\":null,\"isRelateDevice\":null,\"type\":null,\"eopInstanceIds\":null,\"maxLevel\":null,\"branch\":null,\"taskCode\":null,\"projectCode\":null,\"ids\":null,\"notifyType\":null,\"eventId\":null,\"eventHandleDesc\":null,\"pushType\":null,\"isRestore\":null,\"eventAlarmStatus\":null,\"eventCurrentLevelList\":null,\"orderStatusList\":null,\"eventSourceList\":[],\"eventTypeList\":null,\"isReal\":null,\"drill\":null,\"drillId\":null,\"test\":null,\"creatType\":null,\"upLevelTime\":null,\"confirmProcessed\":null,\"warRoomId\":null,\"roomType\":null,\"defData\":null,\"isAffectCustomer\":null,\"analysisResults\":null,\"customerLevel\":null,\"time\":null,\"locationAndDevice\":null,\"alarmRule\":null} 判断演练标识\n\nCreating a new SqlSession\n\nSqlSession [org.apache.ibatis.session.defaults.DefaultSqlSession@447aaa66] was not registered for synchronization because synchronization is not active\n\nJDBC Connection [HikariProxyConnection@18612143 wrapping com.mysql.cj.jdbc.ConnectionImpl@5d694653] will not be managed by Spring\n\nClosing non transactional SqlSession [org.apache.ibatis.session.defaults.DefaultSqlSession@447aaa66]\n","stream":"stdout","tag":"kubernetes.var.log.containers.indc-event-live-server-6d7d79988-fn988_sreworks_container-ov2rdk-25b23c20d8897518a0d91c0696c910c01786c52a73d68eb40565c68b07612f8c.log"}
3) {"@timestamp":"2025-12-11T09:57:26.713Z","docker_container_id":"25b23c20d8897518a0d91c0696c910c01786c52a73d68eb40565c68b07612f8c","index_name":"k8s-app-indc-event-live-server-2025.12.11","kubernetes_container_image":"harbor.meta42.indc.vnet.com/indc/indc-event-live-server:main_prod-202512102217-38170b04-88668","kubernetes_container_image_id":"docker-pullable://harbor.meta42.indc.vnet.com/indc/indc-event-live-server@sha256:af89cd7f2f4c957625f92055b8b8fc660aaf813bc32950ef8676f8b55cea381f","kubernetes_container_name":"container-ov2rdk","kubernetes_host":"node3","kubernetes_labels_app":"indc-event-live-server","kubernetes_labels_app_kubernetes_io/name":"indc-event-live-server","kubernetes_labels_logging":"true","kubernetes_labels_pod-template-hash":"6d7d79988","kubernetes_master_url":"https://10.233.0.1:443/api","kubernetes_namespace_id":"8c93404f-ab15-404f-bfa6-0ea4f1268053","kubernetes_namespace_labels_kubernetes_io/metadata_name":"sreworks","kubernetes_namespace_labels_kubesphere_io/namespace":"sreworks","kubernetes_namespace_labels_kubesphere_io/workspace":"system-workspace","kubernetes_namespace_labels_name":"sreworks","kubernetes_namespace_name":"sreworks","kubernetes_pod_id":"af27f696-7a17-4635-bfa9-68e36fa1c1d4","kubernetes_pod_ip":"10.233.92.150","kubernetes_pod_name":"indc-event-live-server-6d7d79988-fn988","message":"2025-12-11 17:57:25.985 INFO  53e90e5de22690cd [XNIO-1 task-11] (EventServiceImpl.java:592) c.v.i.e.s.e.impl.EventServiceImpl - 事件列表总耗时: 6毫秒\n\nCreating a new SqlSession\n\nSqlSession [org.apache.ibatis.session.defaults.DefaultSqlSession@32fa484e] was not registered for synchronization because synchronization is not active\n\nJDBC Connection [HikariProxyConnection@591588845 wrapping com.mysql.cj.jdbc.ConnectionImpl@5d694653] will not be managed by Spring\n\nClosing non transactional SqlSession [org.apache.ibatis.session.defaults.DefaultSqlSession@32fa484e]\n","stream":"stdout","tag":"kubernetes.var.log.containers.indc-event-live-server-6d7d79988-fn988_sreworks_container-ov2rdk-25b23c20d8897518a0d91c0696c910c01786c52a73d68eb40565c68b07612f8c.log"}
2025/12/11 17:59:00 send alert via feishu error: Post "https://open.feishu.cn/open-apis/bot/v2/hook/a06d5b36-a9d2-4408-a1dc-5ba73810b20c": tls: failed to verify certificate: x509: OSStatus -26276
2025/12/11 17:59:00 [ALERT][console] [Elasticsearch Alert] 测试告警：indc-event-live-server 日志监控
测试告警工具功能，监控 indc-event-live-server 应用的所有日志

- 索引: k8s-app-indc-event-live-server*
- 时间窗: 5m
- 命中条数: 3735
- 查询: DSL

样例事件:
1) {"@timestamp":"2025-12-11T09:58:45.978Z","docker_container_id":"6924aa2eb6ca5c56e510a53677406e6bc75c4bead5ad7558a3cf14862fabe240","index_name":"k8s-app-indc-event-live-server-2025.12.11","kubernetes_container_image":"harbor.meta42.indc.vnet.com/indc/indc-event-live-server:main_prod-202512102217-38170b04-88668","kubernetes_container_image_id":"docker-pullable://harbor.meta42.indc.vnet.com/indc/indc-event-live-server@sha256:af89cd7f2f4c957625f92055b8b8fc660aaf813bc32950ef8676f8b55cea381f","kubernetes_container_name":"container-ov2rdk","kubernetes_host":"node19","kubernetes_labels_app":"indc-event-live-server","kubernetes_labels_app_kubernetes_io/name":"indc-event-live-server","kubernetes_labels_logging":"true","kubernetes_labels_pod-template-hash":"6d7d79988","kubernetes_master_url":"https://10.233.0.1:443/api","kubernetes_namespace_id":"8c93404f-ab15-404f-bfa6-0ea4f1268053","kubernetes_namespace_labels_kubernetes_io/metadata_name":"sreworks","kubernetes_namespace_labels_kubesphere_io/namespace":"sreworks","kubernetes_namespace_labels_kubesphere_io/workspace":"system-workspace","kubernetes_namespace_labels_name":"sreworks","kubernetes_namespace_name":"sreworks","kubernetes_pod_id":"46a5ada6-d104-4f7e-8c67-6d147191e107","kubernetes_pod_ip":"10.233.104.9","kubernetes_pod_name":"indc-event-live-server-6d7d79988-8966k","message":"2025-12-11 17:58:45.036 INFO  90c355b611e9d748 [XNIO-1 task-10] (LoggerAspect.java:113) c.v.indc.event.aspect.LoggerAspect - 请求结束时间: 2025年12月11日 17:58:45\n","stream":"stdout","tag":"kubernetes.var.log.containers.indc-event-live-server-6d7d79988-8966k_sreworks_container-ov2rdk-6924aa2eb6ca5c56e510a53677406e6bc75c4bead5ad7558a3cf14862fabe240.log"}
2) {"@timestamp":"2025-12-11T09:58:45.977Z","docker_container_id":"6924aa2eb6ca5c56e510a53677406e6bc75c4bead5ad7558a3cf14862fabe240","index_name":"k8s-app-indc-event-live-server-2025.12.11","kubernetes_container_image":"harbor.meta42.indc.vnet.com/indc/indc-event-live-server:main_prod-202512102217-38170b04-88668","kubernetes_container_image_id":"docker-pullable://harbor.meta42.indc.vnet.com/indc/indc-event-live-server@sha256:af89cd7f2f4c957625f92055b8b8fc660aaf813bc32950ef8676f8b55cea381f","kubernetes_container_name":"container-ov2rdk","kubernetes_host":"node19","kubernetes_labels_app":"indc-event-live-server","kubernetes_labels_app_kubernetes_io/name":"indc-event-live-server","kubernetes_labels_logging":"true","kubernetes_labels_pod-template-hash":"6d7d79988","kubernetes_master_url":"https://10.233.0.1:443/api","kubernetes_namespace_id":"8c93404f-ab15-404f-bfa6-0ea4f1268053","kubernetes_namespace_labels_kubernetes_io/metadata_name":"sreworks","kubernetes_namespace_labels_kubesphere_io/namespace":"sreworks","kubernetes_namespace_labels_kubesphere_io/workspace":"system-workspace","kubernetes_namespace_labels_name":"sreworks","kubernetes_namespace_name":"sreworks","kubernetes_pod_id":"46a5ada6-d104-4f7e-8c67-6d147191e107","kubernetes_pod_ip":"10.233.104.9","kubernetes_pod_name":"indc-event-live-server-6d7d79988-8966k","message":"2025-12-11 17:58:45.023 INFO  90c355b611e9d748 [XNIO-1 task-10] (DrillSqlSource.java:59) c.v.indc.event.config.DrillSqlSource - 修改后的sql:SELECT * FROM war_room WHERE parent_id = ? AND room_type = 'CHILD'\n\nJDBC Connection [HikariProxyConnection@1250489942 wrapping com.mysql.cj.jdbc.ConnectionImpl@37303a42] will not be managed by Spring\n\nClosing non transactional SqlSession [org.apache.ibatis.session.defaults.DefaultSqlSession@ba7ad13]\n\nCreating a new SqlSession\n\nSqlSession [org.apache.ibatis.session.defaults.DefaultSqlSession@680d2c4f] was not registered for synchronization because synchronization is not active\n","stream":"stdout","tag":"kubernetes.var.log.containers.indc-event-live-server-6d7d79988-8966k_sreworks_container-ov2rdk-6924aa2eb6ca5c56e510a53677406e6bc75c4bead5ad7558a3cf14862fabe240.log"}
3) {"@timestamp":"2025-12-11T09:58:45.977Z","docker_container_id":"6924aa2eb6ca5c56e510a53677406e6bc75c4bead5ad7558a3cf14862fabe240","index_name":"k8s-app-indc-event-live-server-2025.12.11","kubernetes_container_image":"harbor.meta42.indc.vnet.com/indc/indc-event-live-server:main_prod-202512102217-38170b04-88668","kubernetes_container_image_id":"docker-pullable://harbor.meta42.indc.vnet.com/indc/indc-event-live-server@sha256:af89cd7f2f4c957625f92055b8b8fc660aaf813bc32950ef8676f8b55cea381f","kubernetes_container_name":"container-ov2rdk","kubernetes_host":"node19","kubernetes_labels_app":"indc-event-live-server","kubernetes_labels_app_kubernetes_io/name":"indc-event-live-server","kubernetes_labels_logging":"true","kubernetes_labels_pod-template-hash":"6d7d79988","kubernetes_master_url":"https://10.233.0.1:443/api","kubernetes_namespace_id":"8c93404f-ab15-404f-bfa6-0ea4f1268053","kubernetes_namespace_labels_kubernetes_io/metadata_name":"sreworks","kubernetes_namespace_labels_kubesphere_io/namespace":"sreworks","kubernetes_namespace_labels_kubesphere_io/workspace":"system-workspace","kubernetes_namespace_labels_name":"sreworks","kubernetes_namespace_name":"sreworks","kubernetes_pod_id":"46a5ada6-d104-4f7e-8c67-6d147191e107","kubernetes_pod_ip":"10.233.104.9","kubernetes_pod_name":"indc-event-live-server-6d7d79988-8966k","message":"2025-12-11 17:58:45.027 INFO  90c355b611e9d748 [XNIO-1 task-10] (DrillSqlSource.java:59) c.v.indc.event.config.DrillSqlSource - 修改后的sql:SELECT el.id AS eventId, el.* FROM event_list el WHERE room_type = 'CHILD' AND war_room_id IN (?, ?, ?, ?, ?, ?, ?, ?, ?, ?, ?, ?, ?, ?, ?, ?, ?, ?, ?, ?, ?, ?, ?, ?, ?, ?, ?, ?, ?)\n\nJDBC Connection [HikariProxyConnection@1584712552 wrapping com.mysql.cj.jdbc.ConnectionImpl@37303a42] will not be managed by Spring\n\nClosing non transactional SqlSession [org.apache.ibatis.session.defaults.DefaultSqlSession@680d2c4f]\n","stream":"stdout","tag":"kubernetes.var.log.containers.indc-event-live-server-6d7d79988-8966k_sreworks_container-ov2rdk-6924aa2eb6ca5c56e510a53677406e6bc75c4bead5ad7558a3cf14862fabe240.log"}
2025/12/11 18:00:30 send alert via feishu error: Post "https://open.feishu.cn/open-apis/bot/v2/hook/a06d5b36-a9d2-4408-a1dc-5ba73810b20c": tls: failed to verify certificate: x509: OSStatus -26276
2025/12/11 18:00:30 [ALERT][console] [Elasticsearch Alert] 测试告警：indc-event-live-server 日志监控
测试告警工具功能，监控 indc-event-live-server 应用的所有日志

- 索引: k8s-app-indc-event-live-server*
- 时间窗: 5m
- 命中条数: 3059
- 查询: DSL

样例事件:
1) {"@timestamp":"2025-12-11T10:00:21.721Z","docker_container_id":"25b23c20d8897518a0d91c0696c910c01786c52a73d68eb40565c68b07612f8c","index_name":"k8s-app-indc-event-live-server-2025.12.11","kubernetes_container_image":"harbor.meta42.indc.vnet.com/indc/indc-event-live-server:main_prod-202512102217-38170b04-88668","kubernetes_container_image_id":"docker-pullable://harbor.meta42.indc.vnet.com/indc/indc-event-live-server@sha256:af89cd7f2f4c957625f92055b8b8fc660aaf813bc32950ef8676f8b55cea381f","kubernetes_container_name":"container-ov2rdk","kubernetes_host":"node3","kubernetes_labels_app":"indc-event-live-server","kubernetes_labels_app_kubernetes_io/name":"indc-event-live-server","kubernetes_labels_logging":"true","kubernetes_labels_pod-template-hash":"6d7d79988","kubernetes_master_url":"https://10.233.0.1:443/api","kubernetes_namespace_id":"8c93404f-ab15-404f-bfa6-0ea4f1268053","kubernetes_namespace_labels_kubernetes_io/metadata_name":"sreworks","kubernetes_namespace_labels_kubesphere_io/namespace":"sreworks","kubernetes_namespace_labels_kubesphere_io/workspace":"system-workspace","kubernetes_namespace_labels_name":"sreworks","kubernetes_namespace_name":"sreworks","kubernetes_pod_id":"af27f696-7a17-4635-bfa9-68e36fa1c1d4","kubernetes_pod_ip":"10.233.92.150","kubernetes_pod_name":"indc-event-live-server-6d7d79988-fn988","message":"2025-12-11 18:00:21.595 INFO  058bb36850b09003 [XNIO-1 task-9] (LoggerAspect.java:113) c.v.indc.event.aspect.LoggerAspect - 请求结束时间: 2025年12月11日 18:00:21\n","stream":"stdout","tag":"kubernetes.var.log.containers.indc-event-live-server-6d7d79988-fn988_sreworks_container-ov2rdk-25b23c20d8897518a0d91c0696c910c01786c52a73d68eb40565c68b07612f8c.log"}
2) {"@timestamp":"2025-12-11T10:00:21.720Z","docker_container_id":"25b23c20d8897518a0d91c0696c910c01786c52a73d68eb40565c68b07612f8c","index_name":"k8s-app-indc-event-live-server-2025.12.11","kubernetes_container_image":"harbor.meta42.indc.vnet.com/indc/indc-event-live-server:main_prod-202512102217-38170b04-88668","kubernetes_container_image_id":"docker-pullable://harbor.meta42.indc.vnet.com/indc/indc-event-live-server@sha256:af89cd7f2f4c957625f92055b8b8fc660aaf813bc32950ef8676f8b55cea381f","kubernetes_container_name":"container-ov2rdk","kubernetes_host":"node3","kubernetes_labels_app":"indc-event-live-server","kubernetes_labels_app_kubernetes_io/name":"indc-event-live-server","kubernetes_labels_logging":"true","kubernetes_labels_pod-template-hash":"6d7d79988","kubernetes_master_url":"https://10.233.0.1:443/api","kubernetes_namespace_id":"8c93404f-ab15-404f-bfa6-0ea4f1268053","kubernetes_namespace_labels_kubernetes_io/metadata_name":"sreworks","kubernetes_namespace_labels_kubesphere_io/namespace":"sreworks","kubernetes_namespace_labels_kubesphere_io/workspace":"system-workspace","kubernetes_namespace_labels_name":"sreworks","kubernetes_namespace_name":"sreworks","kubernetes_pod_id":"af27f696-7a17-4635-bfa9-68e36fa1c1d4","kubernetes_pod_ip":"10.233.92.150","kubernetes_pod_name":"indc-event-live-server-6d7d79988-fn988","message":"2025-12-11 18:00:21.539 INFO  058bb36850b09003 [XNIO-1 task-9] (AuthUtil.java:194) com.vnet.indc.event.utils.AuthUtil - 通过岗位：[39, 52, 26],楼栋id:null查询用户开始\n","stream":"stdout","tag":"kubernetes.var.log.containers.indc-event-live-server-6d7d79988-fn988_sreworks_container-ov2rdk-25b23c20d8897518a0d91c0696c910c01786c52a73d68eb40565c68b07612f8c.log"}
3) {"@timestamp":"2025-12-11T10:00:21.719Z","docker_container_id":"25b23c20d8897518a0d91c0696c910c01786c52a73d68eb40565c68b07612f8c","index_name":"k8s-app-indc-event-live-server-2025.12.11","kubernetes_container_image":"harbor.meta42.indc.vnet.com/indc/indc-event-live-server:main_prod-202512102217-38170b04-88668","kubernetes_container_image_id":"docker-pullable://harbor.meta42.indc.vnet.com/indc/indc-event-live-server@sha256:af89cd7f2f4c957625f92055b8b8fc660aaf813bc32950ef8676f8b55cea381f","kubernetes_container_name":"container-ov2rdk","kubernetes_host":"node3","kubernetes_labels_app":"indc-event-live-server","kubernetes_labels_app_kubernetes_io/name":"indc-event-live-server","kubernetes_labels_logging":"true","kubernetes_labels_pod-template-hash":"6d7d79988","kubernetes_master_url":"https://10.233.0.1:443/api","kubernetes_namespace_id":"8c93404f-ab15-404f-bfa6-0ea4f1268053","kubernetes_namespace_labels_kubernetes_io/metadata_name":"sreworks","kubernetes_namespace_labels_kubesphere_io/namespace":"sreworks","kubernetes_namespace_labels_kubesphere_io/workspace":"system-workspace","kubernetes_namespace_labels_name":"sreworks","kubernetes_namespace_name":"sreworks","kubernetes_pod_id":"af27f696-7a17-4635-bfa9-68e36fa1c1d4","kubernetes_pod_ip":"10.233.92.150","kubernetes_pod_name":"indc-event-live-server-6d7d79988-fn988","message":"2025-12-11 18:00:21.539 INFO  058bb36850b09003 [XNIO-1 task-9] (DrillMarkAspect.java:54) c.v.i.event.aspect.DrillMarkAspect - 参数：[\"91064\"] 判断演练标识\n","stream":"stdout","tag":"kubernetes.var.log.containers.indc-event-live-server-6d7d79988-fn988_sreworks_container-ov2rdk-25b23c20d8897518a0d91c0696c910c01786c52a73d68eb40565c68b07612f8c.log"}
2025/12/11 18:01:30 send alert via feishu error: Post "https://open.feishu.cn/open-apis/bot/v2/hook/a06d5b36-a9d2-4408-a1dc-5ba73810b20c": tls: failed to verify certificate: x509: OSStatus -26276
2025/12/11 18:01:30 [ALERT][console] [Elasticsearch Alert] 测试告警：indc-event-live-server 日志监控
测试告警工具功能，监控 indc-event-live-server 应用的所有日志

- 索引: k8s-app-indc-event-live-server*
- 时间窗: 5m
- 命中条数: 2665
- 查询: DSL

样例事件:
1) {"@timestamp":"2025-12-11T10:01:25.709Z","docker_container_id":"25b23c20d8897518a0d91c0696c910c01786c52a73d68eb40565c68b07612f8c","index_name":"k8s-app-indc-event-live-server-2025.12.11","kubernetes_container_image":"harbor.meta42.indc.vnet.com/indc/indc-event-live-server:main_prod-202512102217-38170b04-88668","kubernetes_container_image_id":"docker-pullable://harbor.meta42.indc.vnet.com/indc/indc-event-live-server@sha256:af89cd7f2f4c957625f92055b8b8fc660aaf813bc32950ef8676f8b55cea381f","kubernetes_container_name":"container-ov2rdk","kubernetes_host":"node3","kubernetes_labels_app":"indc-event-live-server","kubernetes_labels_app_kubernetes_io/name":"indc-event-live-server","kubernetes_labels_logging":"true","kubernetes_labels_pod-template-hash":"6d7d79988","kubernetes_master_url":"https://10.233.0.1:443/api","kubernetes_namespace_id":"8c93404f-ab15-404f-bfa6-0ea4f1268053","kubernetes_namespace_labels_kubernetes_io/metadata_name":"sreworks","kubernetes_namespace_labels_kubesphere_io/namespace":"sreworks","kubernetes_namespace_labels_kubesphere_io/workspace":"system-workspace","kubernetes_namespace_labels_name":"sreworks","kubernetes_namespace_name":"sreworks","kubernetes_pod_id":"af27f696-7a17-4635-bfa9-68e36fa1c1d4","kubernetes_pod_ip":"10.233.92.150","kubernetes_pod_name":"indc-event-live-server-6d7d79988-fn988","message":"2025-12-11 18:01:24.914 INFO  49f523a3b75c70af [XNIO-1 task-9] (LoggerAspect.java:113) c.v.indc.event.aspect.LoggerAspect - 请求结束时间: 2025年12月11日 18:01:24\n","stream":"stdout","tag":"kubernetes.var.log.containers.indc-event-live-server-6d7d79988-fn988_sreworks_container-ov2rdk-25b23c20d8897518a0d91c0696c910c01786c52a73d68eb40565c68b07612f8c.log"}
2) {"@timestamp":"2025-12-11T10:01:25.708Z","docker_container_id":"25b23c20d8897518a0d91c0696c910c01786c52a73d68eb40565c68b07612f8c","index_name":"k8s-app-indc-event-live-server-2025.12.11","kubernetes_container_image":"harbor.meta42.indc.vnet.com/indc/indc-event-live-server:main_prod-202512102217-38170b04-88668","kubernetes_container_image_id":"docker-pullable://harbor.meta42.indc.vnet.com/indc/indc-event-live-server@sha256:af89cd7f2f4c957625f92055b8b8fc660aaf813bc32950ef8676f8b55cea381f","kubernetes_container_name":"container-ov2rdk","kubernetes_host":"node3","kubernetes_labels_app":"indc-event-live-server","kubernetes_labels_app_kubernetes_io/name":"indc-event-live-server","kubernetes_labels_logging":"true","kubernetes_labels_pod-template-hash":"6d7d79988","kubernetes_master_url":"https://10.233.0.1:443/api","kubernetes_namespace_id":"8c93404f-ab15-404f-bfa6-0ea4f1268053","kubernetes_namespace_labels_kubernetes_io/metadata_name":"sreworks","kubernetes_namespace_labels_kubesphere_io/namespace":"sreworks","kubernetes_namespace_labels_kubesphere_io/workspace":"system-workspace","kubernetes_namespace_labels_name":"sreworks","kubernetes_namespace_name":"sreworks","kubernetes_pod_id":"af27f696-7a17-4635-bfa9-68e36fa1c1d4","kubernetes_pod_ip":"10.233.92.150","kubernetes_pod_name":"indc-event-live-server-6d7d79988-fn988","message":"Closing non transactional SqlSession [org.apache.ibatis.session.defaults.DefaultSqlSession@405a5fca]\n","stream":"stdout","tag":"kubernetes.var.log.containers.indc-event-live-server-6d7d79988-fn988_sreworks_container-ov2rdk-25b23c20d8897518a0d91c0696c910c01786c52a73d68eb40565c68b07612f8c.log"}
3) {"@timestamp":"2025-12-11T10:01:25.708Z","docker_container_id":"25b23c20d8897518a0d91c0696c910c01786c52a73d68eb40565c68b07612f8c","index_name":"k8s-app-indc-event-live-server-2025.12.11","kubernetes_container_image":"harbor.meta42.indc.vnet.com/indc/indc-event-live-server:main_prod-202512102217-38170b04-88668","kubernetes_container_image_id":"docker-pullable://harbor.meta42.indc.vnet.com/indc/indc-event-live-server@sha256:af89cd7f2f4c957625f92055b8b8fc660aaf813bc32950ef8676f8b55cea381f","kubernetes_container_name":"container-ov2rdk","kubernetes_host":"node3","kubernetes_labels_app":"indc-event-live-server","kubernetes_labels_app_kubernetes_io/name":"indc-event-live-server","kubernetes_labels_logging":"true","kubernetes_labels_pod-template-hash":"6d7d79988","kubernetes_master_url":"https://10.233.0.1:443/api","kubernetes_namespace_id":"8c93404f-ab15-404f-bfa6-0ea4f1268053","kubernetes_namespace_labels_kubernetes_io/metadata_name":"sreworks","kubernetes_namespace_labels_kubesphere_io/namespace":"sreworks","kubernetes_namespace_labels_kubesphere_io/workspace":"system-workspace","kubernetes_namespace_labels_name":"sreworks","kubernetes_namespace_name":"sreworks","kubernetes_pod_id":"af27f696-7a17-4635-bfa9-68e36fa1c1d4","kubernetes_pod_ip":"10.233.92.150","kubernetes_pod_name":"indc-event-live-server-6d7d79988-fn988","message":"2025-12-11 18:01:24.914 INFO  49f523a3b75c70af [XNIO-1 task-9] (WarRoomServiceImpl.java:1051) c.v.i.e.s.w.impl.WarRoomServiceImpl - newRoomOrOldRoom domainCode:71\n","stream":"stdout","tag":"kubernetes.var.log.containers.indc-event-live-server-6d7d79988-fn988_sreworks_container-ov2rdk-25b23c20d8897518a0d91c0696c910c01786c52a73d68eb40565c68b07612f8c.log"}
2025/12/11 18:03:00 send alert via feishu error: Post "https://open.feishu.cn/open-apis/bot/v2/hook/a06d5b36-a9d2-4408-a1dc-5ba73810b20c": tls: failed to verify certificate: x509: OSStatus -26276
2025/12/11 18:03:00 [ALERT][console] [Elasticsearch Alert] 测试告警：indc-event-live-server 日志监控
测试告警工具功能，监控 indc-event-live-server 应用的所有日志

- 索引: k8s-app-indc-event-live-server*
- 时间窗: 5m
- 命中条数: 2634
- 查询: DSL

样例事件:
1) {"@timestamp":"2025-12-11T10:02:55.710Z","docker_container_id":"25b23c20d8897518a0d91c0696c910c01786c52a73d68eb40565c68b07612f8c","index_name":"k8s-app-indc-event-live-server-2025.12.11","kubernetes_container_image":"harbor.meta42.indc.vnet.com/indc/indc-event-live-server:main_prod-202512102217-38170b04-88668","kubernetes_container_image_id":"docker-pullable://harbor.meta42.indc.vnet.com/indc/indc-event-live-server@sha256:af89cd7f2f4c957625f92055b8b8fc660aaf813bc32950ef8676f8b55cea381f","kubernetes_container_name":"container-ov2rdk","kubernetes_host":"node3","kubernetes_labels_app":"indc-event-live-server","kubernetes_labels_app_kubernetes_io/name":"indc-event-live-server","kubernetes_labels_logging":"true","kubernetes_labels_pod-template-hash":"6d7d79988","kubernetes_master_url":"https://10.233.0.1:443/api","kubernetes_namespace_id":"8c93404f-ab15-404f-bfa6-0ea4f1268053","kubernetes_namespace_labels_kubernetes_io/metadata_name":"sreworks","kubernetes_namespace_labels_kubesphere_io/namespace":"sreworks","kubernetes_namespace_labels_kubesphere_io/workspace":"system-workspace","kubernetes_namespace_labels_name":"sreworks","kubernetes_namespace_name":"sreworks","kubernetes_pod_id":"af27f696-7a17-4635-bfa9-68e36fa1c1d4","kubernetes_pod_ip":"10.233.92.150","kubernetes_pod_name":"indc-event-live-server-6d7d79988-fn988","message":"2025-12-11 18:02:54.821 INFO   [com.alibaba.nacos.naming.push.receiver] (PushReceiver.java:86) com.alibaba.nacos.client.naming - received push data: {\"type\":\"dom\",\"data\":\"{\\\"name\\\":\\\"DEFAULT_GROUP@@indc-emergency-drill-server\\\",\\\"clusters\\\":\\\"\\\",\\\"cacheMillis\\\":10000,\\\"hosts\\\":[{\\\"instanceId\\\":\\\"10.233.123.146#8090#DEFAULT#DEFAULT_GROUP@@indc-emergency-drill-server\\\",\\\"ip\\\":\\\"10.233.123.146\\\",\\\"port\\\":8090,\\\"weight\\\":1.0,\\\"healthy\\\":true,\\\"enabled\\\":true,\\\"ephemeral\\\":true,\\\"clusterName\\\":\\\"DEFAULT\\\",\\\"serviceName\\\":\\\"DEFAULT_GROUP@@indc-emergency-drill-server\\\",\\\"metadata\\\":{\\\"preserved.register.source\\\":\\\"SPRING_CLOUD\\\"},\\\"instanceHeartBeatInterval\\\":5000,\\\"instanceHeartBeatTimeOut\\\":15000,\\\"ipDeleteTimeout\\\":30000}],\\\"lastRefTime\\\":1765447374806,\\\"checksum\\\":\\\"\\\",\\\"allIPs\\\":false,\\\"reachProtectionThreshold\\\":false,\\\"valid\\\":true}\",\"lastRefTime\":85325840606232480} from /10.233.70.91\n","stream":"stdout","tag":"kubernetes.var.log.containers.indc-event-live-server-6d7d79988-fn988_sreworks_container-ov2rdk-25b23c20d8897518a0d91c0696c910c01786c52a73d68eb40565c68b07612f8c.log"}
2) {"@timestamp":"2025-12-11T10:02:55.708Z","docker_container_id":"25b23c20d8897518a0d91c0696c910c01786c52a73d68eb40565c68b07612f8c","index_name":"k8s-app-indc-event-live-server-2025.12.11","kubernetes_container_image":"harbor.meta42.indc.vnet.com/indc/indc-event-live-server:main_prod-202512102217-38170b04-88668","kubernetes_container_image_id":"docker-pullable://harbor.meta42.indc.vnet.com/indc/indc-event-live-server@sha256:af89cd7f2f4c957625f92055b8b8fc660aaf813bc32950ef8676f8b55cea381f","kubernetes_container_name":"container-ov2rdk","kubernetes_host":"node3","kubernetes_labels_app":"indc-event-live-server","kubernetes_labels_app_kubernetes_io/name":"indc-event-live-server","kubernetes_labels_logging":"true","kubernetes_labels_pod-template-hash":"6d7d79988","kubernetes_master_url":"https://10.233.0.1:443/api","kubernetes_namespace_id":"8c93404f-ab15-404f-bfa6-0ea4f1268053","kubernetes_namespace_labels_kubernetes_io/metadata_name":"sreworks","kubernetes_namespace_labels_kubesphere_io/namespace":"sreworks","kubernetes_namespace_labels_kubesphere_io/workspace":"system-workspace","kubernetes_namespace_labels_name":"sreworks","kubernetes_namespace_name":"sreworks","kubernetes_pod_id":"af27f696-7a17-4635-bfa9-68e36fa1c1d4","kubernetes_pod_ip":"10.233.92.150","kubernetes_pod_name":"indc-event-live-server-6d7d79988-fn988","message":"2025-12-11 18:02:53.050 INFO   [com.alibaba.nacos.naming.push.receiver] (PushReceiver.java:86) com.alibaba.nacos.client.naming - received push data: {\"type\":\"dom\",\"data\":\"{\\\"name\\\":\\\"DEFAULT_GROUP@@indc-notice-server\\\",\\\"clusters\\\":\\\"\\\",\\\"cacheMillis\\\":10000,\\\"hosts\\\":[{\\\"instanceId\\\":\\\"10.233.92.233#8090#DEFAULT#DEFAULT_GROUP@@indc-notice-server\\\",\\\"ip\\\":\\\"10.233.92.233\\\",\\\"port\\\":8090,\\\"weight\\\":1.0,\\\"healthy\\\":true,\\\"enabled\\\":true,\\\"ephemeral\\\":true,\\\"clusterName\\\":\\\"DEFAULT\\\",\\\"serviceName\\\":\\\"DEFAULT_GROUP@@indc-notice-server\\\",\\\"metadata\\\":{\\\"VERSION\\\":\\\"1.8.2\\\",\\\"preserved.register.source\\\":\\\"SPRING_CLOUD\\\"},\\\"instanceHeartBeatInterval\\\":5000,\\\"ipDeleteTimeout\\\":30000,\\\"instanceHeartBeatTimeOut\\\":15000},{\\\"instanceId\\\":\\\"10.233.92.139#8090#DEFAULT#DEFAULT_GROUP@@indc-notice-server\\\",\\\"ip\\\":\\\"10.233.92.139\\\",\\\"port\\\":8090,\\\"weight\\\":1.0,\\\"healthy\\\":true,\\\"enabled\\\":true,\\\"ephemeral\\\":true,\\\"clusterName\\\":\\\"DEFAULT\\\",\\\"serviceName\\\":\\\"DEFAULT_GROUP@@indc-notice-server\\\",\\\"metadata\\\":{\\\"VERSION\\\":\\\"1.8.2\\\",\\\"preserved.register.source\\\":\\\"SPRING_CLOUD\\\"},\\\"instanceHeartBeatInterval\\\":5000,\\\"ipDeleteTimeout\\\":30000,\\\"instanceHeartBeatTimeOut\\\":15000},{\\\"instanceId\\\":\\\"10.233.92.248#8090#DEFAULT#DEFAULT_GROUP@@indc-notice-server\\\",\\\"ip\\\":\\\"10.233.92.248\\\",\\\"port\\\":8090,\\\"weight\\\":1.0,\\\"healthy\\\":true,\\\"enabled\\\":true,\\\"ephemeral\\\":true,\\\"clusterName\\\":\\\"DEFAULT\\\",\\\"serviceName\\\":\\\"DEFAULT_GROUP@@indc-notice-server\\\",\\\"metadata\\\":{\\\"VERSION\\\":\\\"1.8.2\\\",\\\"preserved.register.source\\\":\\\"SPRING_CLOUD\\\"},\\\"instanceHeartBeatInterval\\\":5000,\\\"ipDeleteTimeout\\\":30000,\\\"instanceHeartBeatTimeOut\\\":15000},{\\\"instanceId\\\":\\\"10.233.92.12#8090#DEFAULT#DEFAULT_GROUP@@indc-notice-server\\\",\\\"ip\\\":\\\"10.233.92.12\\\",\\\"port\\\":8090,\\\"weight\\\":1.0,\\\"healthy\\\":true,\\\"enabled\\\":true,\\\"ephemeral\\\":true,\\\"clusterName\\\":\\\"DEFAULT\\\",\\\"serviceName\\\":\\\"DEFAULT_GROUP@@indc-notice-server\\\",\\\"metadata\\\":{\\\"VERSION\\\":\\\"1.8.2\\\",\\\"preserved.register.source\\\":\\\"SPRING_CLOUD\\\"},\\\"instanceHeartBeatInterval\\\":5000,\\\"ipDeleteTimeout\\\":30000,\\\"instanceHeartBeatTimeOut\\\":15000},{\\\"instanceId\\\":\\\"10.233.92.136#8090#DEFAULT#DEFAULT_GROUP@@indc-notice-server\\\",\\\"ip\\\":\\\"10.233.92.136\\\",\\\"port\\\":8090,\\\"weight\\\":1.0,\\\"healthy\\\":true,\\\"enabled\\\":true,\\\"ephemeral\\\":true,\\\"clusterName\\\":\\\"DEFAULT\\\",\\\"serviceName\\\":\\\"DEFAULT_GROUP@@indc-notice-server\\\",\\\"metadata\\\":{\\\"VERSION\\\":\\\"1.8.2\\\",\\\"preserved.register.source\\\":\\\"SPRING_CLOUD\\\"},\\\"instanceHeartBeatInterval\\\":5000,\\\"ipDeleteTimeout\\\":30000,\\\"instanceHeartBeatTimeOut\\\":15000}],\\\"lastRefTime\\\":1765447373038,\\\"checksum\\\":\\\"\\\",\\\"allIPs\\\":false,\\\"reachProtectionThreshold\\\":false,\\\"valid\\\":true}\",\"lastRefTime\":934187379838364} from /10.233.123.109\n","stream":"stdout","tag":"kubernetes.var.log.containers.indc-event-live-server-6d7d79988-fn988_sreworks_container-ov2rdk-25b23c20d8897518a0d91c0696c910c01786c52a73d68eb40565c68b07612f8c.log"}
3) {"@timestamp":"2025-12-11T10:02:53.969Z","docker_container_id":"6924aa2eb6ca5c56e510a53677406e6bc75c4bead5ad7558a3cf14862fabe240","index_name":"k8s-app-indc-event-live-server-2025.12.11","kubernetes_container_image":"harbor.meta42.indc.vnet.com/indc/indc-event-live-server:main_prod-202512102217-38170b04-88668","kubernetes_container_image_id":"docker-pullable://harbor.meta42.indc.vnet.com/indc/indc-event-live-server@sha256:af89cd7f2f4c957625f92055b8b8fc660aaf813bc32950ef8676f8b55cea381f","kubernetes_container_name":"container-ov2rdk","kubernetes_host":"node19","kubernetes_labels_app":"indc-event-live-server","kubernetes_labels_app_kubernetes_io/name":"indc-event-live-server","kubernetes_labels_logging":"true","kubernetes_labels_pod-template-hash":"6d7d79988","kubernetes_master_url":"https://10.233.0.1:443/api","kubernetes_namespace_id":"8c93404f-ab15-404f-bfa6-0ea4f1268053","kubernetes_namespace_labels_kubernetes_io/metadata_name":"sreworks","kubernetes_namespace_labels_kubesphere_io/namespace":"sreworks","kubernetes_namespace_labels_kubesphere_io/workspace":"system-workspace","kubernetes_namespace_labels_name":"sreworks","kubernetes_namespace_name":"sreworks","kubernetes_pod_id":"46a5ada6-d104-4f7e-8c67-6d147191e107","kubernetes_pod_ip":"10.233.104.9","kubernetes_pod_name":"indc-event-live-server-6d7d79988-8966k","message":"2025-12-11 18:02:51.084 INFO  765316c88df4bf2c [XNIO-1 task-10] (LoggerAspect.java:115) c.v.indc.event.aspect.LoggerAspect - --------后台管理请求后置日志输出完成--------\n","stream":"stdout","tag":"kubernetes.var.log.containers.indc-event-live-server-6d7d79988-8966k_sreworks_container-ov2rdk-6924aa2eb6ca5c56e510a53677406e6bc75c4bead5ad7558a3cf14862fabe240.log"}
2025/12/11 18:04:30 send alert via feishu error: Post "https://open.feishu.cn/open-apis/bot/v2/hook/a06d5b36-a9d2-4408-a1dc-5ba73810b20c": tls: failed to verify certificate: x509: OSStatus -26276
2025/12/11 18:04:30 [ALERT][console] [Elasticsearch Alert] 测试告警：indc-event-live-server 日志监控
测试告警工具功能，监控 indc-event-live-server 应用的所有日志

- 索引: k8s-app-indc-event-live-server*
- 时间窗: 5m
- 命中条数: 4832
- 查询: DSL

样例事件:
1) {"@timestamp":"2025-12-11T10:04:21.783Z","docker_container_id":"25b23c20d8897518a0d91c0696c910c01786c52a73d68eb40565c68b07612f8c","index_name":"k8s-app-indc-event-live-server-2025.12.11","kubernetes_container_image":"harbor.meta42.indc.vnet.com/indc/indc-event-live-server:main_prod-202512102217-38170b04-88668","kubernetes_container_image_id":"docker-pullable://harbor.meta42.indc.vnet.com/indc/indc-event-live-server@sha256:af89cd7f2f4c957625f92055b8b8fc660aaf813bc32950ef8676f8b55cea381f","kubernetes_container_name":"container-ov2rdk","kubernetes_host":"node3","kubernetes_labels_app":"indc-event-live-server","kubernetes_labels_app_kubernetes_io/name":"indc-event-live-server","kubernetes_labels_logging":"true","kubernetes_labels_pod-template-hash":"6d7d79988","kubernetes_master_url":"https://10.233.0.1:443/api","kubernetes_namespace_id":"8c93404f-ab15-404f-bfa6-0ea4f1268053","kubernetes_namespace_labels_kubernetes_io/metadata_name":"sreworks","kubernetes_namespace_labels_kubesphere_io/namespace":"sreworks","kubernetes_namespace_labels_kubesphere_io/workspace":"system-workspace","kubernetes_namespace_labels_name":"sreworks","kubernetes_namespace_name":"sreworks","kubernetes_pod_id":"af27f696-7a17-4635-bfa9-68e36fa1c1d4","kubernetes_pod_ip":"10.233.92.150","kubernetes_pod_name":"indc-event-live-server-6d7d79988-fn988","message":"2025-12-11 18:04:21.630 INFO  0c37a0a709e4ebf2 [XNIO-1 task-14] (LoggerAspect.java:113) c.v.indc.event.aspect.LoggerAspect - 请求结束时间: 2025年12月11日 18:04:21\n","stream":"stdout","tag":"kubernetes.var.log.containers.indc-event-live-server-6d7d79988-fn988_sreworks_container-ov2rdk-25b23c20d8897518a0d91c0696c910c01786c52a73d68eb40565c68b07612f8c.log"}
2) {"@timestamp":"2025-12-11T10:04:21.782Z","docker_container_id":"25b23c20d8897518a0d91c0696c910c01786c52a73d68eb40565c68b07612f8c","index_name":"k8s-app-indc-event-live-server-2025.12.11","kubernetes_container_image":"harbor.meta42.indc.vnet.com/indc/indc-event-live-server:main_prod-202512102217-38170b04-88668","kubernetes_container_image_id":"docker-pullable://harbor.meta42.indc.vnet.com/indc/indc-event-live-server@sha256:af89cd7f2f4c957625f92055b8b8fc660aaf813bc32950ef8676f8b55cea381f","kubernetes_container_name":"container-ov2rdk","kubernetes_host":"node3","kubernetes_labels_app":"indc-event-live-server","kubernetes_labels_app_kubernetes_io/name":"indc-event-live-server","kubernetes_labels_logging":"true","kubernetes_labels_pod-template-hash":"6d7d79988","kubernetes_master_url":"https://10.233.0.1:443/api","kubernetes_namespace_id":"8c93404f-ab15-404f-bfa6-0ea4f1268053","kubernetes_namespace_labels_kubernetes_io/metadata_name":"sreworks","kubernetes_namespace_labels_kubesphere_io/namespace":"sreworks","kubernetes_namespace_labels_kubesphere_io/workspace":"system-workspace","kubernetes_namespace_labels_name":"sreworks","kubernetes_namespace_name":"sreworks","kubernetes_pod_id":"af27f696-7a17-4635-bfa9-68e36fa1c1d4","kubernetes_pod_ip":"10.233.92.150","kubernetes_pod_name":"indc-event-live-server-6d7d79988-fn988","message":"2025-12-11 18:04:21.571 INFO  0c37a0a709e4ebf2 [XNIO-1 task-14] (AuthUtil.java:194) com.vnet.indc.event.utils.AuthUtil - 通过岗位：[39, 52, 26],楼栋id:null查询用户开始\n","stream":"stdout","tag":"kubernetes.var.log.containers.indc-event-live-server-6d7d79988-fn988_sreworks_container-ov2rdk-25b23c20d8897518a0d91c0696c910c01786c52a73d68eb40565c68b07612f8c.log"}
3) {"@timestamp":"2025-12-11T10:04:21.781Z","docker_container_id":"25b23c20d8897518a0d91c0696c910c01786c52a73d68eb40565c68b07612f8c","index_name":"k8s-app-indc-event-live-server-2025.12.11","kubernetes_container_image":"harbor.meta42.indc.vnet.com/indc/indc-event-live-server:main_prod-202512102217-38170b04-88668","kubernetes_container_image_id":"docker-pullable://harbor.meta42.indc.vnet.com/indc/indc-event-live-server@sha256:af89cd7f2f4c957625f92055b8b8fc660aaf813bc32950ef8676f8b55cea381f","kubernetes_container_name":"container-ov2rdk","kubernetes_host":"node3","kubernetes_labels_app":"indc-event-live-server","kubernetes_labels_app_kubernetes_io/name":"indc-event-live-server","kubernetes_labels_logging":"true","kubernetes_labels_pod-template-hash":"6d7d79988","kubernetes_master_url":"https://10.233.0.1:443/api","kubernetes_namespace_id":"8c93404f-ab15-404f-bfa6-0ea4f1268053","kubernetes_namespace_labels_kubernetes_io/metadata_name":"sreworks","kubernetes_namespace_labels_kubesphere_io/namespace":"sreworks","kubernetes_namespace_labels_kubesphere_io/workspace":"system-workspace","kubernetes_namespace_labels_name":"sreworks","kubernetes_namespace_name":"sreworks","kubernetes_pod_id":"af27f696-7a17-4635-bfa9-68e36fa1c1d4","kubernetes_pod_ip":"10.233.92.150","kubernetes_pod_name":"indc-event-live-server-6d7d79988-fn988","message":"2025-12-11 18:04:21.570 INFO  0c37a0a709e4ebf2 [XNIO-1 task-14] (DrillMarkAspect.java:54) c.v.i.event.aspect.DrillMarkAspect - 参数：[\"91064\"] 判断演练标识\n","stream":"stdout","tag":"kubernetes.var.log.containers.indc-event-live-server-6d7d79988-fn988_sreworks_container-ov2rdk-25b23c20d8897518a0d91c0696c910c01786c52a73d68eb40565c68b07612f8c.log"}
2025/12/11 18:06:00 send alert via feishu error: Post "https://open.feishu.cn/open-apis/bot/v2/hook/a06d5b36-a9d2-4408-a1dc-5ba73810b20c": tls: failed to verify certificate: x509: OSStatus -26276
2025/12/11 18:06:00 [ALERT][console] [Elasticsearch Alert] 测试告警：indc-event-live-server 日志监控
测试告警工具功能，监控 indc-event-live-server 应用的所有日志

- 索引: k8s-app-indc-event-live-server*
- 时间窗: 5m
- 命中条数: 6401
- 查询: DSL

样例事件:
1) {"@timestamp":"2025-12-11T10:05:57.795Z","docker_container_id":"25b23c20d8897518a0d91c0696c910c01786c52a73d68eb40565c68b07612f8c","index_name":"k8s-app-indc-event-live-server-2025.12.11","kubernetes_container_image":"harbor.meta42.indc.vnet.com/indc/indc-event-live-server:main_prod-202512102217-38170b04-88668","kubernetes_container_image_id":"docker-pullable://harbor.meta42.indc.vnet.com/indc/indc-event-live-server@sha256:af89cd7f2f4c957625f92055b8b8fc660aaf813bc32950ef8676f8b55cea381f","kubernetes_container_name":"container-ov2rdk","kubernetes_host":"node3","kubernetes_labels_app":"indc-event-live-server","kubernetes_labels_app_kubernetes_io/name":"indc-event-live-server","kubernetes_labels_logging":"true","kubernetes_labels_pod-template-hash":"6d7d79988","kubernetes_master_url":"https://10.233.0.1:443/api","kubernetes_namespace_id":"8c93404f-ab15-404f-bfa6-0ea4f1268053","kubernetes_namespace_labels_kubernetes_io/metadata_name":"sreworks","kubernetes_namespace_labels_kubesphere_io/namespace":"sreworks","kubernetes_namespace_labels_kubesphere_io/workspace":"system-workspace","kubernetes_namespace_labels_name":"sreworks","kubernetes_namespace_name":"sreworks","kubernetes_pod_id":"af27f696-7a17-4635-bfa9-68e36fa1c1d4","kubernetes_pod_ip":"10.233.92.150","kubernetes_pod_name":"indc-event-live-server-6d7d79988-fn988","message":"2025-12-11 18:05:57.660 INFO  1fa2a9f9487d0b27 [XNIO-1 task-14] (DrillMarkAspect.java:54) c.v.i.event.aspect.DrillMarkAspect - 参数： 判断演练标识\n","stream":"stdout","tag":"kubernetes.var.log.containers.indc-event-live-server-6d7d79988-fn988_sreworks_container-ov2rdk-25b23c20d8897518a0d91c0696c910c01786c52a73d68eb40565c68b07612f8c.log"}
2) {"@timestamp":"2025-12-11T10:05:57.795Z","docker_container_id":"25b23c20d8897518a0d91c0696c910c01786c52a73d68eb40565c68b07612f8c","index_name":"k8s-app-indc-event-live-server-2025.12.11","kubernetes_container_image":"harbor.meta42.indc.vnet.com/indc/indc-event-live-server:main_prod-202512102217-38170b04-88668","kubernetes_container_image_id":"docker-pullable://harbor.meta42.indc.vnet.com/indc/indc-event-live-server@sha256:af89cd7f2f4c957625f92055b8b8fc660aaf813bc32950ef8676f8b55cea381f","kubernetes_container_name":"container-ov2rdk","kubernetes_host":"node3","kubernetes_labels_app":"indc-event-live-server","kubernetes_labels_app_kubernetes_io/name":"indc-event-live-server","kubernetes_labels_logging":"true","kubernetes_labels_pod-template-hash":"6d7d79988","kubernetes_master_url":"https://10.233.0.1:443/api","kubernetes_namespace_id":"8c93404f-ab15-404f-bfa6-0ea4f1268053","kubernetes_namespace_labels_kubernetes_io/metadata_name":"sreworks","kubernetes_namespace_labels_kubesphere_io/namespace":"sreworks","kubernetes_namespace_labels_kubesphere_io/workspace":"system-workspace","kubernetes_namespace_labels_name":"sreworks","kubernetes_namespace_name":"sreworks","kubernetes_pod_id":"af27f696-7a17-4635-bfa9-68e36fa1c1d4","kubernetes_pod_ip":"10.233.92.150","kubernetes_pod_name":"indc-event-live-server-6d7d79988-fn988","message":"2025-12-11 18:05:57.661 INFO  1fa2a9f9487d0b27 [XNIO-1 task-14] (OverviewService.java:438) c.v.i.e.s.overview.OverviewService - 开始查询影响信息, domainCode: 55\n","stream":"stdout","tag":"kubernetes.var.log.containers.indc-event-live-server-6d7d79988-fn988_sreworks_container-ov2rdk-25b23c20d8897518a0d91c0696c910c01786c52a73d68eb40565c68b07612f8c.log"}
3) {"@timestamp":"2025-12-11T10:05:57.794Z","docker_container_id":"25b23c20d8897518a0d91c0696c910c01786c52a73d68eb40565c68b07612f8c","index_name":"k8s-app-indc-event-live-server-2025.12.11","kubernetes_container_image":"harbor.meta42.indc.vnet.com/indc/indc-event-live-server:main_prod-202512102217-38170b04-88668","kubernetes_container_image_id":"docker-pullable://harbor.meta42.indc.vnet.com/indc/indc-event-live-server@sha256:af89cd7f2f4c957625f92055b8b8fc660aaf813bc32950ef8676f8b55cea381f","kubernetes_container_name":"container-ov2rdk","kubernetes_host":"node3","kubernetes_labels_app":"indc-event-live-server","kubernetes_labels_app_kubernetes_io/name":"indc-event-live-server","kubernetes_labels_logging":"true","kubernetes_labels_pod-template-hash":"6d7d79988","kubernetes_master_url":"https://10.233.0.1:443/api","kubernetes_namespace_id":"8c93404f-ab15-404f-bfa6-0ea4f1268053","kubernetes_namespace_labels_kubernetes_io/metadata_name":"sreworks","kubernetes_namespace_labels_kubesphere_io/namespace":"sreworks","kubernetes_namespace_labels_kubesphere_io/workspace":"system-workspace","kubernetes_namespace_labels_name":"sreworks","kubernetes_namespace_name":"sreworks","kubernetes_pod_id":"af27f696-7a17-4635-bfa9-68e36fa1c1d4","kubernetes_pod_ip":"10.233.92.150","kubernetes_pod_name":"indc-event-live-server-6d7d79988-fn988","message":"2025-12-11 18:05:57.660 INFO  1fa2a9f9487d0b27 [XNIO-1 task-14] (DrillMarkAspect.java:54) c.v.i.event.aspect.DrillMarkAspect - 参数：55 判断演练标识\n","stream":"stdout","tag":"kubernetes.var.log.containers.indc-event-live-server-6d7d79988-fn988_sreworks_container-ov2rdk-25b23c20d8897518a0d91c0696c910c01786c52a73d68eb40565c68b07612f8c.log"}
2025/12/11 18:07:00 send alert via feishu error: Post "https://open.feishu.cn/open-apis/bot/v2/hook/a06d5b36-a9d2-4408-a1dc-5ba73810b20c": tls: failed to verify certificate: x509: OSStatus -26276
2025/12/11 18:07:00 [ALERT][console] [Elasticsearch Alert] 测试告警：indc-event-live-server 日志监控
测试告警工具功能，监控 indc-event-live-server 应用的所有日志

- 索引: k8s-app-indc-event-live-server*
- 时间窗: 5m
- 命中条数: 6597
- 查询: DSL

样例事件:
1) {"@timestamp":"2025-12-11T10:06:54.969Z","docker_container_id":"6924aa2eb6ca5c56e510a53677406e6bc75c4bead5ad7558a3cf14862fabe240","index_name":"k8s-app-indc-event-live-server-2025.12.11","kubernetes_container_image":"harbor.meta42.indc.vnet.com/indc/indc-event-live-server:main_prod-202512102217-38170b04-88668","kubernetes_container_image_id":"docker-pullable://harbor.meta42.indc.vnet.com/indc/indc-event-live-server@sha256:af89cd7f2f4c957625f92055b8b8fc660aaf813bc32950ef8676f8b55cea381f","kubernetes_container_name":"container-ov2rdk","kubernetes_host":"node19","kubernetes_labels_app":"indc-event-live-server","kubernetes_labels_app_kubernetes_io/name":"indc-event-live-server","kubernetes_labels_logging":"true","kubernetes_labels_pod-template-hash":"6d7d79988","kubernetes_master_url":"https://10.233.0.1:443/api","kubernetes_namespace_id":"8c93404f-ab15-404f-bfa6-0ea4f1268053","kubernetes_namespace_labels_kubernetes_io/metadata_name":"sreworks","kubernetes_namespace_labels_kubesphere_io/namespace":"sreworks","kubernetes_namespace_labels_kubesphere_io/workspace":"system-workspace","kubernetes_namespace_labels_name":"sreworks","kubernetes_namespace_name":"sreworks","kubernetes_pod_id":"46a5ada6-d104-4f7e-8c67-6d147191e107","kubernetes_pod_ip":"10.233.104.9","kubernetes_pod_name":"indc-event-live-server-6d7d79988-8966k","message":"2025-12-11 18:06:54.844 INFO  7c75b22fefdeb9e3 [XNIO-1 task-13] (LoggerAspect.java:113) c.v.indc.event.aspect.LoggerAspect - 请求结束时间: 2025年12月11日 18:06:54\n","stream":"stdout","tag":"kubernetes.var.log.containers.indc-event-live-server-6d7d79988-8966k_sreworks_container-ov2rdk-6924aa2eb6ca5c56e510a53677406e6bc75c4bead5ad7558a3cf14862fabe240.log"}
2) {"@timestamp":"2025-12-11T10:06:54.968Z","docker_container_id":"6924aa2eb6ca5c56e510a53677406e6bc75c4bead5ad7558a3cf14862fabe240","index_name":"k8s-app-indc-event-live-server-2025.12.11","kubernetes_container_image":"harbor.meta42.indc.vnet.com/indc/indc-event-live-server:main_prod-202512102217-38170b04-88668","kubernetes_container_image_id":"docker-pullable://harbor.meta42.indc.vnet.com/indc/indc-event-live-server@sha256:af89cd7f2f4c957625f92055b8b8fc660aaf813bc32950ef8676f8b55cea381f","kubernetes_container_name":"container-ov2rdk","kubernetes_host":"node19","kubernetes_labels_app":"indc-event-live-server","kubernetes_labels_app_kubernetes_io/name":"indc-event-live-server","kubernetes_labels_logging":"true","kubernetes_labels_pod-template-hash":"6d7d79988","kubernetes_master_url":"https://10.233.0.1:443/api","kubernetes_namespace_id":"8c93404f-ab15-404f-bfa6-0ea4f1268053","kubernetes_namespace_labels_kubernetes_io/metadata_name":"sreworks","kubernetes_namespace_labels_kubesphere_io/namespace":"sreworks","kubernetes_namespace_labels_kubesphere_io/workspace":"system-workspace","kubernetes_namespace_labels_name":"sreworks","kubernetes_namespace_name":"sreworks","kubernetes_pod_id":"46a5ada6-d104-4f7e-8c67-6d147191e107","kubernetes_pod_ip":"10.233.104.9","kubernetes_pod_name":"indc-event-live-server-6d7d79988-8966k","message":"2025-12-11 18:06:54.795 INFO  7c75b22fefdeb9e3 [XNIO-1 task-13] (AuthUtil.java:194) com.vnet.indc.event.utils.AuthUtil - 通过岗位：[39, 52, 26],楼栋id:null查询用户开始\n","stream":"stdout","tag":"kubernetes.var.log.containers.indc-event-live-server-6d7d79988-8966k_sreworks_container-ov2rdk-6924aa2eb6ca5c56e510a53677406e6bc75c4bead5ad7558a3cf14862fabe240.log"}
3) {"@timestamp":"2025-12-11T10:06:54.967Z","docker_container_id":"6924aa2eb6ca5c56e510a53677406e6bc75c4bead5ad7558a3cf14862fabe240","index_name":"k8s-app-indc-event-live-server-2025.12.11","kubernetes_container_image":"harbor.meta42.indc.vnet.com/indc/indc-event-live-server:main_prod-202512102217-38170b04-88668","kubernetes_container_image_id":"docker-pullable://harbor.meta42.indc.vnet.com/indc/indc-event-live-server@sha256:af89cd7f2f4c957625f92055b8b8fc660aaf813bc32950ef8676f8b55cea381f","kubernetes_container_name":"container-ov2rdk","kubernetes_host":"node19","kubernetes_labels_app":"indc-event-live-server","kubernetes_labels_app_kubernetes_io/name":"indc-event-live-server","kubernetes_labels_logging":"true","kubernetes_labels_pod-template-hash":"6d7d79988","kubernetes_master_url":"https://10.233.0.1:443/api","kubernetes_namespace_id":"8c93404f-ab15-404f-bfa6-0ea4f1268053","kubernetes_namespace_labels_kubernetes_io/metadata_name":"sreworks","kubernetes_namespace_labels_kubesphere_io/namespace":"sreworks","kubernetes_namespace_labels_kubesphere_io/workspace":"system-workspace","kubernetes_namespace_labels_name":"sreworks","kubernetes_namespace_name":"sreworks","kubernetes_pod_id":"46a5ada6-d104-4f7e-8c67-6d147191e107","kubernetes_pod_ip":"10.233.104.9","kubernetes_pod_name":"indc-event-live-server-6d7d79988-8966k","message":"2025-12-11 18:06:54.794 INFO  7c75b22fefdeb9e3 [XNIO-1 task-13] (LoggerAspect.java:79) c.v.indc.event.aspect.LoggerAspect - 操作人名称: 太仓FM值班号-D2\n","stream":"stdout","tag":"kubernetes.var.log.containers.indc-event-live-server-6d7d79988-8966k_sreworks_container-ov2rdk-6924aa2eb6ca5c56e510a53677406e6bc75c4bead5ad7558a3cf14862fabe240.log"}
2025/12/11 18:08:00 send alert via feishu error: Post "https://open.feishu.cn/open-apis/bot/v2/hook/a06d5b36-a9d2-4408-a1dc-5ba73810b20c": tls: failed to verify certificate: x509: OSStatus -26276
2025/12/11 18:08:00 [ALERT][console] [Elasticsearch Alert] 测试告警：indc-event-live-server 日志监控
测试告警工具功能，监控 indc-event-live-server 应用的所有日志

- 索引: k8s-app-indc-event-live-server*
- 时间窗: 5m
- 命中条数: 7527
- 查询: DSL

样例事件:
1) {"@timestamp":"2025-12-11T10:07:51.954Z","docker_container_id":"6924aa2eb6ca5c56e510a53677406e6bc75c4bead5ad7558a3cf14862fabe240","index_name":"k8s-app-indc-event-live-server-2025.12.11","kubernetes_container_image":"harbor.meta42.indc.vnet.com/indc/indc-event-live-server:main_prod-202512102217-38170b04-88668","kubernetes_container_image_id":"docker-pullable://harbor.meta42.indc.vnet.com/indc/indc-event-live-server@sha256:af89cd7f2f4c957625f92055b8b8fc660aaf813bc32950ef8676f8b55cea381f","kubernetes_container_name":"container-ov2rdk","kubernetes_host":"node19","kubernetes_labels_app":"indc-event-live-server","kubernetes_labels_app_kubernetes_io/name":"indc-event-live-server","kubernetes_labels_logging":"true","kubernetes_labels_pod-template-hash":"6d7d79988","kubernetes_master_url":"https://10.233.0.1:443/api","kubernetes_namespace_id":"8c93404f-ab15-404f-bfa6-0ea4f1268053","kubernetes_namespace_labels_kubernetes_io/metadata_name":"sreworks","kubernetes_namespace_labels_kubesphere_io/namespace":"sreworks","kubernetes_namespace_labels_kubesphere_io/workspace":"system-workspace","kubernetes_namespace_labels_name":"sreworks","kubernetes_namespace_name":"sreworks","kubernetes_pod_id":"46a5ada6-d104-4f7e-8c67-6d147191e107","kubernetes_pod_ip":"10.233.104.9","kubernetes_pod_name":"indc-event-live-server-6d7d79988-8966k","message":"2025-12-11 18:07:50.418 INFO  df0e30c0ad808a18 [XNIO-1 task-7] (EventServiceImpl.java:2798) c.v.i.e.s.e.impl.EventServiceImpl - Cookie:Optional[eyJhbGciOiJIUzI1NiIsInR5cCI6IkpXVCJ9.eyJVc2VySWQiOjM2NDIsIlVzZXJOYW1lIjoiOTEyNzkiLCJUZW5hbnRJZCI6MCwiT3JnYW5pemF0aW9uSWQiOjQ3LCJSb2xlSWQiOjAsIlJvbGVJZHMiOiIzLDkxIiwiUm9sZUtleSI6Im1hbmFnZSx1c2VyIiwiRGVwdElkIjowLCJQb3N0SWQiOjAsImlzcyI6InpoaWhhbmctaWFtIiwiZXhwIjoxNzY2MDUyNDI2LCJuYmYiOjE3NjU0NDc2MjZ9.peDUrRQPH5iNE2TdRZ2h19NbaZ3bamsRyyldrekjx9w]\n\nCreating a new SqlSession\n\nSqlSession [org.apache.ibatis.session.defaults.DefaultSqlSession@78696812] was not registered for synchronization because synchronization is not active\n\nJDBC Connection [HikariProxyConnection@1505289566 wrapping com.mysql.cj.jdbc.ConnectionImpl@1dcaae86] will not be managed by Spring\n\nClosing non transactional SqlSession [org.apache.ibatis.session.defaults.DefaultSqlSession@78696812]\n\nCreating a new SqlSession\n\nSqlSession [org.apache.ibatis.session.defaults.DefaultSqlSession@19e5688] was not registered for synchronization because synchronization is not active\n\nJDBC Connection [HikariProxyConnection@839157585 wrapping com.mysql.cj.jdbc.ConnectionImpl@1dcaae86] will not be managed by Spring\n\nClosing non transactional SqlSession [org.apache.ibatis.session.defaults.DefaultSqlSession@19e5688]\n","stream":"stdout","tag":"kubernetes.var.log.containers.indc-event-live-server-6d7d79988-8966k_sreworks_container-ov2rdk-6924aa2eb6ca5c56e510a53677406e6bc75c4bead5ad7558a3cf14862fabe240.log"}
2) {"@timestamp":"2025-12-11T10:07:51.954Z","docker_container_id":"6924aa2eb6ca5c56e510a53677406e6bc75c4bead5ad7558a3cf14862fabe240","index_name":"k8s-app-indc-event-live-server-2025.12.11","kubernetes_container_image":"harbor.meta42.indc.vnet.com/indc/indc-event-live-server:main_prod-202512102217-38170b04-88668","kubernetes_container_image_id":"docker-pullable://harbor.meta42.indc.vnet.com/indc/indc-event-live-server@sha256:af89cd7f2f4c957625f92055b8b8fc660aaf813bc32950ef8676f8b55cea381f","kubernetes_container_name":"container-ov2rdk","kubernetes_host":"node19","kubernetes_labels_app":"indc-event-live-server","kubernetes_labels_app_kubernetes_io/name":"indc-event-live-server","kubernetes_labels_logging":"true","kubernetes_labels_pod-template-hash":"6d7d79988","kubernetes_master_url":"https://10.233.0.1:443/api","kubernetes_namespace_id":"8c93404f-ab15-404f-bfa6-0ea4f1268053","kubernetes_namespace_labels_kubernetes_io/metadata_name":"sreworks","kubernetes_namespace_labels_kubesphere_io/namespace":"sreworks","kubernetes_namespace_labels_kubesphere_io/workspace":"system-workspace","kubernetes_namespace_labels_name":"sreworks","kubernetes_namespace_name":"sreworks","kubernetes_pod_id":"46a5ada6-d104-4f7e-8c67-6d147191e107","kubernetes_pod_ip":"10.233.104.9","kubernetes_pod_name":"indc-event-live-server-6d7d79988-8966k","message":"2025-12-11 18:07:51.603 INFO  df0e30c0ad808a18 [XNIO-1 task-7] (LoggerAspect.java:113) c.v.indc.event.aspect.LoggerAspect - 请求结束时间: 2025年12月11日 18:07:51\n","stream":"stdout","tag":"kubernetes.var.log.containers.indc-event-live-server-6d7d79988-8966k_sreworks_container-ov2rdk-6924aa2eb6ca5c56e510a53677406e6bc75c4bead5ad7558a3cf14862fabe240.log"}
3) {"@timestamp":"2025-12-11T10:07:50.985Z","docker_container_id":"6924aa2eb6ca5c56e510a53677406e6bc75c4bead5ad7558a3cf14862fabe240","index_name":"k8s-app-indc-event-live-server-2025.12.11","kubernetes_container_image":"harbor.meta42.indc.vnet.com/indc/indc-event-live-server:main_prod-202512102217-38170b04-88668","kubernetes_container_image_id":"docker-pullable://harbor.meta42.indc.vnet.com/indc/indc-event-live-server@sha256:af89cd7f2f4c957625f92055b8b8fc660aaf813bc32950ef8676f8b55cea381f","kubernetes_container_name":"container-ov2rdk","kubernetes_host":"node19","kubernetes_labels_app":"indc-event-live-server","kubernetes_labels_app_kubernetes_io/name":"indc-event-live-server","kubernetes_labels_logging":"true","kubernetes_labels_pod-template-hash":"6d7d79988","kubernetes_master_url":"https://10.233.0.1:443/api","kubernetes_namespace_id":"8c93404f-ab15-404f-bfa6-0ea4f1268053","kubernetes_namespace_labels_kubernetes_io/metadata_name":"sreworks","kubernetes_namespace_labels_kubesphere_io/namespace":"sreworks","kubernetes_namespace_labels_kubesphere_io/workspace":"system-workspace","kubernetes_namespace_labels_name":"sreworks","kubernetes_namespace_name":"sreworks","kubernetes_pod_id":"46a5ada6-d104-4f7e-8c67-6d147191e107","kubernetes_pod_ip":"10.233.104.9","kubernetes_pod_name":"indc-event-live-server-6d7d79988-8966k","message":"2025-12-11 18:07:50.418 INFO  df0e30c0ad808a18 [XNIO-1 task-7] (DrillMarkAspect.java:54) c.v.i.event.aspect.DrillMarkAspect - 参数：{\"id\":null,\"affectedDevice\":null,\"eventNumber\":null,\"eventTitle\":\"\",\"eventStatus\":null,\"eventCurrentLevel\":\"\",\"eventCurrentLevelName\":null,\"eventFirstLevel\":null,\"eventFirstLevelName\":null,\"eventHighestLevel\":null,\"eventHighestLevelName\":null,\"creator\":\"郭永晨\",\"creatTime\":null,\"updater\":null,\"updateTime\":null,\"happenTime\":null,\"notificationTime\":null,\"overdueCondition\":null,\"orderStatus\":\"\",\"dcCode\":null,\"dcName\":null,\"eventType\":\"\",\"eventSource\":null,\"location\":null,\"noticeRuleId\":null,\"slaId\":null,\"manager\":null,\"managerId\":null,\"principal\":null,\"principalId\":null,\"durationMinute\":null,\"eventDescription\":null,\"isAttention\":null,\"startDate\":null,\"endDate\":null,\"startResponseDate\":null,\"endResponseDate\":null,\"startAskDate\":null,\"endAskDate\":null,\"startIncidentRecoveryDate\":null,\"endIncidentRecoveryDate\":null,\"startHappendDate\":null,\"endHappendDate\":null,\"responseTime\":null,\"ackTime\":null,\"incidentRecoveryTime\":null,\"solveTime\":null,\"closeTime\":null,\"responsePerson\":null,\"ackPerson\":null,\"incidentRecoveryPerson\":null,\"solvePerson\":null,\"resolvePerson\":null,\"closePerson\":null,\"responseDuration\":null,\"ackDuration\":null,\"incidentRecoveryDuration\":null,\"solveDuration\":null,\"handleDuration\":null,\"eventDeviceList\":null,\"eventAlarmList\":null,\"eventListWorkOrderList\":null,\"eventFeedback\":null,\"eventDescribe\":null,\"eventCause\":null,\"solveMeasure\":null,\"eventEnclosure\":null,\"alarmRootId\":null,\"eventCatalogueId\":null,\"name\":null,\"isTouchAssets\":null,\"suffix\":null,\"deviceName\":null,\"userName\":null,\"userId\":\"91279\",\"reason\":null,\"domainCode\":null,\"previousLevel\":null,\"previousLevelName\":null,\"pageBean\":{\"pageNumber\":1,\"pageSize\":15,\"orderByColumn\":null,\"isAsc\":null},\"luckSheetRootList\":null,\"happenOverdueStatus\":null,\"happenOverdueDuration\":null,\"responseOverdueStatus\":null,\"responseOverdueDuration\":null,\"ackOverdueStatus\":null,\"ackOverdueDuration\":null,\"recoveryOverdueStatus\":null,\"recoveryOverdueDuration\":null,\"solveOverdueStatus\":null,\"solveOverdueDuration\":null,\"closeOverdueStatus\":null,\"closeOverdueDuration\":null,\"eventProgress\":null,\"domainCodeList\":[],\"crashNumber\":null,\"isRemote\":false,\"isEmergency\":false,\"roomId\":null,\"bindingStatus\":null,\"webSocketType\":null,\"idList\":null,\"alarmType\":null,\"highestLevelTitle\":null,\"levelHistoryId\":null,\"level\":null,\"highestLevel\":null,\"eopStatus\":null,\"eventNumbers\":null,\"parentId\":null,\"showType\":null,\"alarmValue\":null,\"arToken\":null,\"realEvent\":null,\"locationInstanceId\":null,\"isRelateDevice\":null,\"type\":null,\"eopInstanceIds\":null,\"maxLevel\":null,\"branch\":null,\"taskCode\":null,\"projectCode\":null,\"ids\":null,\"notifyType\":null,\"eventId\":null,\"eventHandleDesc\":null,\"pushType\":null,\"isRestore\":null,\"eventAlarmStatus\":null,\"eventCurrentLevelList\":null,\"orderStatusList\":null,\"eventSourceList\":null,\"eventTypeList\":null,\"isReal\":null,\"drill\":null,\"drillId\":null,\"test\":null,\"creatType\":null,\"upLevelTime\":null,\"confirmProcessed\":null,\"warRoomId\":null,\"roomType\":null,\"defData\":null,\"isAffectCustomer\":null,\"analysisResults\":null,\"customerLevel\":null,\"time\":null,\"locationAndDevice\":null,\"alarmRule\":null} 判断演练标识\n","stream":"stdout","tag":"kubernetes.var.log.containers.indc-event-live-server-6d7d79988-8966k_sreworks_container-ov2rdk-6924aa2eb6ca5c56e510a53677406e6bc75c4bead5ad7558a3cf14862fabe240.log"}
2025/12/11 18:09:30 send alert via feishu error: Post "https://open.feishu.cn/open-apis/bot/v2/hook/a06d5b36-a9d2-4408-a1dc-5ba73810b20c": tls: failed to verify certificate: x509: OSStatus -26276
2025/12/11 18:09:30 [ALERT][console] [Elasticsearch Alert] 测试告警：indc-event-live-server 日志监控
测试告警工具功能，监控 indc-event-live-server 应用的所有日志

- 索引: k8s-app-indc-event-live-server*
- 时间窗: 5m
- 命中条数: 8111
- 查询: DSL

样例事件:
1) {"@timestamp":"2025-12-11T10:09:26.965Z","docker_container_id":"6924aa2eb6ca5c56e510a53677406e6bc75c4bead5ad7558a3cf14862fabe240","index_name":"k8s-app-indc-event-live-server-2025.12.11","kubernetes_container_image":"harbor.meta42.indc.vnet.com/indc/indc-event-live-server:main_prod-202512102217-38170b04-88668","kubernetes_container_image_id":"docker-pullable://harbor.meta42.indc.vnet.com/indc/indc-event-live-server@sha256:af89cd7f2f4c957625f92055b8b8fc660aaf813bc32950ef8676f8b55cea381f","kubernetes_container_name":"container-ov2rdk","kubernetes_host":"node19","kubernetes_labels_app":"indc-event-live-server","kubernetes_labels_app_kubernetes_io/name":"indc-event-live-server","kubernetes_labels_logging":"true","kubernetes_labels_pod-template-hash":"6d7d79988","kubernetes_master_url":"https://10.233.0.1:443/api","kubernetes_namespace_id":"8c93404f-ab15-404f-bfa6-0ea4f1268053","kubernetes_namespace_labels_kubernetes_io/metadata_name":"sreworks","kubernetes_namespace_labels_kubesphere_io/namespace":"sreworks","kubernetes_namespace_labels_kubesphere_io/workspace":"system-workspace","kubernetes_namespace_labels_name":"sreworks","kubernetes_namespace_name":"sreworks","kubernetes_pod_id":"46a5ada6-d104-4f7e-8c67-6d147191e107","kubernetes_pod_ip":"10.233.104.9","kubernetes_pod_name":"indc-event-live-server-6d7d79988-8966k","message":"2025-12-11 18:09:26.075 INFO  9b11c1bac2c818ed [XNIO-1 task-11] (DrillSqlSource.java:59) c.v.indc.event.config.DrillSqlSource - 修改后的sql:SELECT id, event_title, domain_code FROM event_list WHERE war_room_id = ?\n\nJDBC Connection [HikariProxyConnection@785572212 wrapping com.mysql.cj.jdbc.ConnectionImpl@6cc0beaf] will not be managed by Spring\n\nClosing non transactional SqlSession [org.apache.ibatis.session.defaults.DefaultSqlSession@278de2b0]\n","stream":"stdout","tag":"kubernetes.var.log.containers.indc-event-live-server-6d7d79988-8966k_sreworks_container-ov2rdk-6924aa2eb6ca5c56e510a53677406e6bc75c4bead5ad7558a3cf14862fabe240.log"}
2) {"@timestamp":"2025-12-11T10:09:26.965Z","docker_container_id":"6924aa2eb6ca5c56e510a53677406e6bc75c4bead5ad7558a3cf14862fabe240","index_name":"k8s-app-indc-event-live-server-2025.12.11","kubernetes_container_image":"harbor.meta42.indc.vnet.com/indc/indc-event-live-server:main_prod-202512102217-38170b04-88668","kubernetes_container_image_id":"docker-pullable://harbor.meta42.indc.vnet.com/indc/indc-event-live-server@sha256:af89cd7f2f4c957625f92055b8b8fc660aaf813bc32950ef8676f8b55cea381f","kubernetes_container_name":"container-ov2rdk","kubernetes_host":"node19","kubernetes_labels_app":"indc-event-live-server","kubernetes_labels_app_kubernetes_io/name":"indc-event-live-server","kubernetes_labels_logging":"true","kubernetes_labels_pod-template-hash":"6d7d79988","kubernetes_master_url":"https://10.233.0.1:443/api","kubernetes_namespace_id":"8c93404f-ab15-404f-bfa6-0ea4f1268053","kubernetes_namespace_labels_kubernetes_io/metadata_name":"sreworks","kubernetes_namespace_labels_kubesphere_io/namespace":"sreworks","kubernetes_namespace_labels_kubesphere_io/workspace":"system-workspace","kubernetes_namespace_labels_name":"sreworks","kubernetes_namespace_name":"sreworks","kubernetes_pod_id":"46a5ada6-d104-4f7e-8c67-6d147191e107","kubernetes_pod_ip":"10.233.104.9","kubernetes_pod_name":"indc-event-live-server-6d7d79988-8966k","message":"2025-12-11 18:09:26.101 INFO  9b11c1bac2c818ed [XNIO-1 task-11] (WarRoomServiceImpl.java:1051) c.v.i.e.s.w.impl.WarRoomServiceImpl - newRoomOrOldRoom domainCode:99\n","stream":"stdout","tag":"kubernetes.var.log.containers.indc-event-live-server-6d7d79988-8966k_sreworks_container-ov2rdk-6924aa2eb6ca5c56e510a53677406e6bc75c4bead5ad7558a3cf14862fabe240.log"}
3) {"@timestamp":"2025-12-11T10:09:26.965Z","docker_container_id":"6924aa2eb6ca5c56e510a53677406e6bc75c4bead5ad7558a3cf14862fabe240","index_name":"k8s-app-indc-event-live-server-2025.12.11","kubernetes_container_image":"harbor.meta42.indc.vnet.com/indc/indc-event-live-server:main_prod-202512102217-38170b04-88668","kubernetes_container_image_id":"docker-pullable://harbor.meta42.indc.vnet.com/indc/indc-event-live-server@sha256:af89cd7f2f4c957625f92055b8b8fc660aaf813bc32950ef8676f8b55cea381f","kubernetes_container_name":"container-ov2rdk","kubernetes_host":"node19","kubernetes_labels_app":"indc-event-live-server","kubernetes_labels_app_kubernetes_io/name":"indc-event-live-server","kubernetes_labels_logging":"true","kubernetes_labels_pod-template-hash":"6d7d79988","kubernetes_master_url":"https://10.233.0.1:443/api","kubernetes_namespace_id":"8c93404f-ab15-404f-bfa6-0ea4f1268053","kubernetes_namespace_labels_kubernetes_io/metadata_name":"sreworks","kubernetes_namespace_labels_kubesphere_io/namespace":"sreworks","kubernetes_namespace_labels_kubesphere_io/workspace":"system-workspace","kubernetes_namespace_labels_name":"sreworks","kubernetes_namespace_name":"sreworks","kubernetes_pod_id":"46a5ada6-d104-4f7e-8c67-6d147191e107","kubernetes_pod_ip":"10.233.104.9","kubernetes_pod_name":"indc-event-live-server-6d7d79988-8966k","message":"2025-12-11 18:09:26.102 INFO  9b11c1bac2c818ed [XNIO-1 task-11] (LoggerAspect.java:113) c.v.indc.event.aspect.LoggerAspect - 请求结束时间: 2025年12月11日 18:09:26\n","stream":"stdout","tag":"kubernetes.var.log.containers.indc-event-live-server-6d7d79988-8966k_sreworks_container-ov2rdk-6924aa2eb6ca5c56e510a53677406e6bc75c4bead5ad7558a3cf14862fabe240.log"}
2025/12/11 18:11:00 send alert via feishu error: Post "https://open.feishu.cn/open-apis/bot/v2/hook/a06d5b36-a9d2-4408-a1dc-5ba73810b20c": tls: failed to verify certificate: x509: OSStatus -26276
2025/12/11 18:11:00 [ALERT][console] [Elasticsearch Alert] 测试告警：indc-event-live-server 日志监控
测试告警工具功能，监控 indc-event-live-server 应用的所有日志

- 索引: k8s-app-indc-event-live-server*
- 时间窗: 5m
- 命中条数: 9837
- 查询: DSL

样例事件:
1) {"@timestamp":"2025-12-11T10:10:59.975Z","docker_container_id":"6924aa2eb6ca5c56e510a53677406e6bc75c4bead5ad7558a3cf14862fabe240","index_name":"k8s-app-indc-event-live-server-2025.12.11","kubernetes_container_image":"harbor.meta42.indc.vnet.com/indc/indc-event-live-server:main_prod-202512102217-38170b04-88668","kubernetes_container_image_id":"docker-pullable://harbor.meta42.indc.vnet.com/indc/indc-event-live-server@sha256:af89cd7f2f4c957625f92055b8b8fc660aaf813bc32950ef8676f8b55cea381f","kubernetes_container_name":"container-ov2rdk","kubernetes_host":"node19","kubernetes_labels_app":"indc-event-live-server","kubernetes_labels_app_kubernetes_io/name":"indc-event-live-server","kubernetes_labels_logging":"true","kubernetes_labels_pod-template-hash":"6d7d79988","kubernetes_master_url":"https://10.233.0.1:443/api","kubernetes_namespace_id":"8c93404f-ab15-404f-bfa6-0ea4f1268053","kubernetes_namespace_labels_kubernetes_io/metadata_name":"sreworks","kubernetes_namespace_labels_kubesphere_io/namespace":"sreworks","kubernetes_namespace_labels_kubesphere_io/workspace":"system-workspace","kubernetes_namespace_labels_name":"sreworks","kubernetes_namespace_name":"sreworks","kubernetes_pod_id":"46a5ada6-d104-4f7e-8c67-6d147191e107","kubernetes_pod_ip":"10.233.104.9","kubernetes_pod_name":"indc-event-live-server-6d7d79988-8966k","message":"2025-12-11 18:10:59.775 INFO  762cb24bd3e956b1 [XNIO-1 task-6] (DrillMarkAspect.java:54) c.v.i.event.aspect.DrillMarkAspect - 参数：d94f4b37-7a40-48e5-9e4e-9bce599ab0f1 判断演练标识\n\nCreating a new SqlSession\n\nSqlSession [org.apache.ibatis.session.defaults.DefaultSqlSession@25dafab7] was not registered for synchronization because synchronization is not active\n\nJDBC Connection [HikariProxyConnection@1896994977 wrapping com.mysql.cj.jdbc.ConnectionImpl@26ea969f] will not be managed by Spring\n\nClosing non transactional SqlSession [org.apache.ibatis.session.defaults.DefaultSqlSession@25dafab7]\n","stream":"stdout","tag":"kubernetes.var.log.containers.indc-event-live-server-6d7d79988-8966k_sreworks_container-ov2rdk-6924aa2eb6ca5c56e510a53677406e6bc75c4bead5ad7558a3cf14862fabe240.log"}
2) {"@timestamp":"2025-12-11T10:10:59.975Z","docker_container_id":"6924aa2eb6ca5c56e510a53677406e6bc75c4bead5ad7558a3cf14862fabe240","index_name":"k8s-app-indc-event-live-server-2025.12.11","kubernetes_container_image":"harbor.meta42.indc.vnet.com/indc/indc-event-live-server:main_prod-202512102217-38170b04-88668","kubernetes_container_image_id":"docker-pullable://harbor.meta42.indc.vnet.com/indc/indc-event-live-server@sha256:af89cd7f2f4c957625f92055b8b8fc660aaf813bc32950ef8676f8b55cea381f","kubernetes_container_name":"container-ov2rdk","kubernetes_host":"node19","kubernetes_labels_app":"indc-event-live-server","kubernetes_labels_app_kubernetes_io/name":"indc-event-live-server","kubernetes_labels_logging":"true","kubernetes_labels_pod-template-hash":"6d7d79988","kubernetes_master_url":"https://10.233.0.1:443/api","kubernetes_namespace_id":"8c93404f-ab15-404f-bfa6-0ea4f1268053","kubernetes_namespace_labels_kubernetes_io/metadata_name":"sreworks","kubernetes_namespace_labels_kubesphere_io/namespace":"sreworks","kubernetes_namespace_labels_kubesphere_io/workspace":"system-workspace","kubernetes_namespace_labels_name":"sreworks","kubernetes_namespace_name":"sreworks","kubernetes_pod_id":"46a5ada6-d104-4f7e-8c67-6d147191e107","kubernetes_pod_ip":"10.233.104.9","kubernetes_pod_name":"indc-event-live-server-6d7d79988-8966k","message":"2025-12-11 18:10:59.777 INFO  762cb24bd3e956b1 [XNIO-1 task-6] (LoggerAspect.java:113) c.v.indc.event.aspect.LoggerAspect - 请求结束时间: 2025年12月11日 18:10:59\n","stream":"stdout","tag":"kubernetes.var.log.containers.indc-event-live-server-6d7d79988-8966k_sreworks_container-ov2rdk-6924aa2eb6ca5c56e510a53677406e6bc75c4bead5ad7558a3cf14862fabe240.log"}
3) {"@timestamp":"2025-12-11T10:10:59.974Z","docker_container_id":"6924aa2eb6ca5c56e510a53677406e6bc75c4bead5ad7558a3cf14862fabe240","index_name":"k8s-app-indc-event-live-server-2025.12.11","kubernetes_container_image":"harbor.meta42.indc.vnet.com/indc/indc-event-live-server:main_prod-202512102217-38170b04-88668","kubernetes_container_image_id":"docker-pullable://harbor.meta42.indc.vnet.com/indc/indc-event-live-server@sha256:af89cd7f2f4c957625f92055b8b8fc660aaf813bc32950ef8676f8b55cea381f","kubernetes_container_name":"container-ov2rdk","kubernetes_host":"node19","kubernetes_labels_app":"indc-event-live-server","kubernetes_labels_app_kubernetes_io/name":"indc-event-live-server","kubernetes_labels_logging":"true","kubernetes_labels_pod-template-hash":"6d7d79988","kubernetes_master_url":"https://10.233.0.1:443/api","kubernetes_namespace_id":"8c93404f-ab15-404f-bfa6-0ea4f1268053","kubernetes_namespace_labels_kubernetes_io/metadata_name":"sreworks","kubernetes_namespace_labels_kubesphere_io/namespace":"sreworks","kubernetes_namespace_labels_kubesphere_io/workspace":"system-workspace","kubernetes_namespace_labels_name":"sreworks","kubernetes_namespace_name":"sreworks","kubernetes_pod_id":"46a5ada6-d104-4f7e-8c67-6d147191e107","kubernetes_pod_ip":"10.233.104.9","kubernetes_pod_name":"indc-event-live-server-6d7d79988-8966k","message":"2025-12-11 18:10:59.774 INFO  762cb24bd3e956b1 [XNIO-1 task-6] (LoggerAspect.java:78) c.v.indc.event.aspect.LoggerAspect - 操作人ID: 91030\n","stream":"stdout","tag":"kubernetes.var.log.containers.indc-event-live-server-6d7d79988-8966k_sreworks_container-ov2rdk-6924aa2eb6ca5c56e510a53677406e6bc75c4bead5ad7558a3cf14862fabe240.log"}
2025/12/11 18:12:30 send alert via feishu error: Post "https://open.feishu.cn/open-apis/bot/v2/hook/a06d5b36-a9d2-4408-a1dc-5ba73810b20c": tls: failed to verify certificate: x509: OSStatus -26276
2025/12/11 18:12:30 [ALERT][console] [Elasticsearch Alert] 测试告警：indc-event-live-server 日志监控
测试告警工具功能，监控 indc-event-live-server 应用的所有日志

- 索引: k8s-app-indc-event-live-server*
- 时间窗: 5m
- 命中条数: 12404
- 查询: DSL

样例事件:
1) {"@timestamp":"2025-12-11T10:12:27.799Z","docker_container_id":"25b23c20d8897518a0d91c0696c910c01786c52a73d68eb40565c68b07612f8c","index_name":"k8s-app-indc-event-live-server-2025.12.11","kubernetes_container_image":"harbor.meta42.indc.vnet.com/indc/indc-event-live-server:main_prod-202512102217-38170b04-88668","kubernetes_container_image_id":"docker-pullable://harbor.meta42.indc.vnet.com/indc/indc-event-live-server@sha256:af89cd7f2f4c957625f92055b8b8fc660aaf813bc32950ef8676f8b55cea381f","kubernetes_container_name":"container-ov2rdk","kubernetes_host":"node3","kubernetes_labels_app":"indc-event-live-server","kubernetes_labels_app_kubernetes_io/name":"indc-event-live-server","kubernetes_labels_logging":"true","kubernetes_labels_pod-template-hash":"6d7d79988","kubernetes_master_url":"https://10.233.0.1:443/api","kubernetes_namespace_id":"8c93404f-ab15-404f-bfa6-0ea4f1268053","kubernetes_namespace_labels_kubernetes_io/metadata_name":"sreworks","kubernetes_namespace_labels_kubesphere_io/namespace":"sreworks","kubernetes_namespace_labels_kubesphere_io/workspace":"system-workspace","kubernetes_namespace_labels_name":"sreworks","kubernetes_namespace_name":"sreworks","kubernetes_pod_id":"af27f696-7a17-4635-bfa9-68e36fa1c1d4","kubernetes_pod_ip":"10.233.92.150","kubernetes_pod_name":"indc-event-live-server-6d7d79988-fn988","message":"2025-12-11 18:12:26.823 INFO  607b4602fc0b9590 [XNIO-1 task-15] (LoggerAspect.java:113) c.v.indc.event.aspect.LoggerAspect - 请求结束时间: 2025年12月11日 18:12:26\n","stream":"stdout","tag":"kubernetes.var.log.containers.indc-event-live-server-6d7d79988-fn988_sreworks_container-ov2rdk-25b23c20d8897518a0d91c0696c910c01786c52a73d68eb40565c68b07612f8c.log"}
2) {"@timestamp":"2025-12-11T10:12:27.798Z","docker_container_id":"25b23c20d8897518a0d91c0696c910c01786c52a73d68eb40565c68b07612f8c","index_name":"k8s-app-indc-event-live-server-2025.12.11","kubernetes_container_image":"harbor.meta42.indc.vnet.com/indc/indc-event-live-server:main_prod-202512102217-38170b04-88668","kubernetes_container_image_id":"docker-pullable://harbor.meta42.indc.vnet.com/indc/indc-event-live-server@sha256:af89cd7f2f4c957625f92055b8b8fc660aaf813bc32950ef8676f8b55cea381f","kubernetes_container_name":"container-ov2rdk","kubernetes_host":"node3","kubernetes_labels_app":"indc-event-live-server","kubernetes_labels_app_kubernetes_io/name":"indc-event-live-server","kubernetes_labels_logging":"true","kubernetes_labels_pod-template-hash":"6d7d79988","kubernetes_master_url":"https://10.233.0.1:443/api","kubernetes_namespace_id":"8c93404f-ab15-404f-bfa6-0ea4f1268053","kubernetes_namespace_labels_kubernetes_io/metadata_name":"sreworks","kubernetes_namespace_labels_kubesphere_io/namespace":"sreworks","kubernetes_namespace_labels_kubesphere_io/workspace":"system-workspace","kubernetes_namespace_labels_name":"sreworks","kubernetes_namespace_name":"sreworks","kubernetes_pod_id":"af27f696-7a17-4635-bfa9-68e36fa1c1d4","kubernetes_pod_ip":"10.233.92.150","kubernetes_pod_name":"indc-event-live-server-6d7d79988-fn988","message":"2025-12-11 18:12:26.815 INFO  607b4602fc0b9590 [XNIO-1 task-15] (DrillMarkAspect.java:54) c.v.i.event.aspect.DrillMarkAspect - 参数： 判断演练标识\n\nCreating a new SqlSession\n\nSqlSession [org.apache.ibatis.session.defaults.DefaultSqlSession@2ceacb9a] was not registered for synchronization because synchronization is not active\n\nJDBC Connection [HikariProxyConnection@662999154 wrapping com.mysql.cj.jdbc.ConnectionImpl@7c226b2e] will not be managed by Spring\n\nClosing non transactional SqlSession [org.apache.ibatis.session.defaults.DefaultSqlSession@2ceacb9a]\n","stream":"stdout","tag":"kubernetes.var.log.containers.indc-event-live-server-6d7d79988-fn988_sreworks_container-ov2rdk-25b23c20d8897518a0d91c0696c910c01786c52a73d68eb40565c68b07612f8c.log"}
3) {"@timestamp":"2025-12-11T10:12:27.797Z","docker_container_id":"25b23c20d8897518a0d91c0696c910c01786c52a73d68eb40565c68b07612f8c","index_name":"k8s-app-indc-event-live-server-2025.12.11","kubernetes_container_image":"harbor.meta42.indc.vnet.com/indc/indc-event-live-server:main_prod-202512102217-38170b04-88668","kubernetes_container_image_id":"docker-pullable://harbor.meta42.indc.vnet.com/indc/indc-event-live-server@sha256:af89cd7f2f4c957625f92055b8b8fc660aaf813bc32950ef8676f8b55cea381f","kubernetes_container_name":"container-ov2rdk","kubernetes_host":"node3","kubernetes_labels_app":"indc-event-live-server","kubernetes_labels_app_kubernetes_io/name":"indc-event-live-server","kubernetes_labels_logging":"true","kubernetes_labels_pod-template-hash":"6d7d79988","kubernetes_master_url":"https://10.233.0.1:443/api","kubernetes_namespace_id":"8c93404f-ab15-404f-bfa6-0ea4f1268053","kubernetes_namespace_labels_kubernetes_io/metadata_name":"sreworks","kubernetes_namespace_labels_kubesphere_io/namespace":"sreworks","kubernetes_namespace_labels_kubesphere_io/workspace":"system-workspace","kubernetes_namespace_labels_name":"sreworks","kubernetes_namespace_name":"sreworks","kubernetes_pod_id":"af27f696-7a17-4635-bfa9-68e36fa1c1d4","kubernetes_pod_ip":"10.233.92.150","kubernetes_pod_name":"indc-event-live-server-6d7d79988-fn988","message":"2025-12-11 18:12:26.815 INFO  607b4602fc0b9590 [XNIO-1 task-15] (DrillMarkAspect.java:54) c.v.i.event.aspect.DrillMarkAspect - 参数：f8018777-7754-4ce0-912c-27b437e2acb8 判断演练标识\n","stream":"stdout","tag":"kubernetes.var.log.containers.indc-event-live-server-6d7d79988-fn988_sreworks_container-ov2rdk-25b23c20d8897518a0d91c0696c910c01786c52a73d68eb40565c68b07612f8c.log"}
2025/12/11 18:14:00 send alert via feishu error: Post "https://open.feishu.cn/open-apis/bot/v2/hook/a06d5b36-a9d2-4408-a1dc-5ba73810b20c": tls: failed to verify certificate: x509: OSStatus -26276
2025/12/11 18:14:00 [ALERT][console] [Elasticsearch Alert] 测试告警：indc-event-live-server 日志监控
测试告警工具功能，监控 indc-event-live-server 应用的所有日志

- 索引: k8s-app-indc-event-live-server*
- 时间窗: 5m
- 命中条数: 11813
- 查询: DSL

样例事件:
1) {"@timestamp":"2025-12-11T10:13:59.042Z","docker_container_id":"6924aa2eb6ca5c56e510a53677406e6bc75c4bead5ad7558a3cf14862fabe240","index_name":"k8s-app-indc-event-live-server-2025.12.11","kubernetes_container_image":"harbor.meta42.indc.vnet.com/indc/indc-event-live-server:main_prod-202512102217-38170b04-88668","kubernetes_container_image_id":"docker-pullable://harbor.meta42.indc.vnet.com/indc/indc-event-live-server@sha256:af89cd7f2f4c957625f92055b8b8fc660aaf813bc32950ef8676f8b55cea381f","kubernetes_container_name":"container-ov2rdk","kubernetes_host":"node19","kubernetes_labels_app":"indc-event-live-server","kubernetes_labels_app_kubernetes_io/name":"indc-event-live-server","kubernetes_labels_logging":"true","kubernetes_labels_pod-template-hash":"6d7d79988","kubernetes_master_url":"https://10.233.0.1:443/api","kubernetes_namespace_id":"8c93404f-ab15-404f-bfa6-0ea4f1268053","kubernetes_namespace_labels_kubernetes_io/metadata_name":"sreworks","kubernetes_namespace_labels_kubesphere_io/namespace":"sreworks","kubernetes_namespace_labels_kubesphere_io/workspace":"system-workspace","kubernetes_namespace_labels_name":"sreworks","kubernetes_namespace_name":"sreworks","kubernetes_pod_id":"46a5ada6-d104-4f7e-8c67-6d147191e107","kubernetes_pod_ip":"10.233.104.9","kubernetes_pod_name":"indc-event-live-server-6d7d79988-8966k","message":"2025-12-11 18:13:58.605 INFO  bace1047e88d2f40 [XNIO-1 task-3] (LoggerAspect.java:113) c.v.indc.event.aspect.LoggerAspect - 请求结束时间: 2025年12月11日 18:13:58\n","stream":"stdout","tag":"kubernetes.var.log.containers.indc-event-live-server-6d7d79988-8966k_sreworks_container-ov2rdk-6924aa2eb6ca5c56e510a53677406e6bc75c4bead5ad7558a3cf14862fabe240.log"}
2) {"@timestamp":"2025-12-11T10:13:59.041Z","docker_container_id":"6924aa2eb6ca5c56e510a53677406e6bc75c4bead5ad7558a3cf14862fabe240","index_name":"k8s-app-indc-event-live-server-2025.12.11","kubernetes_container_image":"harbor.meta42.indc.vnet.com/indc/indc-event-live-server:main_prod-202512102217-38170b04-88668","kubernetes_container_image_id":"docker-pullable://harbor.meta42.indc.vnet.com/indc/indc-event-live-server@sha256:af89cd7f2f4c957625f92055b8b8fc660aaf813bc32950ef8676f8b55cea381f","kubernetes_container_name":"container-ov2rdk","kubernetes_host":"node19","kubernetes_labels_app":"indc-event-live-server","kubernetes_labels_app_kubernetes_io/name":"indc-event-live-server","kubernetes_labels_logging":"true","kubernetes_labels_pod-template-hash":"6d7d79988","kubernetes_master_url":"https://10.233.0.1:443/api","kubernetes_namespace_id":"8c93404f-ab15-404f-bfa6-0ea4f1268053","kubernetes_namespace_labels_kubernetes_io/metadata_name":"sreworks","kubernetes_namespace_labels_kubesphere_io/namespace":"sreworks","kubernetes_namespace_labels_kubesphere_io/workspace":"system-workspace","kubernetes_namespace_labels_name":"sreworks","kubernetes_namespace_name":"sreworks","kubernetes_pod_id":"46a5ada6-d104-4f7e-8c67-6d147191e107","kubernetes_pod_ip":"10.233.104.9","kubernetes_pod_name":"indc-event-live-server-6d7d79988-8966k","message":"2025-12-11 18:13:58.551 INFO  bace1047e88d2f40 [XNIO-1 task-3] (LoggerAspect.java:79) c.v.indc.event.aspect.LoggerAspect - 操作人名称: 北京东部B栋\n","stream":"stdout","tag":"kubernetes.var.log.containers.indc-event-live-server-6d7d79988-8966k_sreworks_container-ov2rdk-6924aa2eb6ca5c56e510a53677406e6bc75c4bead5ad7558a3cf14862fabe240.log"}
3) {"@timestamp":"2025-12-11T10:13:59.041Z","docker_container_id":"6924aa2eb6ca5c56e510a53677406e6bc75c4bead5ad7558a3cf14862fabe240","index_name":"k8s-app-indc-event-live-server-2025.12.11","kubernetes_container_image":"harbor.meta42.indc.vnet.com/indc/indc-event-live-server:main_prod-202512102217-38170b04-88668","kubernetes_container_image_id":"docker-pullable://harbor.meta42.indc.vnet.com/indc/indc-event-live-server@sha256:af89cd7f2f4c957625f92055b8b8fc660aaf813bc32950ef8676f8b55cea381f","kubernetes_container_name":"container-ov2rdk","kubernetes_host":"node19","kubernetes_labels_app":"indc-event-live-server","kubernetes_labels_app_kubernetes_io/name":"indc-event-live-server","kubernetes_labels_logging":"true","kubernetes_labels_pod-template-hash":"6d7d79988","kubernetes_master_url":"https://10.233.0.1:443/api","kubernetes_namespace_id":"8c93404f-ab15-404f-bfa6-0ea4f1268053","kubernetes_namespace_labels_kubernetes_io/metadata_name":"sreworks","kubernetes_namespace_labels_kubesphere_io/namespace":"sreworks","kubernetes_namespace_labels_kubesphere_io/workspace":"system-workspace","kubernetes_namespace_labels_name":"sreworks","kubernetes_namespace_name":"sreworks","kubernetes_pod_id":"46a5ada6-d104-4f7e-8c67-6d147191e107","kubernetes_pod_ip":"10.233.104.9","kubernetes_pod_name":"indc-event-live-server-6d7d79988-8966k","message":"2025-12-11 18:13:58.551 INFO  bace1047e88d2f40 [XNIO-1 task-3] (DrillMarkAspect.java:54) c.v.i.event.aspect.DrillMarkAspect - 参数：[\"90994\"] 判断演练标识\n","stream":"stdout","tag":"kubernetes.var.log.containers.indc-event-live-server-6d7d79988-8966k_sreworks_container-ov2rdk-6924aa2eb6ca5c56e510a53677406e6bc75c4bead5ad7558a3cf14862fabe240.log"}
2025/12/11 18:15:00 send alert via feishu error: Post "https://open.feishu.cn/open-apis/bot/v2/hook/a06d5b36-a9d2-4408-a1dc-5ba73810b20c": tls: failed to verify certificate: x509: OSStatus -26276
2025/12/11 18:15:00 [ALERT][console] [Elasticsearch Alert] 测试告警：indc-event-live-server 日志监控
测试告警工具功能，监控 indc-event-live-server 应用的所有日志

- 索引: k8s-app-indc-event-live-server*
- 时间窗: 5m
- 命中条数: 10258
- 查询: DSL

样例事件:
1) {"@timestamp":"2025-12-11T10:14:55.999Z","docker_container_id":"6924aa2eb6ca5c56e510a53677406e6bc75c4bead5ad7558a3cf14862fabe240","index_name":"k8s-app-indc-event-live-server-2025.12.11","kubernetes_container_image":"harbor.meta42.indc.vnet.com/indc/indc-event-live-server:main_prod-202512102217-38170b04-88668","kubernetes_container_image_id":"docker-pullable://harbor.meta42.indc.vnet.com/indc/indc-event-live-server@sha256:af89cd7f2f4c957625f92055b8b8fc660aaf813bc32950ef8676f8b55cea381f","kubernetes_container_name":"container-ov2rdk","kubernetes_host":"node19","kubernetes_labels_app":"indc-event-live-server","kubernetes_labels_app_kubernetes_io/name":"indc-event-live-server","kubernetes_labels_logging":"true","kubernetes_labels_pod-template-hash":"6d7d79988","kubernetes_master_url":"https://10.233.0.1:443/api","kubernetes_namespace_id":"8c93404f-ab15-404f-bfa6-0ea4f1268053","kubernetes_namespace_labels_kubernetes_io/metadata_name":"sreworks","kubernetes_namespace_labels_kubesphere_io/namespace":"sreworks","kubernetes_namespace_labels_kubesphere_io/workspace":"system-workspace","kubernetes_namespace_labels_name":"sreworks","kubernetes_namespace_name":"sreworks","kubernetes_pod_id":"46a5ada6-d104-4f7e-8c67-6d147191e107","kubernetes_pod_ip":"10.233.104.9","kubernetes_pod_name":"indc-event-live-server-6d7d79988-8966k","message":"2025-12-11 18:14:55.573 INFO  7125dace26945489 [XNIO-1 task-6] (LoggerAspect.java:113) c.v.indc.event.aspect.LoggerAspect - 请求结束时间: 2025年12月11日 18:14:55\n","stream":"stdout","tag":"kubernetes.var.log.containers.indc-event-live-server-6d7d79988-8966k_sreworks_container-ov2rdk-6924aa2eb6ca5c56e510a53677406e6bc75c4bead5ad7558a3cf14862fabe240.log"}
2) {"@timestamp":"2025-12-11T10:14:55.998Z","docker_container_id":"6924aa2eb6ca5c56e510a53677406e6bc75c4bead5ad7558a3cf14862fabe240","index_name":"k8s-app-indc-event-live-server-2025.12.11","kubernetes_container_image":"harbor.meta42.indc.vnet.com/indc/indc-event-live-server:main_prod-202512102217-38170b04-88668","kubernetes_container_image_id":"docker-pullable://harbor.meta42.indc.vnet.com/indc/indc-event-live-server@sha256:af89cd7f2f4c957625f92055b8b8fc660aaf813bc32950ef8676f8b55cea381f","kubernetes_container_name":"container-ov2rdk","kubernetes_host":"node19","kubernetes_labels_app":"indc-event-live-server","kubernetes_labels_app_kubernetes_io/name":"indc-event-live-server","kubernetes_labels_logging":"true","kubernetes_labels_pod-template-hash":"6d7d79988","kubernetes_master_url":"https://10.233.0.1:443/api","kubernetes_namespace_id":"8c93404f-ab15-404f-bfa6-0ea4f1268053","kubernetes_namespace_labels_kubernetes_io/metadata_name":"sreworks","kubernetes_namespace_labels_kubesphere_io/namespace":"sreworks","kubernetes_namespace_labels_kubesphere_io/workspace":"system-workspace","kubernetes_namespace_labels_name":"sreworks","kubernetes_namespace_name":"sreworks","kubernetes_pod_id":"46a5ada6-d104-4f7e-8c67-6d147191e107","kubernetes_pod_ip":"10.233.104.9","kubernetes_pod_name":"indc-event-live-server-6d7d79988-8966k","message":"2025-12-11 18:14:55.521 INFO  7125dace26945489 [XNIO-1 task-6] (AuthUtil.java:194) com.vnet.indc.event.utils.AuthUtil - 通过岗位：[39, 52, 26],楼栋id:null查询用户开始\n","stream":"stdout","tag":"kubernetes.var.log.containers.indc-event-live-server-6d7d79988-8966k_sreworks_container-ov2rdk-6924aa2eb6ca5c56e510a53677406e6bc75c4bead5ad7558a3cf14862fabe240.log"}
3) {"@timestamp":"2025-12-11T10:14:55.997Z","docker_container_id":"6924aa2eb6ca5c56e510a53677406e6bc75c4bead5ad7558a3cf14862fabe240","index_name":"k8s-app-indc-event-live-server-2025.12.11","kubernetes_container_image":"harbor.meta42.indc.vnet.com/indc/indc-event-live-server:main_prod-202512102217-38170b04-88668","kubernetes_container_image_id":"docker-pullable://harbor.meta42.indc.vnet.com/indc/indc-event-live-server@sha256:af89cd7f2f4c957625f92055b8b8fc660aaf813bc32950ef8676f8b55cea381f","kubernetes_container_name":"container-ov2rdk","kubernetes_host":"node19","kubernetes_labels_app":"indc-event-live-server","kubernetes_labels_app_kubernetes_io/name":"indc-event-live-server","kubernetes_labels_logging":"true","kubernetes_labels_pod-template-hash":"6d7d79988","kubernetes_master_url":"https://10.233.0.1:443/api","kubernetes_namespace_id":"8c93404f-ab15-404f-bfa6-0ea4f1268053","kubernetes_namespace_labels_kubernetes_io/metadata_name":"sreworks","kubernetes_namespace_labels_kubesphere_io/namespace":"sreworks","kubernetes_namespace_labels_kubesphere_io/workspace":"system-workspace","kubernetes_namespace_labels_name":"sreworks","kubernetes_namespace_name":"sreworks","kubernetes_pod_id":"46a5ada6-d104-4f7e-8c67-6d147191e107","kubernetes_pod_ip":"10.233.104.9","kubernetes_pod_name":"indc-event-live-server-6d7d79988-8966k","message":"2025-12-11 18:14:55.427 INFO  7125dace26945489 [XNIO-1 task-6] (AuthUtil.java:194) com.vnet.indc.event.utils.AuthUtil - 通过岗位：[39, 52, 26],楼栋id:null查询用户开始\n","stream":"stdout","tag":"kubernetes.var.log.containers.indc-event-live-server-6d7d79988-8966k_sreworks_container-ov2rdk-6924aa2eb6ca5c56e510a53677406e6bc75c4bead5ad7558a3cf14862fabe240.log"}
2025/12/11 18:16:30 send alert via feishu error: Post "https://open.feishu.cn/open-apis/bot/v2/hook/a06d5b36-a9d2-4408-a1dc-5ba73810b20c": tls: failed to verify certificate: x509: OSStatus -26276
2025/12/11 18:16:30 [ALERT][console] [Elasticsearch Alert] 测试告警：indc-event-live-server 日志监控
测试告警工具功能，监控 indc-event-live-server 应用的所有日志

- 索引: k8s-app-indc-event-live-server*
- 时间窗: 5m
- 命中条数: 6972
- 查询: DSL

样例事件:
1) {"@timestamp":"2025-12-11T10:16:25.774Z","docker_container_id":"25b23c20d8897518a0d91c0696c910c01786c52a73d68eb40565c68b07612f8c","index_name":"k8s-app-indc-event-live-server-2025.12.11","kubernetes_container_image":"harbor.meta42.indc.vnet.com/indc/indc-event-live-server:main_prod-202512102217-38170b04-88668","kubernetes_container_image_id":"docker-pullable://harbor.meta42.indc.vnet.com/indc/indc-event-live-server@sha256:af89cd7f2f4c957625f92055b8b8fc660aaf813bc32950ef8676f8b55cea381f","kubernetes_container_name":"container-ov2rdk","kubernetes_host":"node3","kubernetes_labels_app":"indc-event-live-server","kubernetes_labels_app_kubernetes_io/name":"indc-event-live-server","kubernetes_labels_logging":"true","kubernetes_labels_pod-template-hash":"6d7d79988","kubernetes_master_url":"https://10.233.0.1:443/api","kubernetes_namespace_id":"8c93404f-ab15-404f-bfa6-0ea4f1268053","kubernetes_namespace_labels_kubernetes_io/metadata_name":"sreworks","kubernetes_namespace_labels_kubesphere_io/namespace":"sreworks","kubernetes_namespace_labels_kubesphere_io/workspace":"system-workspace","kubernetes_namespace_labels_name":"sreworks","kubernetes_namespace_name":"sreworks","kubernetes_pod_id":"af27f696-7a17-4635-bfa9-68e36fa1c1d4","kubernetes_pod_ip":"10.233.92.150","kubernetes_pod_name":"indc-event-live-server-6d7d79988-fn988","message":"2025-12-11 18:16:24.804 INFO  33b73564be7a170a [XNIO-1 task-1] (LoggerAspect.java:113) c.v.indc.event.aspect.LoggerAspect - 请求结束时间: 2025年12月11日 18:16:24\n","stream":"stdout","tag":"kubernetes.var.log.containers.indc-event-live-server-6d7d79988-fn988_sreworks_container-ov2rdk-25b23c20d8897518a0d91c0696c910c01786c52a73d68eb40565c68b07612f8c.log"}
2) {"@timestamp":"2025-12-11T10:16:25.773Z","docker_container_id":"25b23c20d8897518a0d91c0696c910c01786c52a73d68eb40565c68b07612f8c","index_name":"k8s-app-indc-event-live-server-2025.12.11","kubernetes_container_image":"harbor.meta42.indc.vnet.com/indc/indc-event-live-server:main_prod-202512102217-38170b04-88668","kubernetes_container_image_id":"docker-pullable://harbor.meta42.indc.vnet.com/indc/indc-event-live-server@sha256:af89cd7f2f4c957625f92055b8b8fc660aaf813bc32950ef8676f8b55cea381f","kubernetes_container_name":"container-ov2rdk","kubernetes_host":"node3","kubernetes_labels_app":"indc-event-live-server","kubernetes_labels_app_kubernetes_io/name":"indc-event-live-server","kubernetes_labels_logging":"true","kubernetes_labels_pod-template-hash":"6d7d79988","kubernetes_master_url":"https://10.233.0.1:443/api","kubernetes_namespace_id":"8c93404f-ab15-404f-bfa6-0ea4f1268053","kubernetes_namespace_labels_kubernetes_io/metadata_name":"sreworks","kubernetes_namespace_labels_kubesphere_io/namespace":"sreworks","kubernetes_namespace_labels_kubesphere_io/workspace":"system-workspace","kubernetes_namespace_labels_name":"sreworks","kubernetes_namespace_name":"sreworks","kubernetes_pod_id":"af27f696-7a17-4635-bfa9-68e36fa1c1d4","kubernetes_pod_ip":"10.233.92.150","kubernetes_pod_name":"indc-event-live-server-6d7d79988-fn988","message":"2025-12-11 18:16:24.747 INFO  33b73564be7a170a [XNIO-1 task-1] (AuthUtil.java:194) com.vnet.indc.event.utils.AuthUtil - 通过岗位：[39, 52, 26],楼栋id:null查询用户开始\n","stream":"stdout","tag":"kubernetes.var.log.containers.indc-event-live-server-6d7d79988-fn988_sreworks_container-ov2rdk-25b23c20d8897518a0d91c0696c910c01786c52a73d68eb40565c68b07612f8c.log"}
3) {"@timestamp":"2025-12-11T10:16:24.796Z","docker_container_id":"25b23c20d8897518a0d91c0696c910c01786c52a73d68eb40565c68b07612f8c","index_name":"k8s-app-indc-event-live-server-2025.12.11","kubernetes_container_image":"harbor.meta42.indc.vnet.com/indc/indc-event-live-server:main_prod-202512102217-38170b04-88668","kubernetes_container_image_id":"docker-pullable://harbor.meta42.indc.vnet.com/indc/indc-event-live-server@sha256:af89cd7f2f4c957625f92055b8b8fc660aaf813bc32950ef8676f8b55cea381f","kubernetes_container_name":"container-ov2rdk","kubernetes_host":"node3","kubernetes_labels_app":"indc-event-live-server","kubernetes_labels_app_kubernetes_io/name":"indc-event-live-server","kubernetes_labels_logging":"true","kubernetes_labels_pod-template-hash":"6d7d79988","kubernetes_master_url":"https://10.233.0.1:443/api","kubernetes_namespace_id":"8c93404f-ab15-404f-bfa6-0ea4f1268053","kubernetes_namespace_labels_kubernetes_io/metadata_name":"sreworks","kubernetes_namespace_labels_kubesphere_io/namespace":"sreworks","kubernetes_namespace_labels_kubesphere_io/workspace":"system-workspace","kubernetes_namespace_labels_name":"sreworks","kubernetes_namespace_name":"sreworks","kubernetes_pod_id":"af27f696-7a17-4635-bfa9-68e36fa1c1d4","kubernetes_pod_ip":"10.233.92.150","kubernetes_pod_name":"indc-event-live-server-6d7d79988-fn988","message":"2025-12-11 18:16:24.745 INFO  33b73564be7a170a [XNIO-1 task-1] (LoggerAspect.java:79) c.v.indc.event.aspect.LoggerAspect - 操作人名称: 郭永晨\n","stream":"stdout","tag":"kubernetes.var.log.containers.indc-event-live-server-6d7d79988-fn988_sreworks_container-ov2rdk-25b23c20d8897518a0d91c0696c910c01786c52a73d68eb40565c68b07612f8c.log"}
2025/12/11 18:18:00 send alert via feishu error: Post "https://open.feishu.cn/open-apis/bot/v2/hook/a06d5b36-a9d2-4408-a1dc-5ba73810b20c": tls: failed to verify certificate: x509: OSStatus -26276
2025/12/11 18:18:00 [ALERT][console] [Elasticsearch Alert] 测试告警：indc-event-live-server 日志监控
测试告警工具功能，监控 indc-event-live-server 应用的所有日志

- 索引: k8s-app-indc-event-live-server*
- 时间窗: 5m
- 命中条数: 9035
- 查询: DSL

样例事件:
1) {"@timestamp":"2025-12-11T10:17:55.775Z","docker_container_id":"25b23c20d8897518a0d91c0696c910c01786c52a73d68eb40565c68b07612f8c","index_name":"k8s-app-indc-event-live-server-2025.12.11","kubernetes_container_image":"harbor.meta42.indc.vnet.com/indc/indc-event-live-server:main_prod-202512102217-38170b04-88668","kubernetes_container_image_id":"docker-pullable://harbor.meta42.indc.vnet.com/indc/indc-event-live-server@sha256:af89cd7f2f4c957625f92055b8b8fc660aaf813bc32950ef8676f8b55cea381f","kubernetes_container_name":"container-ov2rdk","kubernetes_host":"node3","kubernetes_labels_app":"indc-event-live-server","kubernetes_labels_app_kubernetes_io/name":"indc-event-live-server","kubernetes_labels_logging":"true","kubernetes_labels_pod-template-hash":"6d7d79988","kubernetes_master_url":"https://10.233.0.1:443/api","kubernetes_namespace_id":"8c93404f-ab15-404f-bfa6-0ea4f1268053","kubernetes_namespace_labels_kubernetes_io/metadata_name":"sreworks","kubernetes_namespace_labels_kubesphere_io/namespace":"sreworks","kubernetes_namespace_labels_kubesphere_io/workspace":"system-workspace","kubernetes_namespace_labels_name":"sreworks","kubernetes_namespace_name":"sreworks","kubernetes_pod_id":"af27f696-7a17-4635-bfa9-68e36fa1c1d4","kubernetes_pod_ip":"10.233.92.150","kubernetes_pod_name":"indc-event-live-server-6d7d79988-fn988","message":"2025-12-11 18:17:55.045 INFO   [com.alibaba.nacos.naming.push.receiver] (PushReceiver.java:86) com.alibaba.nacos.client.naming - received push data: {\"type\":\"dom\",\"data\":\"{\\\"name\\\":\\\"DEFAULT_GROUP@@indc-emergency-drill-server\\\",\\\"clusters\\\":\\\"\\\",\\\"cacheMillis\\\":10000,\\\"hosts\\\":[{\\\"instanceId\\\":\\\"10.233.123.146#8090#DEFAULT#DEFAULT_GROUP@@indc-emergency-drill-server\\\",\\\"ip\\\":\\\"10.233.123.146\\\",\\\"port\\\":8090,\\\"weight\\\":1.0,\\\"healthy\\\":true,\\\"enabled\\\":true,\\\"ephemeral\\\":true,\\\"clusterName\\\":\\\"DEFAULT\\\",\\\"serviceName\\\":\\\"DEFAULT_GROUP@@indc-emergency-drill-server\\\",\\\"metadata\\\":{\\\"preserved.register.source\\\":\\\"SPRING_CLOUD\\\"},\\\"instanceHeartBeatInterval\\\":5000,\\\"instanceHeartBeatTimeOut\\\":15000,\\\"ipDeleteTimeout\\\":30000}],\\\"lastRefTime\\\":1765448275045,\\\"checksum\\\":\\\"\\\",\\\"allIPs\\\":false,\\\"reachProtectionThreshold\\\":false,\\\"valid\\\":true}\",\"lastRefTime\":85326740845450036} from /10.233.70.91\n","stream":"stdout","tag":"kubernetes.var.log.containers.indc-event-live-server-6d7d79988-fn988_sreworks_container-ov2rdk-25b23c20d8897518a0d91c0696c910c01786c52a73d68eb40565c68b07612f8c.log"}
2) {"@timestamp":"2025-12-11T10:17:55.774Z","docker_container_id":"25b23c20d8897518a0d91c0696c910c01786c52a73d68eb40565c68b07612f8c","index_name":"k8s-app-indc-event-live-server-2025.12.11","kubernetes_container_image":"harbor.meta42.indc.vnet.com/indc/indc-event-live-server:main_prod-202512102217-38170b04-88668","kubernetes_container_image_id":"docker-pullable://harbor.meta42.indc.vnet.com/indc/indc-event-live-server@sha256:af89cd7f2f4c957625f92055b8b8fc660aaf813bc32950ef8676f8b55cea381f","kubernetes_container_name":"container-ov2rdk","kubernetes_host":"node3","kubernetes_labels_app":"indc-event-live-server","kubernetes_labels_app_kubernetes_io/name":"indc-event-live-server","kubernetes_labels_logging":"true","kubernetes_labels_pod-template-hash":"6d7d79988","kubernetes_master_url":"https://10.233.0.1:443/api","kubernetes_namespace_id":"8c93404f-ab15-404f-bfa6-0ea4f1268053","kubernetes_namespace_labels_kubernetes_io/metadata_name":"sreworks","kubernetes_namespace_labels_kubesphere_io/namespace":"sreworks","kubernetes_namespace_labels_kubesphere_io/workspace":"system-workspace","kubernetes_namespace_labels_name":"sreworks","kubernetes_namespace_name":"sreworks","kubernetes_pod_id":"af27f696-7a17-4635-bfa9-68e36fa1c1d4","kubernetes_pod_ip":"10.233.92.150","kubernetes_pod_name":"indc-event-live-server-6d7d79988-fn988","message":"2025-12-11 18:17:53.443 INFO   [com.alibaba.nacos.naming.push.receiver] (PushReceiver.java:86) com.alibaba.nacos.client.naming - received push data: {\"type\":\"dom\",\"data\":\"{\\\"name\\\":\\\"DEFAULT_GROUP@@indc-notice-server\\\",\\\"clusters\\\":\\\"\\\",\\\"cacheMillis\\\":10000,\\\"hosts\\\":[{\\\"instanceId\\\":\\\"10.233.92.233#8090#DEFAULT#DEFAULT_GROUP@@indc-notice-server\\\",\\\"ip\\\":\\\"10.233.92.233\\\",\\\"port\\\":8090,\\\"weight\\\":1.0,\\\"healthy\\\":true,\\\"enabled\\\":true,\\\"ephemeral\\\":true,\\\"clusterName\\\":\\\"DEFAULT\\\",\\\"serviceName\\\":\\\"DEFAULT_GROUP@@indc-notice-server\\\",\\\"metadata\\\":{\\\"VERSION\\\":\\\"1.8.2\\\",\\\"preserved.register.source\\\":\\\"SPRING_CLOUD\\\"},\\\"instanceHeartBeatInterval\\\":5000,\\\"instanceHeartBeatTimeOut\\\":15000,\\\"ipDeleteTimeout\\\":30000},{\\\"instanceId\\\":\\\"10.233.92.139#8090#DEFAULT#DEFAULT_GROUP@@indc-notice-server\\\",\\\"ip\\\":\\\"10.233.92.139\\\",\\\"port\\\":8090,\\\"weight\\\":1.0,\\\"healthy\\\":true,\\\"enabled\\\":true,\\\"ephemeral\\\":true,\\\"clusterName\\\":\\\"DEFAULT\\\",\\\"serviceName\\\":\\\"DEFAULT_GROUP@@indc-notice-server\\\",\\\"metadata\\\":{\\\"VERSION\\\":\\\"1.8.2\\\",\\\"preserved.register.source\\\":\\\"SPRING_CLOUD\\\"},\\\"instanceHeartBeatInterval\\\":5000,\\\"instanceHeartBeatTimeOut\\\":15000,\\\"ipDeleteTimeout\\\":30000},{\\\"instanceId\\\":\\\"10.233.92.248#8090#DEFAULT#DEFAULT_GROUP@@indc-notice-server\\\",\\\"ip\\\":\\\"10.233.92.248\\\",\\\"port\\\":8090,\\\"weight\\\":1.0,\\\"healthy\\\":true,\\\"enabled\\\":true,\\\"ephemeral\\\":true,\\\"clusterName\\\":\\\"DEFAULT\\\",\\\"serviceName\\\":\\\"DEFAULT_GROUP@@indc-notice-server\\\",\\\"metadata\\\":{\\\"VERSION\\\":\\\"1.8.2\\\",\\\"preserved.register.source\\\":\\\"SPRING_CLOUD\\\"},\\\"instanceHeartBeatInterval\\\":5000,\\\"instanceHeartBeatTimeOut\\\":15000,\\\"ipDeleteTimeout\\\":30000},{\\\"instanceId\\\":\\\"10.233.92.12#8090#DEFAULT#DEFAULT_GROUP@@indc-notice-server\\\",\\\"ip\\\":\\\"10.233.92.12\\\",\\\"port\\\":8090,\\\"weight\\\":1.0,\\\"healthy\\\":true,\\\"enabled\\\":true,\\\"ephemeral\\\":true,\\\"clusterName\\\":\\\"DEFAULT\\\",\\\"serviceName\\\":\\\"DEFAULT_GROUP@@indc-notice-server\\\",\\\"metadata\\\":{\\\"VERSION\\\":\\\"1.8.2\\\",\\\"preserved.register.source\\\":\\\"SPRING_CLOUD\\\"},\\\"instanceHeartBeatInterval\\\":5000,\\\"instanceHeartBeatTimeOut\\\":15000,\\\"ipDeleteTimeout\\\":30000},{\\\"instanceId\\\":\\\"10.233.92.136#8090#DEFAULT#DEFAULT_GROUP@@indc-notice-server\\\",\\\"ip\\\":\\\"10.233.92.136\\\",\\\"port\\\":8090,\\\"weight\\\":1.0,\\\"healthy\\\":true,\\\"enabled\\\":true,\\\"ephemeral\\\":true,\\\"clusterName\\\":\\\"DEFAULT\\\",\\\"serviceName\\\":\\\"DEFAULT_GROUP@@indc-notice-server\\\",\\\"metadata\\\":{\\\"VERSION\\\":\\\"1.8.2\\\",\\\"preserved.register.source\\\":\\\"SPRING_CLOUD\\\"},\\\"instanceHeartBeatInterval\\\":5000,\\\"instanceHeartBeatTimeOut\\\":15000,\\\"ipDeleteTimeout\\\":30000}],\\\"lastRefTime\\\":1765448273444,\\\"checksum\\\":\\\"\\\",\\\"allIPs\\\":false,\\\"reachProtectionThreshold\\\":false,\\\"valid\\\":true}\",\"lastRefTime\":85326739244127256} from /10.233.70.91\n","stream":"stdout","tag":"kubernetes.var.log.containers.indc-event-live-server-6d7d79988-fn988_sreworks_container-ov2rdk-25b23c20d8897518a0d91c0696c910c01786c52a73d68eb40565c68b07612f8c.log"}
3) {"@timestamp":"2025-12-11T10:17:53.773Z","docker_container_id":"25b23c20d8897518a0d91c0696c910c01786c52a73d68eb40565c68b07612f8c","index_name":"k8s-app-indc-event-live-server-2025.12.11","kubernetes_container_image":"harbor.meta42.indc.vnet.com/indc/indc-event-live-server:main_prod-202512102217-38170b04-88668","kubernetes_container_image_id":"docker-pullable://harbor.meta42.indc.vnet.com/indc/indc-event-live-server@sha256:af89cd7f2f4c957625f92055b8b8fc660aaf813bc32950ef8676f8b55cea381f","kubernetes_container_name":"container-ov2rdk","kubernetes_host":"node3","kubernetes_labels_app":"indc-event-live-server","kubernetes_labels_app_kubernetes_io/name":"indc-event-live-server","kubernetes_labels_logging":"true","kubernetes_labels_pod-template-hash":"6d7d79988","kubernetes_master_url":"https://10.233.0.1:443/api","kubernetes_namespace_id":"8c93404f-ab15-404f-bfa6-0ea4f1268053","kubernetes_namespace_labels_kubernetes_io/metadata_name":"sreworks","kubernetes_namespace_labels_kubesphere_io/namespace":"sreworks","kubernetes_namespace_labels_kubesphere_io/workspace":"system-workspace","kubernetes_namespace_labels_name":"sreworks","kubernetes_namespace_name":"sreworks","kubernetes_pod_id":"af27f696-7a17-4635-bfa9-68e36fa1c1d4","kubernetes_pod_ip":"10.233.92.150","kubernetes_pod_name":"indc-event-live-server-6d7d79988-fn988","message":"2025-12-11 18:17:51.255 INFO  f75bf21067fe8822 [XNIO-1 task-10] (LoggerAspect.java:115) c.v.indc.event.aspect.LoggerAspect - --------后台管理请求后置日志输出完成--------\n","stream":"stdout","tag":"kubernetes.var.log.containers.indc-event-live-server-6d7d79988-fn988_sreworks_container-ov2rdk-25b23c20d8897518a0d91c0696c910c01786c52a73d68eb40565c68b07612f8c.log"}
2025/12/11 18:19:00 send alert via feishu error: Post "https://open.feishu.cn/open-apis/bot/v2/hook/a06d5b36-a9d2-4408-a1dc-5ba73810b20c": tls: failed to verify certificate: x509: OSStatus -26276
2025/12/11 18:19:00 [ALERT][console] [Elasticsearch Alert] 测试告警：indc-event-live-server 日志监控
测试告警工具功能，监控 indc-event-live-server 应用的所有日志

- 索引: k8s-app-indc-event-live-server*
- 时间窗: 5m
- 命中条数: 8973
- 查询: DSL

样例事件:
1) {"@timestamp":"2025-12-11T10:18:49.105Z","docker_container_id":"6924aa2eb6ca5c56e510a53677406e6bc75c4bead5ad7558a3cf14862fabe240","index_name":"k8s-app-indc-event-live-server-2025.12.11","kubernetes_container_image":"harbor.meta42.indc.vnet.com/indc/indc-event-live-server:main_prod-202512102217-38170b04-88668","kubernetes_container_image_id":"docker-pullable://harbor.meta42.indc.vnet.com/indc/indc-event-live-server@sha256:af89cd7f2f4c957625f92055b8b8fc660aaf813bc32950ef8676f8b55cea381f","kubernetes_container_name":"container-ov2rdk","kubernetes_host":"node19","kubernetes_labels_app":"indc-event-live-server","kubernetes_labels_app_kubernetes_io/name":"indc-event-live-server","kubernetes_labels_logging":"true","kubernetes_labels_pod-template-hash":"6d7d79988","kubernetes_master_url":"https://10.233.0.1:443/api","kubernetes_namespace_id":"8c93404f-ab15-404f-bfa6-0ea4f1268053","kubernetes_namespace_labels_kubernetes_io/metadata_name":"sreworks","kubernetes_namespace_labels_kubesphere_io/namespace":"sreworks","kubernetes_namespace_labels_kubesphere_io/workspace":"system-workspace","kubernetes_namespace_labels_name":"sreworks","kubernetes_namespace_name":"sreworks","kubernetes_pod_id":"46a5ada6-d104-4f7e-8c67-6d147191e107","kubernetes_pod_ip":"10.233.104.9","kubernetes_pod_name":"indc-event-live-server-6d7d79988-8966k","message":"2025-12-11 18:18:47.505 INFO  2152fdbbbe65dcad [XNIO-1 task-12] (EventServiceImpl.java:2798) c.v.i.e.s.e.impl.EventServiceImpl - Cookie:Optional[eyJhbGciOiJIUzI1NiIsInR5cCI6IkpXVCJ9.eyJVc2VySWQiOjE2MzMsIlVzZXJOYW1lIjoiMTkxMTAiLCJUZW5hbnRJZCI6MCwiT3JnYW5pemF0aW9uSWQiOjQ3LCJSb2xlSWQiOjAsIlJvbGVJZHMiOiIzMiw4MSwzLDMsMzQsODIsNTYsMjMsMTQsNzIsNTgsNjEsNzYsMjgsNywxNiw0Myw2Nyw0Niw2MCw3MCw1Nyw1MCw1OSwzMiw1MSwxMCwzLDM1LDM2LDQ5LDgxLDkxIiwiUm9sZUtleSI6InVzZXIsbWFuYWdlIiwiRGVwdElkIjowLCJQb3N0SWQiOjAsImlzcyI6InpoaWhhbmctaWFtIiwiZXhwIjoxNzY2MDUyNjI4LCJuYmYiOjE3NjU0NDc4Mjh9.199CDQxnYe6B_Wf_29uH2g6tCGnRp6yeI5LcKy_EgHQ]\n\nCreating a new SqlSession\n\nSqlSession [org.apache.ibatis.session.defaults.DefaultSqlSession@7b08e405] was not registered for synchronization because synchronization is not active\n\nJDBC Connection [HikariProxyConnection@514744873 wrapping com.mysql.cj.jdbc.ConnectionImpl@4af16d71] will not be managed by Spring\n\nClosing non transactional SqlSession [org.apache.ibatis.session.defaults.DefaultSqlSession@7b08e405]\n\nCreating a new SqlSession\n\nSqlSession [org.apache.ibatis.session.defaults.DefaultSqlSession@4d7c4561] was not registered for synchronization because synchronization is not active\n\nJDBC Connection [HikariProxyConnection@1911076871 wrapping com.mysql.cj.jdbc.ConnectionImpl@4af16d71] will not be managed by Spring\n\nClosing non transactional SqlSession [org.apache.ibatis.session.defaults.DefaultSqlSession@4d7c4561]\n","stream":"stdout","tag":"kubernetes.var.log.containers.indc-event-live-server-6d7d79988-8966k_sreworks_container-ov2rdk-6924aa2eb6ca5c56e510a53677406e6bc75c4bead5ad7558a3cf14862fabe240.log"}
2) {"@timestamp":"2025-12-11T10:18:49.105Z","docker_container_id":"6924aa2eb6ca5c56e510a53677406e6bc75c4bead5ad7558a3cf14862fabe240","index_name":"k8s-app-indc-event-live-server-2025.12.11","kubernetes_container_image":"harbor.meta42.indc.vnet.com/indc/indc-event-live-server:main_prod-202512102217-38170b04-88668","kubernetes_container_image_id":"docker-pullable://harbor.meta42.indc.vnet.com/indc/indc-event-live-server@sha256:af89cd7f2f4c957625f92055b8b8fc660aaf813bc32950ef8676f8b55cea381f","kubernetes_container_name":"container-ov2rdk","kubernetes_host":"node19","kubernetes_labels_app":"indc-event-live-server","kubernetes_labels_app_kubernetes_io/name":"indc-event-live-server","kubernetes_labels_logging":"true","kubernetes_labels_pod-template-hash":"6d7d79988","kubernetes_master_url":"https://10.233.0.1:443/api","kubernetes_namespace_id":"8c93404f-ab15-404f-bfa6-0ea4f1268053","kubernetes_namespace_labels_kubernetes_io/metadata_name":"sreworks","kubernetes_namespace_labels_kubesphere_io/namespace":"sreworks","kubernetes_namespace_labels_kubesphere_io/workspace":"system-workspace","kubernetes_namespace_labels_name":"sreworks","kubernetes_namespace_name":"sreworks","kubernetes_pod_id":"46a5ada6-d104-4f7e-8c67-6d147191e107","kubernetes_pod_ip":"10.233.104.9","kubernetes_pod_name":"indc-event-live-server-6d7d79988-8966k","message":"2025-12-11 18:18:48.712 INFO  2152fdbbbe65dcad [XNIO-1 task-12] (LoggerAspect.java:113) c.v.indc.event.aspect.LoggerAspect - 请求结束时间: 2025年12月11日 18:18:48\n","stream":"stdout","tag":"kubernetes.var.log.containers.indc-event-live-server-6d7d79988-8966k_sreworks_container-ov2rdk-6924aa2eb6ca5c56e510a53677406e6bc75c4bead5ad7558a3cf14862fabe240.log"}
3) {"@timestamp":"2025-12-11T10:18:48.076Z","docker_container_id":"6924aa2eb6ca5c56e510a53677406e6bc75c4bead5ad7558a3cf14862fabe240","index_name":"k8s-app-indc-event-live-server-2025.12.11","kubernetes_container_image":"harbor.meta42.indc.vnet.com/indc/indc-event-live-server:main_prod-202512102217-38170b04-88668","kubernetes_container_image_id":"docker-pullable://harbor.meta42.indc.vnet.com/indc/indc-event-live-server@sha256:af89cd7f2f4c957625f92055b8b8fc660aaf813bc32950ef8676f8b55cea381f","kubernetes_container_name":"container-ov2rdk","kubernetes_host":"node19","kubernetes_labels_app":"indc-event-live-server","kubernetes_labels_app_kubernetes_io/name":"indc-event-live-server","kubernetes_labels_logging":"true","kubernetes_labels_pod-template-hash":"6d7d79988","kubernetes_master_url":"https://10.233.0.1:443/api","kubernetes_namespace_id":"8c93404f-ab15-404f-bfa6-0ea4f1268053","kubernetes_namespace_labels_kubernetes_io/metadata_name":"sreworks","kubernetes_namespace_labels_kubesphere_io/namespace":"sreworks","kubernetes_namespace_labels_kubesphere_io/workspace":"system-workspace","kubernetes_namespace_labels_name":"sreworks","kubernetes_namespace_name":"sreworks","kubernetes_pod_id":"46a5ada6-d104-4f7e-8c67-6d147191e107","kubernetes_pod_ip":"10.233.104.9","kubernetes_pod_name":"indc-event-live-server-6d7d79988-8966k","message":"2025-12-11 18:18:47.504 INFO  2152fdbbbe65dcad [XNIO-1 task-12] (LoggerAspect.java:78) c.v.indc.event.aspect.LoggerAspect - 操作人ID: 19110\n","stream":"stdout","tag":"kubernetes.var.log.containers.indc-event-live-server-6d7d79988-8966k_sreworks_container-ov2rdk-6924aa2eb6ca5c56e510a53677406e6bc75c4bead5ad7558a3cf14862fabe240.log"}
2025/12/11 18:20:00 send alert via feishu error: Post "https://open.feishu.cn/open-apis/bot/v2/hook/a06d5b36-a9d2-4408-a1dc-5ba73810b20c": tls: failed to verify certificate: x509: OSStatus -26276
2025/12/11 18:20:00 [ALERT][console] [Elasticsearch Alert] 测试告警：indc-event-live-server 日志监控
测试告警工具功能，监控 indc-event-live-server 应用的所有日志

- 索引: k8s-app-indc-event-live-server*
- 时间窗: 5m
- 命中条数: 9033
- 查询: DSL

样例事件:
1) {"@timestamp":"2025-12-11T10:19:48.077Z","docker_container_id":"6924aa2eb6ca5c56e510a53677406e6bc75c4bead5ad7558a3cf14862fabe240","index_name":"k8s-app-indc-event-live-server-2025.12.11","kubernetes_container_image":"harbor.meta42.indc.vnet.com/indc/indc-event-live-server:main_prod-202512102217-38170b04-88668","kubernetes_container_image_id":"docker-pullable://harbor.meta42.indc.vnet.com/indc/indc-event-live-server@sha256:af89cd7f2f4c957625f92055b8b8fc660aaf813bc32950ef8676f8b55cea381f","kubernetes_container_name":"container-ov2rdk","kubernetes_host":"node19","kubernetes_labels_app":"indc-event-live-server","kubernetes_labels_app_kubernetes_io/name":"indc-event-live-server","kubernetes_labels_logging":"true","kubernetes_labels_pod-template-hash":"6d7d79988","kubernetes_master_url":"https://10.233.0.1:443/api","kubernetes_namespace_id":"8c93404f-ab15-404f-bfa6-0ea4f1268053","kubernetes_namespace_labels_kubernetes_io/metadata_name":"sreworks","kubernetes_namespace_labels_kubesphere_io/namespace":"sreworks","kubernetes_namespace_labels_kubesphere_io/workspace":"system-workspace","kubernetes_namespace_labels_name":"sreworks","kubernetes_namespace_name":"sreworks","kubernetes_pod_id":"46a5ada6-d104-4f7e-8c67-6d147191e107","kubernetes_pod_ip":"10.233.104.9","kubernetes_pod_name":"indc-event-live-server-6d7d79988-8966k","message":"2025-12-11 18:19:47.250 INFO   [ForkJoinPool.commonPool-worker-1] (NotifyPersonServiceImpl.java:530) c.v.i.e.s.n.NotifyPersonServiceImpl - 卡片消息发送结果: {\"code\":200,\"data\":{\"messageId\":\"om_x100b5c9de2e3e8a8b3bdf5908c8c3fb\",\"msgType\":\"interactive\",\"createTime\":\"1765448387151\",\"updateTime\":\"1765448387151\",\"deleted\":false,\"updated\":false,\"chatId\":\"oc_9ddf7061fc9649fa49744497374cb2f6\",\"sender\":{\"id\":\"cli_a626320384f4500b\",\"idType\":\"app_id\",\"senderType\":\"app\",\"tenantKey\":\"10ccbee53594d75f\"},\"body\":{\"content\":\"{\\\"title\\\":\\\"【事件】开关阀门故障 I3\\\\n2025-12-11 18:19:43\\\\n北京东部数据中心D\\\\n\\\",\\\"elements\\\":[[{\\\"tag\\\":\\\"text\\\",\\\"text\\\":\\\"请升级至最新版本客户端，以查看内容\\\"}],[]]}\"}},\"success\":true,\"message\":\"操作成功\"}\n\nCreating a new SqlSession\n\nCreating a new SqlSession\n\nSqlSession [org.apache.ibatis.session.defaults.DefaultSqlSession@493ae132] was not registered for synchronization because synchronization is not active\n\nSqlSession [org.apache.ibatis.session.defaults.DefaultSqlSession@1edd6980] was not registered for synchronization because synchronization is not active\n\nJDBC Connection [HikariProxyConnection@1706411599 wrapping com.mysql.cj.jdbc.ConnectionImpl@26ea969f] will not be managed by Spring\n\nJDBC Connection [HikariProxyConnection@1280477529 wrapping com.mysql.cj.jdbc.ConnectionImpl@1dcaae86] will not be managed by Spring\n\nClosing non transactional SqlSession [org.apache.ibatis.session.defaults.DefaultSqlSession@1edd6980]\n\nClosing non transactional SqlSession [org.apache.ibatis.session.defaults.DefaultSqlSession@493ae132]\n\nCreating a new SqlSession\n\nSqlSession [org.apache.ibatis.session.defaults.DefaultSqlSession@7914f92e] was not registered for synchronization because synchronization is not active\n","stream":"stdout","tag":"kubernetes.var.log.containers.indc-event-live-server-6d7d79988-8966k_sreworks_container-ov2rdk-6924aa2eb6ca5c56e510a53677406e6bc75c4bead5ad7558a3cf14862fabe240.log"}
2) {"@timestamp":"2025-12-11T10:19:48.076Z","docker_container_id":"6924aa2eb6ca5c56e510a53677406e6bc75c4bead5ad7558a3cf14862fabe240","index_name":"k8s-app-indc-event-live-server-2025.12.11","kubernetes_container_image":"harbor.meta42.indc.vnet.com/indc/indc-event-live-server:main_prod-202512102217-38170b04-88668","kubernetes_container_image_id":"docker-pullable://harbor.meta42.indc.vnet.com/indc/indc-event-live-server@sha256:af89cd7f2f4c957625f92055b8b8fc660aaf813bc32950ef8676f8b55cea381f","kubernetes_container_name":"container-ov2rdk","kubernetes_host":"node19","kubernetes_labels_app":"indc-event-live-server","kubernetes_labels_app_kubernetes_io/name":"indc-event-live-server","kubernetes_labels_logging":"true","kubernetes_labels_pod-template-hash":"6d7d79988","kubernetes_master_url":"https://10.233.0.1:443/api","kubernetes_namespace_id":"8c93404f-ab15-404f-bfa6-0ea4f1268053","kubernetes_namespace_labels_kubernetes_io/metadata_name":"sreworks","kubernetes_namespace_labels_kubesphere_io/namespace":"sreworks","kubernetes_namespace_labels_kubesphere_io/workspace":"system-workspace","kubernetes_namespace_labels_name":"sreworks","kubernetes_namespace_name":"sreworks","kubernetes_pod_id":"46a5ada6-d104-4f7e-8c67-6d147191e107","kubernetes_pod_ip":"10.233.104.9","kubernetes_pod_name":"indc-event-live-server-6d7d79988-8966k","message":"2025-12-11 18:19:46.728 INFO   [ForkJoinPool.commonPool-worker-1] (NotifyPersonServiceImpl.java:519) c.v.i.e.s.n.NotifyPersonServiceImpl - 卡片消息发送参数: {\"content\":\"{\\\"elements\\\":[{\\\"border\\\":{\\\"corner_radius\\\":\\\"5px\\\",\\\"color\\\":\\\"grey\\\"},\\\"padding\\\":\\\"8px 8px 8px 8px\\\",\\\"expanded\\\":true,\\\"elements\\\":[{\\\"tag\\\":\\\"markdown\\\",\\\"content\\\":\\\"**事件名称**:开关阀门故障(21V-HB21FOC-SJ-20251211-21038)\\\\n**事件位置**:北京东部数据中心D/D-F1/BD楼冷站\\\\n**涉及设备**:一单元补水阀\\\\n**命中规则**:一单元补水阀: 设备告警连续1次等于1告警: 高液位报警2:1.0\\\\n**事件初始等级**:I3\\\\n**事件发生时间**:2025-12-11 18:19:43\\\\n**是否影响客户**:否\\\\n**影响客户等级**:无\\\"}],\\\"header\\\":{\\\"background_color\\\":\\\"red-100\\\",\\\"vertical_align\\\":\\\"center\\\",\\\"icon\\\":{\\\"color\\\":\\\"white\\\",\\\"size\\\":\\\"16px 16px\\\",\\\"tag\\\":\\\"standard_icon\\\",\\\"token\\\":\\\"down-small-ccm_outlined\\\"},\\\"title\\\":{\\\"tag\\\":\\\"markdown\\\",\\\"content\\\":\\\"**\u003cfont color='red-700'\u003e首报通知\u003c/font\u003e**\\\"},\\\"icon_expanded_angle\\\":-180,\\\"icon_position\\\":\\\"right\\\"},\\\"tag\\\":\\\"collapsible_panel\\\",\\\"vertical_spacing\\\":\\\"8px\\\"},{\\\"flex_mode\\\":\\\"flow\\\",\\\"columns\\\":[{\\\"vertical_align\\\":\\\"center\\\",\\\"elements\\\":[{\\\"hover_tips\\\":{\\\"tag\\\":\\\"plain_text\\\",\\\"content\\\":\\\"进入作战室\\\"},\\\"behaviors\\\":[{\\\"default_url\\\":\\\"https://indc.vnet.com/api/eventLive/eventNotify/checkAgentIsMobile?eventId=360377c9-1a14-4f81-9070-ed5cd0fb6871\u0026isPullMeeting=false\u0026eventNumber=21V-HB21FOC-SJ-20251211-21038\\\",\\\"type\\\":\\\"open_url\\\"}],\\\"width\\\":\\\"fill\\\",\\\"tag\\\":\\\"button\\\",\\\"text\\\":{\\\"tag\\\":\\\"plain_text\\\",\\\"content\\\":\\\"进入作战室\\\"},\\\"type\\\":\\\"danger\\\"}],\\\"width\\\":\\\"fill\\\",\\\"weight\\\":1,\\\"tag\\\":\\\"column\\\"}],\\\"background_style\\\":\\\"default\\\",\\\"tag\\\":\\\"column_set\\\"}],\\\"header\\\":{\\\"template\\\":\\\"red\\\",\\\"title\\\":{\\\"tag\\\":\\\"plain_text\\\",\\\"content\\\":\\\"【事件】开关阀门故障 I3\\\\n2025-12-11 18:19:43\\\\n北京东部数据中心D\\\\n\\\"}}}\",\"receiveId\":\"oc_9ddf7061fc9649fa49744497374cb2f6\"}\n","stream":"stdout","tag":"kubernetes.var.log.containers.indc-event-live-server-6d7d79988-8966k_sreworks_container-ov2rdk-6924aa2eb6ca5c56e510a53677406e6bc75c4bead5ad7558a3cf14862fabe240.log"}
3) {"@timestamp":"2025-12-11T10:19:47.109Z","docker_container_id":"6924aa2eb6ca5c56e510a53677406e6bc75c4bead5ad7558a3cf14862fabe240","index_name":"k8s-app-indc-event-live-server-2025.12.11","kubernetes_container_image":"harbor.meta42.indc.vnet.com/indc/indc-event-live-server:main_prod-202512102217-38170b04-88668","kubernetes_container_image_id":"docker-pullable://harbor.meta42.indc.vnet.com/indc/indc-event-live-server@sha256:af89cd7f2f4c957625f92055b8b8fc660aaf813bc32950ef8676f8b55cea381f","kubernetes_container_name":"container-ov2rdk","kubernetes_host":"node19","kubernetes_labels_app":"indc-event-live-server","kubernetes_labels_app_kubernetes_io/name":"indc-event-live-server","kubernetes_labels_logging":"true","kubernetes_labels_pod-template-hash":"6d7d79988","kubernetes_master_url":"https://10.233.0.1:443/api","kubernetes_namespace_id":"8c93404f-ab15-404f-bfa6-0ea4f1268053","kubernetes_namespace_labels_kubernetes_io/metadata_name":"sreworks","kubernetes_namespace_labels_kubesphere_io/namespace":"sreworks","kubernetes_namespace_labels_kubesphere_io/workspace":"system-workspace","kubernetes_namespace_labels_name":"sreworks","kubernetes_namespace_name":"sreworks","kubernetes_pod_id":"46a5ada6-d104-4f7e-8c67-6d147191e107","kubernetes_pod_ip":"10.233.104.9","kubernetes_pod_name":"indc-event-live-server-6d7d79988-8966k","message":"2025-12-11 18:19:46.728 INFO   [ForkJoinPool.commonPool-worker-1] (NotifyPersonServiceImpl.java:856) c.v.i.e.s.n.NotifyPersonServiceImpl - 卡片消息发送消息查看详情内容: {\"flex_mode\":\"flow\",\"columns\":[{\"vertical_align\":\"center\",\"elements\":[{\"hover_tips\":{\"tag\":\"plain_text\",\"content\":\"进入作战室\"},\"behaviors\":[{\"default_url\":\"https://indc.vnet.com/api/eventLive/eventNotify/checkAgentIsMobile?eventId=360377c9-1a14-4f81-9070-ed5cd0fb6871\u0026isPullMeeting=false\u0026eventNumber=21V-HB21FOC-SJ-20251211-21038\",\"type\":\"open_url\"}],\"width\":\"fill\",\"tag\":\"button\",\"text\":{\"tag\":\"plain_text\",\"content\":\"进入作战室\"},\"type\":\"danger\"}],\"width\":\"fill\",\"weight\":1,\"tag\":\"column\"}],\"background_style\":\"default\",\"tag\":\"column_set\"}\n","stream":"stdout","tag":"kubernetes.var.log.containers.indc-event-live-server-6d7d79988-8966k_sreworks_container-ov2rdk-6924aa2eb6ca5c56e510a53677406e6bc75c4bead5ad7558a3cf14862fabe240.log"}
